{
  "schema_version": 2,
  "contract_id": "GRSTAT-20260930-CAS-16-C03-SPHERE-QUADRATURE-V1",
  "contract_sha256": "d36ffedcbeb64c201671e78e42be41ea9b6d160d148d7aadf51134a9dfbe068c",
  "aggregate_status": "CAS_FAIL",
  "risk_tier": "R3",
  "required_axes": [
    "wolfram_xact",
    "sympy",
    "sage_singular",
    "lean"
  ],
  "axis_statuses": {
    "wolfram_xact": "INCONCLUSIVE",
    "sympy": "INCONCLUSIVE",
    "sage_singular": "INCONCLUSIVE",
    "lean": "FAIL"
  },
  "missing_axes": [],
  "exceptions_applied": [],
  "errors": [],
  "adjudicated_at": "2026-10-08T06:02:30+00:00",
  "note": "CAS_4AXIS_PASS requires all 4 contract-required axes to satisfy the risk-scaled contract under one contract hash; majority vote is structurally forbidden. Runner observation establishes only the CAS evidence component; it does not establish scientific validity, novelty, or overall claim readiness. Local observation is not a security attestation.",
  "verification_state": "RUNNER_OBSERVED_EXECUTION",
  "evidence_origin": "runner_observed_local_subprocess",
  "execution_evidence": {
    "wolfram_xact": {
      "evidence_origin": "runner_observed_local_subprocess",
      "axis": "wolfram_xact",
      "argv": [
        "/usr/bin/python3",
        "-B",
        "/home/cosmosapjw/Dropbox/bianchi/htt_base/docs/research_program/gr_statistics_loops_20260930/local_cas/GRSTAT-CAS-20260930-1308KST/CAS-16/c03_sphere_quadrature_v1_20261008/wolfram_xact/run.py"
      ],
      "cwd": "docs/research_program/gr_statistics_loops_20260930/local_cas/GRSTAT-CAS-20260930-1308KST/CAS-16/c03_sphere_quadrature_v1_20261008/wolfram_xact",
      "timeout_seconds": 1800,
      "solver_executed": true,
      "preflight_probe": {
        "status": "PASS",
        "commands": [
          {
            "cmd": "wolframscript -code <version+xAct probe>",
            "exit": 0
          }
        ],
        "transcript_tail": "---------------------------------------------------------\nPackage xAct`xPerm`  version 1.2.4, {2025, 12, 29}\nCopyRight (C) 2003-2026, Jose M. Martin-Garcia, under the General Public License.\nConnecting to external linux executable...\nConnection established.\n------------------------------------------------------------\nPackage xAct`xTensor` version 1.3.0, {2025, 12, 29}\nCopyRight (C) 2002-2026, Jose M. Martin-Garcia, under the General Public License.\n------------------------------------------------------------\nThese packages come with ABSOLUTELY NO WARRANTY; for details type Disclaimer[]. This is free software, and you are welcome to redistribute it under certain conditions. See the General Public License for details.\n------------------------------------------------------------\nXACT_LOAD_OK\n"
      },
      "started_at": "2026-10-08T06:01:56+00:00",
      "completed_at": "2026-10-08T06:02:02+00:00",
      "exit_code": 0,
      "timed_out": false,
      "stdout_tail": "{\"admitted_inputs_sha256\": \"6c536bf89687f6f4f8aaeec90154e1c9cf20b994870e789faa3cff5d5735ac82\", \"axis\": \"wolfram_xact\", \"checks\": {\"CAS-16-C03\": \"PASS\"}, \"claim_ceiling\": \"CAS-16-C03 finite scalar monomial product quadrature only\", \"commands\": [{\"cmd\": \"/usr/local/bin/WolframKernel -script /home/cosmosapjw/Dropbox/bianchi/htt_base/docs/research_program/gr_statistics_loops_20260930/local_cas/GRSTAT-CAS-20260930-1308KST/CAS-16/c03_sphere_quadrature_v1_20261008/wolfram_xact/sphere_quadrature.wl\", \"cwd\": \"/home/cosmosapjw/Dropbox/bianchi/htt_base/docs/research_program/gr_statistics_loops_20260930/local_cas/GRSTAT-CAS-20260930-1308KST/CAS-16/c03_sphere_quadrature_v1_20261008/wolfram_xact\", \"exit\": 0, \"stderr\": \"run_006.stderr.log\", \"stdout\": \"run_006.stdout.log\"}], \"common_spec_sha256\": \"4714827e52acf3cb149f4014ac50ab2aa995dd4a0526f6b26ac7257807fe1897\", \"completed_at\": \"2026-10-08T06:02:02.028470+00:00\", \"contract_id\": \"GRSTAT-20260930-CAS-16-C03-SPHERE-QUADRATURE-V1\", \"contract_sha256\": \"d36ffedcbeb64c201671e78e42be41ea9b6d160d148d7aadf51134a9dfbe068c\", \"counterexample\": null, \"domain_assumption_diff\": [], \"evidence_class\": \"exact\", \"execution\": {\"path\": \"run_006.execution.json\", \"sha256\": \"60917c45ec65e31436ab9c190c6acf0eed6525251415143c3c0b59a00858381c\"}, \"global_harness_used\": false, \"launch_id\": null, \"lifecycle\": \"BLOCKED_NO_GLOBAL_REGISTERED_LAUNCH\", \"observed_effort\": \"UNKNOWN\", \"observed_model\": \"UNKNOWN\", \"runner\": {\"path\": \"run.py\", \"sha256\": \"f2b262c3f950d03e815794dec79730322954536525843890c5bfbfa974981ad1\"}, \"scientific_admission\": \"HOLD\", \"source\": {\"path\": \"sphere_quadrature.wl\", \"sha256\": \"1cf68cf8756ab940898ad3d342d6c65e9b5a214c922d75dadafd8ce35e3ca1bf\"}, \"statement_alignment\": \"Exact 165 normalized scalar monomials on fixed GL5 x Nphi9 grid; GL4 mu^8 and Nphi8 cos^8 witnesses\", \"status\": \"PASS\", \"tool_versions\": {\"python\": \"3.12.3\", \"wolfram\": \"15.0.0 for Linux x86 (64-bit) (May 26, 2026)\", \"xact_xTensor\": \"{1.3.0, {2025, 12, 29}}\"}}\n",
      "stderr_tail": "",
      "derived_status": "INCONCLUSIVE",
      "errors": [
        "every child check value must be a JSON boolean"
      ],
      "payload": {
        "checks": {
          "CAS-16-C03": "PASS"
        },
        "domain_assumption_diff": [],
        "counterexample": null
      }
    },
    "sympy": {
      "evidence_origin": "runner_observed_local_subprocess",
      "axis": "sympy",
      "argv": [
        "/usr/bin/python3",
        "-B",
        "/home/cosmosapjw/Dropbox/bianchi/htt_base/docs/research_program/gr_statistics_loops_20260930/local_cas/GRSTAT-CAS-20260930-1308KST/CAS-16/c03_sphere_quadrature_v1_20261008/sympy/run.py"
      ],
      "cwd": "docs/research_program/gr_statistics_loops_20260930/local_cas/GRSTAT-CAS-20260930-1308KST/CAS-16/c03_sphere_quadrature_v1_20261008/sympy",
      "timeout_seconds": 1800,
      "solver_executed": true,
      "preflight_probe": {
        "status": "PASS",
        "commands": [
          {
            "cmd": "/usr/bin/python3 -c <sympy exact factor probe>",
            "exit": 0
          }
        ],
        "transcript_tail": "1.14.0\n"
      },
      "started_at": "2026-10-08T06:02:02+00:00",
      "completed_at": "2026-10-08T06:02:03+00:00",
      "exit_code": 0,
      "timed_out": false,
      "stdout_tail": "nents\": [\n          8,\n          0,\n          0\n        ],\n        \"grid\": \"1/9\",\n        \"residual\": \"0\",\n        \"sphere\": \"1/9\"\n      }\n    ],\n    \"gl4_mu8_normalized_difference\": \"-64/11025\",\n    \"gl4_mu8_unnormalized_difference\": \"-128/11025\",\n    \"gl5_moments\": [\n      \"2\",\n      \"0\",\n      \"2/3\",\n      \"0\",\n      \"2/5\",\n      \"0\",\n      \"2/7\",\n      \"0\",\n      \"2/9\"\n    ],\n    \"maximum_fourier_mode\": 8,\n    \"monomial_count\": 165,\n    \"nphi8_cos8_normalized_difference\": \"1/128\"\n  },\n  \"executable_artifacts\": [\n    {\n      \"path\": \"docs/research_program/gr_statistics_loops_20260930/local_cas/GRSTAT-CAS-20260930-1308KST/CAS-16/c03_sphere_quadrature_v1_20261008/sympy/run.py\",\n      \"sha256\": \"a2aa1fdfdcbe9c6f10ba85271c048355fbae3472bf7aaf087f863b1025834a71\"\n    }\n  ],\n  \"failures\": [],\n  \"global_harness_used\": false,\n  \"input_sha256\": {\n    \"docs/research_program/gr_statistics_loops_20260930/cas/COMMON_SPEC.md\": \"4714827e52acf3cb149f4014ac50ab2aa995dd4a0526f6b26ac7257807fe1897\",\n    \"docs/research_program/gr_statistics_loops_20260930/local_cas/GRSTAT-CAS-20260930-1308KST/CAS-16/c03_sphere_quadrature_v1_20261008/ADMITTED_INPUTS.json\": \"6c536bf89687f6f4f8aaeec90154e1c9cf20b994870e789faa3cff5d5735ac82\",\n    \"docs/research_program/gr_statistics_loops_20260930/local_cas/GRSTAT-CAS-20260930-1308KST/CAS-16/c03_sphere_quadrature_v1_20261008/EXECUTION_CONTRACT.json\": \"d36ffedcbeb64c201671e78e42be41ea9b6d160d148d7aadf51134a9dfbe068c\"\n  },\n  \"launch_id\": null,\n  \"observed_effort\": \"UNKNOWN\",\n  \"observed_model\": \"UNKNOWN\",\n  \"proof_method\": \"Exact finite Fourier expansion; 9th-root average selects modes divisible by 9, integral selects zero mode; maximum mode 8. Exact GL5 moments through degree 8 reduce each nonzero angular case to a polynomial radial integral.\",\n  \"raw_logs\": [\n    \"sympy/raw.stdout.log\",\n    \"sympy/raw.stderr.log\"\n  ],\n  \"schema_version\": 2,\n  \"status\": \"PASS\",\n  \"tool_versions\": {\n    \"mpmath\": \"1.3.0\",\n    \"python\": \"3.12.3\",\n    \"sympy\": \"1.14.0\"\n  }\n}\n",
      "stderr_tail": "MIAL 3,2,0 Q=0 target=0 residual=0\nMONOMIAL 3,2,1 Q=0 target=0 residual=0\nMONOMIAL 3,2,2 Q=0 target=0 residual=0\nMONOMIAL 3,2,3 Q=0 target=0 residual=0\nMONOMIAL 3,3,0 Q=0 target=0 residual=0\nMONOMIAL 3,3,1 Q=0 target=0 residual=0\nMONOMIAL 3,3,2 Q=0 target=0 residual=0\nMONOMIAL 3,4,0 Q=0 target=0 residual=0\nMONOMIAL 3,4,1 Q=0 target=0 residual=0\nMONOMIAL 3,5,0 Q=0 target=0 residual=0\nMONOMIAL 4,0,0 Q=1/5 target=1/5 residual=0\nMONOMIAL 4,0,1 Q=0 target=0 residual=0\nMONOMIAL 4,0,2 Q=1/35 target=1/35 residual=0\nMONOMIAL 4,0,3 Q=0 target=0 residual=0\nMONOMIAL 4,0,4 Q=1/105 target=1/105 residual=0\nMONOMIAL 4,1,0 Q=0 target=0 residual=0\nMONOMIAL 4,1,1 Q=0 target=0 residual=0\nMONOMIAL 4,1,2 Q=0 target=0 residual=0\nMONOMIAL 4,1,3 Q=0 target=0 residual=0\nMONOMIAL 4,2,0 Q=1/35 target=1/35 residual=0\nMONOMIAL 4,2,1 Q=0 target=0 residual=0\nMONOMIAL 4,2,2 Q=1/315 target=1/315 residual=0\nMONOMIAL 4,3,0 Q=0 target=0 residual=0\nMONOMIAL 4,3,1 Q=0 target=0 residual=0\nMONOMIAL 4,4,0 Q=1/105 target=1/105 residual=0\nMONOMIAL 5,0,0 Q=0 target=0 residual=0\nMONOMIAL 5,0,1 Q=0 target=0 residual=0\nMONOMIAL 5,0,2 Q=0 target=0 residual=0\nMONOMIAL 5,0,3 Q=0 target=0 residual=0\nMONOMIAL 5,1,0 Q=0 target=0 residual=0\nMONOMIAL 5,1,1 Q=0 target=0 residual=0\nMONOMIAL 5,1,2 Q=0 target=0 residual=0\nMONOMIAL 5,2,0 Q=0 target=0 residual=0\nMONOMIAL 5,2,1 Q=0 target=0 residual=0\nMONOMIAL 5,3,0 Q=0 target=0 residual=0\nMONOMIAL 6,0,0 Q=1/7 target=1/7 residual=0\nMONOMIAL 6,0,1 Q=0 target=0 residual=0\nMONOMIAL 6,0,2 Q=1/63 target=1/63 residual=0\nMONOMIAL 6,1,0 Q=0 target=0 residual=0\nMONOMIAL 6,1,1 Q=0 target=0 residual=0\nMONOMIAL 6,2,0 Q=1/63 target=1/63 residual=0\nMONOMIAL 7,0,0 Q=0 target=0 residual=0\nMONOMIAL 7,0,1 Q=0 target=0 residual=0\nMONOMIAL 7,1,0 Q=0 target=0 residual=0\nMONOMIAL 8,0,0 Q=1/9 target=1/9 residual=0\nGL4_WITNESS unnormalized_difference=-128/11025 normalized_difference=-64/11025\nNPHI8_WITNESS normalized_difference=1/128\nNUMERIC_80D max_abs_error=6.325318765938313934609144e-81 failures=0\n",
      "derived_status": "INCONCLUSIVE",
      "errors": [
        "child payload is missing required keys: ['checks', 'counterexample', 'domain_assumption_diff']",
        "child payload checks must be an object",
        "child payload domain_assumption_diff must be an array"
      ],
      "payload": {}
    },
    "sage_singular": {
      "evidence_origin": "runner_observed_local_subprocess",
      "axis": "sage_singular",
      "argv": [
        "/usr/bin/python3",
        "-B",
        "/home/cosmosapjw/Dropbox/bianchi/htt_base/docs/research_program/gr_statistics_loops_20260930/local_cas/GRSTAT-CAS-20260930-1308KST/CAS-16/c03_sphere_quadrature_v1_20261008/sage_singular/run.py"
      ],
      "cwd": "docs/research_program/gr_statistics_loops_20260930/local_cas/GRSTAT-CAS-20260930-1308KST/CAS-16/c03_sphere_quadrature_v1_20261008/sage_singular",
      "timeout_seconds": 1800,
      "solver_executed": true,
      "preflight_probe": {
        "status": "PASS",
        "commands": [
          {
            "cmd": "sage -c <exact factor + singular version probe>",
            "exit": 0
          }
        ],
        "transcript_tail": "SageMath version 10.9, Release Date: 2026-05-04\n44100\n<cmdline>:1: DeprecationWarning: Use sage.version.version instead.\nSee https://github.com/sagemath/sage/issues/39015 for details.\n"
      },
      "started_at": "2026-10-08T06:02:11+00:00",
      "completed_at": "2026-10-08T06:02:13+00:00",
      "exit_code": 1,
      "timed_out": false,
      "stdout_tail": "",
      "stderr_tail": "Traceback (most recent call last):\n  File \"/home/cosmosapjw/Dropbox/bianchi/htt_base/docs/research_program/gr_statistics_loops_20260930/local_cas/GRSTAT-CAS-20260930-1308KST/CAS-16/c03_sphere_quadrature_v1_20261008/sage_singular/run.py\", line 166, in <module>\n    raise SystemExit(main())\n                     ^^^^^^\n  File \"/home/cosmosapjw/Dropbox/bianchi/htt_base/docs/research_program/gr_statistics_loops_20260930/local_cas/GRSTAT-CAS-20260930-1308KST/CAS-16/c03_sphere_quadrature_v1_20261008/sage_singular/run.py\", line 159, in main\n    raise RuntimeError(\"Refusing to overwrite existing axis result\")\nRuntimeError: Refusing to overwrite existing axis result\n",
      "derived_status": "INCONCLUSIVE",
      "errors": [
        "child stdout is not one JSON document: Expecting value: line 1 column 1 (char 0)"
      ]
    },
    "lean": {
      "evidence_origin": "runner_observed_local_subprocess",
      "axis": "lean",
      "argv": [
        "/usr/bin/python3",
        "-B",
        "/home/cosmosapjw/Dropbox/bianchi/htt_base/docs/research_program/gr_statistics_loops_20260930/local_cas/GRSTAT-CAS-20260930-1308KST/CAS-16/c03_sphere_quadrature_v1_20261008/lean/run.py"
      ],
      "cwd": "docs/research_program/gr_statistics_loops_20260930/local_cas/GRSTAT-CAS-20260930-1308KST/CAS-16/c03_sphere_quadrature_v1_20261008/lean",
      "timeout_seconds": 3600,
      "solver_executed": true,
      "preflight_probe": {
        "status": "PASS",
        "commands": [
          {
            "cmd": "ELAN_TOOLCHAIN=leanprover/lean4:v4.31.0 lean --version",
            "exit": 0
          }
        ],
        "transcript_tail": "Lean (version 4.31.0, x86_64-unknown-linux-gnu, commit 68218e876d2a38b1985b8590fff244a83c321783, Release)\n",
        "pinned_toolchain": "leanprover/lean4:v4.31.0"
      },
      "started_at": "2026-10-08T06:02:13+00:00",
      "completed_at": "2026-10-08T06:02:30+00:00",
      "exit_code": 2,
      "timed_out": false,
      "stdout_tail": " \"domain_assumption_diff\": [], \"evidence_class\": \"exact\", \"executable_artifacts\": {\"compiled_olean\": {\"path\": \"/home/cosmosapjw/Dropbox/bianchi/htt_base/docs/research_program/gr_statistics_loops_20260930/local_cas/GRSTAT-CAS-20260930-1308KST/CAS-16/c03_sphere_quadrature_v1_20261008/lean/SphereQuadrature.olean\", \"sha256\": \"2159be676e60be920686117ec797e60d64e526319108d8c7193acff02019e873\"}, \"lean\": {\"path\": \"/home/cosmosapjw/.elan/toolchains/leanprover--lean4---v4.31.0/bin/lean\", \"sha256\": \"e8baaa71855a616dc351028f3ad2200051b0671f423a1696a100e809302d5550\"}}, \"global_harness_used\": false, \"launch_id\": null, \"lifecycle\": \"BLOCKED_NO_GLOBAL_REGISTERED_LAUNCH\", \"note\": \"Exact GL4 and Nphi8 witness theorems plus degree-zero case compile. Full 165-monomial theorem is unproved; the raw Lean error gives the remaining nonconstant goal.\", \"observed_effort\": \"UNKNOWN\", \"observed_model\": \"UNKNOWN\", \"proof_scope\": {\"azimuth_Nphi8_cos8_difference\": true, \"constant_monomial\": true, \"full_monomial_family\": false, \"radial_GL4_mu8_difference\": true}, \"runner\": \"/home/cosmosapjw/Dropbox/bianchi/htt_base/docs/research_program/gr_statistics_loops_20260930/local_cas/GRSTAT-CAS-20260930-1308KST/CAS-16/c03_sphere_quadrature_v1_20261008/lean/run.py\", \"runner_sha256\": \"39adf31252f5fd2ebc1db8ca26ce0765ab45b2a6ad0aec5b372d963f4536f405\", \"scientific_admission\": \"HOLD\", \"source\": \"/home/cosmosapjw/Dropbox/bianchi/htt_base/docs/research_program/gr_statistics_loops_20260930/local_cas/GRSTAT-CAS-20260930-1308KST/CAS-16/c03_sphere_quadrature_v1_20261008/lean/SphereQuadrature.lean\", \"source_sha256\": \"e95f17657143229a396c625761166c1128658b371d081fbac38cf7eddf9f977f\", \"statement_alignment\": \"ALIGNED_FULL_STATEMENT_OPEN\", \"status\": \"INCONCLUSIVE\", \"tool_versions\": {\"lake\": \"Lake version 5.0.0-src+68218e8 (Lean version 4.31.0)\", \"lean\": \"Lean (version 4.31.0, x86_64-unknown-linux-gnu, commit 68218e876d2a38b1985b8590fff244a83c321783, Release)\", \"mathlib_commit\": \"fabf563a7c95a166b8d7b6efca11c8b4dc9d911f\"}}\n",
      "stderr_tail": "",
      "derived_status": "FAIL",
      "errors": [
        "failed contract obligations: ['CAS-16-C03']"
      ],
      "payload": {
        "checks": {
          "CAS-16-C03": false
        },
        "domain_assumption_diff": [],
        "counterexample": null
      }
    }
  },
  "claim_promotion_cas_eligible": false,
  "claim_promotion_cas_requirement": "NOT_SATISFIED"
}
