Sage=10.9
C01_delta_Frobenius=ZERO_OR_TRUE
C01_metric_Frobenius_squared=ZERO_OR_TRUE
C02_anchor_S1=ZERO_OR_TRUE
C02_anchor_S2=ZERO_OR_TRUE
C03_actual_Jacobian=ZERO_OR_TRUE
C03_actual_Gram=ZERO_OR_TRUE
C03_characteristic_polynomial=ZERO_OR_TRUE
C03_zero_case=ZERO_OR_TRUE
C03_eigenvalues=1[multiplicity 2],1+x/(1+x)[multiplicity 1]; at x=0,1[multiplicity 3]
C03_cosh_positive=ZERO_OR_TRUE
C03_sinh_derivative=ZERO_OR_TRUE
C03_sinh_origin=ZERO_OR_TRUE
C03_hyperbolic_identity=ZERO_OR_TRUE
C03_tanh_conversion=ZERO_OR_TRUE
C03_chart_norm_nonnegative=ZERO_OR_TRUE
C03_chart_norm_square=ZERO_OR_TRUE
C03_ball_slack_nonnegative=ZERO_OR_TRUE
C03_slack_mapping=ZERO_OR_TRUE
C03_negative_R_implies_negative_sinh=ZERO_OR_TRUE
C03_R_zero_sinh_zero=ZERO_OR_TRUE
C03_abstract_sinh_nonnegative=ZERO_OR_TRUE
C03_numerator_nonnegative=ZERO_OR_TRUE
C03_first_denominator_positive=ZERO_OR_TRUE
C03_second_denominator_positive=ZERO_OR_TRUE
C03_universal_gap_nonnegative=ZERO_OR_TRUE
C03_ball_numerator_identity=ZERO_OR_TRUE
C03_exact_bound_gap_identity=ZERO_OR_TRUE
C03_bound_cross_multiplication=ZERO_OR_TRUE
C03_eigenvalue_bound=largest=1+x/(1+x)<=1+tanh(R)^2 on exact ball; R>=0 follows from its premise
