/home/cosmosapjw/Dropbox/bianchi/htt_base/docs/research_program/gr_statistics_loops_20260930/local_cas/GRSTAT-CAS-20260930-1308KST/CAS-01/completion/lean/Main.lean:112:17: warning: This simp argument is unused:
  mul_assoc

Hint: Omit it from the simp argument list.
  simp [flat, g, m̵u̵l̵_̵a̵s̵s̵o̵c̵,̵ ̵mul_left_comm, mul_comm]

Note: This linter can be disabled with `set_option linter.unusedSimpArgs false`
/home/cosmosapjw/Dropbox/bianchi/htt_base/docs/research_program/gr_statistics_loops_20260930/local_cas/GRSTAT-CAS-20260930-1308KST/CAS-01/completion/lean/Main.lean:112:28: warning: This simp argument is unused:
  mul_left_comm

Hint: Omit it from the simp argument list.
  simp [flat, g, mul_assoc, m̵u̵l̵_̵l̵e̵f̵t̵_̵c̵o̵m̵m̵,̵ ̵mul_comm]

Note: This linter can be disabled with `set_option linter.unusedSimpArgs false`
/home/cosmosapjw/Dropbox/bianchi/htt_base/docs/research_program/gr_statistics_loops_20260930/local_cas/GRSTAT-CAS-20260930-1308KST/CAS-01/completion/lean/Main.lean:232:50: warning: this tactic is never executed

Note: This linter can be disabled with `set_option linter.unreachableTactic false`
/home/cosmosapjw/Dropbox/bianchi/htt_base/docs/research_program/gr_statistics_loops_20260930/local_cas/GRSTAT-CAS-20260930-1308KST/CAS-01/completion/lean/Main.lean:232:50: warning: 'ring' tactic does nothing

Note: This linter can be disabled with `set_option linter.unusedTactic false`
/home/cosmosapjw/Dropbox/bianchi/htt_base/docs/research_program/gr_statistics_loops_20260930/local_cas/GRSTAT-CAS-20260930-1308KST/CAS-01/completion/lean/Main.lean:292:45: warning: This simp argument is unused:
  mul_left_comm

Hint: Omit it from the simp argument list.
  simp [traceg, Finset.mul_sum, mul_assoc, m̵u̵l̵_̵l̵e̵f̵t̵_̵c̵o̵m̵m̵,̵ ̵mul_comm]

Note: This linter can be disabled with `set_option linter.unusedSimpArgs false`
/home/cosmosapjw/Dropbox/bianchi/htt_base/docs/research_program/gr_statistics_loops_20260930/local_cas/GRSTAT-CAS-20260930-1308KST/CAS-01/completion/lean/Main.lean:309:28: warning: This simp argument is unused:
  add_mul

Hint: Omit it from the simp argument list.
  simp [projected, mixedProj, contractL, cov, eval,
  ̵  ̵ ̵ ̵Finset.sum_add_distrib, a̵d̵d̵_̵mul,̵ ̵m̵u̵l̵_add, Finset.mul_sum,
      Finset.sum_mul, mul_assoc, mul_left_comm, mul_comm]

Note: This linter can be disabled with `set_option linter.unusedSimpArgs false`
/home/cosmosapjw/Dropbox/bianchi/htt_base/docs/research_program/gr_statistics_loops_20260930/local_cas/GRSTAT-CAS-20260930-1308KST/CAS-01/completion/lean/Main.lean:310:4: warning: This simp argument is unused:
  Finset.sum_mul

Hint: Omit it from the simp argument list.
  simp [projected, mixedProj, contractL, cov, eval,
  ̵  ̵ ̵ ̵Finset.sum_add_distrib, add_mul, mul_add, ̵F̵i̵n̵s̵e̵t̵.̵m̵u̵l̵_̵s̵u̵m̵,̵
      Finset.m̲u̲l̲_̲sum_̵m̵u̵l̵, mul_assoc, mul_left_comm, mul_comm]

Note: This linter can be disabled with `set_option linter.unusedSimpArgs false`
/home/cosmosapjw/Dropbox/bianchi/htt_base/docs/research_program/gr_statistics_loops_20260930/local_cas/GRSTAT-CAS-20260930-1308KST/CAS-01/completion/lean/Main.lean:310:20: warning: This simp argument is unused:
  mul_assoc

Hint: Omit it from the simp argument list.
  simp [projected, mixedProj, contractL, cov, eval, Finset.sum_add_distrib, add_mul, mul_add,
  ̲  ̲ ̲ ̲Finset.mul_sum, Finset.sum_mul, m̵u̵l̵_̵a̵s̵s̵o̵c̵,̵ ̵mul_left_comm, mul_comm]

Note: This linter can be disabled with `set_option linter.unusedSimpArgs false`
/home/cosmosapjw/Dropbox/bianchi/htt_base/docs/research_program/gr_statistics_loops_20260930/local_cas/GRSTAT-CAS-20260930-1308KST/CAS-01/completion/lean/Main.lean:318:21: warning: This simp argument is unused:
  mul_left_comm

Hint: Omit it from the simp argument list.
  simp [D, mul_comm, mul_l̵e̵f̵t̵_̵c̵o̵m̵m̵,̵ ̵m̵u̵l̵_̵assoc]

Note: This linter can be disabled with `set_option linter.unusedSimpArgs false`
/home/cosmosapjw/Dropbox/bianchi/htt_base/docs/research_program/gr_statistics_loops_20260930/local_cas/GRSTAT-CAS-20260930-1308KST/CAS-01/completion/lean/Main.lean:318:36: warning: This simp argument is unused:
  mul_assoc

Hint: Omit it from the simp argument list.
  simp [D, mul_comm, mul_left_comm,̵ ̵m̵u̵l̵_̵a̵s̵s̵o̵c̵]

Note: This linter can be disabled with `set_option linter.unusedSimpArgs false`
/home/cosmosapjw/Dropbox/bianchi/htt_base/docs/research_program/gr_statistics_loops_20260930/local_cas/GRSTAT-CAS-20260930-1308KST/CAS-01/completion/lean/Main.lean:392:5: warning: Variable name `hSTF` is not explicitly referenced.

The binding can be removed (if unused) or named `_` (if used implicitly).

Note: This linter can be disabled with `set_option linter.unusedVariables false`
/home/cosmosapjw/Dropbox/bianchi/htt_base/docs/research_program/gr_statistics_loops_20260930/local_cas/GRSTAT-CAS-20260930-1308KST/CAS-01/completion/lean/Main.lean:433:17: warning: Variable name `hc` is not explicitly referenced.

The binding can be removed (if unused) or named `_` (if used implicitly).

Note: This linter can be disabled with `set_option linter.unusedVariables false`
/home/cosmosapjw/Dropbox/bianchi/htt_base/docs/research_program/gr_statistics_loops_20260930/local_cas/GRSTAT-CAS-20260930-1308KST/CAS-01/completion/lean/Main.lean:463:31: warning: this tactic is never executed

Note: This linter can be disabled with `set_option linter.unreachableTactic false`
/home/cosmosapjw/Dropbox/bianchi/htt_base/docs/research_program/gr_statistics_loops_20260930/local_cas/GRSTAT-CAS-20260930-1308KST/CAS-01/completion/lean/Main.lean:472:31: warning: this tactic is never executed

Note: This linter can be disabled with `set_option linter.unreachableTactic false`
/home/cosmosapjw/Dropbox/bianchi/htt_base/docs/research_program/gr_statistics_loops_20260930/local_cas/GRSTAT-CAS-20260930-1308KST/CAS-01/completion/lean/Main.lean:463:21: warning: 'funext t' tactic does nothing

Note: This linter can be disabled with `set_option linter.unusedTactic false`
/home/cosmosapjw/Dropbox/bianchi/htt_base/docs/research_program/gr_statistics_loops_20260930/local_cas/GRSTAT-CAS-20260930-1308KST/CAS-01/completion/lean/Main.lean:463:31: warning: 'rfl' tactic does nothing

Note: This linter can be disabled with `set_option linter.unusedTactic false`
/home/cosmosapjw/Dropbox/bianchi/htt_base/docs/research_program/gr_statistics_loops_20260930/local_cas/GRSTAT-CAS-20260930-1308KST/CAS-01/completion/lean/Main.lean:472:21: warning: 'funext t' tactic does nothing

Note: This linter can be disabled with `set_option linter.unusedTactic false`
/home/cosmosapjw/Dropbox/bianchi/htt_base/docs/research_program/gr_statistics_loops_20260930/local_cas/GRSTAT-CAS-20260930-1308KST/CAS-01/completion/lean/Main.lean:472:31: warning: 'rfl' tactic does nothing

Note: This linter can be disabled with `set_option linter.unusedTactic false`
'GRSTATCAS01.B_unit' depends on axioms: [propext, Classical.choice, Quot.sound]
'GRSTATCAS01.B_shift' depends on axioms: [propext, Classical.choice, Quot.sound]
'GRSTATCAS01.B_symmetric' depends on axioms: [propext, Classical.choice, Quot.sound]
'GRSTATCAS01.null_cone_kernel' depends on axioms: [propext, Classical.choice, Quot.sound]
'GRSTATCAS01.Q_right_null' depends on axioms: [propext, Classical.choice, Quot.sound]
'GRSTATCAS01.Q_symmetric_part' depends on axioms: [propext, Classical.choice, Quot.sound]
'GRSTATCAS01.Q_left_acceleration' depends on axioms: [propext, Classical.choice, Quot.sound]
'GRSTATCAS01.C02_from_symmetric_source' depends on axioms: [propext, Classical.choice, Quot.sound]
'GRSTATCAS01.D_spatial' depends on axioms: [propext, Classical.choice, Quot.sound]
'GRSTATCAS01.sigma_spatial' depends on axioms: [propext, Classical.choice, Quot.sound]
'GRSTATCAS01.sigma_tracefree' depends on axioms: [propext, Classical.choice, Quot.sound]
'GRSTATCAS01.projected_eq_D' depends on axioms: [propext, Classical.choice, Quot.sound]
'GRSTATCAS01.traceg_rest' depends on axioms: [propext, Classical.choice, Quot.sound]
'GRSTATCAS01.cov_rest' depends on axioms: [propext, Classical.choice, Quot.sound]
'GRSTATCAS01.rest_H_decomposition' depends on axioms: [propext, Classical.choice, Quot.sound]
'GRSTATCAS01.C03_B_rest' depends on axioms: [propext, Classical.choice, Quot.sound]
'GRSTATCAS01.general_sourceward_harmonics' depends on axioms: [propext, Classical.choice, Quot.sound]
'GRSTATCAS01.fullNormalized_origin' depends on axioms: [propext, Classical.choice, Quot.sound]
'GRSTATCAS01.fullNormalized_coordinate_derivative' depends on axioms: [propext, Classical.choice, Quot.sound]
'GRSTATCAS01.C04_from_symmetric_source' depends on axioms: [propext, Classical.choice, Quot.sound]
