WOLFRAM_VERSION: 15.0.0 for Linux x86 (64-bit) (May 26, 2026)
------------------------------------------------------------
Package xAct`xPerm`  version 1.2.4, {2025, 12, 29}
CopyRight (C) 2003-2026, Jose M. Martin-Garcia, under the General Public License.
Connecting to external linux executable...
Connection established.
------------------------------------------------------------
Package xAct`xTensor` version 1.3.0, {2025, 12, 29}
CopyRight (C) 2002-2026, Jose M. Martin-Garcia, under the General Public License.
------------------------------------------------------------
These packages come with ABSOLUTELY NO WARRANTY; for details type Disclaimer[]. This is free software, and you are welcome to redistribute it under certain conditions. See the General Public License for details.
------------------------------------------------------------
XACT_VERSION: InputForm[{1.3.0, {2025, 12, 29}}]
CERTIFICATE: null_coordinate -> InputForm[True]
CERTIFICATE: zero_epsilon_coordinate -> InputForm[True]
CERTIFICATE: spectral_reciprocal_penrose -> InputForm[True]
CERTIFICATE: coordinate_range_and_quadratics -> InputForm[True]
CERTIFICATE: finite_sum_identity_step -> InputForm[True]
CERTIFICATE: finite_sum_nonnegative_step -> InputForm[True]
CERTIFICATE: finite_sum_zero_step -> InputForm[True]
CERTIFICATE: terminal_scalar_bound -> InputForm[True]
CERTIFICATE: zero_matrix_target -> InputForm[True]
CERTIFICATE: zero_epsilon_terminal -> InputForm[True]
C02_ENGINE_REPORT={"contract_sha256":"c66d7d00bf60786417336873dfeb97f5602d0e60a110c110ebacd9dff824b47a","engine":{"wolfram_version":"15.0.0 for Linux x86 (64-bit) (May 26, 2026)","kernel_executable":"\/usr\/local\/Wolfram\/WolframEngine\/15.0\/Executables\/WolframKernel","system_id":"Linux-x86-64","process_id":2963643,"xact_version":"{\"1.3.0\", {2025, 12, 29}}","xact_xTensor_source":"\/home\/cosmosapjw\/.WolframEngine\/Applications\/xAct\/xTensor\/Kernel\/init.m","xact_xPerm_source":"\/home\/cosmosapjw\/.WolframEngine\/Applications\/xAct\/xPerm\/Kernel\/init.m"},"verification_kind":"universal analytic proof with exact Wolfram scalar and induction-step certificates","full_theorem_kernel_formalization":false,"certificates":{"null_coordinate":{"statement":"HoldComplete[ForAll[{cc}, Implies[cc^2 <= 0, cc == 0]]]","method":"Resolve[..., Reals] (exact real quantifier elimination)","result":"True","passed":true,"elapsed_seconds":7.0494e-2},"zero_epsilon_coordinate":{"statement":"HoldComplete[ForAll[{cc, ll, ee}, Implies[ee == 0 && ll >= 0 && cc^2 <= 2*ee*ll, cc == 0]]]","method":"Resolve[..., Reals] (exact real quantifier elimination)","result":"True","passed":true,"elapsed_seconds":1.852e-3},"spectral_reciprocal_penrose":{"statement":"HoldComplete[ForAll[{ll, pj}, Implies[(ll > 0 && ll*pj == 1) || (ll == 0 && pj == 0), ll >= 0 && pj >= 0 && ll*pj*ll == ll && pj*ll*pj == pj]]]","method":"Resolve[..., Reals] (exact real quantifier elimination)","result":"True","passed":true,"elapsed_seconds":4.886e-3},"coordinate_range_and_quadratics":{"statement":"HoldComplete[ForAll[{ll, pj, cc}, Implies[((ll > 0 && ll*pj == 1) || (ll == 0 && pj == 0)) && Implies[ll == 0, cc == 0], ll*(pj*cc) == cc && (pj*cc)*cc == pj*cc^2 && ll*(pj*cc)^2 == pj*cc^2 && pj*cc^2 >= 0]]]","method":"Resolve[..., Reals] (exact real quantifier elimination)","result":"True","passed":true,"elapsed_seconds":4.658e-3},"finite_sum_identity_step":{"statement":"HoldComplete[ForAll[{ss, tt, uu, vv}, Implies[ss == tt && uu == vv, ss + uu == tt + vv]]]","method":"Resolve[..., Reals] (exact real quantifier elimination)","result":"True","passed":true,"elapsed_seconds":6.36e-4},"finite_sum_nonnegative_step":{"statement":"HoldComplete[ForAll[{ss, uu}, Implies[ss >= 0 && uu >= 0, ss + uu >= 0]]]","method":"Resolve[..., Reals] (exact real quantifier elimination)","result":"True","passed":true,"elapsed_seconds":3.24e-4},"finite_sum_zero_step":{"statement":"HoldComplete[ForAll[{ss, uu}, Implies[ss == 0 && uu == 0, ss + uu == 0]]]","method":"Resolve[..., Reals] (exact real quantifier elimination)","result":"True","passed":true,"elapsed_seconds":3.5e-4},"terminal_scalar_bound":{"statement":"HoldComplete[ForAll[{tt, ee}, Implies[ee >= 0 && tt >= 0 && tt^2 <= 2*ee*tt, tt <= 2*ee]]]","method":"Resolve[..., Reals] (exact real quantifier elimination)","result":"True","passed":true,"elapsed_seconds":6.31e-4},"zero_matrix_target":{"statement":"HoldComplete[ForAll[{tt, ee}, Implies[ee >= 0 && tt == 0, tt <= 2*ee]]]","method":"Resolve[..., Reals] (exact real quantifier elimination)","result":"True","passed":true,"elapsed_seconds":3.47e-4},"zero_epsilon_terminal":{"statement":"HoldComplete[ForAll[{tt}, Implies[tt >= 0 && tt^2 <= 0, tt == 0]]]","method":"Resolve[..., Reals] (exact real quantifier elimination)","result":"True","passed":true,"elapsed_seconds":2.59e-4}},"all_certificates_passed":true}
