/home/cosmosapjw/Dropbox/bianchi/htt_base/docs/research_program/gr_statistics_loops_20260930/local_cas/GRSTAT-CAS-20260930-1308KST/CAS-04/completion_20261003/lean/attempts/007/Proof.lean:60:16: warning: This simp argument is unused:
  mul_comm

Hint: Omit it from the simp argument list.
  simp [matVec, mul_c̵o̵m̵m̵,̵ ̵m̵u̵l_̵l̵eft_comm, mul_assoc, Finset.mul_sum, Pi.smul_apply, smul_eq_mul]

Note: This linter can be disabled with `set_option linter.unusedSimpArgs false`
/home/cosmosapjw/Dropbox/bianchi/htt_base/docs/research_program/gr_statistics_loops_20260930/local_cas/GRSTAT-CAS-20260930-1308KST/CAS-04/completion_20261003/lean/attempts/007/Proof.lean:60:41: warning: This simp argument is unused:
  mul_assoc

Hint: Omit it from the simp argument list.
  simp [matVec, mul_comm, mul_left_comm, m̵u̵l̵_̵a̵s̵s̵o̵c̵,̵ ̵Finset.mul_sum, Pi.smul_apply, smul_eq_mul]

Note: This linter can be disabled with `set_option linter.unusedSimpArgs false`
/home/cosmosapjw/Dropbox/bianchi/htt_base/docs/research_program/gr_statistics_loops_20260930/local_cas/GRSTAT-CAS-20260930-1308KST/CAS-04/completion_20261003/lean/attempts/007/Proof.lean:111:16: error: `simp` made no progress
/home/cosmosapjw/Dropbox/bianchi/htt_base/docs/research_program/gr_statistics_loops_20260930/local_cas/GRSTAT-CAS-20260930-1308KST/CAS-04/completion_20261003/lean/attempts/007/Proof.lean:111:16: error: `simp` made no progress
/home/cosmosapjw/Dropbox/bianchi/htt_base/docs/research_program/gr_statistics_loops_20260930/local_cas/GRSTAT-CAS-20260930-1308KST/CAS-04/completion_20261003/lean/attempts/007/Proof.lean:111:39: warning: This simp argument is unused:
  Pi.add_apply

Hint: Omit it from the simp argument list.
  simp only [lorentzDot, Pi.a̵d̵d̵_̵a̵p̵p̵l̵y̵,̵ ̵P̵i̵.̵mul_apply, Pi.neg_apply]

Note: This linter can be disabled with `set_option linter.unusedSimpArgs false`
/home/cosmosapjw/Dropbox/bianchi/htt_base/docs/research_program/gr_statistics_loops_20260930/local_cas/GRSTAT-CAS-20260930-1308KST/CAS-04/completion_20261003/lean/attempts/007/Proof.lean:111:53: warning: This simp argument is unused:
  Pi.mul_apply

Hint: Omit it from the simp argument list.
  simp only [lorentzDot, Pi.add_apply, Pi.m̵u̵l̵_̵a̵p̵p̵l̵y̵,̵ ̵P̵i̵.̵neg_apply]

Note: This linter can be disabled with `set_option linter.unusedSimpArgs false`
/home/cosmosapjw/Dropbox/bianchi/htt_base/docs/research_program/gr_statistics_loops_20260930/local_cas/GRSTAT-CAS-20260930-1308KST/CAS-04/completion_20261003/lean/attempts/007/Proof.lean:111:67: warning: This simp argument is unused:
  Pi.neg_apply

Hint: Omit it from the simp argument list.
  simp only [lorentzDot, Pi.add_apply, Pi.mul_apply,̵ ̵P̵i̵.̵n̵e̵g̵_̵a̵p̵p̵l̵y̵]

Note: This linter can be disabled with `set_option linter.unusedSimpArgs false`
/home/cosmosapjw/Dropbox/bianchi/htt_base/docs/research_program/gr_statistics_loops_20260930/local_cas/GRSTAT-CAS-20260930-1308KST/CAS-04/completion_20261003/lean/attempts/007/Proof.lean:123:5: warning: Variable name `hc` is not explicitly referenced.

The binding can be removed (if unused) or named `_` (if used implicitly).

Note: This linter can be disabled with `set_option linter.unusedVariables false`
/home/cosmosapjw/Dropbox/bianchi/htt_base/docs/research_program/gr_statistics_loops_20260930/local_cas/GRSTAT-CAS-20260930-1308KST/CAS-04/completion_20261003/lean/attempts/007/Proof.lean:139:24: warning: This simp argument is unused:
  add_zero

Hint: Omit it from the simp argument list.
  simp only [smul_zero,̵ ̵a̵d̵d̵_̵z̵e̵r̵o̵] at hproj

Note: This linter can be disabled with `set_option linter.unusedSimpArgs false`
