Try this:
  [apply] ring_nf
  
  The `ring` tactic failed to close the goal. Use `ring_nf` to obtain a normal form.
    
  Note that `ring` works primarily in *commutative* rings. If you have a noncommutative ring, abelian group or module, consider using `noncomm_ring`, `abel` or `module` instead.
/home/cosmosapjw/Dropbox/bianchi/htt_base/docs/research_program/gr_statistics_loops_20260930/local_cas/GRSTAT-CAS-20260930-1308KST/CAS-12/c02_weighted_thomson_moment_v1_20261011/WeightedMoment.lean:132:72: error: unsolved goals
x : ℝ
⊢ -2 - x * 3 + x * ↑(Nat.choose 4 2) * (1 / 2) + x ^ 2 * ↑(Nat.choose 4 2) * (1 / 4) + ↑(Nat.choose 4 2) * (1 / 4) =
    -1 / 2 + x ^ 2 * (3 / 2)
Try this:
  [apply] ring_nf
  
  The `ring` tactic failed to close the goal. Use `ring_nf` to obtain a normal form.
    
  Note that `ring` works primarily in *commutative* rings. If you have a noncommutative ring, abelian group or module, consider using `noncomm_ring`, `abel` or `module` instead.
/home/cosmosapjw/Dropbox/bianchi/htt_base/docs/research_program/gr_statistics_loops_20260930/local_cas/GRSTAT-CAS-20260930-1308KST/CAS-12/c02_weighted_thomson_moment_v1_20261011/WeightedMoment.lean:179:14: error(lean.unknownIdentifier): Unknown constant `intervalIntegral.integral_pow`
/home/cosmosapjw/Dropbox/bianchi/htt_base/docs/research_program/gr_statistics_loops_20260930/local_cas/GRSTAT-CAS-20260930-1308KST/CAS-12/c02_weighted_thomson_moment_v1_20261011/WeightedMoment.lean:187:14: error(lean.unknownIdentifier): Unknown constant `intervalIntegral.integral_pow`
/home/cosmosapjw/Dropbox/bianchi/htt_base/docs/research_program/gr_statistics_loops_20260930/local_cas/GRSTAT-CAS-20260930-1308KST/CAS-12/c02_weighted_thomson_moment_v1_20261011/WeightedMoment.lean:198:14: error(lean.unknownIdentifier): Unknown constant `intervalIntegral.integral_pow`
/home/cosmosapjw/Dropbox/bianchi/htt_base/docs/research_program/gr_statistics_loops_20260930/local_cas/GRSTAT-CAS-20260930-1308KST/CAS-12/c02_weighted_thomson_moment_v1_20261011/WeightedMoment.lean:199:12: error: `IntervalIntegrable (fun x => 3 / 2 * x ^ 4) volume (-1)
  1` is not a `fun_prop` goal! Consider marking `IntervalIntegrable` with `@[fun_prop]`.
/home/cosmosapjw/Dropbox/bianchi/htt_base/docs/research_program/gr_statistics_loops_20260930/local_cas/GRSTAT-CAS-20260930-1308KST/CAS-12/c02_weighted_thomson_moment_v1_20261011/WeightedMoment.lean:199:12: error: `IntervalIntegrable (fun x => x ^ 2) volume (-1)
  1` is not a `fun_prop` goal! Consider marking `IntervalIntegrable` with `@[fun_prop]`.
/home/cosmosapjw/Dropbox/bianchi/htt_base/docs/research_program/gr_statistics_loops_20260930/local_cas/GRSTAT-CAS-20260930-1308KST/CAS-12/c02_weighted_thomson_moment_v1_20261011/WeightedMoment.lean:199:12: error: `IntervalIntegrable (fun x => 3 / 2 * x ^ 4 + x ^ 2) volume (-1)
  1` is not a `fun_prop` goal! Consider marking `IntervalIntegrable` with `@[fun_prop]`.
/home/cosmosapjw/Dropbox/bianchi/htt_base/docs/research_program/gr_statistics_loops_20260930/local_cas/GRSTAT-CAS-20260930-1308KST/CAS-12/c02_weighted_thomson_moment_v1_20261011/WeightedMoment.lean:199:12: error: `IntervalIntegrable (fun x => 1 / 2) volume (-1)
  1` is not a `fun_prop` goal! Consider marking `IntervalIntegrable` with `@[fun_prop]`.
