{
  "schema_version": 2,
  "contract_id": "GRSTAT-20260930-CAS11-C02-FINITE-GRAM",
  "contract_sha256": "c66d7d00bf60786417336873dfeb97f5602d0e60a110c110ebacd9dff824b47a",
  "aggregate_status": "CAS_4AXIS_PASS",
  "risk_tier": "R3",
  "required_axes": [
    "wolfram_xact",
    "sympy",
    "sage_singular",
    "lean"
  ],
  "axis_statuses": {
    "wolfram_xact": "PASS",
    "sympy": "PASS",
    "sage_singular": "PASS",
    "lean": "PASS"
  },
  "missing_axes": [],
  "exceptions_applied": [],
  "errors": [],
  "adjudicated_at": "2026-09-30T13:09:12+00:00",
  "note": "CAS_4AXIS_PASS requires all 4 contract-required axes to satisfy the risk-scaled contract under one contract hash; majority vote is structurally forbidden. Runner observation establishes only the CAS evidence component; it does not establish scientific validity, novelty, or overall claim readiness. Local observation is not a security attestation.",
  "verification_state": "RUNNER_OBSERVED_EXECUTION",
  "evidence_origin": "runner_observed_local_subprocess",
  "execution_evidence": {
    "wolfram_xact": {
      "evidence_origin": "runner_observed_local_subprocess",
      "axis": "wolfram_xact",
      "argv": [
        "/usr/bin/python3",
        "docs/research_program/gr_statistics_loops_20260930/local_cas/GRSTAT-CAS11-C02-20260930T090559Z/completion/record_axis.py",
        "wolfram_xact"
      ],
      "cwd": ".",
      "timeout_seconds": 600,
      "solver_executed": true,
      "preflight_probe": {
        "status": "PASS",
        "commands": [
          {
            "cmd": "wolframscript -code <version+xAct probe>",
            "exit": 0
          }
        ],
        "transcript_tail": "---------------------------------------------------------\nPackage xAct`xPerm`  version 1.2.4, {2025, 12, 29}\nCopyRight (C) 2003-2026, Jose M. Martin-Garcia, under the General Public License.\nConnecting to external linux executable...\nConnection established.\n------------------------------------------------------------\nPackage xAct`xTensor` version 1.3.0, {2025, 12, 29}\nCopyRight (C) 2002-2026, Jose M. Martin-Garcia, under the General Public License.\n------------------------------------------------------------\nThese packages come with ABSOLUTELY NO WARRANTY; for details type Disclaimer[]. This is free software, and you are welcome to redistribute it under certain conditions. See the General Public License for details.\n------------------------------------------------------------\nXACT_LOAD_OK\n"
      },
      "started_at": "2026-09-30T13:08:47+00:00",
      "completed_at": "2026-09-30T13:08:53+00:00",
      "exit_code": 0,
      "timed_out": false,
      "stdout_tail": "{\"checks\":{\"CAS11-C02-FINITE-GRAM\":true},\"domain_assumption_diff\":[],\"counterexample\":null}\n",
      "stderr_tail": "",
      "derived_status": "PASS",
      "errors": [],
      "payload": {
        "checks": {
          "CAS11-C02-FINITE-GRAM": true
        },
        "domain_assumption_diff": [],
        "counterexample": null
      }
    },
    "sympy": {
      "evidence_origin": "runner_observed_local_subprocess",
      "axis": "sympy",
      "argv": [
        "/usr/bin/python3",
        "docs/research_program/gr_statistics_loops_20260930/local_cas/GRSTAT-CAS11-C02-20260930T090559Z/completion/record_axis.py",
        "sympy"
      ],
      "cwd": ".",
      "timeout_seconds": 600,
      "solver_executed": true,
      "preflight_probe": {
        "status": "PASS",
        "commands": [
          {
            "cmd": "/home/cosmosapjw/Dropbox/bianchi/htt_base/venv/bin/python -c <sympy exact factor probe>",
            "exit": 0
          }
        ],
        "transcript_tail": "1.14.0\n"
      },
      "started_at": "2026-09-30T13:08:53+00:00",
      "completed_at": "2026-09-30T13:08:54+00:00",
      "exit_code": 0,
      "timed_out": false,
      "stdout_tail": "{\"checks\": {\"CAS11-C02-FINITE-GRAM\": true}, \"counterexample\": null, \"domain_assumption_diff\": []}\n",
      "stderr_tail": "ank_positive_epsilon_bound\", \"passed\": true}\n{\"id\": \"singular_nonzero_zero_epsilon_orthogonal\", \"passed\": true}\n{\"id\": \"singular_nonzero_zero_epsilon_MP_equations\", \"passed\": true}\n{\"id\": \"singular_nonzero_zero_epsilon_range_witness\", \"passed\": true}\n{\"id\": \"singular_nonzero_zero_epsilon_dot\", \"passed\": true, \"residual\": \"0\"}\n{\"id\": \"singular_nonzero_zero_epsilon_quadratic\", \"passed\": true, \"residual\": \"0\"}\n{\"energy\": \"0\", \"epsilon\": \"0\", \"id\": \"singular_nonzero_zero_epsilon_bound\", \"passed\": true}\n{\"id\": \"positive_definite_zero_epsilon_orthogonal\", \"passed\": true}\n{\"id\": \"positive_definite_zero_epsilon_MP_equations\", \"passed\": true}\n{\"id\": \"positive_definite_zero_epsilon_range_witness\", \"passed\": true}\n{\"id\": \"positive_definite_zero_epsilon_dot\", \"passed\": true, \"residual\": \"0\"}\n{\"id\": \"positive_definite_zero_epsilon_quadratic\", \"passed\": true, \"residual\": \"0\"}\n{\"energy\": \"0\", \"epsilon\": \"0\", \"id\": \"positive_definite_zero_epsilon_bound\", \"passed\": true}\n{\"id\": \"ill_conditioned_rotated_singular_orthogonal\", \"passed\": true}\n{\"id\": \"ill_conditioned_rotated_singular_MP_equations\", \"passed\": true}\n{\"id\": \"ill_conditioned_rotated_singular_range_witness\", \"passed\": true}\n{\"id\": \"ill_conditioned_rotated_singular_dot\", \"passed\": true, \"residual\": \"0\"}\n{\"id\": \"ill_conditioned_rotated_singular_quadratic\", \"passed\": true, \"residual\": \"0\"}\n{\"energy\": \"3/4\", \"epsilon\": \"1/2\", \"id\": \"ill_conditioned_rotated_singular_bound\", \"passed\": true}\n{\"absolute_errors\": {\"dot\": \"1.11137937474e-162\", \"pseudoinverse_energy\": \"8.74404119845e-104\", \"quadratic\": \"4.63203716286e-104\", \"range\": \"6.18177722193e-143\"}, \"decimal_digits\": 220, \"id\": \"high_precision_ill_conditioned\", \"passed\": true, \"threshold\": \"0.0000000000000000000000000000000000000000000000000000000000000000000001000000000000000000000000000000000000000000000000000000000000000000000000000000000000000000000000000000000000000000000000000000000000000000000000000000000000000000000000000000000000000000000000000000000000000000000000000\"}\n",
      "derived_status": "PASS",
      "errors": [],
      "payload": {
        "checks": {
          "CAS11-C02-FINITE-GRAM": true
        },
        "domain_assumption_diff": [],
        "counterexample": null
      }
    },
    "sage_singular": {
      "evidence_origin": "runner_observed_local_subprocess",
      "axis": "sage_singular",
      "argv": [
        "/usr/bin/python3",
        "docs/research_program/gr_statistics_loops_20260930/local_cas/GRSTAT-CAS11-C02-20260930T090559Z/completion/record_axis.py",
        "sage_singular"
      ],
      "cwd": ".",
      "timeout_seconds": 600,
      "solver_executed": true,
      "preflight_probe": {
        "status": "PASS",
        "commands": [
          {
            "cmd": "sage -c <exact factor + singular version probe>",
            "exit": 0
          }
        ],
        "transcript_tail": "SageMath version 10.9, Release Date: 2026-05-04\n44100\n<cmdline>:1: DeprecationWarning: Use sage.version.version instead.\nSee https://github.com/sagemath/sage/issues/39015 for details.\n"
      },
      "started_at": "2026-09-30T13:09:01+00:00",
      "completed_at": "2026-09-30T13:09:05+00:00",
      "exit_code": 0,
      "timed_out": false,
      "stdout_tail": "{\"checks\": {\"CAS11-C02-FINITE-GRAM\": true}, \"counterexample\": null, \"domain_assumption_diff\": []}\n",
      "stderr_tail": "",
      "derived_status": "PASS",
      "errors": [],
      "payload": {
        "checks": {
          "CAS11-C02-FINITE-GRAM": true
        },
        "domain_assumption_diff": [],
        "counterexample": null
      }
    },
    "lean": {
      "evidence_origin": "runner_observed_local_subprocess",
      "axis": "lean",
      "argv": [
        "/usr/bin/python3",
        "docs/research_program/gr_statistics_loops_20260930/local_cas/GRSTAT-CAS11-C02-20260930T090559Z/completion/record_axis.py",
        "lean"
      ],
      "cwd": ".",
      "timeout_seconds": 600,
      "solver_executed": true,
      "preflight_probe": {
        "status": "PASS",
        "commands": [
          {
            "cmd": "ELAN_TOOLCHAIN=leanprover/lean4:v4.31.0 lean --version",
            "exit": 0
          }
        ],
        "transcript_tail": "Lean (version 4.31.0, x86_64-unknown-linux-gnu, commit 68218e876d2a38b1985b8590fff244a83c321783, Release)\n",
        "pinned_toolchain": "leanprover/lean4:v4.31.0"
      },
      "started_at": "2026-09-30T13:09:05+00:00",
      "completed_at": "2026-09-30T13:09:12+00:00",
      "exit_code": 0,
      "timed_out": false,
      "stdout_tail": "{\"checks\": {\"CAS11-C02-FINITE-GRAM\": true}, \"counterexample\": null, \"domain_assumption_diff\": [], \"execution_file\": \"/home/cosmosapjw/Dropbox/bianchi/htt_base/docs/research_program/gr_statistics_loops_20260930/local_cas/GRSTAT-CAS11-C02-20260930T090559Z/lean/execution.json\", \"proof_coverage\": {\"branches\": [\"positive definite\", \"singular nonzero\", \"R=0\", \"epsilon=0\", \"epsilon>0\"], \"compiler_axioms\": [\"propext\", \"Classical.choice\", \"Quot.sound\"], \"gaps_within_contract\": [], \"imported_mathlib_lemmas\": [\"LinearMap.IsSymmetric.eigenvectorBasis\", \"LinearMap.IsSymmetric.eigenvalues\", \"LinearMap.IsSymmetric.apply_eigenvectorBasis\", \"LinearMap.IsSymmetric.eigenvectorBasis_apply_self_apply\", \"Matrix.isSymmetric_toEuclideanLin_iff\", \"Matrix.isPositive_toEuclideanLin_iff\", \"LinearMap.IsPositive.inner_nonneg_right\", \"OrthonormalBasis.repr_apply_apply\", \"Matrix.mulVec_diagonal\", \"EuclideanSpace.inner_eq_star_dotProduct\", \"Matrix.toEuclideanLin_apply\"], \"outside_contract\": [\"physical residual construction\", \"continuum bounds\", \"CAS11-C01\", \"CAS11-C03\", \"scientific admission\"], \"rank_restriction\": null, \"spectral_definition\": \"Orthonormal eigenvector basis; diagonal inverse of each nonzero real eigenvalue; zero eigenvalues map to zero via inv_zero. PSD ensures all eigenvalues are nonnegative.\", \"statement_alignment\": \"The matrix theorem quantifies n>0, every real PSD R, every e, epsilon>=0, and every a; its conclusion repeats PSD and proves range(R) plus the spectral pseudoinverse quadratic bound.\", \"status\": \"PROVED_BY_PINNED_LEAN\"}, \"source_sha256\": \"af91ec609dbd79746f148e67c40cbe39eb0405ea390432b44eb1102918468ffc\", \"statement_alignment\": \"The matrix theorem quantifies n>0, every real PSD R, every e, epsilon>=0, and every a; its conclusion repeats PSD and proves range(R) plus the spectral pseudoinverse quadratic bound.\"}\n",
      "stderr_tail": "",
      "derived_status": "PASS",
      "errors": [],
      "payload": {
        "checks": {
          "CAS11-C02-FINITE-GRAM": true
        },
        "domain_assumption_diff": [],
        "counterexample": null
      }
    }
  },
  "claim_promotion_cas_eligible": true,
  "claim_promotion_cas_requirement": "SATISFIED"
}
