/home/cosmosapjw/Dropbox/bianchi/htt_base/docs/research_program/gr_statistics_loops_20260930/local_cas/GRSTAT-CAS-20260930-1308KST/CAS-16/c01_projector_frobenius_bridge_v1_20261011/ProjectorBridge.lean:13:33: error(lean.synthInstanceFailed): failed to synthesize instance of type class
  HSub Mat (Fin 3 → Fin 3 → ℝ) ?m.11

Hint: Type class instance resolution failures can be inspected with the `set_option trace.Meta.synthInstance true` command.
/home/cosmosapjw/Dropbox/bianchi/htt_base/docs/research_program/gr_statistics_loops_20260930/local_cas/GRSTAT-CAS-20260930-1308KST/CAS-16/c01_projector_frobenius_bridge_v1_20261011/ProjectorBridge.lean:33:13: warning: declaration uses `sorry`
/home/cosmosapjw/Dropbox/bianchi/htt_base/docs/research_program/gr_statistics_loops_20260930/local_cas/GRSTAT-CAS-20260930-1308KST/CAS-16/c01_projector_frobenius_bridge_v1_20261011/ProjectorBridge.lean:31:8: warning: declaration uses `sorry`
/home/cosmosapjw/Dropbox/bianchi/htt_base/docs/research_program/gr_statistics_loops_20260930/local_cas/GRSTAT-CAS-20260930-1308KST/CAS-16/c01_projector_frobenius_bridge_v1_20261011/ProjectorBridge.lean:33:24: warning: This simp argument is unused:
  Matrix.sub_mul

Hint: Omit it from the simp argument list.
  simp only [projector, M̵a̵t̵r̵i̵x̵.̵s̵u̵b̵_̵m̵u̵l̵,̵ ̵Matrix.one_mul, Matrix.sub_apply, Matrix.mul_apply, project, dot]

Note: This linter can be disabled with `set_option linter.unusedSimpArgs false`
/home/cosmosapjw/Dropbox/bianchi/htt_base/docs/research_program/gr_statistics_loops_20260930/local_cas/GRSTAT-CAS-20260930-1308KST/CAS-16/c01_projector_frobenius_bridge_v1_20261011/ProjectorBridge.lean:33:40: warning: This simp argument is unused:
  Matrix.one_mul

Hint: Omit it from the simp argument list.
  simp only [projector, Matrix.sub_mul, M̵a̵t̵r̵i̵x̵.̵o̵n̵e̵_̵m̵u̵l̵,̵ ̵Matrix.sub_apply, Matrix.mul_apply, project, dot]

Note: This linter can be disabled with `set_option linter.unusedSimpArgs false`
/home/cosmosapjw/Dropbox/bianchi/htt_base/docs/research_program/gr_statistics_loops_20260930/local_cas/GRSTAT-CAS-20260930-1308KST/CAS-16/c01_projector_frobenius_bridge_v1_20261011/ProjectorBridge.lean:33:56: warning: This simp argument is unused:
  Matrix.sub_apply

Hint: Omit it from the simp argument list.
  simp only [projector, Matrix.sub_mul, Matrix.one_mul, Matrix.s̵u̵b̵_̵a̵p̵p̵l̵y̵,̵
  ̵ ̵ ̵ ̵ ̵M̵a̵t̵r̵i̵x̵.̵mul_apply, project, dot]

Note: This linter can be disabled with `set_option linter.unusedSimpArgs false`
/home/cosmosapjw/Dropbox/bianchi/htt_base/docs/research_program/gr_statistics_loops_20260930/local_cas/GRSTAT-CAS-20260930-1308KST/CAS-16/c01_projector_frobenius_bridge_v1_20261011/ProjectorBridge.lean:36:2: warning: this tactic is never executed

Note: This linter can be disabled with `set_option linter.unreachableTactic false`
/home/cosmosapjw/Dropbox/bianchi/htt_base/docs/research_program/gr_statistics_loops_20260930/local_cas/GRSTAT-CAS-20260930-1308KST/CAS-16/c01_projector_frobenius_bridge_v1_20261011/ProjectorBridge.lean:35:2: warning: 'simp_rw [mul_assoc]' tactic does nothing

Note: This linter can be disabled with `set_option linter.unusedTactic false`
/home/cosmosapjw/Dropbox/bianchi/htt_base/docs/research_program/gr_statistics_loops_20260930/local_cas/GRSTAT-CAS-20260930-1308KST/CAS-16/c01_projector_frobenius_bridge_v1_20261011/ProjectorBridge.lean:36:2: warning: 'rw [← Finset.mul_sum]' tactic does nothing

Note: This linter can be disabled with `set_option linter.unusedTactic false`
/home/cosmosapjw/Dropbox/bianchi/htt_base/docs/research_program/gr_statistics_loops_20260930/local_cas/GRSTAT-CAS-20260930-1308KST/CAS-16/c01_projector_frobenius_bridge_v1_20261011/ProjectorBridge.lean:40:13: warning: declaration uses `sorry`
/home/cosmosapjw/Dropbox/bianchi/htt_base/docs/research_program/gr_statistics_loops_20260930/local_cas/GRSTAT-CAS-20260930-1308KST/CAS-16/c01_projector_frobenius_bridge_v1_20261011/ProjectorBridge.lean:38:8: warning: declaration uses `sorry`
/home/cosmosapjw/Dropbox/bianchi/htt_base/docs/research_program/gr_statistics_loops_20260930/local_cas/GRSTAT-CAS-20260930-1308KST/CAS-16/c01_projector_frobenius_bridge_v1_20261011/ProjectorBridge.lean:40:24: warning: This simp argument is unused:
  Matrix.mul_sub

Hint: Omit it from the simp argument list.
  simp only [projector, M̵a̵t̵r̵i̵x̵.̵m̵u̵l̵_̵s̵u̵b̵,̵ ̵Matrix.mul_one, Matrix.sub_apply, Matrix.mul_apply, project, dot]

Note: This linter can be disabled with `set_option linter.unusedSimpArgs false`
/home/cosmosapjw/Dropbox/bianchi/htt_base/docs/research_program/gr_statistics_loops_20260930/local_cas/GRSTAT-CAS-20260930-1308KST/CAS-16/c01_projector_frobenius_bridge_v1_20261011/ProjectorBridge.lean:40:40: warning: This simp argument is unused:
  Matrix.mul_one

Hint: Omit it from the simp argument list.
  simp only [projector, Matrix.mul_sub, M̵a̵t̵r̵i̵x̵.̵m̵u̵l̵_̵o̵n̵e̵,̵ ̵Matrix.sub_apply, Matrix.mul_apply, project, dot]

Note: This linter can be disabled with `set_option linter.unusedSimpArgs false`
/home/cosmosapjw/Dropbox/bianchi/htt_base/docs/research_program/gr_statistics_loops_20260930/local_cas/GRSTAT-CAS-20260930-1308KST/CAS-16/c01_projector_frobenius_bridge_v1_20261011/ProjectorBridge.lean:40:56: warning: This simp argument is unused:
  Matrix.sub_apply

Hint: Omit it from the simp argument list.
  simp only [projector, Matrix.mul_sub, Matrix.mul_one, Matrix.s̵u̵b̵_̵a̵p̵p̵l̵y̵,̵
  ̵ ̵ ̵ ̵ ̵M̵a̵t̵r̵i̵x̵.̵mul_apply, project, dot]

Note: This linter can be disabled with `set_option linter.unusedSimpArgs false`
/home/cosmosapjw/Dropbox/bianchi/htt_base/docs/research_program/gr_statistics_loops_20260930/local_cas/GRSTAT-CAS-20260930-1308KST/CAS-16/c01_projector_frobenius_bridge_v1_20261011/ProjectorBridge.lean:43:2: warning: this tactic is never executed

Note: This linter can be disabled with `set_option linter.unreachableTactic false`
/home/cosmosapjw/Dropbox/bianchi/htt_base/docs/research_program/gr_statistics_loops_20260930/local_cas/GRSTAT-CAS-20260930-1308KST/CAS-16/c01_projector_frobenius_bridge_v1_20261011/ProjectorBridge.lean:44:2: warning: this tactic is never executed

Note: This linter can be disabled with `set_option linter.unreachableTactic false`
/home/cosmosapjw/Dropbox/bianchi/htt_base/docs/research_program/gr_statistics_loops_20260930/local_cas/GRSTAT-CAS-20260930-1308KST/CAS-16/c01_projector_frobenius_bridge_v1_20261011/ProjectorBridge.lean:45:2: warning: this tactic is never executed

Note: This linter can be disabled with `set_option linter.unreachableTactic false`
/home/cosmosapjw/Dropbox/bianchi/htt_base/docs/research_program/gr_statistics_loops_20260930/local_cas/GRSTAT-CAS-20260930-1308KST/CAS-16/c01_projector_frobenius_bridge_v1_20261011/ProjectorBridge.lean:46:2: warning: this tactic is never executed

Note: This linter can be disabled with `set_option linter.unreachableTactic false`
/home/cosmosapjw/Dropbox/bianchi/htt_base/docs/research_program/gr_statistics_loops_20260930/local_cas/GRSTAT-CAS-20260930-1308KST/CAS-16/c01_projector_frobenius_bridge_v1_20261011/ProjectorBridge.lean:42:2: warning: 'simp_rw [← mul_assoc]' tactic does nothing

Note: This linter can be disabled with `set_option linter.unusedTactic false`
/home/cosmosapjw/Dropbox/bianchi/htt_base/docs/research_program/gr_statistics_loops_20260930/local_cas/GRSTAT-CAS-20260930-1308KST/CAS-16/c01_projector_frobenius_bridge_v1_20261011/ProjectorBridge.lean:43:2: warning: 'rw [Finset.sum_mul]' tactic does nothing

Note: This linter can be disabled with `set_option linter.unusedTactic false`
/home/cosmosapjw/Dropbox/bianchi/htt_base/docs/research_program/gr_statistics_loops_20260930/local_cas/GRSTAT-CAS-20260930-1308KST/CAS-16/c01_projector_frobenius_bridge_v1_20261011/ProjectorBridge.lean:44:2: warning: 'congr 1' tactic does nothing

Note: This linter can be disabled with `set_option linter.unusedTactic false`
/home/cosmosapjw/Dropbox/bianchi/htt_base/docs/research_program/gr_statistics_loops_20260930/local_cas/GRSTAT-CAS-20260930-1308KST/CAS-16/c01_projector_frobenius_bridge_v1_20261011/ProjectorBridge.lean:45:2: warning: 'simp only [dot, Fin.sum_univ_three]' tactic does nothing

Note: This linter can be disabled with `set_option linter.unusedTactic false`
/home/cosmosapjw/Dropbox/bianchi/htt_base/docs/research_program/gr_statistics_loops_20260930/local_cas/GRSTAT-CAS-20260930-1308KST/CAS-16/c01_projector_frobenius_bridge_v1_20261011/ProjectorBridge.lean:46:2: warning: 'ring' tactic does nothing

Note: This linter can be disabled with `set_option linter.unusedTactic false`
/home/cosmosapjw/Dropbox/bianchi/htt_base/docs/research_program/gr_statistics_loops_20260930/local_cas/GRSTAT-CAS-20260930-1308KST/CAS-16/c01_projector_frobenius_bridge_v1_20261011/ProjectorBridge.lean:51:2: error: Tactic `split_ifs` failed: no if-then-else conditions to split

e : Vec
i j : Fin 3
⊢ sorry j i = sorry i j
/home/cosmosapjw/Dropbox/bianchi/htt_base/docs/research_program/gr_statistics_loops_20260930/local_cas/GRSTAT-CAS-20260930-1308KST/CAS-16/c01_projector_frobenius_bridge_v1_20261011/ProjectorBridge.lean:50:37: warning: declaration uses `sorry`
/home/cosmosapjw/Dropbox/bianchi/htt_base/docs/research_program/gr_statistics_loops_20260930/local_cas/GRSTAT-CAS-20260930-1308KST/CAS-16/c01_projector_frobenius_bridge_v1_20261011/ProjectorBridge.lean:50:48: warning: This simp argument is unused:
  Matrix.sub_apply

Hint: Omit it from the simp argument list.
  simp only [Matrix.transpose_apply, projector, Matrix.s̵u̵b̵_̵a̵p̵p̵l̵y̵,̵ ̵M̵a̵t̵r̵i̵x̵.̵one_apply]

Note: This linter can be disabled with `set_option linter.unusedSimpArgs false`
/home/cosmosapjw/Dropbox/bianchi/htt_base/docs/research_program/gr_statistics_loops_20260930/local_cas/GRSTAT-CAS-20260930-1308KST/CAS-16/c01_projector_frobenius_bridge_v1_20261011/ProjectorBridge.lean:50:66: warning: This simp argument is unused:
  Matrix.one_apply

Hint: Omit it from the simp argument list.
  simp only [Matrix.transpose_apply, projector, Matrix.sub_apply,̵ ̵M̵a̵t̵r̵i̵x̵.̵o̵n̵e̵_̵a̵p̵p̵l̵y̵]

Note: This linter can be disabled with `set_option linter.unusedSimpArgs false`
'CAS16Projector.project_dot_zero' depends on axioms: [propext, Classical.choice, Quot.sound]
'CAS16Projector.project_square_identity' depends on axioms: [propext, Classical.choice, Quot.sound]
'CAS16Projector.projector_symmetric' depends on axioms: [propext, sorryAx, Classical.choice, Quot.sound]
'CAS16Projector.projector_idempotent' depends on axioms: [propext, sorryAx, Classical.choice, Quot.sound]
'CAS16Projector.left_frobenius_identity' depends on axioms: [propext, sorryAx, Classical.choice, Quot.sound]
'CAS16Projector.right_frobenius_identity' depends on axioms: [propext, sorryAx, Classical.choice, Quot.sound]
'CAS16Projector.sandwich_frobenius_le' depends on axioms: [propext, sorryAx, Classical.choice, Quot.sound]
'CAS16Projector.finite_projector_bridge' depends on axioms: [propext, sorryAx, Classical.choice, Quot.sound]
