WOLFRAM_VERSION=15.0.0 for Linux x86 (64-bit) (May 26, 2026)
WOLFRAM_VERSION_NUMBER=15.
------------------------------------------------------------
Package xAct`xPerm`  version 1.2.4, {2025, 12, 29}
CopyRight (C) 2003-2026, Jose M. Martin-Garcia, under the General Public License.
Connecting to external linux executable...
Connection established.
------------------------------------------------------------
Package xAct`xTensor` version 1.3.0, {2025, 12, 29}
CopyRight (C) 2002-2026, Jose M. Martin-Garcia, under the General Public License.
------------------------------------------------------------
These packages come with ABSOLUTELY NO WARRANTY; for details type Disclaimer[]. This is free software, and you are welcome to redistribute it under certain conditions. See the General Public License for details.
------------------------------------------------------------
XACT_XTENSOR_LOADED=True
** DefManifold: Defining manifold Mport. 
** DefVBundle: Defining vbundle TangentMport. 
** DefTensor: Defining symmetric metric tensor gm[-a, -b]. 
** DefTensor: Defining antisymmetric tensor epsilongm[-a, -b, -c, -d]. 
** DefTensor: Defining tetrametric Tetragm[-a, -b, -c, -d]. 
** DefTensor: Defining tetrametric Tetragm†[-a, -b, -c, -d]. 
** DefCovD: Defining covariant derivative CDport[-a]. 
** DefTensor: Defining vanishing torsion tensor TorsionCDport[a, -b, -c]. 
** DefTensor: Defining symmetric Christoffel tensor ChristoffelCDport[a, -b, -c]. 
** DefTensor: Defining Riemann tensor RiemannCDport[-a, -b, -c, -d]. 
** DefTensor: Defining symmetric Ricci tensor RicciCDport[-a, -b]. 
** DefCovD: Contractions of Riemann automatically replaced by Ricci.
** DefTensor: Defining Ricci scalar RicciScalarCDport[]. 
** DefCovD: Contractions of Ricci automatically replaced by RicciScalar.
** DefTensor: Defining symmetric Einstein tensor EinsteinCDport[-a, -b]. 
** DefTensor: Defining Weyl tensor WeylCDport[-a, -b, -c, -d]. 
** DefTensor: Defining symmetric TFRicci tensor TFRicciCDport[-a, -b]. 
** DefTensor: Defining Kretschmann scalar KretschmannCDport[]. 
** DefCovD: Computing RiemannToWeylRules for dim 4
** DefCovD: Computing RicciToTFRicci for dim 4
** DefCovD: Computing RicciToEinsteinRules for dim 4
** DefTensor: Defining weight +2 density Detgm[].      Determinant.
** DefTensor: Defining tensor sPort[-a, -b]. 
** DefTensor: Defining tensor uPort[a]. 
** DefConstantSymbol: Defining constant symbol lambdaPort. 
** DefConstantSymbol: Defining constant symbol alphaPort. 
CHECKS=InputForm[<|metric_inverse -> True, null_on_unit_sphere -> True, S_null_polynomial -> True, B_null_equals_S -> True, mixed_eigenpair_kernel_identity -> True, metric_nondegenerate -> True, S_symmetric -> True, B_symmetric -> True, q_tracefree -> True, spatial_monopole_removed -> True, gauge_B_invariant -> True, gauge_null_invariant -> True, xAct_raised_kernel_identity -> True, xAct_metric_gauge_identity -> True, test_vector_null -> True, test_vector_polynomial -> True, pure_metric_B_zero -> True|>]
NULL=InputForm[-1 + n1^2 + n2^2 + n3^2]
S_NULL=InputForm[h0 + h11*n1 + h12*n2 + h13*n3 + n1^2*q11 - n3^2*q11 + 2*n1*n2*q12 + 2*n1*n3*q13 + n2^2*q22 - n3^2*q22 + 2*n2*n3*q23]
B_MINUS_S_NULL=InputForm[st - n1^2*st - n2^2*st - n3^2*st]
MIXED_MINUS_RAISED_KERNEL=InputForm[{0, 0, 0, 0}]
XACT_RAISED_KERNEL=InputForm[0]
XACT_GAUGE=InputForm[0]
PORT_CAS_02_WOLFRAM_XACT=PASS
