WOLFRAM_VERSION=15.0.0 for Linux x86 (64-bit) (May 26, 2026)
WOLFRAM_VERSION_NUMBER=15.
------------------------------------------------------------
Package xAct`xPerm`  version 1.2.4, {2025, 12, 29}
CopyRight (C) 2003-2026, Jose M. Martin-Garcia, under the General Public License.
Connecting to external linux executable...
Connection established.
------------------------------------------------------------
Package xAct`xTensor` version 1.3.0, {2025, 12, 29}
CopyRight (C) 2002-2026, Jose M. Martin-Garcia, under the General Public License.
------------------------------------------------------------
These packages come with ABSOLUTELY NO WARRANTY; for details type Disclaimer[]. This is free software, and you are welcome to redistribute it under certain conditions. See the General Public License for details.
------------------------------------------------------------
XACT_XTENSOR_LOADED=True
** DefManifold: Defining manifold Mport. 
** DefVBundle: Defining vbundle TangentMport. 
** DefTensor: Defining symmetric metric tensor gm[-a, -b]. 
** DefTensor: Defining antisymmetric tensor epsilongm[-a, -b, -c, -d]. 
** DefTensor: Defining tetrametric Tetragm[-a, -b, -c, -d]. 
** DefTensor: Defining tetrametric Tetragm†[-a, -b, -c, -d]. 
** DefCovD: Defining covariant derivative CDport[-a]. 
** DefTensor: Defining vanishing torsion tensor TorsionCDport[a, -b, -c]. 
** DefTensor: Defining symmetric Christoffel tensor ChristoffelCDport[a, -b, -c]. 
** DefTensor: Defining Riemann tensor RiemannCDport[-a, -b, -c, -d]. 
** DefTensor: Defining symmetric Ricci tensor RicciCDport[-a, -b]. 
** DefCovD: Contractions of Riemann automatically replaced by Ricci.
** DefTensor: Defining Ricci scalar RicciScalarCDport[]. 
** DefCovD: Contractions of Ricci automatically replaced by RicciScalar.
** DefTensor: Defining symmetric Einstein tensor EinsteinCDport[-a, -b]. 
** DefTensor: Defining Weyl tensor WeylCDport[-a, -b, -c, -d]. 
** DefTensor: Defining symmetric TFRicci tensor TFRicciCDport[-a, -b]. 
** DefTensor: Defining Kretschmann scalar KretschmannCDport[]. 
** DefCovD: Computing RiemannToWeylRules for dim 4
** DefCovD: Computing RicciToTFRicci for dim 4
** DefCovD: Computing RicciToEinsteinRules for dim 4
** DefTensor: Defining weight +2 density Detgm[].      Determinant.

ValidateSymbol::used: Symbol t is already used as an abstract index.

ValidateSymbol::used: Symbol v is already used as an abstract index.
** DefConstantSymbol: Defining constant symbol lambdaPort. 
** DefConstantSymbol: Defining constant symbol alphaPort. 

IsIndexOf::nouse: Attempting to apply IsIndexOf on v[b].
