------------------------------------------------------------
Package xAct`xPerm`  version 1.2.4, {2025, 12, 29}
CopyRight (C) 2003-2026, Jose M. Martin-Garcia, under the General Public License.
Connecting to external linux executable...
Connection established.
------------------------------------------------------------
Package xAct`xTensor` version 1.3.0, {2025, 12, 29}
CopyRight (C) 2002-2026, Jose M. Martin-Garcia, under the General Public License.
------------------------------------------------------------
These packages come with ABSOLUTELY NO WARRANTY; for details type Disclaimer[]. This is free software, and you are welcome to redistribute it under certain conditions. See the General Public License for details.
------------------------------------------------------------
WOLFRAM_VERSION={1.3.0, {2025, 12, 29}}
XTENSOR_VERSION={1.3.0, {2025, 12, 29}}
FP=InputForm[-30*t^2 + 60*t^3 - 30*t^4]
FPP=InputForm[-60*t + 180*t^2 - 120*t^3]
FPPP=InputForm[-60 + 360*t - 360*t^2]
CRITICAL_FIRST=InputForm[{0, 1/2, 1}]
CRITICAL_SECOND=InputForm[{(3 - Sqrt[3])/6, (3 + Sqrt[3])/6}]
CANDIDATES_FIRST=InputForm[{0, 1/2, 1}]
VALUES_FIRST=InputForm[{0, 15/8, 0}]
CANDIDATES_SECOND=InputForm[{0, 1/2, 1, (3 - Sqrt[3])/6, (3 + Sqrt[3])/6}]
VALUES_SECOND=InputForm[{0, 0, 0, 10/Sqrt[3], 10/Sqrt[3]}]
GLOBAL_FIRST=InputForm[True]
MAXIMIZERS_FIRST=InputForm[True]
GLOBAL_SECOND=InputForm[True]
MAXIMIZERS_SECOND=InputForm[True]
MARGIN=InputForm[1147/1152]
CHECKS=InputForm[{True, True, True, True, True, True, -30*(-1 + t)^2*t^2 == -30*(1 - t)^2*t^2, -60*(-1 + t)*t*(-1 + 2*t) == -60*(1 - 2*t)*(1 - t)*t, True, True, True, True, False, True, False, True, True, True, True, True}]
RESULT_JSON={"checks":{"CAS-10-C04":false},"domain_assumption_diff":[],"counterexample":null}
