[docs/htt-pedagogical-render-20260907-r1 06f90445] REPORT-A-PEDAGOGICAL: Publish the complete verified 55-page exposition
 203 files changed, 16959 insertions(+)
 create mode 100644 artifacts/research_reports/pedagogical_render_20260907_r1/ASSEMBLY_RECORD.json
 create mode 100644 artifacts/research_reports/pedagogical_render_20260907_r1/BUILD.md
 create mode 100644 artifacts/research_reports/pedagogical_render_20260907_r1/COMMAND_EXITS.json
 create mode 100644 artifacts/research_reports/pedagogical_render_20260907_r1/FROM_A_CMB_SKY_MAP_TO_PHYSICAL_CONSTRAINTS.md
 create mode 100644 artifacts/research_reports/pedagogical_render_20260907_r1/FROM_A_CMB_SKY_MAP_TO_PHYSICAL_CONSTRAINTS.pdf
 create mode 100644 artifacts/research_reports/pedagogical_render_20260907_r1/FROM_A_CMB_SKY_MAP_TO_PHYSICAL_CONSTRAINTS.tex
 create mode 100644 artifacts/research_reports/pedagogical_render_20260907_r1/PAGE_REVIEW.json
 create mode 100644 artifacts/research_reports/pedagogical_render_20260907_r1/PAGE_REVIEW.md
 create mode 100644 artifacts/research_reports/pedagogical_render_20260907_r1/RENDER_RECEIPT.json
 create mode 100644 artifacts/research_reports/pedagogical_render_20260907_r1/RETURN_TO_MAIN.md
 create mode 100644 artifacts/research_reports/pedagogical_render_20260907_r1/SHA256SUMS
 create mode 100644 artifacts/research_reports/pedagogical_render_20260907_r1/evidence/PROOF_REVIEW.md
 create mode 100644 artifacts/research_reports/pedagogical_render_20260907_r1/evidence/artifact-stage.command.json
 create mode 100644 artifacts/research_reports/pedagogical_render_20260907_r1/evidence/artifact-stage.stderr
 create mode 100644 artifacts/research_reports/pedagogical_render_20260907_r1/evidence/artifact-stage.stdout
 create mode 100644 artifacts/research_reports/pedagogical_render_20260907_r1/evidence/assemble-corrected.command.json
 create mode 100644 artifacts/research_reports/pedagogical_render_20260907_r1/evidence/assemble-corrected.stderr
 create mode 100644 artifacts/research_reports/pedagogical_render_20260907_r1/evidence/assemble-corrected.stdout
 create mode 100644 artifacts/research_reports/pedagogical_render_20260907_r1/evidence/assemble-first.command.json
 create mode 100644 artifacts/research_reports/pedagogical_render_20260907_r1/evidence/assemble-first.stderr
 create mode 100644 artifacts/research_reports/pedagogical_render_20260907_r1/evidence/assemble-first.stdout
 create mode 100644 artifacts/research_reports/pedagogical_render_20260907_r1/evidence/assembly-final.command.json
 create mode 100644 artifacts/research_reports/pedagogical_render_20260907_r1/evidence/assembly-final.stderr
 create mode 100644 artifacts/research_reports/pedagogical_render_20260907_r1/evidence/assembly-final.stdout
 create mode 100644 artifacts/research_reports/pedagogical_render_20260907_r1/evidence/axial-first.command.json
 create mode 100644 artifacts/research_reports/pedagogical_render_20260907_r1/evidence/axial-first.json
 create mode 100644 artifacts/research_reports/pedagogical_render_20260907_r1/evidence/axial-first.stderr
 create mode 100644 artifacts/research_reports/pedagogical_render_20260907_r1/evidence/axial-first.stdout
 create mode 100644 artifacts/research_reports/pedagogical_render_20260907_r1/evidence/axial-sensitivity.json
 create mode 100644 artifacts/research_reports/pedagogical_render_20260907_r1/evidence/check_source_initial.py
 create mode 100644 artifacts/research_reports/pedagogical_render_20260907_r1/evidence/final-checker-repair.json
 create mode 100644 artifacts/research_reports/pedagogical_render_20260907_r1/evidence/final-render-check-corrected.command.json
 create mode 100644 artifacts/research_reports/pedagogical_render_20260907_r1/evidence/final-render-check-corrected.stderr
 create mode 100644 artifacts/research_reports/pedagogical_render_20260907_r1/evidence/final-render-check-corrected.stdout
 create mode 100644 artifacts/research_reports/pedagogical_render_20260907_r1/evidence/final-render-check-heading-fixed.command.json
 create mode 100644 artifacts/research_reports/pedagogical_render_20260907_r1/evidence/final-render-check-heading-fixed.stderr
 create mode 100644 artifacts/research_reports/pedagogical_render_20260907_r1/evidence/final-render-check-heading-fixed.stdout
 create mode 100644 artifacts/research_reports/pedagogical_render_20260907_r1/evidence/final-render-check.command.json
 create mode 100644 artifacts/research_reports/pedagogical_render_20260907_r1/evidence/final-render-check.json
 create mode 100644 artifacts/research_reports/pedagogical_render_20260907_r1/evidence/final-render-check.stderr
 create mode 100644 artifacts/research_reports/pedagogical_render_20260907_r1/evidence/final-render-check.stdout
 create mode 100644 artifacts/research_reports/pedagogical_render_20260907_r1/evidence/final_verify_before_heading_fix.py
 create mode 100644 artifacts/research_reports/pedagogical_render_20260907_r1/evidence/final_verify_initial.py
 create mode 100644 artifacts/research_reports/pedagogical_render_20260907_r1/evidence/handoff.md
 create mode 100644 artifacts/research_reports/pedagogical_render_20260907_r1/evidence/initial-FROM_A_CMB_SKY_MAP_TO_PHYSICAL_CONSTRAINTS.log
 create mode 100644 artifacts/research_reports/pedagogical_render_20260907_r1/evidence/initial-structure.lua
 create mode 100644 artifacts/research_reports/pedagogical_render_20260907_r1/evidence/layout-corrections.json
 create mode 100644 artifacts/research_reports/pedagogical_render_20260907_r1/evidence/layout2-FROM_A_CMB_SKY_MAP_TO_PHYSICAL_CONSTRAINTS.log
 create mode 100644 artifacts/research_reports/pedagogical_render_20260907_r1/evidence/layout2-FROM_A_CMB_SKY_MAP_TO_PHYSICAL_CONSTRAINTS.toc
 create mode 100644 artifacts/research_reports/pedagogical_render_20260907_r1/evidence/layout2-structure.lua
 create mode 100644 artifacts/research_reports/pedagogical_render_20260907_r1/evidence/layout3-FROM_A_CMB_SKY_MAP_TO_PHYSICAL_CONSTRAINTS.log
 create mode 100644 artifacts/research_reports/pedagogical_render_20260907_r1/evidence/layout3-FROM_A_CMB_SKY_MAP_TO_PHYSICAL_CONSTRAINTS.toc
 create mode 100644 artifacts/research_reports/pedagogical_render_20260907_r1/evidence/layout3-structure.lua
 create mode 100644 artifacts/research_reports/pedagogical_render_20260907_r1/evidence/layout4-before-stf.log
 create mode 100644 artifacts/research_reports/pedagogical_render_20260907_r1/evidence/layout4-before-stf.lua
 create mode 100644 artifacts/research_reports/pedagogical_render_20260907_r1/evidence/layout4-before-stf.toc
 create mode 100644 artifacts/research_reports/pedagogical_render_20260907_r1/evidence/model-check.command.json
 create mode 100644 artifacts/research_reports/pedagogical_render_20260907_r1/evidence/model-check.stderr
 create mode 100644 artifacts/research_reports/pedagogical_render_20260907_r1/evidence/model-check.stdout
 create mode 100644 artifacts/research_reports/pedagogical_render_20260907_r1/evidence/pandoc-complete.command.json
 create mode 100644 artifacts/research_reports/pedagogical_render_20260907_r1/evidence/pandoc-complete.stderr
 create mode 100644 artifacts/research_reports/pedagogical_render_20260907_r1/evidence/pandoc-complete.stdout
 create mode 100644 artifacts/research_reports/pedagogical_render_20260907_r1/evidence/pandoc-final.command.json
 create mode 100644 artifacts/research_reports/pedagogical_render_20260907_r1/evidence/pandoc-final.stderr
 create mode 100644 artifacts/research_reports/pedagogical_render_20260907_r1/evidence/pandoc-final.stdout
 create mode 100644 artifacts/research_reports/pedagogical_render_20260907_r1/evidence/pandoc-initial.command.json
 create mode 100644 artifacts/research_reports/pedagogical_render_20260907_r1/evidence/pandoc-initial.stderr
 create mode 100644 artifacts/research_reports/pedagogical_render_20260907_r1/evidence/pandoc-initial.stdout
 create mode 100644 artifacts/research_reports/pedagogical_render_20260907_r1/evidence/pandoc-layout2.command.json
 create mode 100644 artifacts/research_reports/pedagogical_render_20260907_r1/evidence/pandoc-layout2.stderr
 create mode 100644 artifacts/research_reports/pedagogical_render_20260907_r1/evidence/pandoc-layout2.stdout
 create mode 100644 artifacts/research_reports/pedagogical_render_20260907_r1/evidence/pandoc-stf.command.json
 create mode 100644 artifacts/research_reports/pedagogical_render_20260907_r1/evidence/pandoc-stf.stderr
 create mode 100644 artifacts/research_reports/pedagogical_render_20260907_r1/evidence/pandoc-stf.stdout
 create mode 100644 artifacts/research_reports/pedagogical_render_20260907_r1/evidence/parse-source.command.json
 create mode 100644 artifacts/research_reports/pedagogical_render_20260907_r1/evidence/parse-source.stderr
 create mode 100644 artifacts/research_reports/pedagogical_render_20260907_r1/evidence/parse-source.stdout
 create mode 100644 artifacts/research_reports/pedagogical_render_20260907_r1/evidence/parse-tex-complete.command.json
 create mode 100644 artifacts/research_reports/pedagogical_render_20260907_r1/evidence/parse-tex-complete.stderr
 create mode 100644 artifacts/research_reports/pedagogical_render_20260907_r1/evidence/parse-tex-complete.stdout
 create mode 100644 artifacts/research_reports/pedagogical_render_20260907_r1/evidence/parse-tex-final.command.json
 create mode 100644 artifacts/research_reports/pedagogical_render_20260907_r1/evidence/parse-tex-final.stderr
 create mode 100644 artifacts/research_reports/pedagogical_render_20260907_r1/evidence/parse-tex-final.stdout
 create mode 100644 artifacts/research_reports/pedagogical_render_20260907_r1/evidence/parse-tex.command.json
 create mode 100644 artifacts/research_reports/pedagogical_render_20260907_r1/evidence/parse-tex.stderr
 create mode 100644 artifacts/research_reports/pedagogical_render_20260907_r1/evidence/parse-tex.stdout
 create mode 100644 artifacts/research_reports/pedagogical_render_20260907_r1/evidence/part-toc-repair.patch
 create mode 100644 artifacts/research_reports/pedagogical_render_20260907_r1/evidence/pdf-fraction-selector-repair.json
 create mode 100644 artifacts/research_reports/pedagogical_render_20260907_r1/evidence/pdf-stf-text.command.json
 create mode 100644 artifacts/research_reports/pedagogical_render_20260907_r1/evidence/pdf-stf-text.stderr
 create mode 100644 artifacts/research_reports/pedagogical_render_20260907_r1/evidence/pdf-stf-text.stdout
 create mode 100644 artifacts/research_reports/pedagogical_render_20260907_r1/evidence/pdfinfo-complete.command.json
 create mode 100644 artifacts/research_reports/pedagogical_render_20260907_r1/evidence/pdfinfo-complete.stderr
 create mode 100644 artifacts/research_reports/pedagogical_render_20260907_r1/evidence/pdfinfo-complete.stdout
 create mode 100644 artifacts/research_reports/pedagogical_render_20260907_r1/evidence/pdfinfo-final.command.json
 create mode 100644 artifacts/research_reports/pedagogical_render_20260907_r1/evidence/pdfinfo-final.stderr
 create mode 100644 artifacts/research_reports/pedagogical_render_20260907_r1/evidence/pdfinfo-final.stdout
 create mode 100644 artifacts/research_reports/pedagogical_render_20260907_r1/evidence/pdfinfo.command.json
 create mode 100644 artifacts/research_reports/pedagogical_render_20260907_r1/evidence/pdfinfo.stderr
 create mode 100644 artifacts/research_reports/pedagogical_render_20260907_r1/evidence/pdfinfo.stdout
 create mode 100644 artifacts/research_reports/pedagogical_render_20260907_r1/evidence/pdftext-complete.command.json
 create mode 100644 artifacts/research_reports/pedagogical_render_20260907_r1/evidence/pdftext-complete.stderr
 create mode 100644 artifacts/research_reports/pedagogical_render_20260907_r1/evidence/pdftext-complete.stdout
 create mode 100644 artifacts/research_reports/pedagogical_render_20260907_r1/evidence/pdftext-final.command.json
 create mode 100644 artifacts/research_reports/pedagogical_render_20260907_r1/evidence/pdftext-final.stderr
 create mode 100644 artifacts/research_reports/pedagogical_render_20260907_r1/evidence/pdftext-final.stdout
 create mode 100644 artifacts/research_reports/pedagogical_render_20260907_r1/evidence/pdftext.command.json
 create mode 100644 artifacts/research_reports/pedagogical_render_20260907_r1/evidence/pdftext.stderr
 create mode 100644 artifacts/research_reports/pedagogical_render_20260907_r1/evidence/pdftext.stdout
 create mode 100644 artifacts/research_reports/pedagogical_render_20260907_r1/evidence/prepare-layout.command.json
 create mode 100644 artifacts/research_reports/pedagogical_render_20260907_r1/evidence/prepare-layout.stderr
 create mode 100644 artifacts/research_reports/pedagogical_render_20260907_r1/evidence/prepare-layout.stdout
 create mode 100644 artifacts/research_reports/pedagogical_render_20260907_r1/evidence/publication-diff-check.command.json
 create mode 100644 artifacts/research_reports/pedagogical_render_20260907_r1/evidence/publication-diff-check.stderr
 create mode 100644 artifacts/research_reports/pedagogical_render_20260907_r1/evidence/publication-diff-check.stdout
 create mode 100644 artifacts/research_reports/pedagogical_render_20260907_r1/evidence/publication-review.json
 create mode 100644 artifacts/research_reports/pedagogical_render_20260907_r1/evidence/radiation-model-check.json
 create mode 100644 artifacts/research_reports/pedagogical_render_20260907_r1/evidence/raster-all-pages.command.json
 create mode 100644 artifacts/research_reports/pedagogical_render_20260907_r1/evidence/raster-all-pages.stderr
 create mode 100644 artifacts/research_reports/pedagogical_render_20260907_r1/evidence/raster-all-pages.stdout
 create mode 100644 artifacts/research_reports/pedagogical_render_20260907_r1/evidence/raster-complete.command.json
 create mode 100644 artifacts/research_reports/pedagogical_render_20260907_r1/evidence/raster-complete.stderr
 create mode 100644 artifacts/research_reports/pedagogical_render_20260907_r1/evidence/raster-complete.stdout
 create mode 100644 artifacts/research_reports/pedagogical_render_20260907_r1/evidence/raster-final.command.json
 create mode 100644 artifacts/research_reports/pedagogical_render_20260907_r1/evidence/raster-final.stderr
 create mode 100644 artifacts/research_reports/pedagogical_render_20260907_r1/evidence/raster-final.stdout
 create mode 100644 artifacts/research_reports/pedagogical_render_20260907_r1/evidence/raster-stf.command.json
 create mode 100644 artifacts/research_reports/pedagogical_render_20260907_r1/evidence/raster-stf.stderr
 create mode 100644 artifacts/research_reports/pedagogical_render_20260907_r1/evidence/raster-stf.stdout
 create mode 100644 artifacts/research_reports/pedagogical_render_20260907_r1/evidence/render-correspondence-preliminary.json
 create mode 100644 artifacts/research_reports/pedagogical_render_20260907_r1/evidence/retained-local-intermediates.json
 create mode 100644 artifacts/research_reports/pedagogical_render_20260907_r1/evidence/source-check-corrected.command.json
 create mode 100644 artifacts/research_reports/pedagogical_render_20260907_r1/evidence/source-check-corrected.stderr
 create mode 100644 artifacts/research_reports/pedagogical_render_20260907_r1/evidence/source-check-corrected.stdout
 create mode 100644 artifacts/research_reports/pedagogical_render_20260907_r1/evidence/source-check.command.json
 create mode 100644 artifacts/research_reports/pedagogical_render_20260907_r1/evidence/source-check.json
 create mode 100644 artifacts/research_reports/pedagogical_render_20260907_r1/evidence/source-check.stderr
 create mode 100644 artifacts/research_reports/pedagogical_render_20260907_r1/evidence/source-check.stdout
 create mode 100644 artifacts/research_reports/pedagogical_render_20260907_r1/evidence/source-checker-repair.json
 create mode 100644 artifacts/research_reports/pedagogical_render_20260907_r1/evidence/source-commit.command.json
 create mode 100644 artifacts/research_reports/pedagogical_render_20260907_r1/evidence/source-commit.stderr
 create mode 100644 artifacts/research_reports/pedagogical_render_20260907_r1/evidence/source-commit.stdout
 create mode 100644 artifacts/research_reports/pedagogical_render_20260907_r1/evidence/source-diff-check.command.json
 create mode 100644 artifacts/research_reports/pedagogical_render_20260907_r1/evidence/source-diff-check.stderr
 create mode 100644 artifacts/research_reports/pedagogical_render_20260907_r1/evidence/source-diff-check.stdout
 create mode 100644 artifacts/research_reports/pedagogical_render_20260907_r1/evidence/source-pin.json
 create mode 100644 artifacts/research_reports/pedagogical_render_20260907_r1/evidence/source-stage.command.json
 create mode 100644 artifacts/research_reports/pedagogical_render_20260907_r1/evidence/source-stage.stderr
 create mode 100644 artifacts/research_reports/pedagogical_render_20260907_r1/evidence/source-stage.stdout
 create mode 100644 artifacts/research_reports/pedagogical_render_20260907_r1/evidence/stf-page-comparison.json
 create mode 100644 artifacts/research_reports/pedagogical_render_20260907_r1/evidence/stf-prose-repair.json
 create mode 100644 artifacts/research_reports/pedagogical_render_20260907_r1/evidence/syntax.command.json
 create mode 100644 artifacts/research_reports/pedagogical_render_20260907_r1/evidence/syntax.stderr
 create mode 100644 artifacts/research_reports/pedagogical_render_20260907_r1/evidence/syntax.stdout
 create mode 100644 artifacts/research_reports/pedagogical_render_20260907_r1/evidence/tested-source.json
 create mode 100644 artifacts/research_reports/pedagogical_render_20260907_r1/evidence/tex-ast-stf.command.json
 create mode 100644 artifacts/research_reports/pedagogical_render_20260907_r1/evidence/tex-ast-stf.stderr
 create mode 100644 artifacts/research_reports/pedagogical_render_20260907_r1/evidence/tex-ast-stf.stdout
 create mode 100644 artifacts/research_reports/pedagogical_render_20260907_r1/evidence/tex-complete.command.json
 create mode 100644 artifacts/research_reports/pedagogical_render_20260907_r1/evidence/tex-complete.stderr
 create mode 100644 artifacts/research_reports/pedagogical_render_20260907_r1/evidence/tex-complete.stdout
 create mode 100644 artifacts/research_reports/pedagogical_render_20260907_r1/evidence/tex-final.command.json
 create mode 100644 artifacts/research_reports/pedagogical_render_20260907_r1/evidence/tex-final.stderr
 create mode 100644 artifacts/research_reports/pedagogical_render_20260907_r1/evidence/tex-final.stdout
 create mode 100644 artifacts/research_reports/pedagogical_render_20260907_r1/evidence/tex-initial.command.json
 create mode 100644 artifacts/research_reports/pedagogical_render_20260907_r1/evidence/tex-initial.stderr
 create mode 100644 artifacts/research_reports/pedagogical_render_20260907_r1/evidence/tex-initial.stdout
 create mode 100644 artifacts/research_reports/pedagogical_render_20260907_r1/evidence/tex-layout2.command.json
 create mode 100644 artifacts/research_reports/pedagogical_render_20260907_r1/evidence/tex-layout2.stderr
 create mode 100644 artifacts/research_reports/pedagogical_render_20260907_r1/evidence/tex-layout2.stdout
 create mode 100644 artifacts/research_reports/pedagogical_render_20260907_r1/evidence/tex-stf.command.json
 create mode 100644 artifacts/research_reports/pedagogical_render_20260907_r1/evidence/tex-stf.stderr
 create mode 100644 artifacts/research_reports/pedagogical_render_20260907_r1/evidence/tex-stf.stdout
 create mode 100644 artifacts/research_reports/pedagogical_render_20260907_r1/evidence/transcription-repair.json
 create mode 100644 artifacts/research_reports/pedagogical_render_20260907_r1/evidence/transcription-repair.patch
 create mode 100644 artifacts/research_reports/pedagogical_render_20260907_r1/evidence/unnumbered-toc-anchor-repair.patch
 create mode 100644 artifacts/research_reports/pedagogical_render_20260907_r1/evidence/version-latexmk.command.json
 create mode 100644 artifacts/research_reports/pedagogical_render_20260907_r1/evidence/version-latexmk.stderr
 create mode 100644 artifacts/research_reports/pedagogical_render_20260907_r1/evidence/version-latexmk.stdout
 create mode 100644 artifacts/research_reports/pedagogical_render_20260907_r1/evidence/version-pandoc.command.json
 create mode 100644 artifacts/research_reports/pedagogical_render_20260907_r1/evidence/version-pandoc.stderr
 create mode 100644 artifacts/research_reports/pedagogical_render_20260907_r1/evidence/version-pandoc.stdout
 create mode 100644 artifacts/research_reports/pedagogical_render_20260907_r1/evidence/version-pdftoppm.command.json
 create mode 100644 artifacts/research_reports/pedagogical_render_20260907_r1/evidence/version-pdftoppm.stderr
 create mode 100644 artifacts/research_reports/pedagogical_render_20260907_r1/evidence/version-pdftoppm.stdout
 create mode 100644 artifacts/research_reports/pedagogical_render_20260907_r1/evidence/version-python.command.json
 create mode 100644 artifacts/research_reports/pedagogical_render_20260907_r1/evidence/version-python.stderr
 create mode 100644 artifacts/research_reports/pedagogical_render_20260907_r1/evidence/version-python.stdout
 create mode 100644 artifacts/research_reports/pedagogical_render_20260907_r1/evidence/version-xelatex.command.json
 create mode 100644 artifacts/research_reports/pedagogical_render_20260907_r1/evidence/version-xelatex.stderr
 create mode 100644 artifacts/research_reports/pedagogical_render_20260907_r1/evidence/version-xelatex.stdout
 create mode 100644 artifacts/research_reports/pedagogical_render_20260907_r1/inspection_scripts/check_model.py
 create mode 100644 artifacts/research_reports/pedagogical_render_20260907_r1/inspection_scripts/check_source.py
 create mode 100644 artifacts/research_reports/pedagogical_render_20260907_r1/inspection_scripts/final_verify.py
 create mode 100644 artifacts/research_reports/pedagogical_render_20260907_r1/inspection_scripts/prepare_render.py
 create mode 100644 artifacts/research_reports/pedagogical_render_20260907_r1/inspection_scripts/runner.py
 create mode 100644 artifacts/research_reports/pedagogical_render_20260907_r1/layout/header.tex
 create mode 100644 artifacts/research_reports/pedagogical_render_20260907_r1/layout/metadata.yaml
 create mode 100644 artifacts/research_reports/pedagogical_render_20260907_r1/layout/structure.lua
 create mode 100644 artifacts/research_reports/pedagogical_render_20260907_r1/logs/FROM_A_CMB_SKY_MAP_TO_PHYSICAL_CONSTRAINTS.log
 create mode 100644 artifacts/research_reports/pedagogical_render_20260907_r1/logs/FROM_A_CMB_SKY_MAP_TO_PHYSICAL_CONSTRAINTS.toc
 create mode 100644 artifacts/research_reports/pedagogical_render_20260907_r1/logs/pandoc-stf.json
 create mode 100644 artifacts/research_reports/pedagogical_render_20260907_r1/references.bib
