{
  "operation": "exact Fraction check of the newly printed finite certificate",
  "basis": "unnormalised associated Legendre derivatives with explicit normalisation ratios",
  "arithmetic": "rational only",
  "blocks": [
    {
      "m": 0,
      "fit_ell": [
        0,
        1,
        2,
        3,
        4,
        5
      ],
      "retained_ell": [
        2,
        3,
        4,
        5
      ],
      "source_ell": [
        7,
        8,
        9,
        10
      ],
      "normal_determinant": "2371221567616482963655661538277/124939643158494289811515067921858560",
      "normal_matches_printed": true,
      "minor_squared": "13854851227718467321621702138503980744130367185396095166590753194419819749485140749388736644495507/2946385964528764001602729286917704836323445407941374503789674365768429551770231683936450693300224",
      "minor_matches_printed": true,
      "nonzero": true,
      "certified_complex_block_rank": 4
    },
    {
      "m": 1,
      "fit_ell": [
        1,
        2,
        3,
        4,
        5
      ],
      "retained_ell": [
        2,
        3,
        4,
        5
      ],
      "source_ell": [
        7,
        8,
        9,
        10
      ],
      "normal_determinant": "1784012728720795037550100553/1743019575313815427057966907392",
      "normal_matches_printed": true,
      "minor_squared": "45897747416692690585791274614572327208356017181052125887012037607944001265218344300648587575/11439368869955288869320571209776405550745656790554396265529415077685155349137762741139313524736",
      "minor_matches_printed": true,
      "nonzero": true,
      "certified_complex_block_rank": 4
    },
    {
      "m": 2,
      "fit_ell": [
        2,
        3,
        4,
        5
      ],
      "retained_ell": [
        2,
        3,
        4,
        5
      ],
      "source_ell": [
        7,
        8,
        9,
        10
      ],
      "normal_determinant": "10945595347193184954026503331/871509787656907713528983453696",
      "normal_matches_printed": true,
      "minor_squared": "39493718757090374514153222808257755001282326150716790292260982205042519060828776367475925/215305412825852519355010761635586687254061841359588806014692042617344168936576686059039460687872",
      "minor_matches_printed": true,
      "nonzero": true,
      "certified_complex_block_rank": 4
    },
    {
      "m": 3,
      "fit_ell": [
        3,
        4,
        5
      ],
      "retained_ell": [
        3,
        4,
        5
      ],
      "source_ell": [
        7,
        8,
        9
      ],
      "normal_determinant": "104531461379720327/1585267068834414592",
      "normal_matches_printed": true,
      "minor_squared": "3965156020663594870880515310630136258902710414400775484668459177/613649291260366690751581334535331511253026015611909498783126158409990144",
      "minor_matches_printed": true,
      "nonzero": true,
      "certified_complex_block_rank": 3
    },
    {
      "m": 4,
      "fit_ell": [
        4,
        5
      ],
      "retained_ell": [
        4,
        5
      ],
      "source_ell": [
        7,
        8
      ],
      "normal_determinant": "665044625583572687/3170534137668829184",
      "normal_matches_printed": true,
      "minor_squared": "33648590107505417977636161099564743354425815/321031865290431140061490488646804497908163936256",
      "minor_matches_printed": true,
      "nonzero": true,
      "certified_complex_block_rank": 2
    },
    {
      "m": 5,
      "fit_ell": [
        5
      ],
      "retained_ell": [
        5
      ],
      "source_ell": [
        7
      ],
      "normal_determinant": "1/2",
      "normal_matches_printed": true,
      "minor_squared": "1654580299939355708034129/1995199839012425102786560",
      "minor_matches_printed": true,
      "nonzero": true,
      "certified_complex_block_rank": 1
    }
  ],
  "retained_real_dimension": 32,
  "certified_real_rank": 32,
  "printed_certificate_matches": true,
  "finite_HEALPix_verified": false,
  "physical_or_observational_inference": false,
  "overall": "PASS_PRINTED_AXIAL_CERTIFICATE"
}
