Rc files read:
  /etc/LatexMk
Latexmk: This is Latexmk, John Collins, 31 Jan. 2024. Version 4.83.
No existing .aux file, so I'll make a simple one, and require run of *latex.
Latexmk: applying rule 'xelatex'...
Rule 'xelatex':  Reasons for rerun
Category 'other':
  Rerun of 'xelatex' forced or previously required:
    Reason or flag: 'Initial setup'

------------
Run number 1 of rule 'xelatex'
------------
------------
Running 'xelatex -no-pdf -interaction=nonstopmode -halt-on-error -file-line-error -recorder -output-directory="/mnt/sn850x2t/htt_base_e2e/HTT_REPORT_A_PEDAGOGICAL_ASSEMBLY_VERIFY_RENDER_20260907T053356Z/build"  "/mnt/sn850x2t/htt_base_e2e/HTT_REPORT_A_PEDAGOGICAL_ASSEMBLY_VERIFY_RENDER_20260907T053356Z/build/FROM_A_CMB_SKY_MAP_TO_PHYSICAL_CONSTRAINTS.tex"'
------------
This is XeTeX, Version 3.141592653-2.6-0.999995 (TeX Live 2023/Debian) (preloaded format=xelatex)
 restricted \write18 enabled.
entering extended mode

(/mnt/sn850x2t/htt_base_e2e/HTT_REPORT_A_PEDAGOGICAL_ASSEMBLY_VERIFY_RENDER_202
60907T053356Z/build/FROM_A_CMB_SKY_MAP_TO_PHYSICAL_CONSTRAINTS.tex
LaTeX2e <2023-11-01> patch level 1
L3 programming layer <2024-01-22>
(/usr/share/texlive/texmf-dist/tex/latex/base/article.cls
Document Class: article 2023/05/17 v1.4n Standard LaTeX document class
(/usr/share/texlive/texmf-dist/tex/latex/base/size11.clo))
(/usr/share/texlive/texmf-dist/tex/latex/amsmath/amsmath.sty
For additional information on amsmath, use the `?' option.
(/usr/share/texlive/texmf-dist/tex/latex/amsmath/amstext.sty
(/usr/share/texlive/texmf-dist/tex/latex/amsmath/amsgen.sty))
(/usr/share/texlive/texmf-dist/tex/latex/amsmath/amsbsy.sty)
(/usr/share/texlive/texmf-dist/tex/latex/amsmath/amsopn.sty))
(/usr/share/texlive/texmf-dist/tex/latex/amsfonts/amssymb.sty
(/usr/share/texlive/texmf-dist/tex/latex/amsfonts/amsfonts.sty))
(/usr/share/texlive/texmf-dist/tex/latex/mathtools/mathtools.sty
(/usr/share/texlive/texmf-dist/tex/latex/graphics/keyval.sty)
(/usr/share/texlive/texmf-dist/tex/latex/tools/calc.sty)
(/usr/share/texlive/texmf-dist/tex/latex/mathtools/mhsetup.sty))
(/usr/share/texlive/texmf-dist/tex/generic/iftex/iftex.sty)
(/usr/share/texlive/texmf-dist/tex/latex/unicode-math/unicode-math.sty
(/usr/share/texlive/texmf-dist/tex/latex/l3kernel/expl3.sty
(/usr/share/texlive/texmf-dist/tex/latex/l3backend/l3backend-xetex.def))
(/usr/share/texlive/texmf-dist/tex/latex/unicode-math/unicode-math-xetex.sty
(/usr/share/texlive/texmf-dist/tex/latex/l3packages/xparse/xparse.sty)
(/usr/share/texlive/texmf-dist/tex/latex/l3packages/l3keys2e/l3keys2e.sty)
(/usr/share/texlive/texmf-dist/tex/latex/fontspec/fontspec.sty
(/usr/share/texlive/texmf-dist/tex/latex/fontspec/fontspec-xetex.sty
(/usr/share/texlive/texmf-dist/tex/latex/base/fontenc.sty)
(/usr/share/texlive/texmf-dist/tex/latex/fontspec/fontspec.cfg)))
(/usr/share/texlive/texmf-dist/tex/latex/base/fix-cm.sty
(/usr/share/texlive/texmf-dist/tex/latex/base/ts1enc.def))
(/usr/share/texlive/texmf-dist/tex/latex/unicode-math/unicode-math-table.tex)))
(/usr/share/texmf/tex/latex/lm/lmodern.sty)
(/usr/share/texlive/texmf-dist/tex/latex/upquote/upquote.sty
(/usr/share/texlive/texmf-dist/tex/latex/base/textcomp.sty))
(/usr/share/texlive/texmf-dist/tex/latex/microtype/microtype.sty
(/usr/share/texlive/texmf-dist/tex/latex/etoolbox/etoolbox.sty)
(/usr/share/texlive/texmf-dist/tex/latex/microtype/microtype-xetex.def)
(/usr/share/texlive/texmf-dist/tex/latex/microtype/microtype.cfg))
(/usr/share/texlive/texmf-dist/tex/latex/parskip/parskip.sty
(/usr/share/texlive/texmf-dist/tex/latex/kvoptions/kvoptions.sty
(/usr/share/texlive/texmf-dist/tex/generic/ltxcmds/ltxcmds.sty)
(/usr/share/texlive/texmf-dist/tex/latex/kvsetkeys/kvsetkeys.sty)))
(/usr/share/texlive/texmf-dist/tex/latex/xcolor/xcolor.sty
(/usr/share/texlive/texmf-dist/tex/latex/graphics-cfg/color.cfg)
(/usr/share/texlive/texmf-dist/tex/latex/graphics-def/xetex.def)
(/usr/share/texlive/texmf-dist/tex/latex/graphics/mathcolor.ltx))
(/usr/share/texlive/texmf-dist/tex/latex/geometry/geometry.sty
(/usr/share/texlive/texmf-dist/tex/generic/iftex/ifvtex.sty))
(/usr/share/texlive/texmf-dist/tex/latex/fancyvrb/fancyvrb.sty)
(/usr/share/texlive/texmf-dist/tex/latex/tools/longtable.sty)
(/usr/share/texlive/texmf-dist/tex/latex/booktabs/booktabs.sty)
(/usr/share/texlive/texmf-dist/tex/latex/tools/array.sty)
(/usr/share/texlive/texmf-dist/tex/latex/footnotehyper/footnotehyper.sty)
(/usr/share/texlive/texmf-dist/tex/generic/babel/babel.sty
(/usr/share/texlive/texmf-dist/tex/generic/babel/xebabel.def)
(/usr/share/texlive/texmf-dist/tex/generic/babel/nil.ldf))
(/usr/share/texlive/texmf-dist/tex/generic/babel/locale/en/babel-british.tex)
(/usr/share/texlive/texmf-dist/tex/latex/xurl/xurl.sty
(/usr/share/texlive/texmf-dist/tex/latex/url/url.sty))
(/usr/share/texlive/texmf-dist/tex/latex/titlesec/titlesec.sty)
/mnt/sn850x2t/htt_base_e2e/HTT_REPORT_A_PEDAGOGICAL_ASSEMBLY_VERIFY_RENDER_2026
0907T053356Z/build/FROM_A_CMB_SKY_MAP_TO_PHYSICAL_CONSTRAINTS.tex:133: Undefine
d control sequence.
l.133 \hypersetup
                 {colorlinks=true,linkcolor=blue,urlcolor=blue,citecolor=blue}
No pages of output.
Transcript written on /mnt/sn850x2t/htt_base_e2e/HTT_REPORT_A_PEDAGOGICAL_ASSEM
BLY_VERIFY_RENDER_20260907T053356Z/build/FROM_A_CMB_SKY_MAP_TO_PHYSICAL_CONSTRA
INTS.log.
Latexmk: Getting log file '/mnt/sn850x2t/htt_base_e2e/HTT_REPORT_A_PEDAGOGICAL_ASSEMBLY_VERIFY_RENDER_20260907T053356Z/build/FROM_A_CMB_SKY_MAP_TO_PHYSICAL_CONSTRAINTS.log'
Latexmk: Examining '/mnt/sn850x2t/htt_base_e2e/HTT_REPORT_A_PEDAGOGICAL_ASSEMBLY_VERIFY_RENDER_20260907T053356Z/build/FROM_A_CMB_SKY_MAP_TO_PHYSICAL_CONSTRAINTS.fls'
Latexmk: Examining '/mnt/sn850x2t/htt_base_e2e/HTT_REPORT_A_PEDAGOGICAL_ASSEMBLY_VERIFY_RENDER_20260907T053356Z/build/FROM_A_CMB_SKY_MAP_TO_PHYSICAL_CONSTRAINTS.log'
Latexmk: Log file says no output from latex
Latexmk: For rule 'xelatex', no output was made
Latexmk: Errors, so I did not complete making targets
Collected error summary (may duplicate other messages):
  xelatex: Command for 'xelatex' gave return code 1
      Refer to '/mnt/sn850x2t/htt_base_e2e/HTT_REPORT_A_PEDAGOGICAL_ASSEMBLY_VERIFY_RENDER_20260907T053356Z/build/FROM_A_CMB_SKY_MAP_TO_PHYSICAL_CONSTRAINTS.log' and/or above output for details

