Rc files read:
  /etc/LatexMk
Latexmk: This is Latexmk, John Collins, 31 Jan. 2024. Version 4.83.
Latexmk: applying rule 'xelatex'...
Rule 'xelatex':  Reasons for rerun
Changed files or newly in use/created:
  /mnt/sn850x2t/htt_base_e2e/HTT_REPORT_A_PEDAGOGICAL_ASSEMBLY_VERIFY_RENDER_20260907T053356Z/build/FROM_A_CMB_SKY_MAP_TO_PHYSICAL_CONSTRAINTS.tex
Category 'changed_user':
  /mnt/sn850x2t/htt_base_e2e/HTT_REPORT_A_PEDAGOGICAL_ASSEMBLY_VERIFY_RENDER_20260907T053356Z/build/FROM_A_CMB_SKY_MAP_TO_PHYSICAL_CONSTRAINTS.tex

------------
Run number 1 of rule 'xelatex'
------------
------------
Running 'xelatex -no-pdf -interaction=nonstopmode -halt-on-error -file-line-error -recorder -output-directory="/mnt/sn850x2t/htt_base_e2e/HTT_REPORT_A_PEDAGOGICAL_ASSEMBLY_VERIFY_RENDER_20260907T053356Z/build"  "/mnt/sn850x2t/htt_base_e2e/HTT_REPORT_A_PEDAGOGICAL_ASSEMBLY_VERIFY_RENDER_20260907T053356Z/build/FROM_A_CMB_SKY_MAP_TO_PHYSICAL_CONSTRAINTS.tex"'
------------
This is XeTeX, Version 3.141592653-2.6-0.999995 (TeX Live 2023/Debian) (preloaded format=xelatex)
 restricted \write18 enabled.
entering extended mode

(/mnt/sn850x2t/htt_base_e2e/HTT_REPORT_A_PEDAGOGICAL_ASSEMBLY_VERIFY_RENDER_202
60907T053356Z/build/FROM_A_CMB_SKY_MAP_TO_PHYSICAL_CONSTRAINTS.tex
LaTeX2e <2023-11-01> patch level 1
L3 programming layer <2024-01-22>
(/usr/share/texlive/texmf-dist/tex/latex/base/article.cls
Document Class: article 2023/05/17 v1.4n Standard LaTeX document class
(/usr/share/texlive/texmf-dist/tex/latex/base/size11.clo))
(/usr/share/texlive/texmf-dist/tex/latex/amsmath/amsmath.sty
For additional information on amsmath, use the `?' option.
(/usr/share/texlive/texmf-dist/tex/latex/amsmath/amstext.sty
(/usr/share/texlive/texmf-dist/tex/latex/amsmath/amsgen.sty))
(/usr/share/texlive/texmf-dist/tex/latex/amsmath/amsbsy.sty)
(/usr/share/texlive/texmf-dist/tex/latex/amsmath/amsopn.sty))
(/usr/share/texlive/texmf-dist/tex/latex/amsfonts/amssymb.sty
(/usr/share/texlive/texmf-dist/tex/latex/amsfonts/amsfonts.sty))
(/usr/share/texlive/texmf-dist/tex/latex/mathtools/mathtools.sty
(/usr/share/texlive/texmf-dist/tex/latex/graphics/keyval.sty)
(/usr/share/texlive/texmf-dist/tex/latex/tools/calc.sty)
(/usr/share/texlive/texmf-dist/tex/latex/mathtools/mhsetup.sty))
(/usr/share/texlive/texmf-dist/tex/generic/iftex/iftex.sty)
(/usr/share/texlive/texmf-dist/tex/latex/unicode-math/unicode-math.sty
(/usr/share/texlive/texmf-dist/tex/latex/l3kernel/expl3.sty
(/usr/share/texlive/texmf-dist/tex/latex/l3backend/l3backend-xetex.def))
(/usr/share/texlive/texmf-dist/tex/latex/unicode-math/unicode-math-xetex.sty
(/usr/share/texlive/texmf-dist/tex/latex/l3packages/xparse/xparse.sty)
(/usr/share/texlive/texmf-dist/tex/latex/l3packages/l3keys2e/l3keys2e.sty)
(/usr/share/texlive/texmf-dist/tex/latex/fontspec/fontspec.sty
(/usr/share/texlive/texmf-dist/tex/latex/fontspec/fontspec-xetex.sty
(/usr/share/texlive/texmf-dist/tex/latex/base/fontenc.sty)
(/usr/share/texlive/texmf-dist/tex/latex/fontspec/fontspec.cfg)))
(/usr/share/texlive/texmf-dist/tex/latex/base/fix-cm.sty
(/usr/share/texlive/texmf-dist/tex/latex/base/ts1enc.def))
(/usr/share/texlive/texmf-dist/tex/latex/unicode-math/unicode-math-table.tex)))
(/usr/share/texmf/tex/latex/lm/lmodern.sty)
(/usr/share/texlive/texmf-dist/tex/latex/upquote/upquote.sty
(/usr/share/texlive/texmf-dist/tex/latex/base/textcomp.sty))
(/usr/share/texlive/texmf-dist/tex/latex/microtype/microtype.sty
(/usr/share/texlive/texmf-dist/tex/latex/etoolbox/etoolbox.sty)
(/usr/share/texlive/texmf-dist/tex/latex/microtype/microtype-xetex.def)
(/usr/share/texlive/texmf-dist/tex/latex/microtype/microtype.cfg))
(/usr/share/texlive/texmf-dist/tex/latex/parskip/parskip.sty
(/usr/share/texlive/texmf-dist/tex/latex/kvoptions/kvoptions.sty
(/usr/share/texlive/texmf-dist/tex/generic/ltxcmds/ltxcmds.sty)
(/usr/share/texlive/texmf-dist/tex/latex/kvsetkeys/kvsetkeys.sty)))
(/usr/share/texlive/texmf-dist/tex/latex/xcolor/xcolor.sty
(/usr/share/texlive/texmf-dist/tex/latex/graphics-cfg/color.cfg)
(/usr/share/texlive/texmf-dist/tex/latex/graphics-def/xetex.def)
(/usr/share/texlive/texmf-dist/tex/latex/graphics/mathcolor.ltx))
(/usr/share/texlive/texmf-dist/tex/latex/graphics/dvipsnam.def)
(/usr/share/texlive/texmf-dist/tex/latex/xcolor/svgnam.def)
(/usr/share/texlive/texmf-dist/tex/latex/xcolor/x11nam.def)
(/usr/share/texlive/texmf-dist/tex/latex/geometry/geometry.sty
(/usr/share/texlive/texmf-dist/tex/generic/iftex/ifvtex.sty))
(/usr/share/texlive/texmf-dist/tex/latex/fancyvrb/fancyvrb.sty)
(/usr/share/texlive/texmf-dist/tex/latex/tools/longtable.sty)
(/usr/share/texlive/texmf-dist/tex/latex/booktabs/booktabs.sty)
(/usr/share/texlive/texmf-dist/tex/latex/tools/array.sty)
(/usr/share/texlive/texmf-dist/tex/latex/footnotehyper/footnotehyper.sty)
(/usr/share/texlive/texmf-dist/tex/generic/babel/babel.sty
(/usr/share/texlive/texmf-dist/tex/generic/babel/xebabel.def)
(/usr/share/texlive/texmf-dist/tex/generic/babel/nil.ldf))
(/usr/share/texlive/texmf-dist/tex/generic/babel/locale/en/babel-british.tex)
(/usr/share/texlive/texmf-dist/tex/latex/xurl/xurl.sty
(/usr/share/texlive/texmf-dist/tex/latex/url/url.sty))
(/usr/share/texlive/texmf-dist/tex/latex/titlesec/titlesec.sty)
(/usr/share/texlive/texmf-dist/tex/latex/bookmark/bookmark.sty
(/usr/share/texlive/texmf-dist/tex/latex/hyperref/hyperref.sty
(/usr/share/texlive/texmf-dist/tex/generic/kvdefinekeys/kvdefinekeys.sty)
(/usr/share/texlive/texmf-dist/tex/generic/pdfescape/pdfescape.sty
(/usr/share/texlive/texmf-dist/tex/generic/pdftexcmds/pdftexcmds.sty
(/usr/share/texlive/texmf-dist/tex/generic/infwarerr/infwarerr.sty)))
(/usr/share/texlive/texmf-dist/tex/latex/hycolor/hycolor.sty)
(/usr/share/texlive/texmf-dist/tex/latex/auxhook/auxhook.sty)
(/usr/share/texlive/texmf-dist/tex/latex/hyperref/nameref.sty
(/usr/share/texlive/texmf-dist/tex/latex/refcount/refcount.sty)
(/usr/share/texlive/texmf-dist/tex/generic/gettitlestring/gettitlestring.sty))
(/usr/share/texlive/texmf-dist/tex/latex/hyperref/pd1enc.def)
(/usr/share/texlive/texmf-dist/tex/generic/intcalc/intcalc.sty)
(/usr/share/texlive/texmf-dist/tex/latex/hyperref/puenc.def)
(/usr/share/texlive/texmf-dist/tex/generic/bitset/bitset.sty
(/usr/share/texlive/texmf-dist/tex/generic/bigintcalc/bigintcalc.sty))
(/usr/share/texlive/texmf-dist/tex/latex/base/atbegshi-ltx.sty))
(/usr/share/texlive/texmf-dist/tex/latex/hyperref/hxetex.def
(/usr/share/texlive/texmf-dist/tex/generic/stringenc/stringenc.sty)
(/usr/share/texlive/texmf-dist/tex/latex/rerunfilecheck/rerunfilecheck.sty
(/usr/share/texlive/texmf-dist/tex/latex/base/atveryend-ltx.sty)
(/usr/share/texlive/texmf-dist/tex/generic/uniquecounter/uniquecounter.sty)))
(/usr/share/texlive/texmf-dist/tex/latex/bookmark/bkm-dvipdfm.def))
(/mnt/sn850x2t/htt_base_e2e/HTT_REPORT_A_PEDAGOGICAL_ASSEMBLY_VERIFY_RENDER_202
60907T053356Z/build/FROM_A_CMB_SKY_MAP_TO_PHYSICAL_CONSTRAINTS.aux)
(/usr/share/texlive/texmf-dist/tex/latex/graphics/graphicx.sty
(/usr/share/texlive/texmf-dist/tex/latex/graphics/graphics.sty
(/usr/share/texlive/texmf-dist/tex/latex/graphics/trig.sty)
(/usr/share/texlive/texmf-dist/tex/latex/graphics-cfg/graphics.cfg)))

Package unicode-math Warning: Using \overbracket and \underbracket from
(unicode-math)                `mathtools' package.
(unicode-math)                 
(unicode-math)                 Use \Uoverbracket and \Uunderbracket for
(unicode-math)                original `unicode-math' definition.


Package unicode-math Warning: I'm going to overwrite the following commands
(unicode-math)                from the `mathtools' package: 
(unicode-math)                 
(unicode-math)                     \dblcolon, \coloneqq, \Coloneqq, \eqqcolon.
(unicode-math)                
(unicode-math)                 
(unicode-math)                 Note that since I won't overwrite the other
(unicode-math)                colon-like commands, using them will lead to
(unicode-math)                inconsistencies.

(/usr/share/texlive/texmf-dist/tex/latex/microtype/mt-LatinModernRoman.cfg)
*geometry* driver: auto-detecting
*geometry* detected driver: xetex
(/usr/share/texmf/tex/latex/lm/omllmm.fd)
(/usr/share/texlive/texmf-dist/tex/latex/amsfonts/umsa.fd)
(/usr/share/texlive/texmf-dist/tex/latex/microtype/mt-msa.cfg)
(/usr/share/texlive/texmf-dist/tex/latex/amsfonts/umsb.fd)
(/usr/share/texlive/texmf-dist/tex/latex/microtype/mt-msb.cfg)
(/mnt/sn850x2t/htt_base_e2e/HTT_REPORT_A_PEDAGOGICAL_ASSEMBLY_VERIFY_RENDER_202
60907T053356Z/build/FROM_A_CMB_SKY_MAP_TO_PHYSICAL_CONSTRAINTS.toc [1] [2])
[3] [4] [5] [6] [7] [8] [9] [10] [11] [12] [13] [14] [15] [16] [17] [18]
[19] [20] [21] [22] [23] [24] [25] [26] [27] [28] [29] [30] [31] [32] [33]
[34] [35] [36] [37] [38] [39] [40] [41] [42] [43] [44] [45] [46] [47] [48]
[49] [50] [51] [52] [53] [54] [55]
(/mnt/sn850x2t/htt_base_e2e/HTT_REPORT_A_PEDAGOGICAL_ASSEMBLY_VERIFY_RENDER_202
60907T053356Z/build/FROM_A_CMB_SKY_MAP_TO_PHYSICAL_CONSTRAINTS.aux)

LaTeX Warning: Label(s) may have changed. Rerun to get cross-references right.

 )
Output written on /mnt/sn850x2t/htt_base_e2e/HTT_REPORT_A_PEDAGOGICAL_ASSEMBLY_
VERIFY_RENDER_20260907T053356Z/build/FROM_A_CMB_SKY_MAP_TO_PHYSICAL_CONSTRAINTS
.xdv (55 pages, 1403684 bytes).
Transcript written on /mnt/sn850x2t/htt_base_e2e/HTT_REPORT_A_PEDAGOGICAL_ASSEM
BLY_VERIFY_RENDER_20260907T053356Z/build/FROM_A_CMB_SKY_MAP_TO_PHYSICAL_CONSTRA
INTS.log.
Latexmk: Getting log file '/mnt/sn850x2t/htt_base_e2e/HTT_REPORT_A_PEDAGOGICAL_ASSEMBLY_VERIFY_RENDER_20260907T053356Z/build/FROM_A_CMB_SKY_MAP_TO_PHYSICAL_CONSTRAINTS.log'
Latexmk: Examining '/mnt/sn850x2t/htt_base_e2e/HTT_REPORT_A_PEDAGOGICAL_ASSEMBLY_VERIFY_RENDER_20260907T053356Z/build/FROM_A_CMB_SKY_MAP_TO_PHYSICAL_CONSTRAINTS.fls'
Latexmk: Examining '/mnt/sn850x2t/htt_base_e2e/HTT_REPORT_A_PEDAGOGICAL_ASSEMBLY_VERIFY_RENDER_20260907T053356Z/build/FROM_A_CMB_SKY_MAP_TO_PHYSICAL_CONSTRAINTS.log'
Latexmk: References changed.
Latexmk: Log file says output to '/mnt/sn850x2t/htt_base_e2e/HTT_REPORT_A_PEDAGOGICAL_ASSEMBLY_VERIFY_RENDER_20260907T053356Z/build/FROM_A_CMB_SKY_MAP_TO_PHYSICAL_CONSTRAINTS.xdv'
Latexmk: applying rule 'xelatex'...
Rule 'xelatex':  Reasons for rerun
Changed files or newly in use/created:
  /mnt/sn850x2t/htt_base_e2e/HTT_REPORT_A_PEDAGOGICAL_ASSEMBLY_VERIFY_RENDER_20260907T053356Z/build/FROM_A_CMB_SKY_MAP_TO_PHYSICAL_CONSTRAINTS.aux
  /mnt/sn850x2t/htt_base_e2e/HTT_REPORT_A_PEDAGOGICAL_ASSEMBLY_VERIFY_RENDER_20260907T053356Z/build/FROM_A_CMB_SKY_MAP_TO_PHYSICAL_CONSTRAINTS.toc

------------
Run number 2 of rule 'xelatex'
------------
------------
Running 'xelatex -no-pdf -interaction=nonstopmode -halt-on-error -file-line-error -recorder -output-directory="/mnt/sn850x2t/htt_base_e2e/HTT_REPORT_A_PEDAGOGICAL_ASSEMBLY_VERIFY_RENDER_20260907T053356Z/build"  "/mnt/sn850x2t/htt_base_e2e/HTT_REPORT_A_PEDAGOGICAL_ASSEMBLY_VERIFY_RENDER_20260907T053356Z/build/FROM_A_CMB_SKY_MAP_TO_PHYSICAL_CONSTRAINTS.tex"'
------------
This is XeTeX, Version 3.141592653-2.6-0.999995 (TeX Live 2023/Debian) (preloaded format=xelatex)
 restricted \write18 enabled.
entering extended mode

(/mnt/sn850x2t/htt_base_e2e/HTT_REPORT_A_PEDAGOGICAL_ASSEMBLY_VERIFY_RENDER_202
60907T053356Z/build/FROM_A_CMB_SKY_MAP_TO_PHYSICAL_CONSTRAINTS.tex
LaTeX2e <2023-11-01> patch level 1
L3 programming layer <2024-01-22>
(/usr/share/texlive/texmf-dist/tex/latex/base/article.cls
Document Class: article 2023/05/17 v1.4n Standard LaTeX document class
(/usr/share/texlive/texmf-dist/tex/latex/base/size11.clo))
(/usr/share/texlive/texmf-dist/tex/latex/amsmath/amsmath.sty
For additional information on amsmath, use the `?' option.
(/usr/share/texlive/texmf-dist/tex/latex/amsmath/amstext.sty
(/usr/share/texlive/texmf-dist/tex/latex/amsmath/amsgen.sty))
(/usr/share/texlive/texmf-dist/tex/latex/amsmath/amsbsy.sty)
(/usr/share/texlive/texmf-dist/tex/latex/amsmath/amsopn.sty))
(/usr/share/texlive/texmf-dist/tex/latex/amsfonts/amssymb.sty
(/usr/share/texlive/texmf-dist/tex/latex/amsfonts/amsfonts.sty))
(/usr/share/texlive/texmf-dist/tex/latex/mathtools/mathtools.sty
(/usr/share/texlive/texmf-dist/tex/latex/graphics/keyval.sty)
(/usr/share/texlive/texmf-dist/tex/latex/tools/calc.sty)
(/usr/share/texlive/texmf-dist/tex/latex/mathtools/mhsetup.sty))
(/usr/share/texlive/texmf-dist/tex/generic/iftex/iftex.sty)
(/usr/share/texlive/texmf-dist/tex/latex/unicode-math/unicode-math.sty
(/usr/share/texlive/texmf-dist/tex/latex/l3kernel/expl3.sty
(/usr/share/texlive/texmf-dist/tex/latex/l3backend/l3backend-xetex.def))
(/usr/share/texlive/texmf-dist/tex/latex/unicode-math/unicode-math-xetex.sty
(/usr/share/texlive/texmf-dist/tex/latex/l3packages/xparse/xparse.sty)
(/usr/share/texlive/texmf-dist/tex/latex/l3packages/l3keys2e/l3keys2e.sty)
(/usr/share/texlive/texmf-dist/tex/latex/fontspec/fontspec.sty
(/usr/share/texlive/texmf-dist/tex/latex/fontspec/fontspec-xetex.sty
(/usr/share/texlive/texmf-dist/tex/latex/base/fontenc.sty)
(/usr/share/texlive/texmf-dist/tex/latex/fontspec/fontspec.cfg)))
(/usr/share/texlive/texmf-dist/tex/latex/base/fix-cm.sty
(/usr/share/texlive/texmf-dist/tex/latex/base/ts1enc.def))
(/usr/share/texlive/texmf-dist/tex/latex/unicode-math/unicode-math-table.tex)))
(/usr/share/texmf/tex/latex/lm/lmodern.sty)
(/usr/share/texlive/texmf-dist/tex/latex/upquote/upquote.sty
(/usr/share/texlive/texmf-dist/tex/latex/base/textcomp.sty))
(/usr/share/texlive/texmf-dist/tex/latex/microtype/microtype.sty
(/usr/share/texlive/texmf-dist/tex/latex/etoolbox/etoolbox.sty)
(/usr/share/texlive/texmf-dist/tex/latex/microtype/microtype-xetex.def)
(/usr/share/texlive/texmf-dist/tex/latex/microtype/microtype.cfg))
(/usr/share/texlive/texmf-dist/tex/latex/parskip/parskip.sty
(/usr/share/texlive/texmf-dist/tex/latex/kvoptions/kvoptions.sty
(/usr/share/texlive/texmf-dist/tex/generic/ltxcmds/ltxcmds.sty)
(/usr/share/texlive/texmf-dist/tex/latex/kvsetkeys/kvsetkeys.sty)))
(/usr/share/texlive/texmf-dist/tex/latex/xcolor/xcolor.sty
(/usr/share/texlive/texmf-dist/tex/latex/graphics-cfg/color.cfg)
(/usr/share/texlive/texmf-dist/tex/latex/graphics-def/xetex.def)
(/usr/share/texlive/texmf-dist/tex/latex/graphics/mathcolor.ltx))
(/usr/share/texlive/texmf-dist/tex/latex/graphics/dvipsnam.def)
(/usr/share/texlive/texmf-dist/tex/latex/xcolor/svgnam.def)
(/usr/share/texlive/texmf-dist/tex/latex/xcolor/x11nam.def)
(/usr/share/texlive/texmf-dist/tex/latex/geometry/geometry.sty
(/usr/share/texlive/texmf-dist/tex/generic/iftex/ifvtex.sty))
(/usr/share/texlive/texmf-dist/tex/latex/fancyvrb/fancyvrb.sty)
(/usr/share/texlive/texmf-dist/tex/latex/tools/longtable.sty)
(/usr/share/texlive/texmf-dist/tex/latex/booktabs/booktabs.sty)
(/usr/share/texlive/texmf-dist/tex/latex/tools/array.sty)
(/usr/share/texlive/texmf-dist/tex/latex/footnotehyper/footnotehyper.sty)
(/usr/share/texlive/texmf-dist/tex/generic/babel/babel.sty
(/usr/share/texlive/texmf-dist/tex/generic/babel/xebabel.def)
(/usr/share/texlive/texmf-dist/tex/generic/babel/nil.ldf))
(/usr/share/texlive/texmf-dist/tex/generic/babel/locale/en/babel-british.tex)
(/usr/share/texlive/texmf-dist/tex/latex/xurl/xurl.sty
(/usr/share/texlive/texmf-dist/tex/latex/url/url.sty))
(/usr/share/texlive/texmf-dist/tex/latex/titlesec/titlesec.sty)
(/usr/share/texlive/texmf-dist/tex/latex/bookmark/bookmark.sty
(/usr/share/texlive/texmf-dist/tex/latex/hyperref/hyperref.sty
(/usr/share/texlive/texmf-dist/tex/generic/kvdefinekeys/kvdefinekeys.sty)
(/usr/share/texlive/texmf-dist/tex/generic/pdfescape/pdfescape.sty
(/usr/share/texlive/texmf-dist/tex/generic/pdftexcmds/pdftexcmds.sty
(/usr/share/texlive/texmf-dist/tex/generic/infwarerr/infwarerr.sty)))
(/usr/share/texlive/texmf-dist/tex/latex/hycolor/hycolor.sty)
(/usr/share/texlive/texmf-dist/tex/latex/auxhook/auxhook.sty)
(/usr/share/texlive/texmf-dist/tex/latex/hyperref/nameref.sty
(/usr/share/texlive/texmf-dist/tex/latex/refcount/refcount.sty)
(/usr/share/texlive/texmf-dist/tex/generic/gettitlestring/gettitlestring.sty))
(/usr/share/texlive/texmf-dist/tex/latex/hyperref/pd1enc.def)
(/usr/share/texlive/texmf-dist/tex/generic/intcalc/intcalc.sty)
(/usr/share/texlive/texmf-dist/tex/latex/hyperref/puenc.def)
(/usr/share/texlive/texmf-dist/tex/generic/bitset/bitset.sty
(/usr/share/texlive/texmf-dist/tex/generic/bigintcalc/bigintcalc.sty))
(/usr/share/texlive/texmf-dist/tex/latex/base/atbegshi-ltx.sty))
(/usr/share/texlive/texmf-dist/tex/latex/hyperref/hxetex.def
(/usr/share/texlive/texmf-dist/tex/generic/stringenc/stringenc.sty)
(/usr/share/texlive/texmf-dist/tex/latex/rerunfilecheck/rerunfilecheck.sty
(/usr/share/texlive/texmf-dist/tex/latex/base/atveryend-ltx.sty)
(/usr/share/texlive/texmf-dist/tex/generic/uniquecounter/uniquecounter.sty)))
(/usr/share/texlive/texmf-dist/tex/latex/bookmark/bkm-dvipdfm.def))
(/mnt/sn850x2t/htt_base_e2e/HTT_REPORT_A_PEDAGOGICAL_ASSEMBLY_VERIFY_RENDER_202
60907T053356Z/build/FROM_A_CMB_SKY_MAP_TO_PHYSICAL_CONSTRAINTS.aux)
(/usr/share/texlive/texmf-dist/tex/latex/graphics/graphicx.sty
(/usr/share/texlive/texmf-dist/tex/latex/graphics/graphics.sty
(/usr/share/texlive/texmf-dist/tex/latex/graphics/trig.sty)
(/usr/share/texlive/texmf-dist/tex/latex/graphics-cfg/graphics.cfg)))

Package unicode-math Warning: Using \overbracket and \underbracket from
(unicode-math)                `mathtools' package.
(unicode-math)                 
(unicode-math)                 Use \Uoverbracket and \Uunderbracket for
(unicode-math)                original `unicode-math' definition.


Package unicode-math Warning: I'm going to overwrite the following commands
(unicode-math)                from the `mathtools' package: 
(unicode-math)                 
(unicode-math)                     \dblcolon, \coloneqq, \Coloneqq, \eqqcolon.
(unicode-math)                
(unicode-math)                 
(unicode-math)                 Note that since I won't overwrite the other
(unicode-math)                colon-like commands, using them will lead to
(unicode-math)                inconsistencies.

(/usr/share/texlive/texmf-dist/tex/latex/microtype/mt-LatinModernRoman.cfg)
*geometry* driver: auto-detecting
*geometry* detected driver: xetex
(/usr/share/texmf/tex/latex/lm/omllmm.fd)
(/usr/share/texlive/texmf-dist/tex/latex/amsfonts/umsa.fd)
(/usr/share/texlive/texmf-dist/tex/latex/microtype/mt-msa.cfg)
(/usr/share/texlive/texmf-dist/tex/latex/amsfonts/umsb.fd)
(/usr/share/texlive/texmf-dist/tex/latex/microtype/mt-msb.cfg)
(/mnt/sn850x2t/htt_base_e2e/HTT_REPORT_A_PEDAGOGICAL_ASSEMBLY_VERIFY_RENDER_202
60907T053356Z/build/FROM_A_CMB_SKY_MAP_TO_PHYSICAL_CONSTRAINTS.toc [1] [2])
[3] [4] [5] [6] [7] [8] [9] [10] [11] [12] [13] [14] [15] [16] [17] [18]
[19] [20] [21] [22] [23] [24] [25] [26] [27] [28] [29] [30] [31] [32] [33]
[34] [35] [36] [37] [38] [39] [40] [41] [42] [43] [44] [45] [46] [47] [48]
[49] [50] [51] [52] [53] [54] [55]
(/mnt/sn850x2t/htt_base_e2e/HTT_REPORT_A_PEDAGOGICAL_ASSEMBLY_VERIFY_RENDER_202
60907T053356Z/build/FROM_A_CMB_SKY_MAP_TO_PHYSICAL_CONSTRAINTS.aux) )
Output written on /mnt/sn850x2t/htt_base_e2e/HTT_REPORT_A_PEDAGOGICAL_ASSEMBLY_
VERIFY_RENDER_20260907T053356Z/build/FROM_A_CMB_SKY_MAP_TO_PHYSICAL_CONSTRAINTS
.xdv (55 pages, 1403724 bytes).
Transcript written on /mnt/sn850x2t/htt_base_e2e/HTT_REPORT_A_PEDAGOGICAL_ASSEM
BLY_VERIFY_RENDER_20260907T053356Z/build/FROM_A_CMB_SKY_MAP_TO_PHYSICAL_CONSTRA
INTS.log.
Latexmk: Getting log file '/mnt/sn850x2t/htt_base_e2e/HTT_REPORT_A_PEDAGOGICAL_ASSEMBLY_VERIFY_RENDER_20260907T053356Z/build/FROM_A_CMB_SKY_MAP_TO_PHYSICAL_CONSTRAINTS.log'
Latexmk: Examining '/mnt/sn850x2t/htt_base_e2e/HTT_REPORT_A_PEDAGOGICAL_ASSEMBLY_VERIFY_RENDER_20260907T053356Z/build/FROM_A_CMB_SKY_MAP_TO_PHYSICAL_CONSTRAINTS.fls'
Latexmk: Examining '/mnt/sn850x2t/htt_base_e2e/HTT_REPORT_A_PEDAGOGICAL_ASSEMBLY_VERIFY_RENDER_20260907T053356Z/build/FROM_A_CMB_SKY_MAP_TO_PHYSICAL_CONSTRAINTS.log'
Latexmk: Log file says output to '/mnt/sn850x2t/htt_base_e2e/HTT_REPORT_A_PEDAGOGICAL_ASSEMBLY_VERIFY_RENDER_20260907T053356Z/build/FROM_A_CMB_SKY_MAP_TO_PHYSICAL_CONSTRAINTS.xdv'
Latexmk: applying rule 'xdvipdfmx'...
Rule 'xdvipdfmx':  Reasons for rerun
Changed files or newly in use/created:
  /mnt/sn850x2t/htt_base_e2e/HTT_REPORT_A_PEDAGOGICAL_ASSEMBLY_VERIFY_RENDER_20260907T053356Z/build/FROM_A_CMB_SKY_MAP_TO_PHYSICAL_CONSTRAINTS.xdv
Category 'changed_source_rules':
  xelatex

------------
Run number 1 of rule 'xdvipdfmx'
------------
------------
Running 'xdvipdfmx -E -o "/mnt/sn850x2t/htt_base_e2e/HTT_REPORT_A_PEDAGOGICAL_ASSEMBLY_VERIFY_RENDER_20260907T053356Z/build/FROM_A_CMB_SKY_MAP_TO_PHYSICAL_CONSTRAINTS.pdf"  "/mnt/sn850x2t/htt_base_e2e/HTT_REPORT_A_PEDAGOGICAL_ASSEMBLY_VERIFY_RENDER_20260907T053356Z/build/FROM_A_CMB_SKY_MAP_TO_PHYSICAL_CONSTRAINTS.xdv"'
------------
Latexmk: All targets (/mnt/sn850x2t/htt_base_e2e/HTT_REPORT_A_PEDAGOGICAL_ASSEMBLY_VERIFY_RENDER_20260907T053356Z/build/FROM_A_CMB_SKY_MAP_TO_PHYSICAL_CONSTRAINTS.xdv /mnt/sn850x2t/htt_base_e2e/HTT_REPORT_A_PEDAGOGICAL_ASSEMBLY_VERIFY_RENDER_20260907T053356Z/build/FROM_A_CMB_SKY_MAP_TO_PHYSICAL_CONSTRAINTS.pdf) are up-to-date

