------------------------------------------------------------
Package xAct`xPerm`  version 1.2.4, {2025, 12, 29}
CopyRight (C) 2003-2026, Jose M. Martin-Garcia, under the General Public License.
Connecting to external linux executable...
Connection established.
------------------------------------------------------------
Package xAct`xTensor` version 1.3.0, {2025, 12, 29}
CopyRight (C) 2002-2026, Jose M. Martin-Garcia, under the General Public License.
------------------------------------------------------------
These packages come with ABSOLUTELY NO WARRANTY; for details type Disclaimer[]. This is free software, and you are welcome to redistribute it under certain conditions. See the General Public License for details.
------------------------------------------------------------
ENGINE_VERSION	15.0.0 for Linux x86 (64-bit) (May 26, 2026)
ENGINE_VERSION_NUMBER	15.
XTENSOR_VERSION	{"1.3.0", {2025, 12, 29}}
CHECK	trace_split	PASS
CHECK	left_adjugate	PASS
CHECK	right_adjugate	PASS
CHECK	exact_inverse_on_det_nonzero	PASS
CHECK	truncation_defect_on_H_nonzero	PASS
CHECK	H_zero_control	PASS
CONTROL	H_zero_truncation	UNDEFINED_BY_CONTRACT
CHECK	rational_control	PASS
FAILED_CHECKS	{}
COMPONENT_STATUS	PASS
