IMAGES_OK:1
J2_OK:1
BIANCHI:1:0
BIANCHI:2:0
BIANCHI:3:0
BIANCHI:4:0
BIANCHI_OK:1
JET:1:1:1:m11+m22+m33
JET:1:1:2:q1
JET:1:1:3:q2
JET:1:1:4:q3
JET:1:2:2:-1/2*m22-1/2*m33
JET:1:2:3:1/4*m12+1/4*m21
JET:1:2:4:1/4*m13+1/4*m31
JET:1:3:3:-1/2*m11-1/2*m33
JET:1:3:4:1/4*m23+1/4*m32
JET:1:4:4:-1/2*m11-1/2*m22
JET:2:1:1:0
JET:2:1:2:m11
JET:2:1:3:m21
JET:2:1:4:m31
JET:2:2:2:0
JET:2:2:3:1/2*q2
JET:2:2:4:1/2*q3
JET:2:3:3:-q1
JET:2:3:4:0
JET:2:4:4:-q1
JET:3:1:1:0
JET:3:1:2:m12
JET:3:1:3:m22
JET:3:1:4:m32
JET:3:2:2:-q2
JET:3:2:3:1/2*q1
JET:3:2:4:0
JET:3:3:3:0
JET:3:3:4:1/2*q3
JET:3:4:4:-q2
JET:4:1:1:0
JET:4:1:2:m13
JET:4:1:3:m23
JET:4:1:4:m33
JET:4:2:2:-q3
JET:4:2:3:0
JET:4:2:4:1/2*q1
JET:4:3:3:-q3
JET:4:3:4:1/2*q2
JET:4:4:4:0
RIGHT_INVERSE_GROEBNER:0,0,0,0,0,0,0,0,0,0,0,0
