------------------------------------------------------------
Package xAct`xPerm`  version 1.2.4, {2025, 12, 29}
CopyRight (C) 2003-2026, Jose M. Martin-Garcia, under the General Public License.
Connecting to external linux executable...
Connection established.
------------------------------------------------------------
Package xAct`xTensor` version 1.3.0, {2025, 12, 29}
CopyRight (C) 2002-2026, Jose M. Martin-Garcia, under the General Public License.
------------------------------------------------------------
These packages come with ABSOLUTELY NO WARRANTY; for details type Disclaimer[]. This is free software, and you are welcome to redistribute it under certain conditions. See the General Public License for details.
------------------------------------------------------------
CAS_RESULT_JSON:{
	"checks":{
		"CAS-02-C04":false
	},
	"details":{
		"inverse_decomposition":true,
		"anchor_S1_identity":true,
		"anchor_S2_identity":true,
		"metric_frobenius_squared":true,
		"positive_chart_norm":true,
		"hyperbolic_double_angle":true,
		"negative_R_excluded":true,
		"R0_forces_zero_chart":true,
		"amplitude_cases_exhaustive":true,
		"scalar_constant_arithmetic":true,
		"epsilonH_zero_boundary":true,
		"epsilonZ_zero_boundary":false
	},
	"domain_assumption_diff":[],
	"counterexample":null,
	"wolfram_version":[
		"1.3.0",
		[
			2025,
			12,
			29
		]
	],
	"xtensor_version":"{\"1.3.0\", {2025, 12, 29}}"
}
