Traceback (most recent call last):
  File "sage/misc/cachefunc.pyx", line 1040, in sage.misc.cachefunc.CachedFunction.__call__
  File "sage/misc/weak_dict.pyx", line 706, in sage.misc.weak_dict.WeakValueDictionary.__getitem__
TypeError: unhashable type: 'list'

During handling of the above exception, another exception occurred:

Traceback (most recent call last):
  File "sage/misc/cachefunc.pyx", line 574, in sage.misc.cachefunc.dict_key
TypeError: unhashable type: 'list'

During handling of the above exception, another exception occurred:

Traceback (most recent call last):
  File "sage/misc/cachefunc.pyx", line 614, in sage.misc.cachefunc.cache_key
TypeError: unhashable type: 'list'

During handling of the above exception, another exception occurred:

Traceback (most recent call last):
  File "sage/misc/cachefunc.pyx", line 614, in sage.misc.cachefunc.cache_key
TypeError: unhashable type: 'list'

During handling of the above exception, another exception occurred:

Traceback (most recent call last):
  File "sage/misc/cachefunc.pyx", line 614, in sage.misc.cachefunc.cache_key
TypeError: unhashable type: 'list'

During handling of the above exception, another exception occurred:

Traceback (most recent call last):
  File "sage/misc/cachefunc.pyx", line 627, in sage.misc.cachefunc.cache_key_unhashable
AttributeError: 'list' object has no attribute '_cache_key'

During handling of the above exception, another exception occurred:

Traceback (most recent call last):
  File "/home/cosmosapjw/Dropbox/bianchi/htt_base/docs/research_program/gr_statistics_loops_20260930/local_cas/GRSTAT-CAS-20260930-1308KST/CAS-03/c01_input_aligned_v1_20261005/sage_singular/c01.sage.py", line 89, in <module>
    Dc = matrix(QQ, 3, 3, diagonal=entries)
         ^^^^^^^^^^^^^^^^^^^^^^^^^^^^^^^^^^
  File "sage/matrix/constructor.pyx", line 673, in sage.matrix.constructor.matrix
  File "sage/matrix/args.pyx", line 808, in sage.matrix.args.MatrixArgs.element
  File "sage/matrix/args.pyx", line 1215, in sage.matrix.args.MatrixArgs.finalize
  File "sage/misc/classcall_metaclass.pyx", line 320, in sage.misc.classcall_metaclass.ClasscallMetaclass.__call__
  File "/home/cosmosapjw/opt/sage/src/sage/matrix/matrix_space.py", line 768, in __classcall__
    return super().__classcall__(cls, base_ring, nrows,
           ^^^^^^^^^^^^^^^^^^^^^^^^^^^^^^^^^^^^^^^^^^^^
  File "sage/misc/cachefunc.pyx", line 1042, in sage.misc.cachefunc.CachedFunction.__call__
  File "sage/misc/cachefunc.pyx", line 576, in sage.misc.cachefunc.dict_key
  File "sage/misc/cachefunc.pyx", line 625, in genexpr
  File "sage/misc/cachefunc.pyx", line 625, in genexpr
  File "sage/misc/cachefunc.pyx", line 616, in sage.misc.cachefunc.cache_key
  File "sage/misc/cachefunc.pyx", line 625, in genexpr
  File "sage/misc/cachefunc.pyx", line 625, in genexpr
  File "sage/misc/cachefunc.pyx", line 616, in sage.misc.cachefunc.cache_key
  File "sage/misc/cachefunc.pyx", line 625, in genexpr
  File "sage/misc/cachefunc.pyx", line 625, in genexpr
  File "sage/misc/cachefunc.pyx", line 616, in sage.misc.cachefunc.cache_key
  File "sage/misc/cachefunc.pyx", line 629, in sage.misc.cachefunc.cache_key_unhashable
TypeError: unhashable type: 'list'
