{
  "schema_version": 2,
  "contract_id": "GRSTAT-20260930-CAS-10-C04-CUTOFF-EXTREMA-V1",
  "contract_sha256": "8f2f5e387e8130f605073c650c9c0174253dd70e34ae4d4fbb23c697b53ead3a",
  "aggregate_status": "CAS_4AXIS_PASS",
  "risk_tier": "R3",
  "required_axes": [
    "wolfram_xact",
    "sympy",
    "sage_singular",
    "lean"
  ],
  "axis_statuses": {
    "wolfram_xact": "PASS",
    "sympy": "PASS",
    "sage_singular": "PASS",
    "lean": "PASS"
  },
  "missing_axes": [],
  "exceptions_applied": [],
  "errors": [],
  "adjudicated_at": "2026-10-08T01:35:21+00:00",
  "note": "CAS_4AXIS_PASS requires all 4 contract-required axes to satisfy the risk-scaled contract under one contract hash; majority vote is structurally forbidden. Runner observation establishes only the CAS evidence component; it does not establish scientific validity, novelty, or overall claim readiness. Local observation is not a security attestation.",
  "verification_state": "RUNNER_OBSERVED_EXECUTION",
  "evidence_origin": "runner_observed_local_subprocess",
  "execution_evidence": {
    "wolfram_xact": {
      "evidence_origin": "runner_observed_local_subprocess",
      "axis": "wolfram_xact",
      "argv": [
        "/usr/bin/python3.12",
        "-B",
        "docs/research_program/gr_statistics_loops_20260930/local_cas/GRSTAT-CAS-20260930-1308KST/CAS-10/c04_cutoff_extrema_v1_20261008/wolfram_xact/run.py"
      ],
      "cwd": ".",
      "timeout_seconds": 1800,
      "solver_executed": true,
      "preflight_probe": {
        "status": "PASS",
        "commands": [
          {
            "cmd": "wolframscript -code <version+xAct probe>",
            "exit": 0
          }
        ],
        "transcript_tail": "---------------------------------------------------------\nPackage xAct`xPerm`  version 1.2.4, {2025, 12, 29}\nCopyRight (C) 2003-2026, Jose M. Martin-Garcia, under the General Public License.\nConnecting to external linux executable...\nConnection established.\n------------------------------------------------------------\nPackage xAct`xTensor` version 1.3.0, {2025, 12, 29}\nCopyRight (C) 2002-2026, Jose M. Martin-Garcia, under the General Public License.\n------------------------------------------------------------\nThese packages come with ABSOLUTELY NO WARRANTY; for details type Disclaimer[]. This is free software, and you are welcome to redistribute it under certain conditions. See the General Public License for details.\n------------------------------------------------------------\nXACT_LOAD_OK\n"
      },
      "started_at": "2026-10-08T01:34:58+00:00",
      "completed_at": "2026-10-08T01:35:04+00:00",
      "exit_code": 0,
      "timed_out": false,
      "stdout_tail": "{\"checks\":{\"CAS-10-C04\":true},\"counterexample\":null,\"domain_assumption_diff\":[]}\n",
      "stderr_tail": "",
      "derived_status": "PASS",
      "errors": [],
      "payload": {
        "checks": {
          "CAS-10-C04": true
        },
        "domain_assumption_diff": [],
        "counterexample": null
      }
    },
    "sympy": {
      "evidence_origin": "runner_observed_local_subprocess",
      "axis": "sympy",
      "argv": [
        "/usr/bin/python3.12",
        "-B",
        "docs/research_program/gr_statistics_loops_20260930/local_cas/GRSTAT-CAS-20260930-1308KST/CAS-10/c04_cutoff_extrema_v1_20261008/sympy/run.py"
      ],
      "cwd": ".",
      "timeout_seconds": 1800,
      "solver_executed": true,
      "preflight_probe": {
        "status": "PASS",
        "commands": [
          {
            "cmd": "/usr/bin/python3 -c <sympy exact factor probe>",
            "exit": 0
          }
        ],
        "transcript_tail": "1.14.0\n"
      },
      "started_at": "2026-10-08T01:35:04+00:00",
      "completed_at": "2026-10-08T01:35:05+00:00",
      "exit_code": 0,
      "timed_out": false,
      "stdout_tail": "{\"checks\":{\"CAS-10-C04\":true},\"domain_assumption_diff\":[],\"counterexample\":null}\n",
      "stderr_tail": "PASS SymPy version 1.14.0\nPASS input SHA256 EXECUTION_CONTRACT.json=8f2f5e387e8130f605073c650c9c0174253dd70e34ae4d4fbb23c697b53ead3a\nPASS input SHA256 ADMITTED_INPUTS.json=1df59b533e32a7f21d3a7a1ee90c39cf6451b42bcd10d4ec580bdb031a47e992\nPASS input SHA256 COMMON_SPEC.md=4714827e52acf3cb149f4014ac50ab2aa995dd4a0526f6b26ac7257807fe1897\nPASS frozen contract ID\nPASS admitted definition\nPASS admitted compact real domain\nPASS endpoint values\nPASS first and second endpoint jets\nPASS factorization F'=-30[t(1-t)]^2\nPASS global square identity 1/4-t(1-t)=(t-1/2)^2\nPASS unique |F'| maximum 15/8 at t=1/2\nPASS first derivative equality point\nPASS factorization F''=-60t(1-t)(1-2t)\nPASS factorization F'''=-60(1-6t+6t^2)\nPASS all F'' stationary points are (3±sqrt(3))/6\nPASS both stationary points lie strictly inside [0,1]\nPASS F'' at endpoints and both stationary points\nPASS both stationary points have equal absolute value\nPASS positive claimed maximum\nPASS exact rational margin 1147/1152\nPASS strict margin below one by 5/1152\nF'= -30*t**4 + 60*t**3 - 30*t**2\nF''= -120*t**3 + 180*t**2 - 60*t\nF'''= -360*t**2 + 360*t - 60\nF'' candidate values= ['0', '0', '-10*sqrt(3)/3', '10*sqrt(3)/3']\nScope: exact real polynomial component only; exp/sqrt auxiliary bounds are assumed inputs; no mollifier, probability, or science conclusion.\n",
      "derived_status": "PASS",
      "errors": [],
      "payload": {
        "checks": {
          "CAS-10-C04": true
        },
        "domain_assumption_diff": [],
        "counterexample": null
      }
    },
    "sage_singular": {
      "evidence_origin": "runner_observed_local_subprocess",
      "axis": "sage_singular",
      "argv": [
        "/usr/bin/python3.12",
        "-B",
        "docs/research_program/gr_statistics_loops_20260930/local_cas/GRSTAT-CAS-20260930-1308KST/CAS-10/c04_cutoff_extrema_v1_20261008/sage_singular/run.py"
      ],
      "cwd": ".",
      "timeout_seconds": 1800,
      "solver_executed": true,
      "preflight_probe": {
        "status": "PASS",
        "commands": [
          {
            "cmd": "sage -c <exact factor + singular version probe>",
            "exit": 0
          }
        ],
        "transcript_tail": "SageMath version 10.9, Release Date: 2026-05-04\n44100\n<cmdline>:1: DeprecationWarning: Use sage.version.version instead.\nSee https://github.com/sagemath/sage/issues/39015 for details.\n"
      },
      "started_at": "2026-10-08T01:35:12+00:00",
      "completed_at": "2026-10-08T01:35:15+00:00",
      "exit_code": 0,
      "timed_out": false,
      "stdout_tail": "{\"checks\":{\"CAS-10-C04\":true},\"domain_assumption_diff\":[],\"counterexample\":null}\n",
      "stderr_tail": "",
      "derived_status": "PASS",
      "errors": [],
      "payload": {
        "checks": {
          "CAS-10-C04": true
        },
        "domain_assumption_diff": [],
        "counterexample": null
      }
    },
    "lean": {
      "evidence_origin": "runner_observed_local_subprocess",
      "axis": "lean",
      "argv": [
        "/usr/bin/python3.12",
        "-B",
        "docs/research_program/gr_statistics_loops_20260930/local_cas/GRSTAT-CAS-20260930-1308KST/CAS-10/c04_cutoff_extrema_v1_20261008/lean/run.py"
      ],
      "cwd": ".",
      "timeout_seconds": 7200,
      "solver_executed": true,
      "preflight_probe": {
        "status": "PASS",
        "commands": [
          {
            "cmd": "ELAN_TOOLCHAIN=leanprover/lean4:v4.31.0 lean --version",
            "exit": 0
          }
        ],
        "transcript_tail": "Lean (version 4.31.0, x86_64-unknown-linux-gnu, commit 68218e876d2a38b1985b8590fff244a83c321783, Release)\n",
        "pinned_toolchain": "leanprover/lean4:v4.31.0"
      },
      "started_at": "2026-10-08T01:35:15+00:00",
      "completed_at": "2026-10-08T01:35:21+00:00",
      "exit_code": 0,
      "timed_out": false,
      "stdout_tail": "{\"checks\":{\"CAS-10-C04\":true},\"domain_assumption_diff\":[],\"counterexample\":null}\n",
      "stderr_tail": "",
      "derived_status": "PASS",
      "errors": [],
      "payload": {
        "checks": {
          "CAS-10-C04": true
        },
        "domain_assumption_diff": [],
        "counterexample": null
      }
    }
  },
  "claim_promotion_cas_eligible": true,
  "claim_promotion_cas_requirement": "SATISFIED"
}
