Initial development probe argv: python3 -B docs/research_program/theory_inference_port_20260930/local_execution/PORT-CAS-01/lorentz_mass_shell_v1_20261008/sympy/verify.py
Observed exit: 1
Captured merged tool output:
ValueError: Error from parse_expr with transformed code: '(gamma +Integer (1 ))**Integer (2 )'

The above exception was the direct cause of the following exception:

Traceback (most recent call last):
  File "/home/cosmosapjw/Dropbox/bianchi/htt_base/docs/research_program/theory_inference_port_20260930/local_execution/PORT-CAS-01/lorentz_mass_shell_v1_20261008/sympy/verify.py", line 143, in <module>
    sys.exit(main())
             ^^^^^^
  File "/home/cosmosapjw/Dropbox/bianchi/htt_base/docs/research_program/theory_inference_port_20260930/local_execution/PORT-CAS-01/lorentz_mass_shell_v1_20261008/sympy/verify.py", line 68, in main
    denominator_safe = all(
                       ^^^^
  File "/home/cosmosapjw/Dropbox/bianchi/htt_base/docs/research_program/theory_inference_port_20260930/local_execution/PORT-CAS-01/lorentz_mass_shell_v1_20261008/sympy/verify.py", line 72, in <genexpr>
    if sp.simplify(sp.sympify(d) / (gamma + 1) ** k).is_number
                   ^^^^^^^^^^^^^
  File "/home/cosmosapjw/.local/lib/python3.12/site-packages/sympy/core/sympify.py", line 507, in sympify
    expr = parse_expr(a, local_dict=locals, transformations=transformations, evaluate=evaluate)
           ^^^^^^^^^^^^^^^^^^^^^^^^^^^^^^^^^^^^^^^^^^^^^^^^^^^^^^^^^^^^^^^^^^^^^^^^^^^^^^^^^^^^
  File "/home/cosmosapjw/.local/lib/python3.12/site-packages/sympy/parsing/sympy_parser.py", line 1090, in parse_expr
    raise e from ValueError(f"Error from parse_expr with transformed code: {code!r}")
  File "/home/cosmosapjw/.local/lib/python3.12/site-packages/sympy/parsing/sympy_parser.py", line 1081, in parse_expr
    expr = eval_expr(code, local_dict, global_dict)
           ^^^^^^^^^^^^^^^^^^^^^^^^^^^^^^^^^^^^^^^^
  File "/home/cosmosapjw/.local/lib/python3.12/site-packages/sympy/parsing/sympy_parser.py", line 905, in eval_expr
    return eval(
           ^^^^^
  File "<string>", line 1, in <module>
TypeError: unsupported operand type(s) for +: 'FunctionClass' and 'One'
{"checks":{"PORT-CAS-01":false},"domain_assumption_diff":[],"counterexample":null}

Correction: retain the symbolic denominator object through the positivity check.
