{
  "schema_version": 2,
  "contract_id": "GRSTAT-20260930-CAS-12",
  "contract_sha256": "c35359e6b5b34c9b2dd085050acb21f737f6646c95e8abd8b69c6a1d7b694a21",
  "aggregate_status": "CAS_CONFLICT",
  "risk_tier": "R3",
  "required_axes": [
    "wolfram_xact",
    "sympy",
    "sage_singular",
    "lean"
  ],
  "axis_statuses": {
    "wolfram_xact": "PASS",
    "sympy": "MISALIGNED_ASSUMPTIONS",
    "sage_singular": "MISALIGNED_ASSUMPTIONS",
    "lean": "MISALIGNED_ASSUMPTIONS"
  },
  "missing_axes": [],
  "exceptions_applied": [],
  "errors": [],
  "adjudicated_at": "2026-09-30T04:41:36+00:00",
  "note": "CAS_4AXIS_PASS requires all 4 contract-required axes to satisfy the risk-scaled contract under one contract hash; majority vote is structurally forbidden. Runner observation establishes only the CAS evidence component; it does not establish scientific validity, novelty, or overall claim readiness. Local observation is not a security attestation.",
  "verification_state": "RUNNER_OBSERVED_EXECUTION",
  "evidence_origin": "runner_observed_local_subprocess",
  "execution_evidence": {
    "wolfram_xact": {
      "evidence_origin": "runner_observed_local_subprocess",
      "axis": "wolfram_xact",
      "argv": [
        "/usr/bin/python",
        "-B",
        "/home/cosmosapjw/Dropbox/bianchi/htt_base/docs/research_program/gr_statistics_loops_20260930/local_cas/GRSTAT-CAS-20260930-1308KST/CAS-12/wolfram_xact/run.py"
      ],
      "cwd": "docs/research_program/gr_statistics_loops_20260930/local_cas/GRSTAT-CAS-20260930-1308KST/CAS-12/wolfram_xact",
      "timeout_seconds": 1800,
      "solver_executed": true,
      "preflight_probe": {
        "status": "PASS",
        "commands": [
          {
            "cmd": "wolframscript -code <version+xAct probe>",
            "exit": 0
          }
        ],
        "transcript_tail": "---------------------------------------------------------\nPackage xAct`xPerm`  version 1.2.4, {2025, 12, 29}\nCopyRight (C) 2003-2026, Jose M. Martin-Garcia, under the General Public License.\nConnecting to external linux executable...\nConnection established.\n------------------------------------------------------------\nPackage xAct`xTensor` version 1.3.0, {2025, 12, 29}\nCopyRight (C) 2002-2026, Jose M. Martin-Garcia, under the General Public License.\n------------------------------------------------------------\nThese packages come with ABSOLUTELY NO WARRANTY; for details type Disclaimer[]. This is free software, and you are welcome to redistribute it under certain conditions. See the General Public License for details.\n------------------------------------------------------------\nXACT_LOAD_OK\n"
      },
      "started_at": "2026-09-30T04:41:07+00:00",
      "completed_at": "2026-09-30T04:41:14+00:00",
      "exit_code": 0,
      "timed_out": false,
      "stdout_tail": "{\"checks\":{\"CAS-12-C01\":true,\"CAS-12-C02\":true,\"CAS-12-C03\":true,\"CAS-12-C04\":true},\"domain_assumption_diff\":[],\"counterexample\":null,\"xact_actions\":{\"metricTrace\":true},\"analytic_obligations_not_checked\":[\"small-en analytic limit and ultraviolet integrability\",\"continuum q construction and differentiation under integral\"],\"intermediate\":{\"Thomson_moments_l0_to_l8\":[1,0,0.1,0,0,0,0,0,0],\"Planck_formal_series\":\"SeriesData[en, 0, {bpar^(-2), 0, -1/12}, 0, 3, 1]\",\"weighted_Cauchy_residual\":\"0\"},\"wolfram_version\":\"15.0.0 for Linux x86 (64-bit) (May 26, 2026)\",\"xtensor_version\":\"{\\\"1.3.0\\\", {2025, 12, 29}}\",\"engine_argv\":[\"wolframscript\",\"-file\",\"/home/cosmosapjw/Dropbox/bianchi/htt_base/docs/research_program/gr_statistics_loops_20260930/local_cas/GRSTAT-CAS-20260930-1308KST/CAS-12/wolfram_xact/check.wl\"],\"engine_exit_code\":0,\"raw_stdout_path\":\"/home/cosmosapjw/Dropbox/bianchi/htt_base/docs/research_program/gr_statistics_loops_20260930/local_cas/GRSTAT-CAS-20260930-1308KST/CAS-12/wolfram_xact/raw.stdout.log\",\"raw_stderr_path\":\"/home/cosmosapjw/Dropbox/bianchi/htt_base/docs/research_program/gr_statistics_loops_20260930/local_cas/GRSTAT-CAS-20260930-1308KST/CAS-12/wolfram_xact/raw.stderr.log\"}\n",
      "stderr_tail": "",
      "derived_status": "PASS",
      "errors": [],
      "payload": {
        "checks": {
          "CAS-12-C01": true,
          "CAS-12-C02": true,
          "CAS-12-C03": true,
          "CAS-12-C04": true
        },
        "domain_assumption_diff": [],
        "counterexample": null
      }
    },
    "sympy": {
      "evidence_origin": "runner_observed_local_subprocess",
      "axis": "sympy",
      "argv": [
        "/usr/bin/python",
        "-B",
        "/home/cosmosapjw/Dropbox/bianchi/htt_base/docs/research_program/gr_statistics_loops_20260930/local_cas/GRSTAT-CAS-20260930-1308KST/CAS-12/sympy/run.py"
      ],
      "cwd": "docs/research_program/gr_statistics_loops_20260930/local_cas/GRSTAT-CAS-20260930-1308KST/CAS-12/sympy",
      "timeout_seconds": 1800,
      "solver_executed": true,
      "preflight_probe": {
        "status": "PASS",
        "commands": [
          {
            "cmd": "/home/cosmosapjw/Dropbox/bianchi/htt_base/venv/bin/python -c <sympy exact factor probe>",
            "exit": 0
          }
        ],
        "transcript_tail": "1.14.0\n"
      },
      "started_at": "2026-09-30T04:41:14+00:00",
      "completed_at": "2026-09-30T04:41:15+00:00",
      "exit_code": 0,
      "timed_out": false,
      "stdout_tail": "{\"checks\": {\"CAS-12-C01\": true, \"CAS-12-C02\": true, \"CAS-12-C03\": true, \"CAS-12-C04\": true}, \"counterexample\": null, \"domain_assumption_diff\": [\"C04 continuum compact moment-orthogonal q and differentiation under integral remain separate analytic obligations; finite derivative Cauchy is conditional on finite positive weights.\"]}\n",
      "stderr_tail": "",
      "derived_status": "MISALIGNED_ASSUMPTIONS",
      "errors": [
        "child reported a non-empty domain_assumption_diff"
      ],
      "payload": {
        "checks": {
          "CAS-12-C01": true,
          "CAS-12-C02": true,
          "CAS-12-C03": true,
          "CAS-12-C04": true
        },
        "domain_assumption_diff": [
          "C04 continuum compact moment-orthogonal q and differentiation under integral remain separate analytic obligations; finite derivative Cauchy is conditional on finite positive weights."
        ],
        "counterexample": null
      }
    },
    "sage_singular": {
      "evidence_origin": "runner_observed_local_subprocess",
      "axis": "sage_singular",
      "argv": [
        "/usr/bin/python",
        "-B",
        "/home/cosmosapjw/Dropbox/bianchi/htt_base/docs/research_program/gr_statistics_loops_20260930/local_cas/GRSTAT-CAS-20260930-1308KST/CAS-12/sage_singular/run.py"
      ],
      "cwd": "docs/research_program/gr_statistics_loops_20260930/local_cas/GRSTAT-CAS-20260930-1308KST/CAS-12/sage_singular",
      "timeout_seconds": 1800,
      "solver_executed": true,
      "preflight_probe": {
        "status": "PASS",
        "commands": [
          {
            "cmd": "sage -c <exact factor + singular version probe>",
            "exit": 0
          }
        ],
        "transcript_tail": "SageMath version 10.9, Release Date: 2026-05-04\n44100\n<cmdline>:1: DeprecationWarning: Use sage.version.version instead.\nSee https://github.com/sagemath/sage/issues/39015 for details.\n"
      },
      "started_at": "2026-09-30T04:41:23+00:00",
      "completed_at": "2026-09-30T04:41:31+00:00",
      "exit_code": 0,
      "timed_out": false,
      "stdout_tail": "{\"checks\": {\"CAS-12-C01\": true, \"CAS-12-C02\": true, \"CAS-12-C03\": true, \"CAS-12-C04\": false}, \"domain_assumption_diff\": [\"CAS-12-C04: explicit q and continuum moment orthogonality/differentiation assumptions are absent from permitted sources; finite derivative formula alone is insufficient\"], \"counterexample\": null, \"engine\": \"SageMath exact integration and formal series plus explicit Singular ideal\", \"singular_remainder\": \"0\", \"thomson_moments\": [\"1\", \"0\", \"1/10\", \"0\", \"0\"], \"notes\": [\"C03 formal E^2 W leading coefficient is 1/b^2 after x=bE; UV integrability and analytic limit are separate.\", \"C04 derivative algebra checked but continuum q construction and weighted derivative bound remain open.\"], \"argv\": [\"sage\", \"-python\", \"/home/cosmosapjw/Dropbox/bianchi/htt_base/docs/research_program/gr_statistics_loops_20260930/local_cas/GRSTAT-CAS-20260930-1308KST/CAS-12/sage_singular/check.py\"], \"exit_code\": 0}\n",
      "stderr_tail": "",
      "derived_status": "MISALIGNED_ASSUMPTIONS",
      "errors": [
        "child reported a non-empty domain_assumption_diff"
      ],
      "payload": {
        "checks": {
          "CAS-12-C01": true,
          "CAS-12-C02": true,
          "CAS-12-C03": true,
          "CAS-12-C04": false
        },
        "domain_assumption_diff": [
          "CAS-12-C04: explicit q and continuum moment orthogonality/differentiation assumptions are absent from permitted sources; finite derivative formula alone is insufficient"
        ],
        "counterexample": null
      }
    },
    "lean": {
      "evidence_origin": "runner_observed_local_subprocess",
      "axis": "lean",
      "argv": [
        "/usr/bin/python",
        "-B",
        "/home/cosmosapjw/Dropbox/bianchi/htt_base/docs/research_program/gr_statistics_loops_20260930/local_cas/GRSTAT-CAS-20260930-1308KST/CAS-12/lean/run.py"
      ],
      "cwd": "docs/research_program/gr_statistics_loops_20260930/local_cas/GRSTAT-CAS-20260930-1308KST/CAS-12/lean",
      "timeout_seconds": 1800,
      "solver_executed": true,
      "preflight_probe": {
        "status": "PASS",
        "commands": [
          {
            "cmd": "ELAN_TOOLCHAIN=leanprover/lean4:v4.31.0 lean --version",
            "exit": 0
          }
        ],
        "transcript_tail": "Lean (version 4.31.0, x86_64-unknown-linux-gnu, commit 68218e876d2a38b1985b8590fff244a83c321783, Release)\n",
        "pinned_toolchain": "leanprover/lean4:v4.31.0"
      },
      "started_at": "2026-09-30T04:41:31+00:00",
      "completed_at": "2026-09-30T04:41:36+00:00",
      "exit_code": 0,
      "timed_out": false,
      "stdout_tail": "{\"axis\": \"lean\", \"checks\": {\"CAS-12-C01\": false, \"CAS-12-C02\": false, \"CAS-12-C03\": false, \"CAS-12-C04\": false}, \"domain_assumption_diff\": [\"Only scalar adjoint identity proved; Thomson moments, small-E expansion and oscillatory example remain open.\"], \"counterexample\": null, \"compiler_exit\": 0, \"axioms\": [\"'grstat_cas12_adjoint_scalar' depends on axioms: [propext, Classical.choice, Quot.sound]\"], \"statement_alignment\": \"Only necessary sublemma(s), where present; no complete contracted component certified.\"}\n",
      "stderr_tail": "",
      "derived_status": "MISALIGNED_ASSUMPTIONS",
      "errors": [
        "child reported a non-empty domain_assumption_diff"
      ],
      "payload": {
        "checks": {
          "CAS-12-C01": false,
          "CAS-12-C02": false,
          "CAS-12-C03": false,
          "CAS-12-C04": false
        },
        "domain_assumption_diff": [
          "Only scalar adjoint identity proved; Thomson moments, small-E expansion and oscillatory example remain open."
        ],
        "counterexample": null
      }
    }
  },
  "claim_promotion_cas_eligible": false,
  "claim_promotion_cas_requirement": "NOT_SATISFIED"
}
