------------------------------------------------------------
Package xAct`xPerm`  version 1.2.4, {2025, 12, 29}
CopyRight (C) 2003-2026, Jose M. Martin-Garcia, under the General Public License.
Connecting to external linux executable...
Connection established.
------------------------------------------------------------
Package xAct`xTensor` version 1.3.0, {2025, 12, 29}
CopyRight (C) 2002-2026, Jose M. Martin-Garcia, under the General Public License.
------------------------------------------------------------
These packages come with ABSOLUTELY NO WARRANTY; for details type Disclaimer[]. This is free software, and you are welcome to redistribute it under certain conditions. See the General Public License for details.
------------------------------------------------------------
** DefManifold: Defining manifold GrstatM. 
** DefVBundle: Defining vbundle TangentGrstatM. 
** DefTensor: Defining symmetric metric tensor eta[-a, -b]. 
** DefTensor: Defining antisymmetric tensor epsiloneta[-a, -b, -b1, -b2]. 
** DefTensor: Defining tetrametric Tetraeta[-a, -b, -b1, -b2]. 
** DefTensor: Defining tetrametric Tetraeta†[-a, -b, -b1, -b2]. 
** DefCovD: Defining covariant derivative CD[-a]. 
** DefTensor: Defining vanishing torsion tensor TorsionCD[a, -b, -b1]. 
** DefTensor: Defining symmetric Christoffel tensor ChristoffelCD[a, -b, -b1]. 
** DefTensor: Defining Riemann tensor RiemannCD[-a, -b, -b1, -b2]. 
** DefTensor: Defining symmetric Ricci tensor RicciCD[-a, -b]. 
** DefCovD: Contractions of Riemann automatically replaced by Ricci.
** DefTensor: Defining Ricci scalar RicciScalarCD[]. 
** DefCovD: Contractions of Ricci automatically replaced by RicciScalar.
** DefTensor: Defining symmetric Einstein tensor EinsteinCD[-a, -b]. 
** DefTensor: Defining Weyl tensor WeylCD[-a, -b, -b1, -b2]. 
** DefTensor: Defining symmetric TFRicci tensor TFRicciCD[-a, -b]. 
** DefTensor: Defining Kretschmann scalar KretschmannCD[]. 
** DefCovD: Computing RiemannToWeylRules for dim 4
** DefCovD: Computing RicciToTFRicci for dim 4
** DefCovD: Computing RicciToEinsteinRules for dim 4
** DefTensor: Defining weight +2 density Deteta[].      Determinant.
** DefTensor: Defining tensor ss[-a, -b]. 
CAS_JSON_BEGIN
{
	"checks":{
		"CAS-03-C01":true,
		"CAS-03-C02":true,
		"CAS-03-C03":false
	},
	"domain_assumption_diff":[],
	"counterexample":null,
	"xact_actions":{
		"selfAdjointCovariance":true,
		"metricSymmetry":true
	},
	"intermediate":{
		"eigen_residual":"{Cosh[ch]*s[val] + Cosh[ch]*(-s[val] - st[1, 1]) + Cosh[ch]*st[1, 1], s[val]*Sinh[ch] - Sinh[ch]*st[2, 2] + Sinh[ch]*(-s[val] + st[2, 2]), 0, 0}",
		"slope_difference_residual":"0",
		"inverse_defect_residual":"{0, 0, 0}"
	},
	"wolfram_version":"15.0.0 for Linux x86 (64-bit) (May 26, 2026)",
	"xtensor_version":"{\"1.3.0\", {2025, 12, 29}}"
}
CAS_JSON_END
