../docs/research_program/gr_statistics_loops_20260930/local_cas/GRSTAT-CAS-20260930-1308KST/CAS-03/c01_input_aligned_v1_20261005/lean/C01.lean:36:14: error: Tactic `rfl` failed: The left-hand side
  g (g (t, w))
is not definitionally equal to the right-hand side
  (t, w)

case mk
t : ℝ
w : W
⊢ g (g (t, w)) = (t, w)
../docs/research_program/gr_statistics_loops_20260930/local_cas/GRSTAT-CAS-20260930-1308KST/CAS-03/c01_input_aligned_v1_20261005/lean/C01.lean:44:35: warning: This simp argument is unused:
  zeroW

Hint: Omit it from the simp argument list.
  simp [bAct, mixed, smulV, g,̵ ̵z̵e̵r̵o̵W̵] at h0 ⊢

Note: This linter can be disabled with `set_option linter.unusedSimpArgs false`
../docs/research_program/gr_statistics_loops_20260930/local_cas/GRSTAT-CAS-20260930-1308KST/CAS-03/c01_input_aligned_v1_20261005/lean/C01.lean:53:35: warning: This simp argument is unused:
  zeroW

Hint: Omit it from the simp argument list.
  simp [bAct, mixed, smulV, g,̵ ̵z̵e̵r̵o̵W̵] at h0 ⊢

Note: This linter can be disabled with `set_option linter.unusedSimpArgs false`
../docs/research_program/gr_statistics_loops_20260930/local_cas/GRSTAT-CAS-20260930-1308KST/CAS-03/c01_input_aligned_v1_20261005/lean/C01.lean:77:15: error(lean.unknownIdentifier): Unknown identifier `mul_self`
../docs/research_program/gr_statistics_loops_20260930/local_cas/GRSTAT-CAS-20260930-1308KST/CAS-03/c01_input_aligned_v1_20261005/lean/C01.lean:101:4: error: linarith failed to find a contradiction
case fst.h1
s : SymCov
h : bAct s e0 e0 = (0, zeroW)
v : V
ha : s.a + st s e0 = 0
hb : s.b = zeroW
a✝ : s.a * v.1 + st s e0 * v.1 < 0
⊢ False
failed
../docs/research_program/gr_statistics_loops_20260930/local_cas/GRSTAT-CAS-20260930-1308KST/CAS-03/c01_input_aligned_v1_20261005/lean/C01.lean:106:4: error(lean.dependsOnNoncomputable): failed to compile definition, consider marking it as 'noncomputable' because it depends on 'Real.sqrt', which is 'noncomputable'
../docs/research_program/gr_statistics_loops_20260930/local_cas/GRSTAT-CAS-20260930-1308KST/CAS-03/c01_input_aligned_v1_20261005/lean/C01.lean:137:10: error: linarith failed to find a contradiction
case h1
s : SymCov
hrest : bAct s e0 e0 = (0, zeroW)
_hexp : zeroExpansion s e0
v : V
hv : fibre s v
hp : 0 < v.1
hn : 0 ≤ 1 + dot v.2 v.2
hm : -(v.1 * v.1) + ∑ x, v.2 x * v.2 x = -1
a✝ : v.1 ^ 2 < 1 + dot v.2 v.2
⊢ False
failed
../docs/research_program/gr_statistics_loops_20260930/local_cas/GRSTAT-CAS-20260930-1308KST/CAS-03/c01_input_aligned_v1_20261005/lean/C01.lean:138:15: error(lean.unknownIdentifier): Unknown constant `Real.sqrt_eq_iff_sq_eq`
../docs/research_program/gr_statistics_loops_20260930/local_cas/GRSTAT-CAS-20260930-1308KST/CAS-03/c01_input_aligned_v1_20261005/lean/C01.lean:160:6: error: linarith failed to find a contradiction
case h1
v : V
hv : futureUnit v
hp : 0 < v.1
hn : 0 ≤ 1 + dot v.2 v.2
hm : -(v.1 * v.1) + ∑ x, v.2 x * v.2 x = -1
a✝ : v.1 ^ 2 < 1 + dot v.2 v.2
⊢ False
failed
../docs/research_program/gr_statistics_loops_20260930/local_cas/GRSTAT-CAS-20260930-1308KST/CAS-03/c01_input_aligned_v1_20261005/lean/C01.lean:161:11: error(lean.unknownIdentifier): Unknown constant `Real.sqrt_eq_iff_sq_eq`
../docs/research_program/gr_statistics_loops_20260930/local_cas/GRSTAT-CAS-20260930-1308KST/CAS-03/c01_input_aligned_v1_20261005/lean/C01.lean:165:5: warning: Variable name `hrest` is not explicitly referenced.

The binding can be removed (if unused) or named `_` (if used implicitly).

Note: This linter can be disabled with `set_option linter.unusedVariables false`
../docs/research_program/gr_statistics_loops_20260930/local_cas/GRSTAT-CAS-20260930-1308KST/CAS-03/c01_input_aligned_v1_20261005/lean/C01.lean:168:8: warning: This simp argument is unused:
  kerD

Hint: Omit it from the simp argument list.
  simp [̵k̵e̵r̵D̵,̵ ̵D̵a̵c̵t̵,̵[̲D̲a̲c̲t̲,̲ hD, zeroW]

Note: This linter can be disabled with `set_option linter.unusedSimpArgs false`
