../docs/research_program/gr_statistics_loops_20260930/local_cas/GRSTAT-CAS-20260930-1308KST/CAS-03/c01_input_aligned_v1_20261005/lean/C01.lean:43:14: error: Type mismatch: After simplification, term
  Matrix.IsSymm.apply hm 0 i.succ
 has type
  m i.succ 0 = m 0 i.succ
but is expected to have type
  m 0 i.succ = m i.succ 0
../docs/research_program/gr_statistics_loops_20260930/local_cas/GRSTAT-CAS-20260930-1308KST/CAS-03/c01_input_aligned_v1_20261005/lean/C01.lean:68:35: warning: This simp argument is unused:
  zeroW

Hint: Omit it from the simp argument list.
  simp [bAct, mixed, smulV, g,̵ ̵z̵e̵r̵o̵W̵] at h0 ⊢

Note: This linter can be disabled with `set_option linter.unusedSimpArgs false`
../docs/research_program/gr_statistics_loops_20260930/local_cas/GRSTAT-CAS-20260930-1308KST/CAS-03/c01_input_aligned_v1_20261005/lean/C01.lean:77:35: warning: This simp argument is unused:
  zeroW

Hint: Omit it from the simp argument list.
  simp [bAct, mixed, smulV, g,̵ ̵z̵e̵r̵o̵W̵] at h0 ⊢

Note: This linter can be disabled with `set_option linter.unusedSimpArgs false`
../docs/research_program/gr_statistics_loops_20260930/local_cas/GRSTAT-CAS-20260930-1308KST/CAS-03/c01_input_aligned_v1_20261005/lean/C01.lean:203:5: warning: Variable name `hrest` is not explicitly referenced.

The binding can be removed (if unused) or named `_` (if used implicitly).

Note: This linter can be disabled with `set_option linter.unusedVariables false`
../docs/research_program/gr_statistics_loops_20260930/local_cas/GRSTAT-CAS-20260930-1308KST/CAS-03/c01_input_aligned_v1_20261005/lean/C01.lean:206:8: warning: This simp argument is unused:
  kerD

Hint: Omit it from the simp argument list.
  simp [̵k̵e̵r̵D̵,̵ ̵D̵a̵c̵t̵,̵[̲D̲a̲c̲t̲,̲ hD, zeroW]

Note: This linter can be disabled with `set_option linter.unusedSimpArgs false`
