../docs/research_program/gr_statistics_loops_20260930/local_cas/GRSTAT-CAS-20260930-1308KST/CAS-03/c01_input_aligned_v1_20261005/lean/C01.lean:34:38: error: unsolved goals
case «0».«1»
m : Matrix (Fin 4) (Fin 4) ℝ
hm : m.IsSymm
⊢ Fin.cases (m 0 0) (fun i => m i.succ 0) 1 = m 1 0

case «0».«2»
m : Matrix (Fin 4) (Fin 4) ℝ
hm : m.IsSymm
⊢ Fin.cases (m 0 0) (fun i => m i.succ 0) 2 = m 0 2

case «0».«3»
m : Matrix (Fin 4) (Fin 4) ℝ
hm : m.IsSymm
⊢ Fin.cases (m 0 0) (fun i => m i.succ 0) 3 = m 0 3

case «1».«0»
m : Matrix (Fin 4) (Fin 4) ℝ
hm : m.IsSymm
⊢ Fin.cases (motive := fun x => Fin 4 → ℝ) (Fin.cons (m 0 0) fun i => m i.succ 0)
      (fun i => Fin.cons (m i.succ 0) fun j => m i.succ j.succ) 1 0 =
    m 1 0

case «1».«1»
m : Matrix (Fin 4) (Fin 4) ℝ
hm : m.IsSymm
⊢ Fin.cases (motive := fun x => Fin 4 → ℝ) (Fin.cons (m 0 0) fun i => m i.succ 0)
      (fun i => Fin.cons (m i.succ 0) fun j => m i.succ j.succ) 1 1 =
    m 1 1

case «1».«2»
m : Matrix (Fin 4) (Fin 4) ℝ
hm : m.IsSymm
⊢ Fin.cases (motive := fun x => Fin 4 → ℝ) (Fin.cons (m 0 0) fun i => m i.succ 0)
      (fun i => Fin.cons (m i.succ 0) fun j => m i.succ j.succ) 1 2 =
    m 1 2

case «1».«3»
m : Matrix (Fin 4) (Fin 4) ℝ
hm : m.IsSymm
⊢ Fin.cases (motive := fun x => Fin 4 → ℝ) (Fin.cons (m 0 0) fun i => m i.succ 0)
      (fun i => Fin.cons (m i.succ 0) fun j => m i.succ j.succ) 1 3 =
    m 1 3

case «2».«0»
m : Matrix (Fin 4) (Fin 4) ℝ
hm : m.IsSymm
⊢ Fin.cases (motive := fun x => Fin 4 → ℝ) (Fin.cons (m 0 0) fun i => m i.succ 0)
      (fun i => Fin.cons (m i.succ 0) fun j => m i.succ j.succ) 2 0 =
    m 0 2

case «2».«1»
m : Matrix (Fin 4) (Fin 4) ℝ
hm : m.IsSymm
⊢ Fin.cases (motive := fun x => Fin 4 → ℝ) (Fin.cons (m 0 0) fun i => m i.succ 0)
      (fun i => Fin.cons (m i.succ 0) fun j => m i.succ j.succ) 2 1 =
    m 1 2

case «2».«2»
m : Matrix (Fin 4) (Fin 4) ℝ
hm : m.IsSymm
⊢ Fin.cases (motive := fun x => Fin 4 → ℝ) (Fin.cons (m 0 0) fun i => m i.succ 0)
      (fun i => Fin.cons (m i.succ 0) fun j => m i.succ j.succ) 2 2 =
    m 2 2

case «2».«3»
m : Matrix (Fin 4) (Fin 4) ℝ
hm : m.IsSymm
⊢ Fin.cases (motive := fun x => Fin 4 → ℝ) (Fin.cons (m 0 0) fun i => m i.succ 0)
      (fun i => Fin.cons (m i.succ 0) fun j => m i.succ j.succ) 2 3 =
    m 2 3

case «3».«0»
m : Matrix (Fin 4) (Fin 4) ℝ
hm : m.IsSymm
⊢ Fin.cases (motive := fun x => Fin 4 → ℝ) (Fin.cons (m 0 0) fun i => m i.succ 0)
      (fun i => Fin.cons (m i.succ 0) fun j => m i.succ j.succ) 3 0 =
    m 0 3

case «3».«1»
m : Matrix (Fin 4) (Fin 4) ℝ
hm : m.IsSymm
⊢ Fin.cases (motive := fun x => Fin 4 → ℝ) (Fin.cons (m 0 0) fun i => m i.succ 0)
      (fun i => Fin.cons (m i.succ 0) fun j => m i.succ j.succ) 3 1 =
    m 1 3

case «3».«2»
m : Matrix (Fin 4) (Fin 4) ℝ
hm : m.IsSymm
⊢ Fin.cases (motive := fun x => Fin 4 → ℝ) (Fin.cons (m 0 0) fun i => m i.succ 0)
      (fun i => Fin.cons (m i.succ 0) fun j => m i.succ j.succ) 3 2 =
    m 2 3

case «3».«3»
m : Matrix (Fin 4) (Fin 4) ℝ
hm : m.IsSymm
⊢ Fin.cases (motive := fun x => Fin 4 → ℝ) (Fin.cons (m 0 0) fun i => m i.succ 0)
      (fun i => Fin.cons (m i.succ 0) fun j => m i.succ j.succ) 3 3 =
    m 3 3
../docs/research_program/gr_statistics_loops_20260930/local_cas/GRSTAT-CAS-20260930-1308KST/CAS-03/c01_input_aligned_v1_20261005/lean/C01.lean:61:35: warning: This simp argument is unused:
  zeroW

Hint: Omit it from the simp argument list.
  simp [bAct, mixed, smulV, g,̵ ̵z̵e̵r̵o̵W̵] at h0 ⊢

Note: This linter can be disabled with `set_option linter.unusedSimpArgs false`
../docs/research_program/gr_statistics_loops_20260930/local_cas/GRSTAT-CAS-20260930-1308KST/CAS-03/c01_input_aligned_v1_20261005/lean/C01.lean:70:35: warning: This simp argument is unused:
  zeroW

Hint: Omit it from the simp argument list.
  simp [bAct, mixed, smulV, g,̵ ̵z̵e̵r̵o̵W̵] at h0 ⊢

Note: This linter can be disabled with `set_option linter.unusedSimpArgs false`
../docs/research_program/gr_statistics_loops_20260930/local_cas/GRSTAT-CAS-20260930-1308KST/CAS-03/c01_input_aligned_v1_20261005/lean/C01.lean:196:5: warning: Variable name `hrest` is not explicitly referenced.

The binding can be removed (if unused) or named `_` (if used implicitly).

Note: This linter can be disabled with `set_option linter.unusedVariables false`
../docs/research_program/gr_statistics_loops_20260930/local_cas/GRSTAT-CAS-20260930-1308KST/CAS-03/c01_input_aligned_v1_20261005/lean/C01.lean:199:8: warning: This simp argument is unused:
  kerD

Hint: Omit it from the simp argument list.
  simp [̵k̵e̵r̵D̵,̵ ̵D̵a̵c̵t̵,̵[̲D̲a̲c̲t̲,̲ hD, zeroW]

Note: This linter can be disabled with `set_option linter.unusedSimpArgs false`
