../docs/research_program/gr_statistics_loops_20260930/local_cas/GRSTAT-CAS-20260930-1308KST/CAS-03/c01_input_aligned_v1_20261005/lean/C01.lean:44:35: warning: This simp argument is unused:
  zeroW

Hint: Omit it from the simp argument list.
  simp [bAct, mixed, smulV, g,̵ ̵z̵e̵r̵o̵W̵] at h0 ⊢

Note: This linter can be disabled with `set_option linter.unusedSimpArgs false`
../docs/research_program/gr_statistics_loops_20260930/local_cas/GRSTAT-CAS-20260930-1308KST/CAS-03/c01_input_aligned_v1_20261005/lean/C01.lean:53:35: warning: This simp argument is unused:
  zeroW

Hint: Omit it from the simp argument list.
  simp [bAct, mixed, smulV, g,̵ ̵z̵e̵r̵o̵W̵] at h0 ⊢

Note: This linter can be disabled with `set_option linter.unusedSimpArgs false`
../docs/research_program/gr_statistics_loops_20260930/local_cas/GRSTAT-CAS-20260930-1308KST/CAS-03/c01_input_aligned_v1_20261005/lean/C01.lean:77:4: error: linarith failed to find a contradiction
case h1
s : SymCov
u : V
c : ℝ
hu : mass u = -1
heig : mixed s u = smulV c u
h0 : -(act s u).1 = c * u.1
hw : (act s u).2 = fun i => c * u.2 i
hs : ∑ i, u.2 i * (act s u).2 i = c * ∑ i, u.2 i * u.2 i
hm : -(u.1 * u.1) + ∑ i, u.2 i * u.2 i = -1
a✝ : u.1 * (act s u).1 + c * ∑ i, u.2 i * u.2 i < -c
⊢ False
failed
../docs/research_program/gr_statistics_loops_20260930/local_cas/GRSTAT-CAS-20260930-1308KST/CAS-03/c01_input_aligned_v1_20261005/lean/C01.lean:175:5: warning: Variable name `hrest` is not explicitly referenced.

The binding can be removed (if unused) or named `_` (if used implicitly).

Note: This linter can be disabled with `set_option linter.unusedVariables false`
../docs/research_program/gr_statistics_loops_20260930/local_cas/GRSTAT-CAS-20260930-1308KST/CAS-03/c01_input_aligned_v1_20261005/lean/C01.lean:178:8: warning: This simp argument is unused:
  kerD

Hint: Omit it from the simp argument list.
  simp [̵k̵e̵r̵D̵,̵ ̵D̵a̵c̵t̵,̵[̲D̲a̲c̲t̲,̲ hD, zeroW]

Note: This linter can be disabled with `set_option linter.unusedSimpArgs false`
