../docs/research_program/gr_statistics_loops_20260930/local_cas/GRSTAT-CAS-20260930-1308KST/CAS-03/c01_input_aligned_v1_20261005/lean/C01.lean:68:35: warning: This simp argument is unused:
  zeroW

Hint: Omit it from the simp argument list.
  simp [bAct, mixed, smulV, g,̵ ̵z̵e̵r̵o̵W̵] at h0 ⊢

Note: This linter can be disabled with `set_option linter.unusedSimpArgs false`
../docs/research_program/gr_statistics_loops_20260930/local_cas/GRSTAT-CAS-20260930-1308KST/CAS-03/c01_input_aligned_v1_20261005/lean/C01.lean:77:35: warning: This simp argument is unused:
  zeroW

Hint: Omit it from the simp argument list.
  simp [bAct, mixed, smulV, g,̵ ̵z̵e̵r̵o̵W̵] at h0 ⊢

Note: This linter can be disabled with `set_option linter.unusedSimpArgs false`
../docs/research_program/gr_statistics_loops_20260930/local_cas/GRSTAT-CAS-20260930-1308KST/CAS-03/c01_input_aligned_v1_20261005/lean/C01.lean:203:5: warning: Variable name `hrest` is not explicitly referenced.

The binding can be removed (if unused) or named `_` (if used implicitly).

Note: This linter can be disabled with `set_option linter.unusedVariables false`
../docs/research_program/gr_statistics_loops_20260930/local_cas/GRSTAT-CAS-20260930-1308KST/CAS-03/c01_input_aligned_v1_20261005/lean/C01.lean:206:8: warning: This simp argument is unused:
  kerD

Hint: Omit it from the simp argument list.
  simp [̵k̵e̵r̵D̵,̵ ̵D̵a̵c̵t̵,̵[̲D̲a̲c̲t̲,̲ hD, zeroW]

Note: This linter can be disabled with `set_option linter.unusedSimpArgs false`
../docs/research_program/gr_statistics_loops_20260930/local_cas/GRSTAT-CAS-20260930-1308KST/CAS-03/c01_input_aligned_v1_20261005/lean/C01.lean:242:28: warning: This simp argument is unused:
  g

Hint: Omit it from the simp argument list.
  simp [Dact, restD, diagonalExample, st, covPair, dot, act, e0,
  ̵  ̵ ̵ ̵zeroW, Matrix.diagonal,̵ ̵g̵]

Note: This linter can be disabled with `set_option linter.unusedSimpArgs false`
../docs/research_program/gr_statistics_loops_20260930/local_cas/GRSTAT-CAS-20260930-1308KST/CAS-03/c01_input_aligned_v1_20261005/lean/C01.lean:260:65: error: unsolved goals
w : W
⊢ (fun i => 0) = zeroW
../docs/research_program/gr_statistics_loops_20260930/local_cas/GRSTAT-CAS-20260930-1308KST/CAS-03/c01_input_aligned_v1_20261005/lean/C01.lean:261:40: warning: This simp argument is unused:
  zeroW

Hint: Omit it from the simp argument list.
  simp [kerD, diagonalExample_D, qFull,̵ ̵z̵e̵r̵o̵W̵]

Note: This linter can be disabled with `set_option linter.unusedSimpArgs false`
