------------------------------------------------------------
Package xAct`xPerm`  version 1.2.4, {2025, 12, 29}
CopyRight (C) 2003-2026, Jose M. Martin-Garcia, under the General Public License.
Connecting to external linux executable...
Connection established.
------------------------------------------------------------
Package xAct`xTensor` version 1.3.0, {2025, 12, 29}
CopyRight (C) 2002-2026, Jose M. Martin-Garcia, under the General Public License.
------------------------------------------------------------
These packages come with ABSOLUTELY NO WARRANTY; for details type Disclaimer[]. This is free software, and you are welcome to redistribute it under certain conditions. See the General Public License for details.
------------------------------------------------------------
WOLFRAM_VERSION|{1.3.0, {2025, 12, 29}}
XTENSOR_VERSION|{"1.3.0", {2025, 12, 29}}

Set::wrsym: Symbol delta is Protected.
CHECK|rotation_orthogonal|True
CHECK|rotation_det_one|True
CHECK|rotation_maps_p|True
CHECK|block_rotation_orthogonal|True
CHECK|block_rotation_maps_means|True
CHECK|all_five_block_norms|True
CHECK|covariance_positive|True
CHECK|kl_quadratic|225*h^2 == 32*sP^2*delta . {{s0^(-2), 0, 0, 0, 0, 0, 0, 0, 0, 0, 0, 0, 0}, {0, sB^(-2), 0, 0, 0, 0, 0, 0, 0, 0, 0, 0, 0}, {0, 0, sB^(-2), 0, 0, 0, 0, 0, 0, 0, 0, 0, 0}, {0, 0, 0, sB^(-2), 0, 0, 0, 0, 0, 0, 0, 0, 0}, {0, 0, 0, 0, sC^(-2), 0, 0, 0, 0, 0, 0, 0, 0}, {0, 0, 0, 0, 0, sP^(-2), 0, 0, 0, 0, 0, 0, 0}, {0, 0, 0, 0, 0, 0, sP^(-2), 0, 0, 0, 0, 0, 0}, {0, 0, 0, 0, 0, 0, 0, sP^(-2), 0, 0, 0, 0, 0}, {0, 0, 0, 0, 0, 0, 0, 0, sD^(-2), 0, 0, 0, 0}, {0, 0, 0, 0, 0, 0, 0, 0, 0, sD^(-2), 0, 0, 0}, {0, 0, 0, 0, 0, 0, 0, 0, 0, 0, sD^(-2), 0, 0}, {0, 0, 0, 0, 0, 0, 0, 0, 0, 0, 0, sD^(-2), 0}, {0, 0, 0, 0, 0, 0, 0, 0, 0, 0, 0, 0, sD^(-2)}} . delta
CHECK|h_zero_coincident|True
CHECK|h_zero_kl|delta . {{s0^(-2), 0, 0, 0, 0, 0, 0, 0, 0, 0, 0, 0, 0}, {0, sB^(-2), 0, 0, 0, 0, 0, 0, 0, 0, 0, 0, 0}, {0, 0, sB^(-2), 0, 0, 0, 0, 0, 0, 0, 0, 0, 0}, {0, 0, 0, sB^(-2), 0, 0, 0, 0, 0, 0, 0, 0, 0}, {0, 0, 0, 0, sC^(-2), 0, 0, 0, 0, 0, 0, 0, 0}, {0, 0, 0, 0, 0, sP^(-2), 0, 0, 0, 0, 0, 0, 0}, {0, 0, 0, 0, 0, 0, sP^(-2), 0, 0, 0, 0, 0, 0}, {0, 0, 0, 0, 0, 0, 0, sP^(-2), 0, 0, 0, 0, 0}, {0, 0, 0, 0, 0, 0, 0, 0, sD^(-2), 0, 0, 0, 0}, {0, 0, 0, 0, 0, 0, 0, 0, 0, sD^(-2), 0, 0, 0}, {0, 0, 0, 0, 0, 0, 0, 0, 0, 0, sD^(-2), 0, 0}, {0, 0, 0, 0, 0, 0, 0, 0, 0, 0, 0, sD^(-2), 0}, {0, 0, 0, 0, 0, 0, 0, 0, 0, 0, 0, 0, sD^(-2)}} . delta == 0
CHECK|h_one_sigma_one_kl|32*delta . {{s0^(-2), 0, 0, 0, 0, 0, 0, 0, 0, 0, 0, 0, 0}, {0, sB^(-2), 0, 0, 0, 0, 0, 0, 0, 0, 0, 0, 0}, {0, 0, sB^(-2), 0, 0, 0, 0, 0, 0, 0, 0, 0, 0}, {0, 0, 0, sB^(-2), 0, 0, 0, 0, 0, 0, 0, 0, 0}, {0, 0, 0, 0, sC^(-2), 0, 0, 0, 0, 0, 0, 0, 0}, {0, 0, 0, 0, 0, 1, 0, 0, 0, 0, 0, 0, 0}, {0, 0, 0, 0, 0, 0, 1, 0, 0, 0, 0, 0, 0}, {0, 0, 0, 0, 0, 0, 0, 1, 0, 0, 0, 0, 0}, {0, 0, 0, 0, 0, 0, 0, 0, sD^(-2), 0, 0, 0, 0}, {0, 0, 0, 0, 0, 0, 0, 0, 0, sD^(-2), 0, 0, 0}, {0, 0, 0, 0, 0, 0, 0, 0, 0, 0, sD^(-2), 0, 0}, {0, 0, 0, 0, 0, 0, 0, 0, 0, 0, 0, sD^(-2), 0}, {0, 0, 0, 0, 0, 0, 0, 0, 0, 0, 0, 0, sD^(-2)}} . delta == 225
KL_EXPRESSION|delta . {{s0^(-2), 0, 0, 0, 0, 0, 0, 0, 0, 0, 0, 0, 0}, {0, sB^(-2), 0, 0, 0, 0, 0, 0, 0, 0, 0, 0, 0}, {0, 0, sB^(-2), 0, 0, 0, 0, 0, 0, 0, 0, 0, 0}, {0, 0, 0, sB^(-2), 0, 0, 0, 0, 0, 0, 0, 0, 0}, {0, 0, 0, 0, sC^(-2), 0, 0, 0, 0, 0, 0, 0, 0}, {0, 0, 0, 0, 0, sP^(-2), 0, 0, 0, 0, 0, 0, 0}, {0, 0, 0, 0, 0, 0, sP^(-2), 0, 0, 0, 0, 0, 0}, {0, 0, 0, 0, 0, 0, 0, sP^(-2), 0, 0, 0, 0, 0}, {0, 0, 0, 0, 0, 0, 0, 0, sD^(-2), 0, 0, 0, 0}, {0, 0, 0, 0, 0, 0, 0, 0, 0, sD^(-2), 0, 0, 0}, {0, 0, 0, 0, 0, 0, 0, 0, 0, 0, sD^(-2), 0, 0}, {0, 0, 0, 0, 0, 0, 0, 0, 0, 0, 0, sD^(-2), 0}, {0, 0, 0, 0, 0, 0, 0, 0, 0, 0, 0, 0, sD^(-2)}} . delta/2
ALL_PASS|225*h^2 == 32*sP^2*delta . {{s0^(-2), 0, 0, 0, 0, 0, 0, 0, 0, 0, 0, 0, 0}, {0, sB^(-2), 0, 0, 0, 0, 0, 0, 0, 0, 0, 0, 0}, {0, 0, sB^(-2), 0, 0, 0, 0, 0, 0, 0, 0, 0, 0}, {0, 0, 0, sB^(-2), 0, 0, 0, 0, 0, 0, 0, 0, 0}, {0, 0, 0, 0, sC^(-2), 0, 0, 0, 0, 0, 0, 0, 0}, {0, 0, 0, 0, 0, sP^(-2), 0, 0, 0, 0, 0, 0, 0}, {0, 0, 0, 0, 0, 0, sP^(-2), 0, 0, 0, 0, 0, 0}, {0, 0, 0, 0, 0, 0, 0, sP^(-2), 0, 0, 0, 0, 0}, {0, 0, 0, 0, 0, 0, 0, 0, sD^(-2), 0, 0, 0, 0}, {0, 0, 0, 0, 0, 0, 0, 0, 0, sD^(-2), 0, 0, 0}, {0, 0, 0, 0, 0, 0, 0, 0, 0, 0, sD^(-2), 0, 0}, {0, 0, 0, 0, 0, 0, 0, 0, 0, 0, 0, sD^(-2), 0}, {0, 0, 0, 0, 0, 0, 0, 0, 0, 0, 0, 0, sD^(-2)}} . delta && delta . {{s0^(-2), 0, 0, 0, 0, 0, 0, 0, 0, 0, 0, 0, 0}, {0, sB^(-2), 0, 0, 0, 0, 0, 0, 0, 0, 0, 0, 0}, {0, 0, sB^(-2), 0, 0, 0, 0, 0, 0, 0, 0, 0, 0}, {0, 0, 0, sB^(-2), 0, 0, 0, 0, 0, 0, 0, 0, 0}, {0, 0, 0, 0, sC^(-2), 0, 0, 0, 0, 0, 0, 0, 0}, {0, 0, 0, 0, 0, sP^(-2), 0, 0, 0, 0, 0, 0, 0}, {0, 0, 0, 0, 0, 0, sP^(-2), 0, 0, 0, 0, 0, 0}, {0, 0, 0, 0, 0, 0, 0, sP^(-2), 0, 0, 0, 0, 0}, {0, 0, 0, 0, 0, 0, 0, 0, sD^(-2), 0, 0, 0, 0}, {0, 0, 0, 0, 0, 0, 0, 0, 0, sD^(-2), 0, 0, 0}, {0, 0, 0, 0, 0, 0, 0, 0, 0, 0, sD^(-2), 0, 0}, {0, 0, 0, 0, 0, 0, 0, 0, 0, 0, 0, sD^(-2), 0}, {0, 0, 0, 0, 0, 0, 0, 0, 0, 0, 0, 0, sD^(-2)}} . delta == 0 && 32*delta . {{s0^(-2), 0, 0, 0, 0, 0, 0, 0, 0, 0, 0, 0, 0}, {0, sB^(-2), 0, 0, 0, 0, 0, 0, 0, 0, 0, 0, 0}, {0, 0, sB^(-2), 0, 0, 0, 0, 0, 0, 0, 0, 0, 0}, {0, 0, 0, sB^(-2), 0, 0, 0, 0, 0, 0, 0, 0, 0}, {0, 0, 0, 0, sC^(-2), 0, 0, 0, 0, 0, 0, 0, 0}, {0, 0, 0, 0, 0, 1, 0, 0, 0, 0, 0, 0, 0}, {0, 0, 0, 0, 0, 0, 1, 0, 0, 0, 0, 0, 0}, {0, 0, 0, 0, 0, 0, 0, 1, 0, 0, 0, 0, 0}, {0, 0, 0, 0, 0, 0, 0, 0, sD^(-2), 0, 0, 0, 0}, {0, 0, 0, 0, 0, 0, 0, 0, 0, sD^(-2), 0, 0, 0}, {0, 0, 0, 0, 0, 0, 0, 0, 0, 0, sD^(-2), 0, 0}, {0, 0, 0, 0, 0, 0, 0, 0, 0, 0, 0, sD^(-2), 0}, {0, 0, 0, 0, 0, 0, 0, 0, 0, 0, 0, 0, sD^(-2)}} . delta == 225
