------------------------------------------------------------
Package xAct`xPerm`  version 1.2.4, {2025, 12, 29}
CopyRight (C) 2003-2026, Jose M. Martin-Garcia, under the General Public License.
Connecting to external linux executable...
Connection established.
------------------------------------------------------------
Package xAct`xTensor` version 1.3.0, {2025, 12, 29}
CopyRight (C) 2002-2026, Jose M. Martin-Garcia, under the General Public License.
------------------------------------------------------------
These packages come with ABSOLUTELY NO WARRANTY; for details type Disclaimer[]. This is free software, and you are welcome to redistribute it under certain conditions. See the General Public License for details.
------------------------------------------------------------
WOLFRAM_VERSION|15.0.0 for Linux x86 (64-bit) (May 26, 2026)
XTENSOR_VERSION|{"1.3.0", {2025, 12, 29}}
CHECK|rotation_orthogonal|True
CHECK|rotation_det_one|True
CHECK|rotation_maps_p|True
CHECK|block_rotation_orthogonal|True
CHECK|block_rotation_maps_means|True
CHECK|all_five_block_norms|True
CHECK|covariance_positive|True
CHECK|kl_quadratic|True
CHECK|h_zero_coincident|True
CHECK|h_zero_kl|True
CHECK|h_one_sigma_one_kl|True
KL_EXPRESSION|(225*h^2)/(64*sP^2)
ALL_PASS|True
