------------------------------------------------------------
Package xAct`xPerm`  version 1.2.4, {2025, 12, 29}
CopyRight (C) 2003-2026, Jose M. Martin-Garcia, under the General Public License.
Connecting to external linux executable...
Connection established.
------------------------------------------------------------
Package xAct`xTensor` version 1.3.0, {2025, 12, 29}
CopyRight (C) 2002-2026, Jose M. Martin-Garcia, under the General Public License.
------------------------------------------------------------
These packages come with ABSOLUTELY NO WARRANTY; for details type Disclaimer[]. This is free software, and you are welcome to redistribute it under certain conditions. See the General Public License for details.
------------------------------------------------------------
** DefManifold: Defining manifold GrstatM. 
** DefVBundle: Defining vbundle TangentGrstatM. 
** DefTensor: Defining symmetric metric tensor eta[-a, -b]. 
** DefTensor: Defining antisymmetric tensor epsiloneta[-a, -b, -d, -d1]. 
** DefTensor: Defining tetrametric Tetraeta[-a, -b, -d, -d1]. 
** DefTensor: Defining tetrametric Tetraeta†[-a, -b, -d, -d1]. 
** DefCovD: Defining covariant derivative CD[-a]. 
** DefTensor: Defining vanishing torsion tensor TorsionCD[a, -b, -d]. 
** DefTensor: Defining symmetric Christoffel tensor ChristoffelCD[a, -b, -d]. 
** DefTensor: Defining Riemann tensor RiemannCD[-a, -b, -d, -d1]. 
** DefTensor: Defining symmetric Ricci tensor RicciCD[-a, -b]. 
** DefCovD: Contractions of Riemann automatically replaced by Ricci.
** DefTensor: Defining Ricci scalar RicciScalarCD[]. 
** DefCovD: Contractions of Ricci automatically replaced by RicciScalar.
** DefTensor: Defining symmetric Einstein tensor EinsteinCD[-a, -b]. 
** DefTensor: Defining Weyl tensor WeylCD[-a, -b, -d, -d1]. 
** DefTensor: Defining symmetric TFRicci tensor TFRicciCD[-a, -b]. 
** DefTensor: Defining Kretschmann scalar KretschmannCD[]. 
** DefCovD: Computing RiemannToWeylRules for dim 4
** DefCovD: Computing RicciToTFRicci for dim 4
** DefCovD: Computing RicciToEinsteinRules for dim 4
** DefTensor: Defining weight +2 density Deteta[].      Determinant.
** DefTensor: Defining tensor ss[-a, -b]. 
** DefTensor: Defining tensor u[a]. 

Set::wrsym: Symbol delta is Protected.
CAS_JSON_BEGIN
{
	"checks":{
		"CAS-10-C01":true,
		"CAS-10-C02":true,
		"CAS-10-C03":false,
		"CAS-10-C04":true
	},
	"domain_assumption_diff":[],
	"counterexample":null,
	"xact_actions":{
		"symmetricContraction":true,
		"metricLowerRaise":true
	},
	"intermediate":{
		"morphology_1":"(7*H)\/4 + (15*H*n1)\/8 + (3*H*n1^2)\/8 - (3*H*n2^2)\/16 - (3*H*n3^2)\/16",
		"morphology_2":"(7*H)\/4 + (3*H*n1^2)\/8 + (15*H*n2)\/8 - (3*H*n2^2)\/16 - (3*H*n3^2)\/16",
		"b2_norm":"(87525*H^2)\/16384",
		"cutoff_derivatives":"{-30*t^2 + 60*t^3 - 30*t^4, -60*t + 180*t^2 - 120*t^3}"
	},
	"wolfram_version":"15.0.0 for Linux x86 (64-bit) (May 26, 2026)",
	"xtensor_version":"{\"1.3.0\", {2025, 12, 29}}"
}
CAS_JSON_END
