{
  "schema_version": 2,
  "contract_id": "GRSTAT-20260930-CAS-03-C01-INPUT-ALIGNED-V1",
  "contract_sha256": "4d3a35a731ce79d47490d54843239a5bf3f7c670015916356b95504cf5be6f3f",
  "aggregate_status": "CAS_4AXIS_PASS",
  "risk_tier": "R3",
  "required_axes": [
    "wolfram_xact",
    "sympy",
    "sage_singular",
    "lean"
  ],
  "axis_statuses": {
    "wolfram_xact": "PASS",
    "sympy": "PASS",
    "sage_singular": "PASS",
    "lean": "PASS"
  },
  "missing_axes": [],
  "exceptions_applied": [],
  "errors": [],
  "adjudicated_at": "2026-10-04T21:40:21+00:00",
  "note": "CAS_4AXIS_PASS requires all 4 contract-required axes to satisfy the risk-scaled contract under one contract hash; majority vote is structurally forbidden. Runner observation establishes only the CAS evidence component; it does not establish scientific validity, novelty, or overall claim readiness. Local observation is not a security attestation.",
  "verification_state": "RUNNER_OBSERVED_EXECUTION",
  "evidence_origin": "runner_observed_local_subprocess",
  "execution_evidence": {
    "wolfram_xact": {
      "evidence_origin": "runner_observed_local_subprocess",
      "axis": "wolfram_xact",
      "argv": [
        "/usr/bin/python3.12",
        "-B",
        "docs/research_program/gr_statistics_loops_20260930/local_cas/GRSTAT-CAS-20260930-1308KST/CAS-03/c01_input_aligned_v1_20261005/wolfram_xact/run.py"
      ],
      "cwd": ".",
      "timeout_seconds": 1800,
      "solver_executed": true,
      "preflight_probe": {
        "status": "PASS",
        "commands": [
          {
            "cmd": "wolframscript -code <version+xAct probe>",
            "exit": 0
          }
        ],
        "transcript_tail": "---------------------------------------------------------\nPackage xAct`xPerm`  version 1.2.4, {2025, 12, 29}\nCopyRight (C) 2003-2026, Jose M. Martin-Garcia, under the General Public License.\nConnecting to external linux executable...\nConnection established.\n------------------------------------------------------------\nPackage xAct`xTensor` version 1.3.0, {2025, 12, 29}\nCopyRight (C) 2002-2026, Jose M. Martin-Garcia, under the General Public License.\n------------------------------------------------------------\nThese packages come with ABSOLUTELY NO WARRANTY; for details type Disclaimer[]. This is free software, and you are welcome to redistribute it under certain conditions. See the General Public License for details.\n------------------------------------------------------------\nXACT_LOAD_OK\n"
      },
      "started_at": "2026-10-04T21:39:55+00:00",
      "completed_at": "2026-10-04T21:40:03+00:00",
      "exit_code": 0,
      "timed_out": false,
      "stdout_tail": "{\"attempt\": \"docs/research_program/gr_statistics_loops_20260930/local_cas/GRSTAT-CAS-20260930-1308KST/CAS-03/c01_input_aligned_v1_20261005/wolfram_xact/attempts/attempt_009\", \"checks\": {\"CAS-03-C01\": true}, \"counterexample\": null, \"domain_assumption_diff\": [], \"errors\": [], \"status\": \"PASS\"}\n",
      "stderr_tail": "",
      "derived_status": "PASS",
      "errors": [],
      "payload": {
        "checks": {
          "CAS-03-C01": true
        },
        "domain_assumption_diff": [],
        "counterexample": null
      }
    },
    "sympy": {
      "evidence_origin": "runner_observed_local_subprocess",
      "axis": "sympy",
      "argv": [
        "/usr/bin/python3.12",
        "-B",
        "docs/research_program/gr_statistics_loops_20260930/local_cas/GRSTAT-CAS-20260930-1308KST/CAS-03/c01_input_aligned_v1_20261005/sympy/run.py"
      ],
      "cwd": ".",
      "timeout_seconds": 1800,
      "solver_executed": true,
      "preflight_probe": {
        "status": "PASS",
        "commands": [
          {
            "cmd": "/home/cosmosapjw/Dropbox/bianchi/htt_base/venv/bin/python -c <sympy exact factor probe>",
            "exit": 0
          }
        ],
        "transcript_tail": "1.14.0\n"
      },
      "started_at": "2026-10-04T21:40:03+00:00",
      "completed_at": "2026-10-04T21:40:04+00:00",
      "exit_code": 0,
      "timed_out": false,
      "stdout_tail": "{\"checks\": {\"CAS-03-C01\": true}, \"component\": \"CAS-03-C01\", \"controls\": {\"one_kernel_direction\": {\"expected\": true, \"kernel_dimension\": 1, \"rank\": 2, \"trace_zero\": true}, \"singleton_rest\": {\"expected\": true, \"kernel_dimension\": 0, \"rank\": 3, \"trace_zero\": true}, \"zero_full_sheet\": {\"expected\": true, \"kernel_dimension\": 3, \"rank\": 0, \"trace_zero\": true}}, \"counterexample\": null, \"domain_assumption_diff\": [], \"final_checks\": {\"CAS-03-C01\": true}, \"python_version\": \"3.12.3\", \"subchecks\": {\"chart_future_mass_shell\": true, \"chart_kernel_exact_identity\": true, \"chart_spatial_inverse_and_injectivity\": true, \"converse_kernel_identity\": true, \"converse_shell_positive_root_identity\": true, \"eigen_equation_equivalence\": true, \"mass_shell\": true, \"metric_coefficient_unique_on_shell\": true, \"no_universal_timelike_eigenline_counterexample\": true, \"rest_zero_time_row_column_from_Be0\": true, \"zero_expansion_spatial_trace\": true, \"zero_full_singleton_controls\": true}, \"sympy_version\": \"1.14.0\"}\n",
      "stderr_tail": "",
      "derived_status": "PASS",
      "errors": [],
      "payload": {
        "checks": {
          "CAS-03-C01": true
        },
        "domain_assumption_diff": [],
        "counterexample": null
      }
    },
    "sage_singular": {
      "evidence_origin": "runner_observed_local_subprocess",
      "axis": "sage_singular",
      "argv": [
        "/usr/bin/python3.12",
        "-B",
        "docs/research_program/gr_statistics_loops_20260930/local_cas/GRSTAT-CAS-20260930-1308KST/CAS-03/c01_input_aligned_v1_20261005/sage_singular/run.py"
      ],
      "cwd": ".",
      "timeout_seconds": 1800,
      "solver_executed": true,
      "preflight_probe": {
        "status": "PASS",
        "commands": [
          {
            "cmd": "sage -c <exact factor + singular version probe>",
            "exit": 0
          }
        ],
        "transcript_tail": "SageMath version 10.9, Release Date: 2026-05-04\n44100\n<cmdline>:1: DeprecationWarning: Use sage.version.version instead.\nSee https://github.com/sagemath/sage/issues/39015 for details.\n"
      },
      "started_at": "2026-10-04T21:40:12+00:00",
      "completed_at": "2026-10-04T21:40:15+00:00",
      "exit_code": 0,
      "timed_out": false,
      "stdout_tail": "{\"attempt_path\": \"docs/research_program/gr_statistics_loops_20260930/local_cas/GRSTAT-CAS-20260930-1308KST/CAS-03/c01_input_aligned_v1_20261005/sage_singular/attempt_20261004T214012321276Z\", \"checks\": {\"CAS-03-C01\": true}, \"counterexample\": null, \"domain_assumption_diff\": [], \"failures\": [], \"status\": \"PASS\"}\n",
      "stderr_tail": "",
      "derived_status": "PASS",
      "errors": [],
      "payload": {
        "checks": {
          "CAS-03-C01": true
        },
        "domain_assumption_diff": [],
        "counterexample": null
      }
    },
    "lean": {
      "evidence_origin": "runner_observed_local_subprocess",
      "axis": "lean",
      "argv": [
        "/usr/bin/python3.12",
        "-B",
        "docs/research_program/gr_statistics_loops_20260930/local_cas/GRSTAT-CAS-20260930-1308KST/CAS-03/c01_input_aligned_v1_20261005/lean/run.py"
      ],
      "cwd": ".",
      "timeout_seconds": 3600,
      "solver_executed": true,
      "preflight_probe": {
        "status": "PASS",
        "commands": [
          {
            "cmd": "ELAN_TOOLCHAIN=leanprover/lean4:v4.31.0 lean --version",
            "exit": 0
          }
        ],
        "transcript_tail": "Lean (version 4.31.0, x86_64-unknown-linux-gnu, commit 68218e876d2a38b1985b8590fff244a83c321783, Release)\n",
        "pinned_toolchain": "leanprover/lean4:v4.31.0"
      },
      "started_at": "2026-10-04T21:40:15+00:00",
      "completed_at": "2026-10-04T21:40:21+00:00",
      "exit_code": 0,
      "timed_out": false,
      "stdout_tail": "ll, \"domain_assumption_diff\": [], \"evidence_class\": \"exact\", \"input_sha256\": {\"docs/research_program/gr_statistics_loops_20260930/cas/COMMON_SPEC.md\": \"4714827e52acf3cb149f4014ac50ab2aa995dd4a0526f6b26ac7257807fe1897\", \"docs/research_program/gr_statistics_loops_20260930/local_cas/GRSTAT-CAS-20260930-1308KST/CAS-03/c01_input_aligned_v1_20261005/ADMITTED_INPUTS.json\": \"a5189ee52fc769c284c604a4caf29051f0256973d5c5bf9dc0f439a4acecdb46\", \"docs/research_program/gr_statistics_loops_20260930/local_cas/GRSTAT-CAS-20260930-1308KST/CAS-03/c01_input_aligned_v1_20261005/EXECUTION_CONTRACT.json\": \"4d3a35a731ce79d47490d54843239a5bf3f7c670015916356b95504cf5be6f3f\", \"formal_mathlib/lake-manifest.json\": \"bc86de9aed83fc38b0850702d6879ed6f3c97eedb7d1d69d643160731179d6ed\", \"formal_mathlib/lean-toolchain\": \"efac0b94923b2d8b6840cd35be9177ad0fc5ab2332f4f4311c98712cee92fdee\"}, \"limitations\": [\"Finite CAS-03-C01 component only; no universal timelike eigenline existence, smooth field, physical realization, other CAS03 components, or scientific admission.\", \"Earlier development attempts preserve hash and raw compiler output; their former source bytes were not snapshotted.\"], \"source\": \"docs/research_program/gr_statistics_loops_20260930/local_cas/GRSTAT-CAS-20260930-1308KST/CAS-03/c01_input_aligned_v1_20261005/lean/C01.lean\", \"source_sha256_after\": \"979a2cce8d2c8a03dca3d2b050f1027088868cd4b237ca8adf55eeba40dd992b\", \"source_sha256_before\": \"979a2cce8d2c8a03dca3d2b050f1027088868cd4b237ca8adf55eeba40dd992b\", \"statement_alignment\": \"Arbitrary symmetric real 4x4 covariant S is represented by its time-time, time-space, symmetric space-space blocks. Fixed diag(-1,1,1,1) metric; s_t=-u^T S u on the future unit mass shell. Proved Bu=0 iff raised S eigen equation, unique eigen coefficient, derived zero time row/column at e0, trace-free rest D assumption, exact positive-root future kernel chart and inverse/injectivity, and frozen full/line/singleton diagonal controls.\", \"status\": \"PASS\", \"witness\": null}\n",
      "stderr_tail": "",
      "derived_status": "PASS",
      "errors": [],
      "payload": {
        "checks": {
          "CAS-03-C01": true
        },
        "domain_assumption_diff": [],
        "counterexample": null
      }
    }
  },
  "claim_promotion_cas_eligible": true,
  "claim_promotion_cas_requirement": "SATISFIED"
}
