/home/cosmosapjw/Dropbox/bianchi/htt_base/docs/research_program/gr_statistics_loops_20260930/local_cas/GRSTAT-CAS-20260930-1308KST/CAS-12/c02_scalar_thomson_bridge_v1_20261010/ScalarThomson.lean:34:2: warning: Used `tac1 <;> tac2` where `(tac1; tac2)` would suffice

Note: This linter can be disabled with `set_option linter.unnecessarySeqFocus false`
/home/cosmosapjw/Dropbox/bianchi/htt_base/docs/research_program/gr_statistics_loops_20260930/local_cas/GRSTAT-CAS-20260930-1308KST/CAS-12/c02_scalar_thomson_bridge_v1_20261010/ScalarThomson.lean:47:2: warning: Used `tac1 <;> tac2` where `(tac1; tac2)` would suffice

Note: This linter can be disabled with `set_option linter.unnecessarySeqFocus false`
/home/cosmosapjw/Dropbox/bianchi/htt_base/docs/research_program/gr_statistics_loops_20260930/local_cas/GRSTAT-CAS-20260930-1308KST/CAS-12/c02_scalar_thomson_bridge_v1_20261010/ScalarThomson.lean:51:38: error: `IntervalIntegrable
  (fun μ =>
    (1 + μ ^ 2) *
      (match (motive := Fin 7 → ℝ → ℝ) (fun i => i) ⟨0, ⋯⟩ with
        | 0 => fun x => 1
        | 1 => fun μ => μ
        | 2 => fun μ => (3 * μ ^ 2 - 1) / 2
        | 3 => fun μ => (5 * μ ^ 3 - 3 * μ) / 2
        | 4 => fun μ => (35 * μ ^ 4 - 30 * μ ^ 2 + 3) / 8
        | 5 => fun μ => (63 * μ ^ 5 - 70 * μ ^ 3 + 15 * μ) / 8
        | 6 => fun μ => (231 * μ ^ 6 - 315 * μ ^ 4 + 105 * μ ^ 2 - 5) / 16)
        μ)
  volume (-1) 1` is not a `fun_prop` goal! Consider marking `IntervalIntegrable` with `@[fun_prop]`.
/home/cosmosapjw/Dropbox/bianchi/htt_base/docs/research_program/gr_statistics_loops_20260930/local_cas/GRSTAT-CAS-20260930-1308KST/CAS-12/c02_scalar_thomson_bridge_v1_20261010/ScalarThomson.lean:51:38: error: `IntervalIntegrable
  (fun μ =>
    (1 + μ ^ 2) *
      (match (motive := Fin 7 → ℝ → ℝ) (fun i => i) ⟨1, ⋯⟩ with
        | 0 => fun x => 1
        | 1 => fun μ => μ
        | 2 => fun μ => (3 * μ ^ 2 - 1) / 2
        | 3 => fun μ => (5 * μ ^ 3 - 3 * μ) / 2
        | 4 => fun μ => (35 * μ ^ 4 - 30 * μ ^ 2 + 3) / 8
        | 5 => fun μ => (63 * μ ^ 5 - 70 * μ ^ 3 + 15 * μ) / 8
        | 6 => fun μ => (231 * μ ^ 6 - 315 * μ ^ 4 + 105 * μ ^ 2 - 5) / 16)
        μ)
  volume (-1) 1` is not a `fun_prop` goal! Consider marking `IntervalIntegrable` with `@[fun_prop]`.
/home/cosmosapjw/Dropbox/bianchi/htt_base/docs/research_program/gr_statistics_loops_20260930/local_cas/GRSTAT-CAS-20260930-1308KST/CAS-12/c02_scalar_thomson_bridge_v1_20261010/ScalarThomson.lean:51:38: error: `IntervalIntegrable
  (fun μ =>
    (1 + μ ^ 2) *
      (match (motive := Fin 7 → ℝ → ℝ) (fun i => i) ⟨2, ⋯⟩ with
        | 0 => fun x => 1
        | 1 => fun μ => μ
        | 2 => fun μ => (3 * μ ^ 2 - 1) / 2
        | 3 => fun μ => (5 * μ ^ 3 - 3 * μ) / 2
        | 4 => fun μ => (35 * μ ^ 4 - 30 * μ ^ 2 + 3) / 8
        | 5 => fun μ => (63 * μ ^ 5 - 70 * μ ^ 3 + 15 * μ) / 8
        | 6 => fun μ => (231 * μ ^ 6 - 315 * μ ^ 4 + 105 * μ ^ 2 - 5) / 16)
        μ)
  volume (-1) 1` is not a `fun_prop` goal! Consider marking `IntervalIntegrable` with `@[fun_prop]`.
/home/cosmosapjw/Dropbox/bianchi/htt_base/docs/research_program/gr_statistics_loops_20260930/local_cas/GRSTAT-CAS-20260930-1308KST/CAS-12/c02_scalar_thomson_bridge_v1_20261010/ScalarThomson.lean:51:38: error: `IntervalIntegrable
  (fun μ =>
    (1 + μ ^ 2) *
      (match (motive := Fin 7 → ℝ → ℝ) (fun i => i) ⟨3, ⋯⟩ with
        | 0 => fun x => 1
        | 1 => fun μ => μ
        | 2 => fun μ => (3 * μ ^ 2 - 1) / 2
        | 3 => fun μ => (5 * μ ^ 3 - 3 * μ) / 2
        | 4 => fun μ => (35 * μ ^ 4 - 30 * μ ^ 2 + 3) / 8
        | 5 => fun μ => (63 * μ ^ 5 - 70 * μ ^ 3 + 15 * μ) / 8
        | 6 => fun μ => (231 * μ ^ 6 - 315 * μ ^ 4 + 105 * μ ^ 2 - 5) / 16)
        μ)
  volume (-1) 1` is not a `fun_prop` goal! Consider marking `IntervalIntegrable` with `@[fun_prop]`.
/home/cosmosapjw/Dropbox/bianchi/htt_base/docs/research_program/gr_statistics_loops_20260930/local_cas/GRSTAT-CAS-20260930-1308KST/CAS-12/c02_scalar_thomson_bridge_v1_20261010/ScalarThomson.lean:51:38: error: `IntervalIntegrable
  (fun μ =>
    (1 + μ ^ 2) *
      (match (motive := Fin 7 → ℝ → ℝ) (fun i => i) ⟨4, ⋯⟩ with
        | 0 => fun x => 1
        | 1 => fun μ => μ
        | 2 => fun μ => (3 * μ ^ 2 - 1) / 2
        | 3 => fun μ => (5 * μ ^ 3 - 3 * μ) / 2
        | 4 => fun μ => (35 * μ ^ 4 - 30 * μ ^ 2 + 3) / 8
        | 5 => fun μ => (63 * μ ^ 5 - 70 * μ ^ 3 + 15 * μ) / 8
        | 6 => fun μ => (231 * μ ^ 6 - 315 * μ ^ 4 + 105 * μ ^ 2 - 5) / 16)
        μ)
  volume (-1) 1` is not a `fun_prop` goal! Consider marking `IntervalIntegrable` with `@[fun_prop]`.
/home/cosmosapjw/Dropbox/bianchi/htt_base/docs/research_program/gr_statistics_loops_20260930/local_cas/GRSTAT-CAS-20260930-1308KST/CAS-12/c02_scalar_thomson_bridge_v1_20261010/ScalarThomson.lean:51:38: error: `IntervalIntegrable
  (fun μ =>
    (1 + μ ^ 2) *
      (match (motive := Fin 7 → ℝ → ℝ) (fun i => i) ⟨5, ⋯⟩ with
        | 0 => fun x => 1
        | 1 => fun μ => μ
        | 2 => fun μ => (3 * μ ^ 2 - 1) / 2
        | 3 => fun μ => (5 * μ ^ 3 - 3 * μ) / 2
        | 4 => fun μ => (35 * μ ^ 4 - 30 * μ ^ 2 + 3) / 8
        | 5 => fun μ => (63 * μ ^ 5 - 70 * μ ^ 3 + 15 * μ) / 8
        | 6 => fun μ => (231 * μ ^ 6 - 315 * μ ^ 4 + 105 * μ ^ 2 - 5) / 16)
        μ)
  volume (-1) 1` is not a `fun_prop` goal! Consider marking `IntervalIntegrable` with `@[fun_prop]`.
/home/cosmosapjw/Dropbox/bianchi/htt_base/docs/research_program/gr_statistics_loops_20260930/local_cas/GRSTAT-CAS-20260930-1308KST/CAS-12/c02_scalar_thomson_bridge_v1_20261010/ScalarThomson.lean:51:38: error: `IntervalIntegrable
  (fun μ =>
    (1 + μ ^ 2) *
      (match (motive := Fin 7 → ℝ → ℝ) (fun i => i) ⟨6, ⋯⟩ with
        | 0 => fun x => 1
        | 1 => fun μ => μ
        | 2 => fun μ => (3 * μ ^ 2 - 1) / 2
        | 3 => fun μ => (5 * μ ^ 3 - 3 * μ) / 2
        | 4 => fun μ => (35 * μ ^ 4 - 30 * μ ^ 2 + 3) / 8
        | 5 => fun μ => (63 * μ ^ 5 - 70 * μ ^ 3 + 15 * μ) / 8
        | 6 => fun μ => (231 * μ ^ 6 - 315 * μ ^ 4 + 105 * μ ^ 2 - 5) / 16)
        μ)
  volume (-1) 1` is not a `fun_prop` goal! Consider marking `IntervalIntegrable` with `@[fun_prop]`.
/home/cosmosapjw/Dropbox/bianchi/htt_base/docs/research_program/gr_statistics_loops_20260930/local_cas/GRSTAT-CAS-20260930-1308KST/CAS-12/c02_scalar_thomson_bridge_v1_20261010/ScalarThomson.lean:67:16: error: `HasDerivAt ?m.851 ?m.852 μ` is not a `fun_prop` goal! Consider marking `HasDerivAt` with `@[fun_prop]`.
/home/cosmosapjw/Dropbox/bianchi/htt_base/docs/research_program/gr_statistics_loops_20260930/local_cas/GRSTAT-CAS-20260930-1308KST/CAS-12/c02_scalar_thomson_bridge_v1_20261010/ScalarThomson.lean:67:16: error: `HasDerivAt ?m.863 ?m.864 μ` is not a `fun_prop` goal! Consider marking `HasDerivAt` with `@[fun_prop]`.
/home/cosmosapjw/Dropbox/bianchi/htt_base/docs/research_program/gr_statistics_loops_20260930/local_cas/GRSTAT-CAS-20260930-1308KST/CAS-12/c02_scalar_thomson_bridge_v1_20261010/ScalarThomson.lean:67:16: error: `HasDerivAt ?m.875 ?m.876 μ` is not a `fun_prop` goal! Consider marking `HasDerivAt` with `@[fun_prop]`.
/home/cosmosapjw/Dropbox/bianchi/htt_base/docs/research_program/gr_statistics_loops_20260930/local_cas/GRSTAT-CAS-20260930-1308KST/CAS-12/c02_scalar_thomson_bridge_v1_20261010/ScalarThomson.lean:67:16: error: `HasDerivAt ?m.887 ?m.888 μ` is not a `fun_prop` goal! Consider marking `HasDerivAt` with `@[fun_prop]`.
/home/cosmosapjw/Dropbox/bianchi/htt_base/docs/research_program/gr_statistics_loops_20260930/local_cas/GRSTAT-CAS-20260930-1308KST/CAS-12/c02_scalar_thomson_bridge_v1_20261010/ScalarThomson.lean:67:16: error: `HasDerivAt ?m.899 ?m.900 μ` is not a `fun_prop` goal! Consider marking `HasDerivAt` with `@[fun_prop]`.
/home/cosmosapjw/Dropbox/bianchi/htt_base/docs/research_program/gr_statistics_loops_20260930/local_cas/GRSTAT-CAS-20260930-1308KST/CAS-12/c02_scalar_thomson_bridge_v1_20261010/ScalarThomson.lean:67:16: error: `HasDerivAt ?m.911 ?m.912 μ` is not a `fun_prop` goal! Consider marking `HasDerivAt` with `@[fun_prop]`.
/home/cosmosapjw/Dropbox/bianchi/htt_base/docs/research_program/gr_statistics_loops_20260930/local_cas/GRSTAT-CAS-20260930-1308KST/CAS-12/c02_scalar_thomson_bridge_v1_20261010/ScalarThomson.lean:67:16: error: `HasDerivAt ?m.923 ?m.924 μ` is not a `fun_prop` goal! Consider marking `HasDerivAt` with `@[fun_prop]`.
/home/cosmosapjw/Dropbox/bianchi/htt_base/docs/research_program/gr_statistics_loops_20260930/local_cas/GRSTAT-CAS-20260930-1308KST/CAS-12/c02_scalar_thomson_bridge_v1_20261010/ScalarThomson.lean:77:67: error: unsolved goals
case «1»
⊢ ¬1 = 2

case «2»
⊢ ⟨2, ⋯⟩ = 2

case «3»
⊢ ¬⟨3, ⋯⟩ = 2

case «4»
⊢ ¬⟨4, ⋯⟩ = 2

case «5»
⊢ ¬⟨5, ⋯⟩ = 2

case «6»
⊢ ¬⟨6, ⋯⟩ = 2
'CAS12C02.phase_expansion' depends on axioms: [propext, Classical.choice, Quot.sound]
'CAS12C02.reduced_moment' depends on axioms: [propext, Classical.choice, Quot.sound]
'CAS12C02.finite_harmonic_moments' depends on axioms: [propext, sorryAx, Classical.choice, Quot.sound]
'CAS12C02.monopole' depends on axioms: [propext, sorryAx, Classical.choice, Quot.sound]
'CAS12C02.quadrupole' depends on axioms: [propext, sorryAx, Classical.choice, Quot.sound]
'CAS12C02.remaining_declared' depends on axioms: [propext, sorryAx, Classical.choice, Quot.sound]
