------------------------------------------------------------
Package xAct`xPerm`  version 1.2.4, {2025, 12, 29}
CopyRight (C) 2003-2026, Jose M. Martin-Garcia, under the General Public License.
Connecting to external linux executable...
Connection established.
------------------------------------------------------------
Package xAct`xTensor` version 1.3.0, {2025, 12, 29}
CopyRight (C) 2002-2026, Jose M. Martin-Garcia, under the General Public License.
------------------------------------------------------------
These packages come with ABSOLUTELY NO WARRANTY; for details type Disclaimer[]. This is free software, and you are welcome to redistribute it under certain conditions. See the General Public License for details.
------------------------------------------------------------
** DefManifold: Defining manifold PortM4. 
** DefVBundle: Defining vbundle TangentPortM4. 
** DefTensor: Defining symmetric metric tensor portg[-pa, -pb]. 
** DefTensor: Defining antisymmetric tensor epsilonportg[-pa, -pb, -pc, -pc1]. 
** DefTensor: Defining tetrametric Tetraportg[-pa, -pb, -pc, -pc1]. 
** DefTensor: Defining tetrametric Tetraportg†[-pa, -pb, -pc, -pc1]. 
** DefCovD: Defining covariant derivative PortCD[-pa]. 
** DefTensor: Defining vanishing torsion tensor TorsionPortCD[pa, -pb, -pc]. 
** DefTensor: Defining symmetric Christoffel tensor ChristoffelPortCD[pa, -pb, -pc]. 
** DefTensor: Defining Riemann tensor RiemannPortCD[-pa, -pb, -pc, -pc1]. 
** DefTensor: Defining symmetric Ricci tensor RicciPortCD[-pa, -pb]. 
** DefCovD: Contractions of Riemann automatically replaced by Ricci.
** DefTensor: Defining Ricci scalar RicciScalarPortCD[]. 
** DefCovD: Contractions of Ricci automatically replaced by RicciScalar.
** DefTensor: Defining symmetric Einstein tensor EinsteinPortCD[-pa, -pb]. 
** DefTensor: Defining Weyl tensor WeylPortCD[-pa, -pb, -pc, -pc1]. 
** DefTensor: Defining symmetric TFRicci tensor TFRicciPortCD[-pa, -pb]. 
** DefTensor: Defining Kretschmann scalar KretschmannPortCD[]. 
** DefCovD: Computing RiemannToWeylRules for dim 4
** DefCovD: Computing RicciToTFRicci for dim 4
** DefCovD: Computing RicciToEinsteinRules for dim 4
** DefTensor: Defining weight +2 density Detportg[].      Determinant.
WOLFRAM_VERSION=15.0.0 for Linux x86 (64-bit) (May 26, 2026)
XACT_VERSION={"1.3.0", {2025, 12, 29}}
XACT_PACKAGE_PATH="/home/cosmosapjw/.WolframEngine/Applications/xAct/xTensor/Kernel/init.m"
XACT_VERSION_SYMBOLS={"$Version", "$xPermVersionExpected"}
PORT_CAS01_CHECKS_JSON={"xact_metric_contraction":true,"metric_16_entries":true,"inverse_16_entries":true,"u_components":true,"mass_shell":true,"future_branch":true,"zero_control":true,"converse_shell":true,"converse_domain":true,"converse_positive_gamma":true,"converse_components":true,"zeta_control":true,"numeric_80_digit_control":true}
