------------------------------------------------------------
Package xAct`xPerm`  version 1.2.4, {2025, 12, 29}
CopyRight (C) 2003-2026, Jose M. Martin-Garcia, under the General Public License.
Connecting to external linux executable...
Connection established.
------------------------------------------------------------
Package xAct`xTensor` version 1.3.0, {2025, 12, 29}
CopyRight (C) 2002-2026, Jose M. Martin-Garcia, under the General Public License.
------------------------------------------------------------
These packages come with ABSOLUTELY NO WARRANTY; for details type Disclaimer[]. This is free software, and you are welcome to redistribute it under certain conditions. See the General Public License for details.
------------------------------------------------------------
** DefManifold: Defining manifold PortM4. 
** DefVBundle: Defining vbundle TangentPortM4. 
** DefTensor: Defining symmetric metric tensor portg[-pa, -pb]. 
** DefTensor: Defining antisymmetric tensor epsilonportg[-pa, -pb, -pc, -pc1]. 
** DefTensor: Defining tetrametric Tetraportg[-pa, -pb, -pc, -pc1]. 
** DefTensor: Defining tetrametric Tetraportg†[-pa, -pb, -pc, -pc1]. 
** DefCovD: Defining covariant derivative PortCD[-pa]. 
** DefTensor: Defining vanishing torsion tensor TorsionPortCD[pa, -pb, -pc]. 
** DefTensor: Defining symmetric Christoffel tensor ChristoffelPortCD[pa, -pb, -pc]. 
** DefTensor: Defining Riemann tensor RiemannPortCD[-pa, -pb, -pc, -pc1]. 
** DefTensor: Defining symmetric Ricci tensor RicciPortCD[-pa, -pb]. 
** DefCovD: Contractions of Riemann automatically replaced by Ricci.
** DefTensor: Defining Ricci scalar RicciScalarPortCD[]. 
** DefCovD: Contractions of Ricci automatically replaced by RicciScalar.
** DefTensor: Defining symmetric Einstein tensor EinsteinPortCD[-pa, -pb]. 
** DefTensor: Defining Weyl tensor WeylPortCD[-pa, -pb, -pc, -pc1]. 
** DefTensor: Defining symmetric TFRicci tensor TFRicciPortCD[-pa, -pb]. 
** DefTensor: Defining Kretschmann scalar KretschmannPortCD[]. 
** DefCovD: Computing RiemannToWeylRules for dim 4
** DefCovD: Computing RicciToTFRicci for dim 4
** DefCovD: Computing RicciToEinsteinRules for dim 4
** DefTensor: Defining weight +2 density Detportg[].      Determinant.

StringJoin::string: String expected at position 2 in WOLFRAM_VERSION=1.3.0<>2025<>12<>29.

StringJoin::string: String expected at position 3 in WOLFRAM_VERSION=1.3.0<>2025<>12<>29.

StringJoin::string: String expected at position 4 in WOLFRAM_VERSION=1.3.0<>2025<>12<>29.

General::stop: Further output of StringJoin::string will be suppressed during this calculation.
StringJoin[WOLFRAM_VERSION=1.3.0, 2025, 12, 29]
DEBUG_METRIC_00=1 - (1 - b1^2 - b2^2 - b3^2)^(-1) + b1^2/(1 - b1^2 - b2^2 - b3^2) + b2^2/(1 - b1^2 - b2^2 - b3^2) + b3^2/(1 - b1^2 - b2^2 - b3^2)
DEBUG_METRIC_01=(b1 - b1/(1 - b1^2 - b2^2 - b3^2) + b1^3/(1 - b1^2 - b2^2 - b3^2) + (b1*b2^2)/(1 - b1^2 - b2^2 - b3^2) + (b1*b3^2)/(1 - b1^2 - b2^2 - b3^2))*gam
DEBUG_INVERSE_00=0

ToExpression::sntx: Invalid syntax in or before "Print["DEBUG_MASS=" <> ToString[PolynomialRemainder[Expand[Numerator[Together[u.eta.u + 1]]]], relation, gam], InputForm]];".
                                                                                                                                                                           ^
