{
  "schema_version": 2,
  "contract_id": "GRSTAT-20260930-CAS-02-C01-C03-INPUT-ALIGNED-V1",
  "contract_sha256": "f1df856a0da477256e8adfbb889001d75fd659dda6f834ea72e87f314ff844a8",
  "aggregate_status": "CAS_CONFLICT",
  "risk_tier": "R3",
  "required_axes": [
    "wolfram_xact",
    "sympy",
    "sage_singular",
    "lean"
  ],
  "axis_statuses": {
    "wolfram_xact": "PASS",
    "sympy": "INCONCLUSIVE",
    "sage_singular": "INCONCLUSIVE",
    "lean": "INCONCLUSIVE"
  },
  "missing_axes": [],
  "exceptions_applied": [],
  "errors": [],
  "adjudicated_at": "2026-10-04T20:18:21+00:00",
  "note": "CAS_4AXIS_PASS requires all 4 contract-required axes to satisfy the risk-scaled contract under one contract hash; majority vote is structurally forbidden. Runner observation establishes only the CAS evidence component; it does not establish scientific validity, novelty, or overall claim readiness. Local observation is not a security attestation.",
  "verification_state": "RUNNER_OBSERVED_EXECUTION",
  "evidence_origin": "runner_observed_local_subprocess",
  "execution_evidence": {
    "wolfram_xact": {
      "evidence_origin": "runner_observed_local_subprocess",
      "axis": "wolfram_xact",
      "argv": [
        "/usr/bin/python3.12",
        "-B",
        "docs/research_program/gr_statistics_loops_20260930/local_cas/GRSTAT-CAS-20260930-1308KST/CAS-02/c01_c03_input_aligned_v1_20261005/wolfram_xact/run.py"
      ],
      "cwd": ".",
      "timeout_seconds": 1800,
      "solver_executed": true,
      "preflight_probe": {
        "status": "PASS",
        "commands": [
          {
            "cmd": "wolframscript -code <version+xAct probe>",
            "exit": 0
          }
        ],
        "transcript_tail": "---------------------------------------------------------\nPackage xAct`xPerm`  version 1.2.4, {2025, 12, 29}\nCopyRight (C) 2003-2026, Jose M. Martin-Garcia, under the General Public License.\nConnecting to external linux executable...\nConnection established.\n------------------------------------------------------------\nPackage xAct`xTensor` version 1.3.0, {2025, 12, 29}\nCopyRight (C) 2002-2026, Jose M. Martin-Garcia, under the General Public License.\n------------------------------------------------------------\nThese packages come with ABSOLUTELY NO WARRANTY; for details type Disclaimer[]. This is free software, and you are welcome to redistribute it under certain conditions. See the General Public License for details.\n------------------------------------------------------------\nXACT_LOAD_OK\n"
      },
      "started_at": "2026-10-04T20:17:36+00:00",
      "completed_at": "2026-10-04T20:17:58+00:00",
      "exit_code": 0,
      "timed_out": false,
      "stdout_tail": "{\"checks\":{\"CAS-02-C01\":true,\"CAS-02-C02\":true,\"CAS-02-C03\":true},\"domain_assumption_diff\":[],\"counterexample\":null}\n",
      "stderr_tail": "",
      "derived_status": "PASS",
      "errors": [],
      "payload": {
        "checks": {
          "CAS-02-C01": true,
          "CAS-02-C02": true,
          "CAS-02-C03": true
        },
        "domain_assumption_diff": [],
        "counterexample": null
      }
    },
    "sympy": {
      "evidence_origin": "runner_observed_local_subprocess",
      "axis": "sympy",
      "argv": [
        "/usr/bin/python3.12",
        "-B",
        "docs/research_program/gr_statistics_loops_20260930/local_cas/GRSTAT-CAS-20260930-1308KST/CAS-02/c01_c03_input_aligned_v1_20261005/sympy/run.py"
      ],
      "cwd": ".",
      "timeout_seconds": 1800,
      "solver_executed": true,
      "preflight_probe": {
        "status": "PASS",
        "commands": [
          {
            "cmd": "/home/cosmosapjw/Dropbox/bianchi/htt_base/venv/bin/python -c <sympy exact factor probe>",
            "exit": 0
          }
        ],
        "transcript_tail": "1.14.0\n"
      },
      "started_at": "2026-10-04T20:17:59+00:00",
      "completed_at": "2026-10-04T20:17:59+00:00",
      "exit_code": 0,
      "timed_out": false,
      "stdout_tail": "{\n  \"status\": \"PASS\",\n  \"checks\": [\n    [\n      \"CAS-02-C01\",\n      \"PASS\"\n    ],\n    [\n      \"CAS-02-C02\",\n      \"PASS\"\n    ],\n    [\n      \"CAS-02-C03\",\n      \"PASS\"\n    ]\n  ],\n  \"source_sha256\": \"195ca146d5418771141f6cb81dfbf4d954c073e4fa4b2204f94a3dc49c525214\",\n  \"toolchain\": {\n    \"python\": \"3.12.3 (main, Aug 31 2026, 10:18:26) [GCC 13.3.0]\",\n    \"sympy\": \"1.14.0\",\n    \"sympy_file\": \"/home/cosmosapjw/.local/lib/python3.12/site-packages/sympy/__init__.py\",\n    \"mpmath\": \"1.3.0\"\n  },\n  \"numerical_diagnostics\": {\n    \"precision_decimal_digits\": 80,\n    \"absolute_tolerance\": \"1e-50\",\n    \"relative_tolerance\": \"1e-40\",\n    \"scope\": \"ancillary nondimensionalized diagnostics only; exact certificates are independent\",\n    \"cases\": [\n      {\n        \"R\": \"0\",\n        \"d\": [\n          \"0\",\n          \"0\",\n          \"0\"\n        ],\n        \"q\": \"0.0\",\n        \"gram_max_absolute_residual\": \"0.0\",\n        \"largest_eigenvalue\": \"1.0\",\n        \"bound_slack\": \"0.0\"\n      },\n      {\n        \"R\": \"1.2\",\n        \"d\": [\n          \"0.25\",\n          \"-0.5\",\n          \"0.375\"\n        ],\n        \"q\": \"0.453125\",\n        \"gram_max_absolute_residual\": \"0.0\",\n        \"largest_eigenvalue\": \"1.3118279569892473118279569892473118279569892473118279569892473118279569892473118\",\n        \"bound_slack\": \"0.38315204680334371195806298077624647821192066942725271755213318575719340764428859\"\n      }\n    ]\n  }\n}\n",
      "stderr_tail": "",
      "derived_status": "INCONCLUSIVE",
      "errors": [
        "child payload is missing required keys: ['counterexample', 'domain_assumption_diff']",
        "child payload checks must be an object",
        "child payload domain_assumption_diff must be an array"
      ],
      "payload": {
        "checks": [
          [
            "CAS-02-C01",
            "PASS"
          ],
          [
            "CAS-02-C02",
            "PASS"
          ],
          [
            "CAS-02-C03",
            "PASS"
          ]
        ]
      }
    },
    "sage_singular": {
      "evidence_origin": "runner_observed_local_subprocess",
      "axis": "sage_singular",
      "argv": [
        "/usr/bin/python3.12",
        "-B",
        "docs/research_program/gr_statistics_loops_20260930/local_cas/GRSTAT-CAS-20260930-1308KST/CAS-02/c01_c03_input_aligned_v1_20261005/sage_singular/run.py"
      ],
      "cwd": ".",
      "timeout_seconds": 1800,
      "solver_executed": true,
      "preflight_probe": {
        "status": "PASS",
        "commands": [
          {
            "cmd": "sage -c <exact factor + singular version probe>",
            "exit": 0
          }
        ],
        "transcript_tail": "SageMath version 10.9, Release Date: 2026-05-04\n44100\n<cmdline>:1: DeprecationWarning: Use sage.version.version instead.\nSee https://github.com/sagemath/sage/issues/39015 for details.\n"
      },
      "started_at": "2026-10-04T20:18:07+00:00",
      "completed_at": "2026-10-04T20:18:14+00:00",
      "exit_code": 0,
      "timed_out": false,
      "stdout_tail": "{\"checks\": {\"Independently derive and execute exact C01-C03 norm/anchor/actual chart derivative and eigenvalue inequality proofs in Sage; Singular must execute applicable cleared polynomial certificates with admitted nonzero denominators, exact version/path, and error-output inspection. The pointwise C03 transcendental inequality remains required and cannot be silently omitted.\": true}, \"domain_assumption_diff\": [], \"counterexample\": null, \"first_gap\": null}\n",
      "stderr_tail": "",
      "derived_status": "INCONCLUSIVE",
      "errors": [
        "child checks must exactly match contract obligations (missing=['CAS-02-C01', 'CAS-02-C02', 'CAS-02-C03'], extra=['Independently derive and execute exact C01-C03 norm/anchor/actual chart derivative and eigenvalue inequality proofs in Sage; Singular must execute applicable cleared polynomial certificates with admitted nonzero denominators, exact version/path, and error-output inspection. The pointwise C03 transcendental inequality remains required and cannot be silently omitted.'])"
      ],
      "payload": {
        "checks": {
          "Independently derive and execute exact C01-C03 norm/anchor/actual chart derivative and eigenvalue inequality proofs in Sage; Singular must execute applicable cleared polynomial certificates with admitted nonzero denominators, exact version/path, and error-output inspection. The pointwise C03 transcendental inequality remains required and cannot be silently omitted.": true
        },
        "domain_assumption_diff": [],
        "counterexample": null
      }
    },
    "lean": {
      "evidence_origin": "runner_observed_local_subprocess",
      "axis": "lean",
      "argv": [
        "/usr/bin/python3.12",
        "-B",
        "docs/research_program/gr_statistics_loops_20260930/local_cas/GRSTAT-CAS-20260930-1308KST/CAS-02/c01_c03_input_aligned_v1_20261005/lean/run.py"
      ],
      "cwd": ".",
      "timeout_seconds": 3600,
      "solver_executed": true,
      "preflight_probe": {
        "status": "PASS",
        "commands": [
          {
            "cmd": "ELAN_TOOLCHAIN=leanprover/lean4:v4.31.0 lean --version",
            "exit": 0
          }
        ],
        "transcript_tail": "Lean (version 4.31.0, x86_64-unknown-linux-gnu, commit 68218e876d2a38b1985b8590fff244a83c321783, Release)\n",
        "pinned_toolchain": "leanprover/lean4:v4.31.0"
      },
      "started_at": "2026-10-04T20:18:14+00:00",
      "completed_at": "2026-10-04T20:18:21+00:00",
      "exit_code": 0,
      "timed_out": false,
      "stdout_tail": "{\"status\": \"PASS\", \"attempt_dir\": \"/home/cosmosapjw/Dropbox/bianchi/htt_base/docs/research_program/gr_statistics_loops_20260930/local_cas/GRSTAT-CAS-20260930-1308KST/CAS-02/c01_c03_input_aligned_v1_20261005/lean/attempts/20261004T201814Z_623da0b3b0104cd6843bd1eb9ebf962e\", \"first_error\": null, \"axioms_ok\": true}\n",
      "stderr_tail": "",
      "derived_status": "INCONCLUSIVE",
      "errors": [
        "child payload is missing required keys: ['checks', 'counterexample', 'domain_assumption_diff']",
        "child payload checks must be an object",
        "child payload domain_assumption_diff must be an array"
      ],
      "payload": {}
    }
  },
  "claim_promotion_cas_eligible": false,
  "claim_promotion_cas_requirement": "NOT_SATISFIED"
}
