SINGULAR_DIAGNOSTICS_BEGIN
singular_numeric_version=
44100
coefficient_field_and_ring=
// coefficients: QQ considered as a field
// number of vars : 15
//        block   1 : ordering dp
//                  : names    c u0 u1 u2 u3 s00 s01 s02 s03 s11 s12 s13 s22 s23 s33
//        block   2 : ordering C
mass_shell_groebner_basis=
Gmass[1]=u0^2-u1^2-u2^2-u3^2-1
orth_minus_h_mass_shell=
0
orth_remainder=
0
b_norm_minus_Jgeo_minus_h2_mass_shell=
0
Jgeo_minus_b_norm_remainder=
0
A_norm_minus_4c2_b_norm=
0
u0sq_b_norm_minus_sos_remainder=
0
rest_residuals_mass_orth_JB_AJ=
0 0 0 0
boosted_residuals_mass_orth_JB_AJ=
0 0 0 0
A_zero_control_b_A_J=
0 0 0 0 0 0 0 0 0
c_zero_control_b_A_J=
0 1 0 0 0 0 0 0 1
nonunit_control_mass_orth=
-3 -12
unconstrained_covector_(1,0,0,0)_lorentz_norm=-1
zero_locus_argument=u0^2=1+u1^2+u2^2+u3^2>0; the displayed SOS forces spatial b=0; orthogonality and u0>0 force b0=0; c>0 gives A=0 iff b=0
failure_count=
0
CAS-10-C02=PASS
SINGULAR_DIAGNOSTICS_END
