{
  "readback_passed": true,
  "four_surface_id_counts": {
    "claims": 40,
    "citations": 40,
    "sections": 40,
    "integration": 40
  },
  "bibliography_count": 20,
  "canonical_sorted_id_sha256": "f4f727da892a0d2cdc7d785aede3028ca0c57a7978518a662029fd5b2a6388db",
  "authority_memory_preserved": {
    "active_repairs": true,
    "canonical_notation_registry": true,
    "registered_survivor_source": true,
    "vocabulary": true
  },
  "historical_claims": 30,
  "added_candidate_claims": 10,
  "revised_claim_ids": [
    "RA-MES-002",
    "RA-MES-003",
    "RA-RESP-001",
    "RA-STAT-002"
  ],
  "donor_execution_inherited": false,
  "receipt_sha256": "0510b3ea21bdca35113d88a9797fb37f86bf645556a84621ec3b50be5838c81e",
  "structural_findings": {
    "conditional_scope_not_explicit": [
      "RA-ORBIT-004",
      "RA-STAT-002",
      "RA-STAT-003",
      "RA-PROC-001",
      "RA-ERR-004"
    ],
    "interpretation": "Findings remain visible; this compiler does not silently invent missing assumptions or certify theorems.",
    "numerical_execution_grade_missing": [],
    "source_only_execution_promotions": []
  },
  "coverage": {
    "claim_count": 40,
    "canonical_sorted_id_sha256": "f4f727da892a0d2cdc7d785aede3028ca0c57a7978518a662029fd5b2a6388db",
    "observational_claim_count": 0,
    "corrected_planck_rank_claim_count": 0,
    "finite_healpix_no_go_claim_count": 0,
    "bianchi_family_claim_count": 0,
    "native_bass_claim_count": 0,
    "all_claims_have_authority": true,
    "all_conditional_claims_have_assumptions_or_boundary": false,
    "all_numerical_claims_have_execution_grade": true,
    "all_source_only_claims_are_not_labelled_implementation_verified": true,
    "canonical_sorted_id_sha256_status": "COMPUTED_SOURCE_CANDIDATE_NOT_CANONICAL_PROMOTION",
    "scope_count_basis": "Immutable source declarations; no natural-language scientific adjudication is claimed."
  }
}
