{
  "schema_version": 2,
  "contract_id": "GRSTAT-20260930-CAS-11",
  "contract_sha256": "c067819f13066d5c2a5795931bc8afaae01b96e0207f661497353fadf0c59cd8",
  "aggregate_status": "CAS_FAIL",
  "risk_tier": "R3",
  "required_axes": [
    "wolfram_xact",
    "sympy",
    "sage_singular",
    "lean"
  ],
  "axis_statuses": {
    "wolfram_xact": "FAIL",
    "sympy": "MISALIGNED_ASSUMPTIONS",
    "sage_singular": "PASS",
    "lean": "MISALIGNED_ASSUMPTIONS"
  },
  "missing_axes": [],
  "exceptions_applied": [],
  "errors": [],
  "adjudicated_at": "2026-09-30T04:40:03+00:00",
  "note": "CAS_4AXIS_PASS requires all 4 contract-required axes to satisfy the risk-scaled contract under one contract hash; majority vote is structurally forbidden. Runner observation establishes only the CAS evidence component; it does not establish scientific validity, novelty, or overall claim readiness. Local observation is not a security attestation.",
  "verification_state": "RUNNER_OBSERVED_EXECUTION",
  "evidence_origin": "runner_observed_local_subprocess",
  "execution_evidence": {
    "wolfram_xact": {
      "evidence_origin": "runner_observed_local_subprocess",
      "axis": "wolfram_xact",
      "argv": [
        "/usr/bin/python",
        "-B",
        "/home/cosmosapjw/Dropbox/bianchi/htt_base/docs/research_program/gr_statistics_loops_20260930/local_cas/GRSTAT-CAS-20260930-1308KST/CAS-11/wolfram_xact/run.py"
      ],
      "cwd": "docs/research_program/gr_statistics_loops_20260930/local_cas/GRSTAT-CAS-20260930-1308KST/CAS-11/wolfram_xact",
      "timeout_seconds": 1800,
      "solver_executed": true,
      "preflight_probe": {
        "status": "PASS",
        "commands": [
          {
            "cmd": "wolframscript -code <version+xAct probe>",
            "exit": 0
          }
        ],
        "transcript_tail": "---------------------------------------------------------\nPackage xAct`xPerm`  version 1.2.4, {2025, 12, 29}\nCopyRight (C) 2003-2026, Jose M. Martin-Garcia, under the General Public License.\nConnecting to external linux executable...\nConnection established.\n------------------------------------------------------------\nPackage xAct`xTensor` version 1.3.0, {2025, 12, 29}\nCopyRight (C) 2002-2026, Jose M. Martin-Garcia, under the General Public License.\n------------------------------------------------------------\nThese packages come with ABSOLUTELY NO WARRANTY; for details type Disclaimer[]. This is free software, and you are welcome to redistribute it under certain conditions. See the General Public License for details.\n------------------------------------------------------------\nXACT_LOAD_OK\n"
      },
      "started_at": "2026-09-30T04:39:35+00:00",
      "completed_at": "2026-09-30T04:39:42+00:00",
      "exit_code": 2,
      "timed_out": false,
      "stdout_tail": "{\"checks\":{\"CAS-11-C01\":false,\"CAS-11-C02\":false,\"CAS-11-C03\":false},\"domain_assumption_diff\":[],\"counterexample\":null,\"execution_error\":\"list index out of range\",\"engine_argv\":[\"wolframscript\",\"-file\",\"/home/cosmosapjw/Dropbox/bianchi/htt_base/docs/research_program/gr_statistics_loops_20260930/local_cas/GRSTAT-CAS-20260930-1308KST/CAS-11/wolfram_xact/check.wl\"],\"engine_exit_code\":0,\"raw_stdout_path\":\"/home/cosmosapjw/Dropbox/bianchi/htt_base/docs/research_program/gr_statistics_loops_20260930/local_cas/GRSTAT-CAS-20260930-1308KST/CAS-11/wolfram_xact/raw.stdout.log\",\"raw_stderr_path\":\"/home/cosmosapjw/Dropbox/bianchi/htt_base/docs/research_program/gr_statistics_loops_20260930/local_cas/GRSTAT-CAS-20260930-1308KST/CAS-11/wolfram_xact/raw.stderr.log\"}\n",
      "stderr_tail": "",
      "derived_status": "FAIL",
      "errors": [
        "failed contract obligations: ['CAS-11-C01', 'CAS-11-C02', 'CAS-11-C03']"
      ],
      "payload": {
        "checks": {
          "CAS-11-C01": false,
          "CAS-11-C02": false,
          "CAS-11-C03": false
        },
        "domain_assumption_diff": [],
        "counterexample": null
      }
    },
    "sympy": {
      "evidence_origin": "runner_observed_local_subprocess",
      "axis": "sympy",
      "argv": [
        "/usr/bin/python",
        "-B",
        "/home/cosmosapjw/Dropbox/bianchi/htt_base/docs/research_program/gr_statistics_loops_20260930/local_cas/GRSTAT-CAS-20260930-1308KST/CAS-11/sympy/run.py"
      ],
      "cwd": "docs/research_program/gr_statistics_loops_20260930/local_cas/GRSTAT-CAS-20260930-1308KST/CAS-11/sympy",
      "timeout_seconds": 1800,
      "solver_executed": true,
      "preflight_probe": {
        "status": "PASS",
        "commands": [
          {
            "cmd": "/home/cosmosapjw/Dropbox/bianchi/htt_base/venv/bin/python -c <sympy exact factor probe>",
            "exit": 0
          }
        ],
        "transcript_tail": "1.14.0\n"
      },
      "started_at": "2026-09-30T04:39:42+00:00",
      "completed_at": "2026-09-30T04:39:42+00:00",
      "exit_code": 0,
      "timed_out": false,
      "stdout_tail": "{\"checks\": {\"CAS-11-C01\": true, \"CAS-11-C02\": true, \"CAS-11-C03\": true}, \"counterexample\": null, \"domain_assumption_diff\": [\"Continuum Hessian-envelope/Taylor integral step remains an external analytic prerequisite.\"]}\n",
      "stderr_tail": "",
      "derived_status": "MISALIGNED_ASSUMPTIONS",
      "errors": [
        "child reported a non-empty domain_assumption_diff"
      ],
      "payload": {
        "checks": {
          "CAS-11-C01": true,
          "CAS-11-C02": true,
          "CAS-11-C03": true
        },
        "domain_assumption_diff": [
          "Continuum Hessian-envelope/Taylor integral step remains an external analytic prerequisite."
        ],
        "counterexample": null
      }
    },
    "sage_singular": {
      "evidence_origin": "runner_observed_local_subprocess",
      "axis": "sage_singular",
      "argv": [
        "/usr/bin/python",
        "-B",
        "/home/cosmosapjw/Dropbox/bianchi/htt_base/docs/research_program/gr_statistics_loops_20260930/local_cas/GRSTAT-CAS-20260930-1308KST/CAS-11/sage_singular/run.py"
      ],
      "cwd": "docs/research_program/gr_statistics_loops_20260930/local_cas/GRSTAT-CAS-20260930-1308KST/CAS-11/sage_singular",
      "timeout_seconds": 1800,
      "solver_executed": true,
      "preflight_probe": {
        "status": "PASS",
        "commands": [
          {
            "cmd": "sage -c <exact factor + singular version probe>",
            "exit": 0
          }
        ],
        "transcript_tail": "SageMath version 10.9, Release Date: 2026-05-04\n44100\n<cmdline>:1: DeprecationWarning: Use sage.version.version instead.\nSee https://github.com/sagemath/sage/issues/39015 for details.\n"
      },
      "started_at": "2026-09-30T04:39:50+00:00",
      "completed_at": "2026-09-30T04:39:58+00:00",
      "exit_code": 0,
      "timed_out": false,
      "stdout_tail": "{\"checks\": {\"CAS-11-C01\": true, \"CAS-11-C02\": true, \"CAS-11-C03\": true}, \"domain_assumption_diff\": [], \"counterexample\": null, \"engine\": \"SageMath Gram identities plus explicit Singular ideal\", \"singular_remainder\": \"0\", \"notes\": [\"C01 cancellation when gradient difference belongs to matched moment span is finite orthogonality.\", \"C02 general spectral proof: null eigenvectors force e component zero; then test a=Rdagger e and scale to get e^T Rdagger e<=2epsilon. Zero R forces e=0.\", \"C03 is finite weighted projection; continuum Hessian envelope and Taylor integral remain prerequisites.\"], \"argv\": [\"sage\", \"-python\", \"/home/cosmosapjw/Dropbox/bianchi/htt_base/docs/research_program/gr_statistics_loops_20260930/local_cas/GRSTAT-CAS-20260930-1308KST/CAS-11/sage_singular/check.py\"], \"exit_code\": 0}\n",
      "stderr_tail": "",
      "derived_status": "PASS",
      "errors": [],
      "payload": {
        "checks": {
          "CAS-11-C01": true,
          "CAS-11-C02": true,
          "CAS-11-C03": true
        },
        "domain_assumption_diff": [],
        "counterexample": null
      }
    },
    "lean": {
      "evidence_origin": "runner_observed_local_subprocess",
      "axis": "lean",
      "argv": [
        "/usr/bin/python",
        "-B",
        "/home/cosmosapjw/Dropbox/bianchi/htt_base/docs/research_program/gr_statistics_loops_20260930/local_cas/GRSTAT-CAS-20260930-1308KST/CAS-11/lean/run.py"
      ],
      "cwd": "docs/research_program/gr_statistics_loops_20260930/local_cas/GRSTAT-CAS-20260930-1308KST/CAS-11/lean",
      "timeout_seconds": 1800,
      "solver_executed": true,
      "preflight_probe": {
        "status": "PASS",
        "commands": [
          {
            "cmd": "ELAN_TOOLCHAIN=leanprover/lean4:v4.31.0 lean --version",
            "exit": 0
          }
        ],
        "transcript_tail": "Lean (version 4.31.0, x86_64-unknown-linux-gnu, commit 68218e876d2a38b1985b8590fff244a83c321783, Release)\n",
        "pinned_toolchain": "leanprover/lean4:v4.31.0"
      },
      "started_at": "2026-09-30T04:39:58+00:00",
      "completed_at": "2026-09-30T04:40:03+00:00",
      "exit_code": 0,
      "timed_out": false,
      "stdout_tail": "{\"axis\": \"lean\", \"checks\": {\"CAS-11-C01\": false, \"CAS-11-C02\": false, \"CAS-11-C03\": false}, \"domain_assumption_diff\": [\"Only scalar Bregman expansion proved; finite residual Gram PSD, singular pseudoinverse and weighted certificate remain open.\"], \"counterexample\": null, \"compiler_exit\": 0, \"axioms\": [\"'grstat_cas11_bregman' depends on axioms: [propext, Classical.choice, Quot.sound]\"], \"statement_alignment\": \"Only necessary sublemma(s), where present; no complete contracted component certified.\"}\n",
      "stderr_tail": "",
      "derived_status": "MISALIGNED_ASSUMPTIONS",
      "errors": [
        "child reported a non-empty domain_assumption_diff"
      ],
      "payload": {
        "checks": {
          "CAS-11-C01": false,
          "CAS-11-C02": false,
          "CAS-11-C03": false
        },
        "domain_assumption_diff": [
          "Only scalar Bregman expansion proved; finite residual Gram PSD, singular pseudoinverse and weighted certificate remain open."
        ],
        "counterexample": null
      }
    }
  },
  "claim_promotion_cas_eligible": false,
  "claim_promotion_cas_requirement": "NOT_SATISFIED"
}
