{
  "status": "PASS",
  "checks": [
    [
      "CAS-02-C01",
      "PASS"
    ],
    [
      "CAS-02-C02",
      "PASS"
    ],
    [
      "CAS-02-C03",
      "PASS"
    ]
  ],
  "source_sha256": "98081cdb3d8119be031ec7e98bc71458f1aa3f8986068323b60379afeb6fd87e",
  "toolchain": {
    "python": "3.12.3 (main, Aug 31 2026, 10:18:26) [GCC 13.3.0]",
    "sympy": "1.14.0",
    "sympy_file": "/home/cosmosapjw/.local/lib/python3.12/site-packages/sympy/__init__.py",
    "mpmath": "1.3.0"
  },
  "numerical_diagnostics": {
    "precision_decimal_digits": 80,
    "absolute_tolerance": "1e-50",
    "relative_tolerance": "1e-40",
    "scope": "ancillary nondimensionalized diagnostics only; exact certificates are independent",
    "cases": [
      {
        "R": "0",
        "d": [
          "0",
          "0",
          "0"
        ],
        "q": "0.0",
        "gram_max_absolute_residual": "0.0",
        "largest_eigenvalue": "1.0",
        "bound_slack": "0.0"
      },
      {
        "R": "1.2",
        "d": [
          "0.25",
          "-0.5",
          "0.375"
        ],
        "q": "0.453125",
        "gram_max_absolute_residual": "0.0",
        "largest_eigenvalue": "1.3118279569892473118279569892473118279569892473118279569892473118279569892473118",
        "bound_slack": "0.38315204680334371195806298077624647821192066942725271755213318575719340764428859"
      }
    ]
  }
}
