------------------------------------------------------------
Package xAct`xPerm`  version 1.2.4, {2025, 12, 29}
CopyRight (C) 2003-2026, Jose M. Martin-Garcia, under the General Public License.
Connecting to external linux executable...
Connection established.
------------------------------------------------------------
Package xAct`xTensor` version 1.3.0, {2025, 12, 29}
CopyRight (C) 2002-2026, Jose M. Martin-Garcia, under the General Public License.
------------------------------------------------------------
These packages come with ABSOLUTELY NO WARRANTY; for details type Disclaimer[]. This is free software, and you are welcome to redistribute it under certain conditions. See the General Public License for details.
------------------------------------------------------------
** DefManifold: Defining manifold GrstatM. 
** DefVBundle: Defining vbundle TangentGrstatM. 
** DefTensor: Defining symmetric metric tensor eta[-a, -b]. 
** DefTensor: Defining antisymmetric tensor epsiloneta[-a, -b, -d, -d1]. 
** DefTensor: Defining tetrametric Tetraeta[-a, -b, -d, -d1]. 
** DefTensor: Defining tetrametric Tetraeta†[-a, -b, -d, -d1]. 
** DefCovD: Defining covariant derivative CD[-a]. 
** DefTensor: Defining vanishing torsion tensor TorsionCD[a, -b, -d]. 
** DefTensor: Defining symmetric Christoffel tensor ChristoffelCD[a, -b, -d]. 
** DefTensor: Defining Riemann tensor RiemannCD[-a, -b, -d, -d1]. 
** DefTensor: Defining symmetric Ricci tensor RicciCD[-a, -b]. 
** DefCovD: Contractions of Riemann automatically replaced by Ricci.
** DefTensor: Defining Ricci scalar RicciScalarCD[]. 
** DefCovD: Contractions of Ricci automatically replaced by RicciScalar.
** DefTensor: Defining symmetric Einstein tensor EinsteinCD[-a, -b]. 
** DefTensor: Defining Weyl tensor WeylCD[-a, -b, -d, -d1]. 
** DefTensor: Defining symmetric TFRicci tensor TFRicciCD[-a, -b]. 
** DefTensor: Defining Kretschmann scalar KretschmannCD[]. 
** DefCovD: Computing RiemannToWeylRules for dim 4
** DefCovD: Computing RicciToTFRicci for dim 4
** DefCovD: Computing RicciToEinsteinRules for dim 4
** DefTensor: Defining weight +2 density Deteta[].      Determinant.
** DefTensor: Defining tensor qq[-a, -b]. 
** DefTensor: Defining tensor ll[a]. 
CAS_JSON_BEGIN
{
	"checks":{
		"CAS-15-C01":true,
		"CAS-15-C02":true,
		"CAS-15-C03":true,
		"CAS-15-C04":false
	},
	"domain_assumption_diff":[],
	"counterexample":null,
	"xact_actions":{
		"photonContractionSymmetry":true,
		"raisedLoweredPhoton":true
	},
	"intermediate":{
		"sphere_divergence":"-(e[1]*e[2]*(-(e[1]*e[2]*sg[1, 1]) + (1 - e[2]^2)*sg[1, 2] - e[2]*e[3]*sg[1, 3] - e[2]*(aa[1] + e[1]*sg[1, 1] + e[2]*sg[1, 2] + e[3]*sg[1, 3]))) - e[1]*e[3]*(-(e[1]*e[3]*sg[1, 1]) - e[2]*e[3]*sg[1, 2] + (1 - e[3]^2)*sg[1, 3] - e[3]*(aa[1] + e[1]*sg[1, 1] + e[2]*sg[1, 2] + e[3]*sg[1, 3])) - e[1]*e[3]*((1 - e[1]^2)*sg[1, 3] - e[1]*e[3]*(-sg[1, 1] - sg[2, 2]) - e[1]*e[2]*sg[2, 3] - e[1]*(aa[3] + e[1]*sg[1, 3] + e[3]*(-sg[1, 1] - sg[2, 2]) + e[2]*sg[2, 3])) - e[2]*e[3]*(-(e[1]*e[2]*sg[1, 3]) - e[2]*e[3]*(-sg[1, 1] - sg[2, 2]) + (1 - e[2]^2)*sg[2, 3] - e[2]*(aa[3] + e[1]*sg[1, 3] + e[3]*(-sg[1, 1] - sg[2, 2]) + e[2]*sg[2, 3])) - e[1]*e[2]*((1 - e[1]^2)*sg[1, 2] - e[1]*e[2]*sg[2, 2] - e[1]*e[3]*sg[2, 3] - e[1]*(aa[2] + e[1]*sg[1, 2] + e[2]*sg[2, 2] + e[3]*sg[2, 3])) + (1 - e[2]^2)*(-(e[1]*e[2]*sg[1, 2]) - e[1]*(aa[1] + e[1]*sg[1, 1] + e[2]*sg[1, 2] + e[3]*sg[1, 3]) + (1 - e[2]^2)*sg[2, 2] - e[2]*e[3]*sg[2, 3] - e[3]*(aa[3] + e[1]*sg[1, 3] + e[3]*(-sg[1, 1] - sg[2, 2]) + e[2]*sg[2, 3]) - 2*e[2]*(aa[2] + e[1]*sg[1, 2] + e[2]*sg[2, 2] + e[3]*sg[2, 3])) + (1 - e[3]^2)*(-(e[1]*e[3]*sg[1, 3]) - e[1]*(aa[1] + e[1]*sg[1, 1] + e[2]*sg[1, 2] + e[3]*sg[1, 3]) + (1 - e[3]^2)*(-sg[1, 1] - sg[2, 2]) - e[2]*e[3]*sg[2, 3] - 2*e[3]*(aa[3] + e[1]*sg[1, 3] + e[3]*(-sg[1, 1] - sg[2, 2]) + e[2]*sg[2, 3]) - e[2]*(aa[2] + e[1]*sg[1, 2] + e[2]*sg[2, 2] + e[3]*sg[2, 3])) + (1 - e[1]^2)*((1 - e[1]^2)*sg[1, 1] - e[1]*e[2]*sg[1, 2] - e[1]*e[3]*sg[1, 3] - 2*e[1]*(aa[1] + e[1]*sg[1, 1] + e[2]*sg[1, 2] + e[3]*sg[1, 3]) - e[3]*(aa[3] + e[1]*sg[1, 3] + e[3]*(-sg[1, 1] - sg[2, 2]) + e[2]*sg[2, 3]) - e[2]*(aa[2] + e[1]*sg[1, 2] + e[2]*sg[2, 2] + e[3]*sg[2, 3])) - e[2]*e[3]*(-(e[1]*e[3]*sg[1, 2]) - e[2]*e[3]*sg[2, 2] + (1 - e[3]^2)*sg[2, 3] - e[3]*(aa[2] + e[1]*sg[1, 2] + e[2]*sg[2, 2] + e[3]*sg[2, 3]))",
		"response_gram":"{{2*cc^4*dd^2 + 2*(la - mu)^2 + 2*cc^2*dd^2*ss^2, 0, -2*cc^3*dd^2*ss - 2*cc*dd^2*ss^3}, {0, 2*(-la + mu)^2 + 8*cc^2*dd^2*ss^2 + 2*(cc^2*dd - dd*ss^2)^2, 0}, {-2*cc^3*dd^2*ss - 2*cc*dd^2*ss^3, 0, 2*cc^2*dd^2*ss^2 + 2*dd^2*ss^4}}",
		"response_det":"8*dd^2*(la - mu)^2*(dd^2 + la^2 - 2*la*mu + mu^2)*ss^2"
	},
	"wolfram_version":"15.0.0 for Linux x86 (64-bit) (May 26, 2026)",
	"xtensor_version":"{\"1.3.0\", {2025, 12, 29}}"
}
CAS_JSON_END
