PASS kernel n=1
// ** redefining integrand (  poly integrand = (x-t)^(2*n+1)*(1-y)*y^(2*n-1);) /home/cosmosapjw/Dropbox/bianchi/htt_base/docs/research_program/gr_statistics_loops_20260930/local_cas/GRSTAT-CAS-20260930-1308KST/CAS-07/volterra_scalar_majorant_v1_20261007/sage_si
// ** redefining primitive (  poly primitive = (x-t)^(2*n+1)*(y^(2*n)/(2*n)-y^(2*n+1)/(2*n+1));) /home/cosmosapjw/Dropbox/bianchi/htt_base/docs/research_program/gr_statistics_loops_20260930/local_cas/GRSTAT-CAS-20260930-1308KST/CAS-07/volterra_scalar_majorant_v
// ** redefining derivative_residual (  poly derivative_residual = diff(primitive,y)-integrand;) /home/cosmosapjw/Dropbox/bianchi/htt_base/docs/research_program/gr_statistics_loops_20260930/local_cas/GRSTAT-CAS-20260930-1308KST/CAS-07/volterra_scalar_majorant_v
// ** redefining endpoint_residual (  poly endpoint_residual = subst(primitive,y,1)-(x-t)^(2*n+1)/(2*n*(2*n+1));) /home/cosmosapjw/Dropbox/bianchi/htt_base/docs/research_program/gr_statistics_loops_20260930/local_cas/GRSTAT-CAS-20260930-1308KST/CAS-07/volterra_
PASS kernel n=2
// ** redefining integrand (  poly integrand = (x-t)^(2*n+1)*(1-y)*y^(2*n-1);) /home/cosmosapjw/Dropbox/bianchi/htt_base/docs/research_program/gr_statistics_loops_20260930/local_cas/GRSTAT-CAS-20260930-1308KST/CAS-07/volterra_scalar_majorant_v1_20261007/sage_si
// ** redefining primitive (  poly primitive = (x-t)^(2*n+1)*(y^(2*n)/(2*n)-y^(2*n+1)/(2*n+1));) /home/cosmosapjw/Dropbox/bianchi/htt_base/docs/research_program/gr_statistics_loops_20260930/local_cas/GRSTAT-CAS-20260930-1308KST/CAS-07/volterra_scalar_majorant_v
// ** redefining derivative_residual (  poly derivative_residual = diff(primitive,y)-integrand;) /home/cosmosapjw/Dropbox/bianchi/htt_base/docs/research_program/gr_statistics_loops_20260930/local_cas/GRSTAT-CAS-20260930-1308KST/CAS-07/volterra_scalar_majorant_v
// ** redefining endpoint_residual (  poly endpoint_residual = subst(primitive,y,1)-(x-t)^(2*n+1)/(2*n*(2*n+1));) /home/cosmosapjw/Dropbox/bianchi/htt_base/docs/research_program/gr_statistics_loops_20260930/local_cas/GRSTAT-CAS-20260930-1308KST/CAS-07/volterra_
PASS kernel n=3
// ** redefining integrand (  poly integrand = (x-t)^(2*n+1)*(1-y)*y^(2*n-1);) /home/cosmosapjw/Dropbox/bianchi/htt_base/docs/research_program/gr_statistics_loops_20260930/local_cas/GRSTAT-CAS-20260930-1308KST/CAS-07/volterra_scalar_majorant_v1_20261007/sage_si
// ** redefining primitive (  poly primitive = (x-t)^(2*n+1)*(y^(2*n)/(2*n)-y^(2*n+1)/(2*n+1));) /home/cosmosapjw/Dropbox/bianchi/htt_base/docs/research_program/gr_statistics_loops_20260930/local_cas/GRSTAT-CAS-20260930-1308KST/CAS-07/volterra_scalar_majorant_v
// ** redefining derivative_residual (  poly derivative_residual = diff(primitive,y)-integrand;) /home/cosmosapjw/Dropbox/bianchi/htt_base/docs/research_program/gr_statistics_loops_20260930/local_cas/GRSTAT-CAS-20260930-1308KST/CAS-07/volterra_scalar_majorant_v
// ** redefining endpoint_residual (  poly endpoint_residual = subst(primitive,y,1)-(x-t)^(2*n+1)/(2*n*(2*n+1));) /home/cosmosapjw/Dropbox/bianchi/htt_base/docs/research_program/gr_statistics_loops_20260930/local_cas/GRSTAT-CAS-20260930-1308KST/CAS-07/volterra_
PASS kernel n=4
// ** redefining integrand (  poly integrand = (x-t)^(2*n+1)*(1-y)*y^(2*n-1);) /home/cosmosapjw/Dropbox/bianchi/htt_base/docs/research_program/gr_statistics_loops_20260930/local_cas/GRSTAT-CAS-20260930-1308KST/CAS-07/volterra_scalar_majorant_v1_20261007/sage_si
// ** redefining primitive (  poly primitive = (x-t)^(2*n+1)*(y^(2*n)/(2*n)-y^(2*n+1)/(2*n+1));) /home/cosmosapjw/Dropbox/bianchi/htt_base/docs/research_program/gr_statistics_loops_20260930/local_cas/GRSTAT-CAS-20260930-1308KST/CAS-07/volterra_scalar_majorant_v
// ** redefining derivative_residual (  poly derivative_residual = diff(primitive,y)-integrand;) /home/cosmosapjw/Dropbox/bianchi/htt_base/docs/research_program/gr_statistics_loops_20260930/local_cas/GRSTAT-CAS-20260930-1308KST/CAS-07/volterra_scalar_majorant_v
// ** redefining endpoint_residual (  poly endpoint_residual = subst(primitive,y,1)-(x-t)^(2*n+1)/(2*n*(2*n+1));) /home/cosmosapjw/Dropbox/bianchi/htt_base/docs/research_program/gr_statistics_loops_20260930/local_cas/GRSTAT-CAS-20260930-1308KST/CAS-07/volterra_
PASS kernel n=5
// ** redefining integrand (  poly integrand = (x-t)^(2*n+1)*(1-y)*y^(2*n-1);) /home/cosmosapjw/Dropbox/bianchi/htt_base/docs/research_program/gr_statistics_loops_20260930/local_cas/GRSTAT-CAS-20260930-1308KST/CAS-07/volterra_scalar_majorant_v1_20261007/sage_si
// ** redefining primitive (  poly primitive = (x-t)^(2*n+1)*(y^(2*n)/(2*n)-y^(2*n+1)/(2*n+1));) /home/cosmosapjw/Dropbox/bianchi/htt_base/docs/research_program/gr_statistics_loops_20260930/local_cas/GRSTAT-CAS-20260930-1308KST/CAS-07/volterra_scalar_majorant_v
// ** redefining derivative_residual (  poly derivative_residual = diff(primitive,y)-integrand;) /home/cosmosapjw/Dropbox/bianchi/htt_base/docs/research_program/gr_statistics_loops_20260930/local_cas/GRSTAT-CAS-20260930-1308KST/CAS-07/volterra_scalar_majorant_v
// ** redefining endpoint_residual (  poly endpoint_residual = subst(primitive,y,1)-(x-t)^(2*n+1)/(2*n*(2*n+1));) /home/cosmosapjw/Dropbox/bianchi/htt_base/docs/research_program/gr_statistics_loops_20260930/local_cas/GRSTAT-CAS-20260930-1308KST/CAS-07/volterra_
PASS kernel n=6
// ** redefining integrand (  poly integrand = (x-t)^(2*n+1)*(1-y)*y^(2*n-1);) /home/cosmosapjw/Dropbox/bianchi/htt_base/docs/research_program/gr_statistics_loops_20260930/local_cas/GRSTAT-CAS-20260930-1308KST/CAS-07/volterra_scalar_majorant_v1_20261007/sage_si
// ** redefining primitive (  poly primitive = (x-t)^(2*n+1)*(y^(2*n)/(2*n)-y^(2*n+1)/(2*n+1));) /home/cosmosapjw/Dropbox/bianchi/htt_base/docs/research_program/gr_statistics_loops_20260930/local_cas/GRSTAT-CAS-20260930-1308KST/CAS-07/volterra_scalar_majorant_v
// ** redefining derivative_residual (  poly derivative_residual = diff(primitive,y)-integrand;) /home/cosmosapjw/Dropbox/bianchi/htt_base/docs/research_program/gr_statistics_loops_20260930/local_cas/GRSTAT-CAS-20260930-1308KST/CAS-07/volterra_scalar_majorant_v
// ** redefining endpoint_residual (  poly endpoint_residual = subst(primitive,y,1)-(x-t)^(2*n+1)/(2*n*(2*n+1));) /home/cosmosapjw/Dropbox/bianchi/htt_base/docs/research_program/gr_statistics_loops_20260930/local_cas/GRSTAT-CAS-20260930-1308KST/CAS-07/volterra_
PASS kernel n=7
// ** redefining integrand (  poly integrand = (x-t)^(2*n+1)*(1-y)*y^(2*n-1);) /home/cosmosapjw/Dropbox/bianchi/htt_base/docs/research_program/gr_statistics_loops_20260930/local_cas/GRSTAT-CAS-20260930-1308KST/CAS-07/volterra_scalar_majorant_v1_20261007/sage_si
// ** redefining primitive (  poly primitive = (x-t)^(2*n+1)*(y^(2*n)/(2*n)-y^(2*n+1)/(2*n+1));) /home/cosmosapjw/Dropbox/bianchi/htt_base/docs/research_program/gr_statistics_loops_20260930/local_cas/GRSTAT-CAS-20260930-1308KST/CAS-07/volterra_scalar_majorant_v
// ** redefining derivative_residual (  poly derivative_residual = diff(primitive,y)-integrand;) /home/cosmosapjw/Dropbox/bianchi/htt_base/docs/research_program/gr_statistics_loops_20260930/local_cas/GRSTAT-CAS-20260930-1308KST/CAS-07/volterra_scalar_majorant_v
// ** redefining endpoint_residual (  poly endpoint_residual = subst(primitive,y,1)-(x-t)^(2*n+1)/(2*n*(2*n+1));) /home/cosmosapjw/Dropbox/bianchi/htt_base/docs/research_program/gr_statistics_loops_20260930/local_cas/GRSTAT-CAS-20260930-1308KST/CAS-07/volterra_
PASS kernel n=8
PASS seed n=0
// ** redefining integrand_x (  poly integrand_x = (x-t)*t^(2*n+1);) /home/cosmosapjw/Dropbox/bianchi/htt_base/docs/research_program/gr_statistics_loops_20260930/local_cas/GRSTAT-CAS-20260930-1308KST/CAS-07/volterra_scalar_majorant_v1_20261007/sage_singular/ker
// ** redefining primitive_x (  poly primitive_x = x*t^(2*n+2)/(2*n+2)-t^(2*n+3)/(2*n+3);) /home/cosmosapjw/Dropbox/bianchi/htt_base/docs/research_program/gr_statistics_loops_20260930/local_cas/GRSTAT-CAS-20260930-1308KST/CAS-07/volterra_scalar_majorant_v1_2026
// ** redefining derivative_residual_x (  poly derivative_residual_x = diff(primitive_x,t)-integrand_x;) /home/cosmosapjw/Dropbox/bianchi/htt_base/docs/research_program/gr_statistics_loops_20260930/local_cas/GRSTAT-CAS-20260930-1308KST/CAS-07/volterra_scalar_ma
// ** redefining endpoint_residual_x (poly endpoint_residual_x = subst(primitive_x,t,x)-x^(2*n+3)/((2*n+2)*(2*n+3));) /home/cosmosapjw/Dropbox/bianchi/htt_base/docs/research_program/gr_statistics_loops_20260930/local_cas/GRSTAT-CAS-20260930-1308KST/CAS-07/volte
PASS seed n=1
// ** redefining integrand_x (  poly integrand_x = (x-t)*t^(2*n+1);) /home/cosmosapjw/Dropbox/bianchi/htt_base/docs/research_program/gr_statistics_loops_20260930/local_cas/GRSTAT-CAS-20260930-1308KST/CAS-07/volterra_scalar_majorant_v1_20261007/sage_singular/ker
// ** redefining primitive_x (  poly primitive_x = x*t^(2*n+2)/(2*n+2)-t^(2*n+3)/(2*n+3);) /home/cosmosapjw/Dropbox/bianchi/htt_base/docs/research_program/gr_statistics_loops_20260930/local_cas/GRSTAT-CAS-20260930-1308KST/CAS-07/volterra_scalar_majorant_v1_2026
// ** redefining derivative_residual_x (  poly derivative_residual_x = diff(primitive_x,t)-integrand_x;) /home/cosmosapjw/Dropbox/bianchi/htt_base/docs/research_program/gr_statistics_loops_20260930/local_cas/GRSTAT-CAS-20260930-1308KST/CAS-07/volterra_scalar_ma
// ** redefining endpoint_residual_x (poly endpoint_residual_x = subst(primitive_x,t,x)-x^(2*n+3)/((2*n+2)*(2*n+3));) /home/cosmosapjw/Dropbox/bianchi/htt_base/docs/research_program/gr_statistics_loops_20260930/local_cas/GRSTAT-CAS-20260930-1308KST/CAS-07/volte
PASS seed n=2
// ** redefining integrand_x (  poly integrand_x = (x-t)*t^(2*n+1);) /home/cosmosapjw/Dropbox/bianchi/htt_base/docs/research_program/gr_statistics_loops_20260930/local_cas/GRSTAT-CAS-20260930-1308KST/CAS-07/volterra_scalar_majorant_v1_20261007/sage_singular/ker
// ** redefining primitive_x (  poly primitive_x = x*t^(2*n+2)/(2*n+2)-t^(2*n+3)/(2*n+3);) /home/cosmosapjw/Dropbox/bianchi/htt_base/docs/research_program/gr_statistics_loops_20260930/local_cas/GRSTAT-CAS-20260930-1308KST/CAS-07/volterra_scalar_majorant_v1_2026
// ** redefining derivative_residual_x (  poly derivative_residual_x = diff(primitive_x,t)-integrand_x;) /home/cosmosapjw/Dropbox/bianchi/htt_base/docs/research_program/gr_statistics_loops_20260930/local_cas/GRSTAT-CAS-20260930-1308KST/CAS-07/volterra_scalar_ma
// ** redefining endpoint_residual_x (poly endpoint_residual_x = subst(primitive_x,t,x)-x^(2*n+3)/((2*n+2)*(2*n+3));) /home/cosmosapjw/Dropbox/bianchi/htt_base/docs/research_program/gr_statistics_loops_20260930/local_cas/GRSTAT-CAS-20260930-1308KST/CAS-07/volte
PASS seed n=3
// ** redefining integrand_x (  poly integrand_x = (x-t)*t^(2*n+1);) /home/cosmosapjw/Dropbox/bianchi/htt_base/docs/research_program/gr_statistics_loops_20260930/local_cas/GRSTAT-CAS-20260930-1308KST/CAS-07/volterra_scalar_majorant_v1_20261007/sage_singular/ker
// ** redefining primitive_x (  poly primitive_x = x*t^(2*n+2)/(2*n+2)-t^(2*n+3)/(2*n+3);) /home/cosmosapjw/Dropbox/bianchi/htt_base/docs/research_program/gr_statistics_loops_20260930/local_cas/GRSTAT-CAS-20260930-1308KST/CAS-07/volterra_scalar_majorant_v1_2026
// ** redefining derivative_residual_x (  poly derivative_residual_x = diff(primitive_x,t)-integrand_x;) /home/cosmosapjw/Dropbox/bianchi/htt_base/docs/research_program/gr_statistics_loops_20260930/local_cas/GRSTAT-CAS-20260930-1308KST/CAS-07/volterra_scalar_ma
// ** redefining endpoint_residual_x (poly endpoint_residual_x = subst(primitive_x,t,x)-x^(2*n+3)/((2*n+2)*(2*n+3));) /home/cosmosapjw/Dropbox/bianchi/htt_base/docs/research_program/gr_statistics_loops_20260930/local_cas/GRSTAT-CAS-20260930-1308KST/CAS-07/volte
PASS seed n=4
// ** redefining integrand_x (  poly integrand_x = (x-t)*t^(2*n+1);) /home/cosmosapjw/Dropbox/bianchi/htt_base/docs/research_program/gr_statistics_loops_20260930/local_cas/GRSTAT-CAS-20260930-1308KST/CAS-07/volterra_scalar_majorant_v1_20261007/sage_singular/ker
// ** redefining primitive_x (  poly primitive_x = x*t^(2*n+2)/(2*n+2)-t^(2*n+3)/(2*n+3);) /home/cosmosapjw/Dropbox/bianchi/htt_base/docs/research_program/gr_statistics_loops_20260930/local_cas/GRSTAT-CAS-20260930-1308KST/CAS-07/volterra_scalar_majorant_v1_2026
// ** redefining derivative_residual_x (  poly derivative_residual_x = diff(primitive_x,t)-integrand_x;) /home/cosmosapjw/Dropbox/bianchi/htt_base/docs/research_program/gr_statistics_loops_20260930/local_cas/GRSTAT-CAS-20260930-1308KST/CAS-07/volterra_scalar_ma
// ** redefining endpoint_residual_x (poly endpoint_residual_x = subst(primitive_x,t,x)-x^(2*n+3)/((2*n+2)*(2*n+3));) /home/cosmosapjw/Dropbox/bianchi/htt_base/docs/research_program/gr_statistics_loops_20260930/local_cas/GRSTAT-CAS-20260930-1308KST/CAS-07/volte
PASS seed n=5
// ** redefining integrand_x (  poly integrand_x = (x-t)*t^(2*n+1);) /home/cosmosapjw/Dropbox/bianchi/htt_base/docs/research_program/gr_statistics_loops_20260930/local_cas/GRSTAT-CAS-20260930-1308KST/CAS-07/volterra_scalar_majorant_v1_20261007/sage_singular/ker
// ** redefining primitive_x (  poly primitive_x = x*t^(2*n+2)/(2*n+2)-t^(2*n+3)/(2*n+3);) /home/cosmosapjw/Dropbox/bianchi/htt_base/docs/research_program/gr_statistics_loops_20260930/local_cas/GRSTAT-CAS-20260930-1308KST/CAS-07/volterra_scalar_majorant_v1_2026
// ** redefining derivative_residual_x (  poly derivative_residual_x = diff(primitive_x,t)-integrand_x;) /home/cosmosapjw/Dropbox/bianchi/htt_base/docs/research_program/gr_statistics_loops_20260930/local_cas/GRSTAT-CAS-20260930-1308KST/CAS-07/volterra_scalar_ma
// ** redefining endpoint_residual_x (poly endpoint_residual_x = subst(primitive_x,t,x)-x^(2*n+3)/((2*n+2)*(2*n+3));) /home/cosmosapjw/Dropbox/bianchi/htt_base/docs/research_program/gr_statistics_loops_20260930/local_cas/GRSTAT-CAS-20260930-1308KST/CAS-07/volte
PASS seed n=6
// ** redefining integrand_x (  poly integrand_x = (x-t)*t^(2*n+1);) /home/cosmosapjw/Dropbox/bianchi/htt_base/docs/research_program/gr_statistics_loops_20260930/local_cas/GRSTAT-CAS-20260930-1308KST/CAS-07/volterra_scalar_majorant_v1_20261007/sage_singular/ker
// ** redefining primitive_x (  poly primitive_x = x*t^(2*n+2)/(2*n+2)-t^(2*n+3)/(2*n+3);) /home/cosmosapjw/Dropbox/bianchi/htt_base/docs/research_program/gr_statistics_loops_20260930/local_cas/GRSTAT-CAS-20260930-1308KST/CAS-07/volterra_scalar_majorant_v1_2026
// ** redefining derivative_residual_x (  poly derivative_residual_x = diff(primitive_x,t)-integrand_x;) /home/cosmosapjw/Dropbox/bianchi/htt_base/docs/research_program/gr_statistics_loops_20260930/local_cas/GRSTAT-CAS-20260930-1308KST/CAS-07/volterra_scalar_ma
// ** redefining endpoint_residual_x (poly endpoint_residual_x = subst(primitive_x,t,x)-x^(2*n+3)/((2*n+2)*(2*n+3));) /home/cosmosapjw/Dropbox/bianchi/htt_base/docs/research_program/gr_statistics_loops_20260930/local_cas/GRSTAT-CAS-20260930-1308KST/CAS-07/volte
PASS seed n=7
// ** redefining integrand_x (  poly integrand_x = (x-t)*t^(2*n+1);) /home/cosmosapjw/Dropbox/bianchi/htt_base/docs/research_program/gr_statistics_loops_20260930/local_cas/GRSTAT-CAS-20260930-1308KST/CAS-07/volterra_scalar_majorant_v1_20261007/sage_singular/ker
// ** redefining primitive_x (  poly primitive_x = x*t^(2*n+2)/(2*n+2)-t^(2*n+3)/(2*n+3);) /home/cosmosapjw/Dropbox/bianchi/htt_base/docs/research_program/gr_statistics_loops_20260930/local_cas/GRSTAT-CAS-20260930-1308KST/CAS-07/volterra_scalar_majorant_v1_2026
// ** redefining derivative_residual_x (  poly derivative_residual_x = diff(primitive_x,t)-integrand_x;) /home/cosmosapjw/Dropbox/bianchi/htt_base/docs/research_program/gr_statistics_loops_20260930/local_cas/GRSTAT-CAS-20260930-1308KST/CAS-07/volterra_scalar_ma
// ** redefining endpoint_residual_x (poly endpoint_residual_x = subst(primitive_x,t,x)-x^(2*n+3)/((2*n+2)*(2*n+3));) /home/cosmosapjw/Dropbox/bianchi/htt_base/docs/research_program/gr_statistics_loops_20260930/local_cas/GRSTAT-CAS-20260930-1308KST/CAS-07/volte
PASS seed n=8
ALL_POLYNOMIAL_IDENTITIES_PASS
   ? `exit(0)` is undefined
   ? error occurred in or before /home/cosmosapjw/Dropbox/bianchi/htt_base/docs/research_program/gr_statistics_loops_20260930/local_cas/GRSTAT-CAS-20260930-1308KST/CAS-07/volterra_scalar_majorant_v1_20261007/sage_singular/kernel.sing line 60: `exit(0);`
