------------------------------------------------------------
Package xAct`xPerm`  version 1.2.4, {2025, 12, 29}
CopyRight (C) 2003-2026, Jose M. Martin-Garcia, under the General Public License.
Connecting to external linux executable...
Connection established.
------------------------------------------------------------
Package xAct`xTensor` version 1.3.0, {2025, 12, 29}
CopyRight (C) 2002-2026, Jose M. Martin-Garcia, under the General Public License.
------------------------------------------------------------
These packages come with ABSOLUTELY NO WARRANTY; for details type Disclaimer[]. This is free software, and you are welcome to redistribute it under certain conditions. See the General Public License for details.
------------------------------------------------------------
ENGINE_VERSION={1.3.0, {2025, 12, 29}}
XACT_XTENSOR_VERSION={1.3.0, {2025, 12, 29}}
** DefManifold: Defining manifold CAS04M. 
** DefVBundle: Defining vbundle TangentCAS04M. 
** DefTensor: Defining symmetric metric tensor gg[-a, -b]. 
** DefTensor: Defining antisymmetric tensor epsilongg[-a, -b, -d, -e]. 
** DefTensor: Defining tetrametric Tetragg[-a, -b, -d, -e]. 
** DefTensor: Defining tetrametric Tetragg†[-a, -b, -d, -e]. 
** DefCovD: Defining covariant derivative CD[-a]. 
** DefTensor: Defining vanishing torsion tensor TorsionCD[a, -b, -d]. 
** DefTensor: Defining symmetric Christoffel tensor ChristoffelCD[a, -b, -d]. 
** DefTensor: Defining Riemann tensor RiemannCD[-a, -b, -d, -e]. 
** DefTensor: Defining symmetric Ricci tensor RicciCD[-a, -b]. 
** DefCovD: Contractions of Riemann automatically replaced by Ricci.
** DefTensor: Defining Ricci scalar RicciScalarCD[]. 
** DefCovD: Contractions of Ricci automatically replaced by RicciScalar.
** DefTensor: Defining symmetric Einstein tensor EinsteinCD[-a, -b]. 
** DefTensor: Defining Weyl tensor WeylCD[-a, -b, -d, -e]. 
** DefTensor: Defining symmetric TFRicci tensor TFRicciCD[-a, -b]. 
** DefTensor: Defining Kretschmann scalar KretschmannCD[]. 
** DefCovD: Computing RiemannToWeylRules for dim 4
** DefCovD: Computing RicciToTFRicci for dim 4
** DefCovD: Computing RicciToEinsteinRules for dim 4
** DefTensor: Defining weight +2 density Detgg[].      Determinant.
** DefTensor: Defining tensor tt[b, -d]. 
** DefTensor: Defining tensor uu[b]. 
** DefTensor: Defining tensor ee[]. 
** DefTensor: Defining tensor pp[]. 

ToCanonical::noident: Unknown expression not canonicalized: ExpandCovD[0] .

ToCanonical::noident: Unknown expression not canonicalized: ExpandCovD[0] .

ToCanonical::noident: Unknown expression not canonicalized: ExpandCovD[-((ee[] + pp[]) uu[b] CD[-a][uu[a]]) - (ee[] + pp[]) uu[a] CD[-a][uu[b]] + (ee[] + pp[]) (uu[b] CD[-a][uu[a]] + uu[a] CD[-a][uu[b]])] .

General::stop: Further output of ToCanonical::noident will be suppressed during this calculation.
CAS04_RESULT_JSON={
	"checks":{
		"CAS-04-C01":false,
		"CAS-04-C02":true,
		"CAS-04-C03":false,
		"CAS-04-C04":false
	},
	"details":{
		"C01":{
			"xact_eigen_leibniz":false,
			"xact_projected_leibniz":false,
			"rest_projected_gap_solution":true,
			"normalization_rest_time_derivative_zero":true
		},
		"C02":{
			"orthogonal_decomposition":true,
			"vorticity_norm":true,
			"derivative_first_orientation":true,
			"signed_gap_rate_identity":true
		},
		"C03":{
			"sos_term_identity":true,
			"universal_nonnegative_term":true,
			"universal_zero_iff_support_or_minimal_gap":false,
			"negative_gap_diagnostic":true
		},
		"C04":{
			"xact_fluid_divergence_leibniz":false,
			"xact_projected_divergence_leibniz":false,
			"euler_solution":true,
			"barotropic_chain_rule":true,
			"positive_density_dust_zero":true
		}
	}
}
