/tmp/cas16-t01-UiFLva/AngularBridge.lean:105:8: warning: This simp argument is unused:
  ← Complex.ofReal_cos

Hint: Omit it from the simp argument list.
  simp [← C̵o̵m̵p̵l̵e̵x̵.̵o̵f̵R̵e̵a̵l̵_̵c̵o̵s̵,̵ ̵←̵ ̵Complex.ofReal_sin, sub_eq_add_neg]

Note: Simp arguments with `←` have the additional effect of removing the other direction from the simp set, even if the simp argument itself is unused. If the hint above does not work, try replacing `←` with `-` to only get that effect and silence this warning.

Note: This linter can be disabled with `set_option linter.unusedSimpArgs false`
/tmp/cas16-t01-UiFLva/AngularBridge.lean:105:30: warning: This simp argument is unused:
  ← Complex.ofReal_sin

Hint: Omit it from the simp argument list.
  simp [← Complex.ofReal_cos, ←̵ ̵C̵o̵m̵p̵l̵e̵x̵.̵o̵f̵R̵e̵a̵l̵_̵s̵i̵n̵,̵ ̵sub_eq_add_neg]

Note: Simp arguments with `←` have the additional effect of removing the other direction from the simp set, even if the simp argument itself is unused. If the hint above does not work, try replacing `←` with `-` to only get that effect and silence this warning.

Note: This linter can be disabled with `set_option linter.unusedSimpArgs false`
/tmp/cas16-t01-UiFLva/AngularBridge.lean:119:24: warning: This simp argument is unused:
  Complex.inv_I

Hint: Omit it from the simp argument list.
  simp [div_eq_mul_inv,̵ ̵C̵o̵m̵p̵l̵e̵x̵.̵i̵n̵v̵_̵I̵]

Note: This linter can be disabled with `set_option linter.unusedSimpArgs false`
/tmp/cas16-t01-UiFLva/AngularBridge.lean:171:8: warning: This simp argument is unused:
  Fin.prod_const

Hint: Omit it from the simp argument list.
  simp ̵[̵F̵i̵n̵.̵p̵r̵o̵d̵_̵c̵o̵n̵s̵t̵]̵

Note: This linter can be disabled with `set_option linter.unusedSimpArgs false`
