Traceback (most recent call last):
  File "/home/cosmosapjw/Dropbox/bianchi/htt_base/docs/research_program/gr_statistics_loops_20260930/local_cas/GRSTAT-CAS-20260930-1308KST/CAS-01/sympy/run.py", line 82, in <module>
    try: result=main()
                ^^^^^^
  File "/home/cosmosapjw/Dropbox/bianchi/htt_base/docs/research_program/gr_statistics_loops_20260930/local_cas/GRSTAT-CAS-20260930-1308KST/CAS-01/sympy/run.py", line 27, in main
    c01a = zero((U.T*B*U)[0]) and mz(Bs-B)
           ^^^^^^^^^^^^^^^^^^
  File "/home/cosmosapjw/Dropbox/bianchi/htt_base/docs/research_program/gr_statistics_loops_20260930/local_cas/GRSTAT-CAS-20260930-1308KST/CAS-01/sympy/run.py", line 19, in <lambda>
    zero = lambda e: s.expand(shell.reduce(s.expand(e))[1]) == 0
                              ^^^^^^^^^^^^^^^^^^^^^^^^^
  File "/home/cosmosapjw/.local/lib/python3.12/site-packages/sympy/polys/polytools.py", line 7784, in reduce
    poly = Poly._from_expr(expr, self._options)
           ^^^^^^^^^^^^^^^^^^^^^^^^^^^^^^^^^^^^
  File "/home/cosmosapjw/.local/lib/python3.12/site-packages/sympy/polys/polytools.py", line 320, in _from_expr
    return cls._from_dict(rep, opt)
           ^^^^^^^^^^^^^^^^^^^^^^^^
  File "/home/cosmosapjw/.local/lib/python3.12/site-packages/sympy/polys/polytools.py", line 267, in _from_dict
    rep[monom] = domain.convert(coeff)
                 ^^^^^^^^^^^^^^^^^^^^^
  File "/home/cosmosapjw/.local/lib/python3.12/site-packages/sympy/polys/domains/domain.py", line 456, in convert
    return self.from_sympy(element)
           ^^^^^^^^^^^^^^^^^^^^^^^^
  File "/home/cosmosapjw/.local/lib/python3.12/site-packages/sympy/polys/domains/integerring.py", line 76, in from_sympy
    raise CoercionFailed("expected an integer, got %s" % a)
sympy.polys.polyerrors.CoercionFailed: expected an integer, got s00
