Traceback (most recent call last):
  File "/home/cosmosapjw/.local/lib/python3.12/site-packages/sympy/polys/polyutils.py", line 231, in _parallel_dict_from_expr_if_gens
    monom[indices[base]] = exp
          ~~~~~~~^^^^^^
KeyError: 1/sqrt(u0**2 - u1**2 - u2**2 - u3**2)

During handling of the above exception, another exception occurred:

Traceback (most recent call last):
  File "/home/cosmosapjw/Dropbox/bianchi/htt_base/docs/research_program/gr_statistics_loops_20260930/local_cas/GRSTAT-CAS-20260930-1308KST/CAS-01/sympy/run.py", line 82, in <module>
    try: result=main()
                ^^^^^^
  File "/home/cosmosapjw/Dropbox/bianchi/htt_base/docs/research_program/gr_statistics_loops_20260930/local_cas/GRSTAT-CAS-20260930-1308KST/CAS-01/sympy/run.py", line 75, in main
    checks[KEYS[3]]=bool(mz(value-U) and mz(jac-g*Q.T/c))
                         ^^^^^^^^^^^
  File "/home/cosmosapjw/Dropbox/bianchi/htt_base/docs/research_program/gr_statistics_loops_20260930/local_cas/GRSTAT-CAS-20260930-1308KST/CAS-01/sympy/run.py", line 20, in <lambda>
    mz = lambda M: all(zero(e) for e in M)
                   ^^^^^^^^^^^^^^^^^^^^^^^
  File "/home/cosmosapjw/Dropbox/bianchi/htt_base/docs/research_program/gr_statistics_loops_20260930/local_cas/GRSTAT-CAS-20260930-1308KST/CAS-01/sympy/run.py", line 20, in <genexpr>
    mz = lambda M: all(zero(e) for e in M)
                       ^^^^^^^
  File "/home/cosmosapjw/Dropbox/bianchi/htt_base/docs/research_program/gr_statistics_loops_20260930/local_cas/GRSTAT-CAS-20260930-1308KST/CAS-01/sympy/run.py", line 19, in <lambda>
    zero = lambda e: s.expand(shell.reduce(s.expand(e))[1]) == 0
                              ^^^^^^^^^^^^^^^^^^^^^^^^^
  File "/home/cosmosapjw/.local/lib/python3.12/site-packages/sympy/polys/polytools.py", line 7784, in reduce
    poly = Poly._from_expr(expr, self._options)
           ^^^^^^^^^^^^^^^^^^^^^^^^^^^^^^^^^^^^
  File "/home/cosmosapjw/.local/lib/python3.12/site-packages/sympy/polys/polytools.py", line 319, in _from_expr
    rep, opt = _dict_from_expr(rep, opt)
               ^^^^^^^^^^^^^^^^^^^^^^^^^
  File "/home/cosmosapjw/.local/lib/python3.12/site-packages/sympy/polys/polyutils.py", line 388, in _dict_from_expr
    rep, gens = _dict_from_expr_if_gens(expr, opt)
                ^^^^^^^^^^^^^^^^^^^^^^^^^^^^^^^^^^
  File "/home/cosmosapjw/.local/lib/python3.12/site-packages/sympy/polys/polyutils.py", line 327, in _dict_from_expr_if_gens
    (poly,), gens = _parallel_dict_from_expr_if_gens((expr,), opt)
                    ^^^^^^^^^^^^^^^^^^^^^^^^^^^^^^^^^^^^^^^^^^^^^^
  File "/home/cosmosapjw/.local/lib/python3.12/site-packages/sympy/polys/polyutils.py", line 236, in _parallel_dict_from_expr_if_gens
    raise PolynomialError("%s contains an element of "
sympy.polys.polyerrors.PolynomialError: 1/sqrt(u0**2 - u1**2 - u2**2 - u3**2) contains an element of the set of generators.
