------------------------------------------------------------
Package xAct`xPerm`  version 1.2.4, {2025, 12, 29}
CopyRight (C) 2003-2026, Jose M. Martin-Garcia, under the General Public License.
Connecting to external linux executable...
Connection established.
------------------------------------------------------------
Package xAct`xTensor` version 1.3.0, {2025, 12, 29}
CopyRight (C) 2002-2026, Jose M. Martin-Garcia, under the General Public License.
------------------------------------------------------------
These packages come with ABSOLUTELY NO WARRANTY; for details type Disclaimer[]. This is free software, and you are welcome to redistribute it under certain conditions. See the General Public License for details.
------------------------------------------------------------
** DefManifold: Defining manifold GrstatM. 
** DefVBundle: Defining vbundle TangentGrstatM. 
** DefTensor: Defining symmetric metric tensor met[-a, -b]. 
** DefTensor: Defining antisymmetric tensor epsilonmet[-a, -b, -b1, -b2]. 
** DefTensor: Defining tetrametric Tetramet[-a, -b, -b1, -b2]. 
** DefTensor: Defining tetrametric Tetramet†[-a, -b, -b1, -b2]. 
** DefCovD: Defining covariant derivative CD[-a]. 
** DefTensor: Defining vanishing torsion tensor TorsionCD[a, -b, -b1]. 
** DefTensor: Defining symmetric Christoffel tensor ChristoffelCD[a, -b, -b1]. 
** DefTensor: Defining Riemann tensor RiemannCD[-a, -b, -b1, -b2]. 
** DefTensor: Defining symmetric Ricci tensor RicciCD[-a, -b]. 
** DefCovD: Contractions of Riemann automatically replaced by Ricci.
** DefTensor: Defining Ricci scalar RicciScalarCD[]. 
** DefCovD: Contractions of Ricci automatically replaced by RicciScalar.
** DefTensor: Defining symmetric Einstein tensor EinsteinCD[-a, -b]. 
** DefTensor: Defining Weyl tensor WeylCD[-a, -b, -b1, -b2]. 
** DefTensor: Defining symmetric TFRicci tensor TFRicciCD[-a, -b]. 
** DefTensor: Defining Kretschmann scalar KretschmannCD[]. 
** DefCovD: Computing RiemannToWeylRules for dim 4
** DefCovD: Computing RicciToTFRicci for dim 4
** DefCovD: Computing RicciToEinsteinRules for dim 4
** DefTensor: Defining weight +2 density Detmet[].      Determinant.
** DefTensor: Defining tensor sym[-a, -b]. 
CAS_JSON_BEGIN
{
	"checks":{
		"CAS-02-C01":true,
		"CAS-02-C02":true,
		"CAS-02-C03":false,
		"CAS-02-C04":true
	},
	"domain_assumption_diff":[],
	"counterexample":null,
	"xact_actions":{
		"symmetricForm":true,
		"metricTrace":true
	},
	"intermediate":{
		"JacobianGram":"{{1 + dd[1]^2\/(1 + dd[1]^2 + dd[2]^2 + dd[3]^2), (dd[1]*dd[2])\/(1 + dd[1]^2 + dd[2]^2 + dd[3]^2), (dd[1]*dd[3])\/(1 + dd[1]^2 + dd[2]^2 + dd[3]^2)}, {(dd[1]*dd[2])\/(1 + dd[1]^2 + dd[2]^2 + dd[3]^2), 1 + dd[2]^2\/(1 + dd[1]^2 + dd[2]^2 + dd[3]^2), (dd[2]*dd[3])\/(1 + dd[1]^2 + dd[2]^2 + dd[3]^2)}, {(dd[1]*dd[3])\/(1 + dd[1]^2 + dd[2]^2 + dd[3]^2), (dd[2]*dd[3])\/(1 + dd[1]^2 + dd[2]^2 + dd[3]^2), 1 + dd[3]^2\/(1 + dd[1]^2 + dd[2]^2 + dd[3]^2)}}",
		"JacobianCharacteristicPolynomial":"-(((-1 + z)^2*(-1 + z - 2*dd[1]^2 + z*dd[1]^2 - 2*dd[2]^2 + z*dd[2]^2 - 2*dd[3]^2 + z*dd[3]^2))\/(1 + dd[1]^2 + dd[2]^2 + dd[3]^2))",
		"rapidityBound":"ForAll[{v, R}, R >= 0 && v >= 0 && v <= Sinh[R]^2, 1 + v\/(1 + v) <= 1 + Tanh[R]^2]"
	},
	"wolfram_version":"15.0.0 for Linux x86 (64-bit) (May 26, 2026)",
	"xtensor_version":"{\"1.3.0\", {2025, 12, 29}}"
}
CAS_JSON_END
