------------------------------------------------------------
Package xAct`xPerm`  version 1.2.4, {2025, 12, 29}
CopyRight (C) 2003-2026, Jose M. Martin-Garcia, under the General Public License.
Connecting to external linux executable...
Connection established.
------------------------------------------------------------
Package xAct`xTensor` version 1.3.0, {2025, 12, 29}
CopyRight (C) 2002-2026, Jose M. Martin-Garcia, under the General Public License.
------------------------------------------------------------
These packages come with ABSOLUTELY NO WARRANTY; for details type Disclaimer[]. This is free software, and you are welcome to redistribute it under certain conditions. See the General Public License for details.
------------------------------------------------------------
CAS_STAGE:loaded
CAS_STAGE:C01-matrices
CAS_STAGE:C01-embed-def
CAS_STAGE:C01-embed-eval
CAS_STAGE:C01-delta
CAS_STAGE:C01-norm
CAS_STAGE:C01
CAS_STAGE:C02-coordinate
** DefManifold: Defining manifold CASM. 
** DefVBundle: Defining vbundle TangentCASM. 
** DefTensor: Defining tensor SA[-ia, -ib]. 
** DefTensor: Defining tensor SB[-ia, -ib]. 
** DefTensor: Defining tensor UA[ia]. 
** DefTensor: Defining tensor UB[ia]. 
CAS_STAGE:C02-xTensor
CAS_STAGE:C03-spectrum
CAS_STAGE:C03-bound

Export::jsonstrictencoding: Expression Implies cannot be exported as JSON.

StringJoin::string: String expected at position 2 in CAS_JSON:<>$Failed.
StringJoin[CAS_JSON:, $Failed]
