------------------------------------------------------------
Package xAct`xPerm`  version 1.2.4, {2025, 12, 29}
CopyRight (C) 2003-2026, Jose M. Martin-Garcia, under the General Public License.
Connecting to external linux executable...
Connection established.
------------------------------------------------------------
Package xAct`xTensor` version 1.3.0, {2025, 12, 29}
CopyRight (C) 2002-2026, Jose M. Martin-Garcia, under the General Public License.
------------------------------------------------------------
These packages come with ABSOLUTELY NO WARRANTY; for details type Disclaimer[]. This is free software, and you are welcome to redistribute it under certain conditions. See the General Public License for details.
------------------------------------------------------------
** DefManifold: Defining manifold PhaseM. 
** DefVBundle: Defining vbundle TangentPhaseM. 
** DefTensor: Defining symmetric metric tensor wm[-a, -b]. 
** DefTensor: Defining antisymmetric tensor epsilonwm[-a, -b, -b1]. 
** DefCovD: Defining covariant derivative DC[-a]. 
** DefTensor: Defining vanishing torsion tensor TorsionDC[a, -b, -b1]. 
** DefTensor: Defining symmetric Christoffel tensor ChristoffelDC[a, -b, -b1]. 
** DefTensor: Defining Riemann tensor RiemannDC[-a, -b, -b1, -b2]. 
** DefTensor: Defining symmetric Ricci tensor RicciDC[-a, -b]. 
** DefCovD: Contractions of Riemann automatically replaced by Ricci.
** DefTensor: Defining Ricci scalar RicciScalarDC[]. 
** DefCovD: Contractions of Ricci automatically replaced by RicciScalar.
** DefTensor: Defining symmetric Einstein tensor EinsteinDC[-a, -b]. 
** DefTensor: Defining vanishing Weyl tensor WeylDC[-a, -b, -b1, -b2]. 
** DefTensor: Defining symmetric TFRicci tensor TFRicciDC[-a, -b]. 
** DefTensor: Defining Kretschmann scalar KretschmannDC[]. 
** DefCovD: Computing RiemannToWeylRules for dim 3
** DefCovD: Computing RicciToTFRicci for dim 3
** DefCovD: Computing RicciToEinsteinRules for dim 3
** DefTensor: Defining weight +2 density Detwm[].      Determinant.
** DefTensor: Defining tensor ell[a, -b]. 

Clear::wrsym: Symbol E is Protected.

Series::ivar: E is not a valid variable.

Series::ivar: E is not a valid variable.

                                        0
Power::indet: Indeterminate expression 0  encountered.

                                        0
Power::indet: Indeterminate expression 0  encountered.
CAS_JSON_BEGIN
{
	"checks":{
		"CAS-12-C01":true,
		"CAS-12-C02":true,
		"CAS-12-C03":false,
		"CAS-12-C04":true
	},
	"domain_assumption_diff":[],
	"counterexample":null,
	"xact_actions":{
		"metricTrace":true
	},
	"analytic_obligations_not_checked":[
		"small-E analytic limit and ultraviolet integrability",
		"continuum q construction and differentiation under integral"
	],
	"intermediate":{
		"Thomson_moments_l0_to_l8":[
			1,
			0,
			0.1,
			0,
			0,
			0,
			0,
			0,
			0
		],
		"Planck_formal_series":"Series[(E^2*(1 + (-1 + E^(bpar*E))^(-1)))\/(-1 + E^(bpar*E)), {E, 0, 2}]",
		"weighted_Cauchy_residual":"0"
	},
	"wolfram_version":"15.0.0 for Linux x86 (64-bit) (May 26, 2026)",
	"xtensor_version":"{\"1.3.0\", {2025, 12, 29}}"
}
CAS_JSON_END
