{
  "axis": "sympy",
  "claim_ceiling": "CAS-03-C02 finite geodesic family only",
  "contract_id": "GRSTAT-20260930-CAS-03-C02-GEODESIC-FAMILY-V1",
  "contract_sha256": "feb9aa499860fe3beb6b2d671227c69fcad9cbafde2b6a7f806a95e80211da66",
  "domain_assumption_diff": [],
  "evidence_class": "exact",
  "observed_toolchain": {
    "argv": [
      "/usr/bin/python3",
      "docs/research_program/gr_statistics_loops_20260930/local_cas/GRSTAT-CAS-20260930-1308KST/CAS-03/c02_geodesic_family_v1_20261008/sympy/run.py"
    ],
    "cwd": "/home/cosmosapjw/Dropbox/bianchi/htt_base",
    "exit_code": 0,
    "python_implementation": "CPython",
    "python_version": "3.12.3 (main, Aug 31 2026, 10:18:26) [GCC 13.3.0]",
    "sympy_path": "/home/cosmosapjw/.local/lib/python3.12/site-packages/sympy/__init__.py",
    "sympy_version": "1.14.0"
  },
  "proof": {
    "chi0_quadratic_form": "b2*n2**2 + b3*n3**2 + epsilon*n1**2",
    "chi0_spatial_block": [
      [
        "epsilon",
        "0",
        "0"
      ],
      [
        "0",
        "b2",
        "0"
      ],
      [
        "0",
        "0",
        "b3"
      ]
    ],
    "contract_target": "epsilon*(n1**2*sinh(chi)**2 + 2*n1*sinh(chi)*cosh(chi) + sinh(chi)**2)",
    "difference_before_hyperbolic_reduction": "epsilon*n1**2*cosh(chi)**2 - epsilon*n1**2 + 2*epsilon*n1*sinh(chi)*cosh(chi) + epsilon*sinh(chi)**2",
    "exact_residual": "0",
    "quadratic_form": "b2*n2**2 + b3*n3**2 + epsilon*n1**2*cosh(chi)**2 + 2*epsilon*n1*sinh(chi)*cosh(chi) + epsilon*sinh(chi)**2",
    "rank_kernel_strata": [
      {
        "diagonal": [
          "epsilon_nz",
          "b2_nz",
          "b3_nz"
        ],
        "kernel_basis": [],
        "kernel_dimension": 0,
        "rank": 3,
        "zero_mask_epsilon_b2_b3": [
          false,
          false,
          false
        ]
      },
      {
        "diagonal": [
          "epsilon_nz",
          "b2_nz",
          "0"
        ],
        "kernel_basis": [
          [
            "0",
            "0",
            "1"
          ]
        ],
        "kernel_dimension": 1,
        "rank": 2,
        "zero_mask_epsilon_b2_b3": [
          false,
          false,
          true
        ]
      },
      {
        "diagonal": [
          "epsilon_nz",
          "0",
          "b3_nz"
        ],
        "kernel_basis": [
          [
            "0",
            "1",
            "0"
          ]
        ],
        "kernel_dimension": 1,
        "rank": 2,
        "zero_mask_epsilon_b2_b3": [
          false,
          true,
          false
        ]
      },
      {
        "diagonal": [
          "epsilon_nz",
          "0",
          "0"
        ],
        "kernel_basis": [
          [
            "0",
            "1",
            "0"
          ],
          [
            "0",
            "0",
            "1"
          ]
        ],
        "kernel_dimension": 2,
        "rank": 1,
        "zero_mask_epsilon_b2_b3": [
          false,
          true,
          true
        ]
      },
      {
        "diagonal": [
          "0",
          "b2_nz",
          "b3_nz"
        ],
        "kernel_basis": [
          [
            "1",
            "0",
            "0"
          ]
        ],
        "kernel_dimension": 1,
        "rank": 2,
        "zero_mask_epsilon_b2_b3": [
          true,
          false,
          false
        ]
      },
      {
        "diagonal": [
          "0",
          "b2_nz",
          "0"
        ],
        "kernel_basis": [
          [
            "1",
            "0",
            "0"
          ],
          [
            "0",
            "0",
            "1"
          ]
        ],
        "kernel_dimension": 2,
        "rank": 1,
        "zero_mask_epsilon_b2_b3": [
          true,
          false,
          true
        ]
      },
      {
        "diagonal": [
          "0",
          "0",
          "b3_nz"
        ],
        "kernel_basis": [
          [
            "1",
            "0",
            "0"
          ],
          [
            "0",
            "1",
            "0"
          ]
        ],
        "kernel_dimension": 2,
        "rank": 1,
        "zero_mask_epsilon_b2_b3": [
          true,
          true,
          false
        ]
      },
      {
        "diagonal": [
          "0",
          "0",
          "0"
        ],
        "kernel_basis": [
          [
            "1",
            "0",
            "0"
          ],
          [
            "0",
            "1",
            "0"
          ],
          [
            "0",
            "0",
            "1"
          ]
        ],
        "kernel_dimension": 3,
        "rank": 0,
        "zero_mask_epsilon_b2_b3": [
          true,
          true,
          true
        ]
      }
    ],
    "repeated_and_all_zero_controls": [
      {
        "kernel_basis": [],
        "kernel_dimension": 0,
        "matrix": [
          [
            "a",
            "0",
            "0"
          ],
          [
            "0",
            "a",
            "0"
          ],
          [
            "0",
            "0",
            "a"
          ]
        ],
        "name": "all_three_equal_nonzero",
        "rank": 3
      },
      {
        "kernel_basis": [],
        "kernel_dimension": 0,
        "matrix": [
          [
            "a",
            "0",
            "0"
          ],
          [
            "0",
            "a",
            "0"
          ],
          [
            "0",
            "0",
            "d"
          ]
        ],
        "name": "epsilon_b2_equal_nonzero",
        "rank": 3
      },
      {
        "kernel_basis": [
          [
            "0",
            "0",
            "1"
          ]
        ],
        "kernel_dimension": 1,
        "matrix": [
          [
            "a",
            "0",
            "0"
          ],
          [
            "0",
            "a",
            "0"
          ],
          [
            "0",
            "0",
            "0"
          ]
        ],
        "name": "epsilon_b2_equal_b3_zero",
        "rank": 2
      },
      {
        "kernel_basis": [
          [
            "0",
            "1",
            "0"
          ]
        ],
        "kernel_dimension": 1,
        "matrix": [
          [
            "a",
            "0",
            "0"
          ],
          [
            "0",
            "0",
            "0"
          ],
          [
            "0",
            "0",
            "a"
          ]
        ],
        "name": "epsilon_b3_equal_b2_zero",
        "rank": 2
      },
      {
        "kernel_basis": [
          [
            "1",
            "0",
            "0"
          ]
        ],
        "kernel_dimension": 1,
        "matrix": [
          [
            "0",
            "0",
            "0"
          ],
          [
            "0",
            "a",
            "0"
          ],
          [
            "0",
            "0",
            "a"
          ]
        ],
        "name": "b2_b3_equal_epsilon_zero",
        "rank": 2
      },
      {
        "kernel_basis": [
          [
            "1",
            "0",
            "0"
          ],
          [
            "0",
            "1",
            "0"
          ],
          [
            "0",
            "0",
            "1"
          ]
        ],
        "kernel_dimension": 3,
        "matrix": [
          [
            "0",
            "0",
            "0"
          ],
          [
            "0",
            "0",
            "0"
          ],
          [
            "0",
            "0",
            "0"
          ]
        ],
        "name": "all_zero",
        "rank": 0
      }
    ],
    "sphere_relation_note": "The exact identity is independent of n2,n3 and therefore holds on the contracted unit sphere without using a weakened domain.",
    "sphere_relation_used": false
  },
  "remaining_obligations": [
    "CAS03 C03",
    "eigenfield existence/IFT",
    "science"
  ],
  "runtime_identity": {
    "authority": "unavailable",
    "effort": "UNKNOWN",
    "launch": null,
    "model": "UNKNOWN"
  },
  "schema": "htt.cas.axis-result.v1",
  "scientific_admission": "HOLD",
  "source_input_hashes": {
    "inputs": [
      {
        "path": "docs/research_program/gr_statistics_loops_20260930/local_cas/GRSTAT-CAS-20260930-1308KST/CAS-03/c02_geodesic_family_v1_20261008/EXECUTION_CONTRACT.json",
        "sha256": "feb9aa499860fe3beb6b2d671227c69fcad9cbafde2b6a7f806a95e80211da66"
      },
      {
        "path": "docs/research_program/gr_statistics_loops_20260930/local_cas/GRSTAT-CAS-20260930-1308KST/CAS-03/c02_geodesic_family_v1_20261008/ADMITTED_INPUTS.json",
        "sha256": "14e2c2843ff9791656488613ced678198d9f37beb246d8c15b6fba6530af03d1"
      },
      {
        "path": "docs/research_program/gr_statistics_loops_20260930/cas/COMMON_SPEC.md",
        "sha256": "4714827e52acf3cb149f4014ac50ab2aa995dd4a0526f6b26ac7257807fe1897"
      }
    ],
    "source": {
      "path": "docs/research_program/gr_statistics_loops_20260930/local_cas/GRSTAT-CAS-20260930-1308KST/CAS-03/c02_geodesic_family_v1_20261008/sympy/run.py",
      "sha256": "44995a1d090fbd8a811e615c52671611a20442078534fe8c259c734f766e5f63"
    }
  },
  "statement_alignment": {
    "all_zero_control": "PASS",
    "chi0_spatial_block": "PASS",
    "complete_zero_nonzero_rank_kernel_strata": "PASS",
    "family_difference": "PASS",
    "repeated_nonzero_controls": "PASS"
  },
  "status": "PASS"
}
