{
  "schema_version": 2,
  "contract_id": "TYPEFREE-PORT-CAS-01-LORENTZ-MASS-SHELL-V1",
  "contract_sha256": "1085005167c4bfeeb2ec6c7199f94c73d2b0651b381bcce00fdc05275f090169",
  "aggregate_status": "CAS_CONFLICT",
  "risk_tier": "R3",
  "required_axes": [
    "wolfram_xact",
    "sympy",
    "sage_singular",
    "lean"
  ],
  "axis_statuses": {
    "wolfram_xact": "PASS",
    "sympy": "INCONCLUSIVE",
    "sage_singular": "INCONCLUSIVE",
    "lean": "PASS"
  },
  "missing_axes": [],
  "exceptions_applied": [],
  "errors": [],
  "adjudicated_at": "2026-10-08T06:46:41+00:00",
  "note": "CAS_4AXIS_PASS requires all 4 contract-required axes to satisfy the risk-scaled contract under one contract hash; majority vote is structurally forbidden. Runner observation establishes only the CAS evidence component; it does not establish scientific validity, novelty, or overall claim readiness. Local observation is not a security attestation.",
  "verification_state": "RUNNER_OBSERVED_EXECUTION",
  "evidence_origin": "runner_observed_local_subprocess",
  "execution_evidence": {
    "wolfram_xact": {
      "evidence_origin": "runner_observed_local_subprocess",
      "axis": "wolfram_xact",
      "argv": [
        "/usr/bin/python3",
        "-B",
        "/home/cosmosapjw/Dropbox/bianchi/htt_base/docs/research_program/theory_inference_port_20260930/local_execution/PORT-CAS-01/lorentz_mass_shell_v1_20261008/wolfram_xact/run.py"
      ],
      "cwd": "docs/research_program/theory_inference_port_20260930/local_execution/PORT-CAS-01/lorentz_mass_shell_v1_20261008/wolfram_xact",
      "timeout_seconds": 1800,
      "solver_executed": true,
      "preflight_probe": {
        "status": "PASS",
        "commands": [
          {
            "cmd": "wolframscript -code <version+xAct probe>",
            "exit": 0
          }
        ],
        "transcript_tail": "---------------------------------------------------------\nPackage xAct`xPerm`  version 1.2.4, {2025, 12, 29}\nCopyRight (C) 2003-2026, Jose M. Martin-Garcia, under the General Public License.\nConnecting to external linux executable...\nConnection established.\n------------------------------------------------------------\nPackage xAct`xTensor` version 1.3.0, {2025, 12, 29}\nCopyRight (C) 2002-2026, Jose M. Martin-Garcia, under the General Public License.\n------------------------------------------------------------\nThese packages come with ABSOLUTELY NO WARRANTY; for details type Disclaimer[]. This is free software, and you are welcome to redistribute it under certain conditions. See the General Public License for details.\n------------------------------------------------------------\nXACT_LOAD_OK\n"
      },
      "started_at": "2026-10-08T06:46:04+00:00",
      "completed_at": "2026-10-08T06:46:10+00:00",
      "exit_code": 0,
      "timed_out": false,
      "stdout_tail": "{\"checks\":{\"PORT-CAS-01\":true},\"domain_assumption_diff\":[],\"counterexample\":null}\n",
      "stderr_tail": "",
      "derived_status": "PASS",
      "errors": [],
      "payload": {
        "checks": {
          "PORT-CAS-01": true
        },
        "domain_assumption_diff": [],
        "counterexample": null
      }
    },
    "sympy": {
      "evidence_origin": "runner_observed_local_subprocess",
      "axis": "sympy",
      "argv": [
        "/usr/bin/python3",
        "-B",
        "/home/cosmosapjw/Dropbox/bianchi/htt_base/docs/research_program/theory_inference_port_20260930/local_execution/PORT-CAS-01/lorentz_mass_shell_v1_20261008/sympy/run.py"
      ],
      "cwd": "docs/research_program/theory_inference_port_20260930/local_execution/PORT-CAS-01/lorentz_mass_shell_v1_20261008/sympy",
      "timeout_seconds": 1800,
      "solver_executed": true,
      "preflight_probe": {
        "status": "PASS",
        "commands": [
          {
            "cmd": "/usr/bin/python3 -c <sympy exact factor probe>",
            "exit": 0
          }
        ],
        "transcript_tail": "1.14.0\n"
      },
      "started_at": "2026-10-08T06:46:10+00:00",
      "completed_at": "2026-10-08T06:46:10+00:00",
      "exit_code": 2,
      "timed_out": false,
      "stdout_tail": "",
      "stderr_tail": "/usr/bin/python3: can't open file '/home/cosmosapjw/Dropbox/bianchi/htt_base/docs/research_program/theory_inference_port_20260930/local_execution/PORT-CAS-01/lorentz_mass_shell_v1_20261008/sympy/run.py': [Errno 2] No such file or directory\n",
      "derived_status": "INCONCLUSIVE",
      "errors": [
        "child stdout is not one JSON document: Expecting value: line 1 column 1 (char 0)"
      ]
    },
    "sage_singular": {
      "evidence_origin": "runner_observed_local_subprocess",
      "axis": "sage_singular",
      "argv": [
        "/usr/bin/python3",
        "-B",
        "/home/cosmosapjw/Dropbox/bianchi/htt_base/docs/research_program/theory_inference_port_20260930/local_execution/PORT-CAS-01/lorentz_mass_shell_v1_20261008/sage_singular/run.py"
      ],
      "cwd": "docs/research_program/theory_inference_port_20260930/local_execution/PORT-CAS-01/lorentz_mass_shell_v1_20261008/sage_singular",
      "timeout_seconds": 1800,
      "solver_executed": true,
      "preflight_probe": {
        "status": "PASS",
        "commands": [
          {
            "cmd": "sage -c <exact factor + singular version probe>",
            "exit": 0
          }
        ],
        "transcript_tail": "SageMath version 10.9, Release Date: 2026-05-04\n44100\n<cmdline>:1: DeprecationWarning: Use sage.version.version instead.\nSee https://github.com/sagemath/sage/issues/39015 for details.\n"
      },
      "started_at": "2026-10-08T06:46:18+00:00",
      "completed_at": "2026-10-08T06:46:18+00:00",
      "exit_code": 2,
      "timed_out": false,
      "stdout_tail": "",
      "stderr_tail": "/usr/bin/python3: can't open file '/home/cosmosapjw/Dropbox/bianchi/htt_base/docs/research_program/theory_inference_port_20260930/local_execution/PORT-CAS-01/lorentz_mass_shell_v1_20261008/sage_singular/run.py': [Errno 2] No such file or directory\n",
      "derived_status": "INCONCLUSIVE",
      "errors": [
        "child stdout is not one JSON document: Expecting value: line 1 column 1 (char 0)"
      ]
    },
    "lean": {
      "evidence_origin": "runner_observed_local_subprocess",
      "axis": "lean",
      "argv": [
        "/usr/bin/python3",
        "-B",
        "/home/cosmosapjw/Dropbox/bianchi/htt_base/docs/research_program/theory_inference_port_20260930/local_execution/PORT-CAS-01/lorentz_mass_shell_v1_20261008/lean/run.py"
      ],
      "cwd": "docs/research_program/theory_inference_port_20260930/local_execution/PORT-CAS-01/lorentz_mass_shell_v1_20261008/lean",
      "timeout_seconds": 3600,
      "solver_executed": true,
      "preflight_probe": {
        "status": "PASS",
        "commands": [
          {
            "cmd": "ELAN_TOOLCHAIN=leanprover/lean4:v4.31.0 lean --version",
            "exit": 0
          }
        ],
        "transcript_tail": "Lean (version 4.31.0, x86_64-unknown-linux-gnu, commit 68218e876d2a38b1985b8590fff244a83c321783, Release)\n",
        "pinned_toolchain": "leanprover/lean4:v4.31.0"
      },
      "started_at": "2026-10-08T06:46:18+00:00",
      "completed_at": "2026-10-08T06:46:41+00:00",
      "exit_code": 0,
      "timed_out": false,
      "stdout_tail": "{\"checks\":{\"PORT-CAS-01\":true},\"domain_assumption_diff\":[],\"counterexample\":null}\n",
      "stderr_tail": "",
      "derived_status": "PASS",
      "errors": [],
      "payload": {
        "checks": {
          "PORT-CAS-01": true
        },
        "domain_assumption_diff": [],
        "counterexample": null
      }
    }
  },
  "claim_promotion_cas_eligible": false,
  "claim_promotion_cas_requirement": "NOT_SATISFIED"
}
