/home/cosmosapjw/Dropbox/bianchi/htt_base/docs/research_program/gr_statistics_loops_20260930/local_cas/GRSTAT-CAS-20260930-1308KST/CAS-13/c03_hermite_certificates_v1_20261008/lean/CAS13C03.lean:260:38: warning: Used `tac1 <;> tac2` where `(tac1; tac2)` would suffice

Note: This linter can be disabled with `set_option linter.unnecessarySeqFocus false`
/home/cosmosapjw/Dropbox/bianchi/htt_base/docs/research_program/gr_statistics_loops_20260930/local_cas/GRSTAT-CAS-20260930-1308KST/CAS-13/c03_hermite_certificates_v1_20261008/lean/CAS13C03.lean:264:38: warning: Used `tac1 <;> tac2` where `(tac1; tac2)` would suffice

Note: This linter can be disabled with `set_option linter.unnecessarySeqFocus false`
'CAS13C03.p5_identity' depends on axioms: [propext, Classical.choice, Quot.sound]
'CAS13C03.p6_identity' depends on axioms: [propext, Classical.choice, Quot.sound]
'CAS13C03.q5_coeff_unique' depends on axioms: [propext, Classical.choice, Quot.sound]
'CAS13C03.q6_coeff_unique' depends on axioms: [propext, Classical.choice, Quot.sound]
'CAS13C03.q5_hasDerivAt' depends on axioms: [propext, Classical.choice, Quot.sound]
'CAS13C03.q6_hasDerivAt' depends on axioms: [propext, Classical.choice, Quot.sound]
'CAS13C03.p5_pos' depends on axioms: [propext, Classical.choice, Quot.sound]
'CAS13C03.p6_pos' depends on axioms: [propext, Classical.choice, Quot.sound]
'CAS13C03.lower5' depends on axioms: [propext, Classical.choice, Quot.sound]
'CAS13C03.lower6' depends on axioms: [propext, Classical.choice, Quot.sound]
'CAS13C03.upper5' depends on axioms: [propext, Classical.choice, Quot.sound]
'CAS13C03.upper6' depends on axioms: [propext, Classical.choice, Quot.sound]
'CAS13C03.integral_q5' depends on axioms: [propext, Classical.choice, Quot.sound]
'CAS13C03.integral_q6' depends on axioms: [propext, Classical.choice, Quot.sound]
'CAS13C03.q5_two_node_fixed_moments' depends on axioms: [propext, Classical.choice, Quot.sound]
'CAS13C03.q6_two_node_fixed_moments' depends on axioms: [propext, Classical.choice, Quot.sound]
'CAS13C03.p5_boundary_polynomial' depends on axioms: [propext, Classical.choice, Quot.sound]
'CAS13C03.p6_boundary_polynomial' depends on axioms: [propext, Classical.choice, Quot.sound]
