/home/cosmosapjw/Dropbox/bianchi/htt_base/docs/research_program/gr_statistics_loops_20260930/local_cas/GRSTAT-CAS-20260930-1308KST/CAS-13/c03_hermite_certificates_v1_20261008/lean/CAS13C03.lean:88:12: error: `simp` made no progress
/home/cosmosapjw/Dropbox/bianchi/htt_base/docs/research_program/gr_statistics_loops_20260930/local_cas/GRSTAT-CAS-20260930-1308KST/CAS-13/c03_hermite_certificates_v1_20261008/lean/CAS13C03.lean:88:12: error: `simp` made no progress
Try this:
  [apply] ring_nf
  
  The `ring` tactic failed to close the goal. Use `ring_nf` to obtain a normal form.
    
  Note that `ring` works primarily in *commutative* rings. If you have a noncommutative ring, abelian group or module, consider using `noncomm_ring`, `abel` or `module` instead.
/home/cosmosapjw/Dropbox/bianchi/htt_base/docs/research_program/gr_statistics_loops_20260930/local_cas/GRSTAT-CAS-20260930-1308KST/CAS-13/c03_hermite_certificates_v1_20261008/lean/CAS13C03.lean:83:8: error: (kernel) declaration has metavariables 'CAS13C03.q5_hasDerivAt'
/home/cosmosapjw/Dropbox/bianchi/htt_base/docs/research_program/gr_statistics_loops_20260930/local_cas/GRSTAT-CAS-20260930-1308KST/CAS-13/c03_hermite_certificates_v1_20261008/lean/CAS13C03.lean:95:12: error: `simp` made no progress
/home/cosmosapjw/Dropbox/bianchi/htt_base/docs/research_program/gr_statistics_loops_20260930/local_cas/GRSTAT-CAS-20260930-1308KST/CAS-13/c03_hermite_certificates_v1_20261008/lean/CAS13C03.lean:95:12: error: `simp` made no progress
Try this:
  [apply] ring_nf
  
  The `ring` tactic failed to close the goal. Use `ring_nf` to obtain a normal form.
    
  Note that `ring` works primarily in *commutative* rings. If you have a noncommutative ring, abelian group or module, consider using `noncomm_ring`, `abel` or `module` instead.
/home/cosmosapjw/Dropbox/bianchi/htt_base/docs/research_program/gr_statistics_loops_20260930/local_cas/GRSTAT-CAS-20260930-1308KST/CAS-13/c03_hermite_certificates_v1_20261008/lean/CAS13C03.lean:90:8: error: (kernel) declaration has metavariables 'CAS13C03.q6_hasDerivAt'
/home/cosmosapjw/Dropbox/bianchi/htt_base/docs/research_program/gr_statistics_loops_20260930/local_cas/GRSTAT-CAS-20260930-1308KST/CAS-13/c03_hermite_certificates_v1_20261008/lean/CAS13C03.lean:135:63: error: unsolved goals
μ : MeasureTheory.Measure ℝ
inst✝ : MeasureTheory.IsProbabilityMeasure μ
A U : ℝ
h3 : MeasureTheory.Integrable (fun y => y ^ 3) μ
h4 : MeasureTheory.Integrable (fun y => y ^ 4) μ
hc : MeasureTheory.Integrable (fun x => c05 A U) μ
hc3 : MeasureTheory.Integrable (fun y => c35 A U * y ^ 3) μ
hc4 : MeasureTheory.Integrable (fun y => c45 A U * y ^ 4) μ
hsum :
  ∫ (y : ℝ), c05 A U + c35 A U * y ^ 3 + c45 A U * y ^ 4 ∂μ =
    ∫ (y : ℝ), c05 A U + c35 A U * y ^ 3 ∂μ + ∫ (y : ℝ), c45 A U * y ^ 4 ∂μ
hinner : ∫ (y : ℝ), c05 A U + c35 A U * y ^ 3 ∂μ = ∫ (y : ℝ), c05 A U ∂μ + ∫ (y : ℝ), c35 A U * y ^ 3 ∂μ
⊢ c05 A U + ∫ (y : ℝ), c35 A U * y ^ 3 ∂μ + ∫ (y : ℝ), c45 A U * y ^ 4 ∂μ =
    c05 A U + c35 A U * ∫ (y : ℝ), y ^ 3 ∂μ + c45 A U * ∫ (y : ℝ), y ^ 4 ∂μ
/home/cosmosapjw/Dropbox/bianchi/htt_base/docs/research_program/gr_statistics_loops_20260930/local_cas/GRSTAT-CAS-20260930-1308KST/CAS-13/c03_hermite_certificates_v1_20261008/lean/CAS13C03.lean:154:63: error: unsolved goals
μ : MeasureTheory.Measure ℝ
inst✝ : MeasureTheory.IsProbabilityMeasure μ
A U : ℝ
h3 : MeasureTheory.Integrable (fun y => y ^ 3) μ
h4 : MeasureTheory.Integrable (fun y => y ^ 4) μ
hc : MeasureTheory.Integrable (fun x => c06 A U) μ
hc3 : MeasureTheory.Integrable (fun y => c36 A U * y ^ 3) μ
hc4 : MeasureTheory.Integrable (fun y => c46 A U * y ^ 4) μ
hsum :
  ∫ (y : ℝ), c06 A U + c36 A U * y ^ 3 + c46 A U * y ^ 4 ∂μ =
    ∫ (y : ℝ), c06 A U + c36 A U * y ^ 3 ∂μ + ∫ (y : ℝ), c46 A U * y ^ 4 ∂μ
hinner : ∫ (y : ℝ), c06 A U + c36 A U * y ^ 3 ∂μ = ∫ (y : ℝ), c06 A U ∂μ + ∫ (y : ℝ), c36 A U * y ^ 3 ∂μ
⊢ c06 A U + ∫ (y : ℝ), c36 A U * y ^ 3 ∂μ + ∫ (y : ℝ), c46 A U * y ^ 4 ∂μ =
    c06 A U + c36 A U * ∫ (y : ℝ), y ^ 3 ∂μ + c46 A U * ∫ (y : ℝ), y ^ 4 ∂μ
/home/cosmosapjw/Dropbox/bianchi/htt_base/docs/research_program/gr_statistics_loops_20260930/local_cas/GRSTAT-CAS-20260930-1308KST/CAS-13/c03_hermite_certificates_v1_20261008/lean/CAS13C03.lean:244:38: warning: Used `tac1 <;> tac2` where `(tac1; tac2)` would suffice

Note: This linter can be disabled with `set_option linter.unnecessarySeqFocus false`
/home/cosmosapjw/Dropbox/bianchi/htt_base/docs/research_program/gr_statistics_loops_20260930/local_cas/GRSTAT-CAS-20260930-1308KST/CAS-13/c03_hermite_certificates_v1_20261008/lean/CAS13C03.lean:248:38: warning: Used `tac1 <;> tac2` where `(tac1; tac2)` would suffice

Note: This linter can be disabled with `set_option linter.unnecessarySeqFocus false`
