/home/cosmosapjw/Dropbox/bianchi/htt_base/docs/research_program/gr_statistics_loops_20260930/local_cas/GRSTAT-CAS-20260930-1308KST/CAS-13/c03_hermite_certificates_v1_20261008/lean/CAS13C03.lean:87:65: error: `simp` made no progress
/home/cosmosapjw/Dropbox/bianchi/htt_base/docs/research_program/gr_statistics_loops_20260930/local_cas/GRSTAT-CAS-20260930-1308KST/CAS-13/c03_hermite_certificates_v1_20261008/lean/CAS13C03.lean:87:65: error: `simp` made no progress
/home/cosmosapjw/Dropbox/bianchi/htt_base/docs/research_program/gr_statistics_loops_20260930/local_cas/GRSTAT-CAS-20260930-1308KST/CAS-13/c03_hermite_certificates_v1_20261008/lean/CAS13C03.lean:87:65: error: `simp` made no progress
/home/cosmosapjw/Dropbox/bianchi/htt_base/docs/research_program/gr_statistics_loops_20260930/local_cas/GRSTAT-CAS-20260930-1308KST/CAS-13/c03_hermite_certificates_v1_20261008/lean/CAS13C03.lean:83:77: error: unsolved goals
case e'_9
A U y : ℝ
⊢ 3 * c35 A U * y ^ 2 + 4 * c45 A U * y ^ 3 = 0 + c35 A U * (↑3 * y ^ (3 - 1) * 1) + c45 A U * (↑4 * y ^ (4 - 1) * 1)
/home/cosmosapjw/Dropbox/bianchi/htt_base/docs/research_program/gr_statistics_loops_20260930/local_cas/GRSTAT-CAS-20260930-1308KST/CAS-13/c03_hermite_certificates_v1_20261008/lean/CAS13C03.lean:93:65: error: `simp` made no progress
/home/cosmosapjw/Dropbox/bianchi/htt_base/docs/research_program/gr_statistics_loops_20260930/local_cas/GRSTAT-CAS-20260930-1308KST/CAS-13/c03_hermite_certificates_v1_20261008/lean/CAS13C03.lean:93:65: error: `simp` made no progress
/home/cosmosapjw/Dropbox/bianchi/htt_base/docs/research_program/gr_statistics_loops_20260930/local_cas/GRSTAT-CAS-20260930-1308KST/CAS-13/c03_hermite_certificates_v1_20261008/lean/CAS13C03.lean:93:65: error: `simp` made no progress
/home/cosmosapjw/Dropbox/bianchi/htt_base/docs/research_program/gr_statistics_loops_20260930/local_cas/GRSTAT-CAS-20260930-1308KST/CAS-13/c03_hermite_certificates_v1_20261008/lean/CAS13C03.lean:89:77: error: unsolved goals
case e'_9
A U y : ℝ
⊢ 3 * c36 A U * y ^ 2 + 4 * c46 A U * y ^ 3 = 0 + c36 A U * (↑3 * y ^ (3 - 1) * 1) + c46 A U * (↑4 * y ^ (4 - 1) * 1)
/home/cosmosapjw/Dropbox/bianchi/htt_base/docs/research_program/gr_statistics_loops_20260930/local_cas/GRSTAT-CAS-20260930-1308KST/CAS-13/c03_hermite_certificates_v1_20261008/lean/CAS13C03.lean:138:6: error: Tactic `rewrite` failed: Did not find an occurrence of the pattern
  ∫ (a : ℝ), ((fun x => c05 A U) + fun y => c35 A U * y ^ 3) a + c45 A U * a ^ 4 ∂μ
in the target expression
  ∫ (y : ℝ), c05 A U + c35 A U * y ^ 3 + c45 A U * y ^ 4 ∂μ =
    c05 A U + c35 A U * ∫ (y : ℝ), y ^ 3 ∂μ + c45 A U * ∫ (y : ℝ), y ^ 4 ∂μ

μ : MeasureTheory.Measure ℝ
inst✝ : MeasureTheory.IsProbabilityMeasure μ
A U : ℝ
h3 : MeasureTheory.Integrable (fun y => y ^ 3) μ
h4 : MeasureTheory.Integrable (fun y => y ^ 4) μ
hc : MeasureTheory.Integrable (fun x => c05 A U) μ
hc3 : MeasureTheory.Integrable (fun y => c35 A U * y ^ 3) μ
hc4 : MeasureTheory.Integrable (fun y => c45 A U * y ^ 4) μ
⊢ ∫ (y : ℝ), c05 A U + c35 A U * y ^ 3 + c45 A U * y ^ 4 ∂μ =
    c05 A U + c35 A U * ∫ (y : ℝ), y ^ 3 ∂μ + c45 A U * ∫ (y : ℝ), y ^ 4 ∂μ
/home/cosmosapjw/Dropbox/bianchi/htt_base/docs/research_program/gr_statistics_loops_20260930/local_cas/GRSTAT-CAS-20260930-1308KST/CAS-13/c03_hermite_certificates_v1_20261008/lean/CAS13C03.lean:150:6: error: Tactic `rewrite` failed: Did not find an occurrence of the pattern
  ∫ (a : ℝ), ((fun x => c06 A U) + fun y => c36 A U * y ^ 3) a + c46 A U * a ^ 4 ∂μ
in the target expression
  ∫ (y : ℝ), c06 A U + c36 A U * y ^ 3 + c46 A U * y ^ 4 ∂μ =
    c06 A U + c36 A U * ∫ (y : ℝ), y ^ 3 ∂μ + c46 A U * ∫ (y : ℝ), y ^ 4 ∂μ

μ : MeasureTheory.Measure ℝ
inst✝ : MeasureTheory.IsProbabilityMeasure μ
A U : ℝ
h3 : MeasureTheory.Integrable (fun y => y ^ 3) μ
h4 : MeasureTheory.Integrable (fun y => y ^ 4) μ
hc : MeasureTheory.Integrable (fun x => c06 A U) μ
hc3 : MeasureTheory.Integrable (fun y => c36 A U * y ^ 3) μ
hc4 : MeasureTheory.Integrable (fun y => c46 A U * y ^ 4) μ
⊢ ∫ (y : ℝ), c06 A U + c36 A U * y ^ 3 + c46 A U * y ^ 4 ∂μ =
    c06 A U + c36 A U * ∫ (y : ℝ), y ^ 3 ∂μ + c46 A U * ∫ (y : ℝ), y ^ 4 ∂μ
/home/cosmosapjw/Dropbox/bianchi/htt_base/docs/research_program/gr_statistics_loops_20260930/local_cas/GRSTAT-CAS-20260930-1308KST/CAS-13/c03_hermite_certificates_v1_20261008/lean/CAS13C03.lean:228:38: warning: Used `tac1 <;> tac2` where `(tac1; tac2)` would suffice

Note: This linter can be disabled with `set_option linter.unnecessarySeqFocus false`
/home/cosmosapjw/Dropbox/bianchi/htt_base/docs/research_program/gr_statistics_loops_20260930/local_cas/GRSTAT-CAS-20260930-1308KST/CAS-13/c03_hermite_certificates_v1_20261008/lean/CAS13C03.lean:232:38: warning: Used `tac1 <;> tac2` where `(tac1; tac2)` would suffice

Note: This linter can be disabled with `set_option linter.unnecessarySeqFocus false`
