Try this:
  [apply] ring_nf
  
  The `ring` tactic failed to close the goal. Use `ring_nf` to obtain a normal form.
    
  Note that `ring` works primarily in *commutative* rings. If you have a noncommutative ring, abelian group or module, consider using `noncomm_ring`, `abel` or `module` instead.
Try this:
  [apply] ring_nf
  
  The `ring` tactic failed to close the goal. Use `ring_nf` to obtain a normal form.
    
  Note that `ring` works primarily in *commutative* rings. If you have a noncommutative ring, abelian group or module, consider using `noncomm_ring`, `abel` or `module` instead.
/home/cosmosapjw/Dropbox/bianchi/htt_base/docs/research_program/gr_statistics_loops_20260930/local_cas/GRSTAT-CAS-20260930-1308KST/CAS-12/c04_oscillatory_derivative_bridge_v1_20261011/OscillatoryDerivative.lean:13:75: error: unsolved goals
case e'_8
n x : ℝ
⊢ (fun t => Real.sin (n * t)) = fun x => Real.sin (n * id x)

case e'_9
n x : ℝ
⊢ n * Real.cos (n * x) = n * Real.cos (n * id x)
/home/cosmosapjw/Dropbox/bianchi/htt_base/docs/research_program/gr_statistics_loops_20260930/local_cas/GRSTAT-CAS-20260930-1308KST/CAS-12/c04_oscillatory_derivative_bridge_v1_20261011/OscillatoryDerivative.lean:22:83: error: `ring_nf` made no progress on the goal
/home/cosmosapjw/Dropbox/bianchi/htt_base/docs/research_program/gr_statistics_loops_20260930/local_cas/GRSTAT-CAS-20260930-1308KST/CAS-12/c04_oscillatory_derivative_bridge_v1_20261011/OscillatoryDerivative.lean:22:83: error: `ring_nf` made no progress on the goal
Try this:
  [apply] ring_nf
  
  The `ring` tactic failed to close the goal. Use `ring_nf` to obtain a normal form.
    
  Note that `ring` works primarily in *commutative* rings. If you have a noncommutative ring, abelian group or module, consider using `noncomm_ring`, `abel` or `module` instead.
/home/cosmosapjw/Dropbox/bianchi/htt_base/docs/research_program/gr_statistics_loops_20260930/local_cas/GRSTAT-CAS-20260930-1308KST/CAS-12/c04_oscillatory_derivative_bridge_v1_20261011/OscillatoryDerivative.lean:17:8: error: (kernel) declaration has metavariables 'CAS12C04.hasDerivAt_oscillatory_perturbation'
'CAS12C04.hasDerivAt_sin_frequency' depends on axioms: [propext, sorryAx, Classical.choice, Quot.sound]
'CAS12C04.hasDerivAt_oscillatory_perturbation' depends on axioms: [propext,
 CAS12C04.hasDerivAt_oscillatory_perturbation,
 Classical.choice,
 Quot.sound]
'CAS12C04.hasDerivAt_constant_q' depends on axioms: [propext,
 CAS12C04.hasDerivAt_oscillatory_perturbation,
 Classical.choice,
 Quot.sound]
'CAS12C04.moment_scalar_annihilation' depends on axioms: [propext, Classical.choice, Quot.sound]
'CAS12C04.moment_oscillatory_annihilation' depends on axioms: [propext, Classical.choice, Quot.sound]
'CAS12C04.moment_oscillatory_preservation' depends on axioms: [propext, Classical.choice, Quot.sound]

