------------------------------------------------------------
Package xAct`xPerm`  version 1.2.4, {2025, 12, 29}
CopyRight (C) 2003-2026, Jose M. Martin-Garcia, under the General Public License.
Connecting to external linux executable...
Connection established.
------------------------------------------------------------
Package xAct`xTensor` version 1.3.0, {2025, 12, 29}
CopyRight (C) 2002-2026, Jose M. Martin-Garcia, under the General Public License.
------------------------------------------------------------
These packages come with ABSOLUTELY NO WARRANTY; for details type Disclaimer[]. This is free software, and you are welcome to redistribute it under certain conditions. See the General Public License for details.
------------------------------------------------------------
** DefManifold: Defining manifold DataM. 
** DefVBundle: Defining vbundle TangentDataM. 
** DefTensor: Defining symmetric metric tensor ip[-a, -b]. 
** DefTensor: Defining antisymmetric tensor epsilonip[-a, -b, -b1]. 
** DefCovD: Defining covariant derivative DC[-a]. 
** DefTensor: Defining vanishing torsion tensor TorsionDC[a, -b, -b1]. 
** DefTensor: Defining symmetric Christoffel tensor ChristoffelDC[a, -b, -b1]. 
** DefTensor: Defining Riemann tensor RiemannDC[-a, -b, -b1, -b2]. 
** DefTensor: Defining symmetric Ricci tensor RicciDC[-a, -b]. 
** DefCovD: Contractions of Riemann automatically replaced by Ricci.
** DefTensor: Defining Ricci scalar RicciScalarDC[]. 
** DefCovD: Contractions of Ricci automatically replaced by RicciScalar.
** DefTensor: Defining symmetric Einstein tensor EinsteinDC[-a, -b]. 
** DefTensor: Defining vanishing Weyl tensor WeylDC[-a, -b, -b1, -b2]. 
** DefTensor: Defining symmetric TFRicci tensor TFRicciDC[-a, -b]. 
** DefTensor: Defining Kretschmann scalar KretschmannDC[]. 
** DefCovD: Computing RiemannToWeylRules for dim 3
** DefCovD: Computing RicciToTFRicci for dim 3
** DefCovD: Computing RicciToEinsteinRules for dim 3
** DefTensor: Defining weight +2 density Detip[].      Determinant.
** DefTensor: Defining tensor gram[-a, -b]. 
CAS_JSON_BEGIN
{
	"checks":{
		"CAS-11-C01":true,
		"CAS-11-C02":true,
		"CAS-11-C03":true
	},
	"domain_assumption_diff":[],
	"counterexample":null,
	"xact_actions":{
		"gramSymmetry":true,
		"metricTrace":true
	},
	"intermediate":{
		"Bregman_residual":"0",
		"Cauchy_residual":"0"
	},
	"wolfram_version":"15.0.0 for Linux x86 (64-bit) (May 26, 2026)",
	"xtensor_version":"{\"1.3.0\", {2025, 12, 29}}"
}
CAS_JSON_END
