artifacts/research_reports/report_a_r3_render_20260907_r1/HTT_REPORT_A_EVIDENCE_INTEGRATED_R3.md:3: trailing whitespace.
+**Report A — evidence-integrated theory-and-methods edition, revision 3**  
artifacts/research_reports/report_a_r3_render_20260907_r1/HTT_REPORT_A_EVIDENCE_INTEGRATED_R3.md:4: trailing whitespace.
+Jiwon Park  
artifacts/research_reports/report_a_r3_render_20260907_r1/HTT_REPORT_A_EVIDENCE_INTEGRATED_R3.md:5: trailing whitespace.
+Date: 2026-09-07  
artifacts/research_reports/report_a_r3_render_20260907_r1/HTT_REPORT_A_EVIDENCE_INTEGRATED_R3.md:6: trailing whitespace.
+Status: `EVIDENCE_INTEGRATED_REVIEW_CANDIDATE_NOT_CANONICAL`  
artifacts/research_reports/report_a_r3_render_20260907_r1/HTT_REPORT_A_R3.log:149: trailing whitespace.
+Package: expl3 2024-01-22 L3 programming layer (loader) 
artifacts/research_reports/report_a_r3_render_20260907_r1/HTT_REPORT_A_R3.log:476: trailing whitespace.
+(fontspec)              
artifacts/research_reports/report_a_r3_render_20260907_r1/HTT_REPORT_A_R3.log:479: trailing whitespace.
+(fontspec)              
artifacts/research_reports/report_a_r3_render_20260907_r1/HTT_REPORT_A_R3.log:482: trailing whitespace.
+(fontspec)             - 'small caps'  (m/sc) with NFSS spec.: 
artifacts/research_reports/report_a_r3_render_20260907_r1/HTT_REPORT_A_R3.log:487: trailing whitespace.
+(fontspec)             \tex_hyphenchar:D \font =-1\scan_stop: 
artifacts/research_reports/report_a_r3_render_20260907_r1/HTT_REPORT_A_R3.log:490: trailing whitespace.
+(fontspec)             - 'italic small caps'  (m/scit) with NFSS spec.: 
artifacts/research_reports/report_a_r3_render_20260907_r1/HTT_REPORT_A_R3.log:495: trailing whitespace.
+(fontspec)             \tex_hyphenchar:D \font =-1\scan_stop: 
artifacts/research_reports/report_a_r3_render_20260907_r1/HTT_REPORT_A_R3.log:499: trailing whitespace.
+(fontspec)             - 'bold italic small caps'  (b/scit) with NFSS spec.: 
artifacts/research_reports/report_a_r3_render_20260907_r1/HTT_REPORT_A_R3.log:504: trailing whitespace.
+(fontspec)             \tex_hyphenchar:D \font =-1\scan_stop: 
artifacts/research_reports/report_a_r3_render_20260907_r1/HTT_REPORT_A_R3.log:526: trailing whitespace.
+(fontspec)              
artifacts/research_reports/report_a_r3_render_20260907_r1/HTT_REPORT_A_R3.log:529: trailing whitespace.
+(fontspec)              
artifacts/research_reports/report_a_r3_render_20260907_r1/HTT_REPORT_A_R3.log:532: trailing whitespace.
+(fontspec)             - 'small caps'  (m/sc) with NFSS spec.: 
artifacts/research_reports/report_a_r3_render_20260907_r1/HTT_REPORT_A_R3.log:535: trailing whitespace.
+(fontspec)             - 'italic small caps'  (m/scit) with NFSS spec.: 
artifacts/research_reports/report_a_r3_render_20260907_r1/HTT_REPORT_A_R3.log:539: trailing whitespace.
+(fontspec)             - 'bold italic small caps'  (b/scit) with NFSS spec.: 
artifacts/research_reports/report_a_r3_render_20260907_r1/HTT_REPORT_A_R3.log:741: trailing whitespace.
+(fontspec)              
artifacts/research_reports/report_a_r3_render_20260907_r1/HTT_REPORT_A_R3.log:744: trailing whitespace.
+(fontspec)              
artifacts/research_reports/report_a_r3_render_20260907_r1/HTT_REPORT_A_R3.log:748: trailing whitespace.
+(fontspec)             - 'small caps'  (m/sc) with NFSS spec.: 
artifacts/research_reports/report_a_r3_render_20260907_r1/HTT_REPORT_A_R3.log:752: trailing whitespace.
+(fontspec)             - 'bold small caps'  (b/sc) with NFSS spec.: 
artifacts/research_reports/report_a_r3_render_20260907_r1/HTT_REPORT_A_R3.log:778: trailing whitespace.
+(fontspec)              
artifacts/research_reports/report_a_r3_render_20260907_r1/HTT_REPORT_A_R3.log:781: trailing whitespace.
+(fontspec)              
artifacts/research_reports/report_a_r3_render_20260907_r1/HTT_REPORT_A_R3.log:787: trailing whitespace.
+(fontspec)             - 'small caps'  (m/sc) with NFSS spec.: 
artifacts/research_reports/report_a_r3_render_20260907_r1/HTT_REPORT_A_R3.log:791: trailing whitespace.
+(fontspec)             - 'bold small caps'  (b/sc) with NFSS spec.: 
artifacts/research_reports/report_a_r3_render_20260907_r1/HTT_REPORT_A_R3.log:854: trailing whitespace.
+(fontspec)              
artifacts/research_reports/report_a_r3_render_20260907_r1/HTT_REPORT_A_R3.log:857: trailing whitespace.
+(fontspec)              
artifacts/research_reports/report_a_r3_render_20260907_r1/HTT_REPORT_A_R3.log:863: trailing whitespace.
+(fontspec)             - 'small caps'  (m/sc) with NFSS spec.: 
artifacts/research_reports/report_a_r3_render_20260907_r1/HTT_REPORT_A_R3.log:874: trailing whitespace.
+(fontspec)             =0pt\relax \fontdimen 21\font =0pt\relax 
artifacts/research_reports/report_a_r3_render_20260907_r1/HTT_REPORT_A_R3.log:878: trailing whitespace.
+(fontspec)             - 'bold small caps'  (b/sc) with NFSS spec.: 
artifacts/research_reports/report_a_r3_render_20260907_r1/HTT_REPORT_A_R3.log:889: trailing whitespace.
+(fontspec)             =0pt\relax \fontdimen 21\font =0pt\relax 
artifacts/research_reports/report_a_r3_render_20260907_r1/HTT_REPORT_A_R3.log:943: trailing whitespace.
+(fontspec)              
artifacts/research_reports/report_a_r3_render_20260907_r1/HTT_REPORT_A_R3.log:946: trailing whitespace.
+(fontspec)              
artifacts/research_reports/report_a_r3_render_20260907_r1/HTT_REPORT_A_R3.log:952: trailing whitespace.
+(fontspec)             - 'small caps'  (m/sc) with NFSS spec.: 
artifacts/research_reports/report_a_r3_render_20260907_r1/HTT_REPORT_A_R3.log:957: trailing whitespace.
+(fontspec)             =6.56999pt\relax \fontdimen 13\font =0pt\relax 
artifacts/research_reports/report_a_r3_render_20260907_r1/HTT_REPORT_A_R3.log:961: trailing whitespace.
+(fontspec)             - 'bold small caps'  (b/sc) with NFSS spec.: 
artifacts/research_reports/report_a_r3_render_20260907_r1/HTT_REPORT_A_R3.log:966: trailing whitespace.
+(fontspec)             =6.56999pt\relax \fontdimen 13\font =0pt\relax 
artifacts/research_reports/report_a_r3_render_20260907_r1/HTT_REPORT_A_R3.log:984: trailing whitespace.
+(unicode-math)                 
artifacts/research_reports/report_a_r3_render_20260907_r1/HTT_REPORT_A_R3.log:990: trailing whitespace.
+(unicode-math)                from the `mathtools' package: 
artifacts/research_reports/report_a_r3_render_20260907_r1/HTT_REPORT_A_R3.log:991: trailing whitespace.
+(unicode-math)                 
artifacts/research_reports/report_a_r3_render_20260907_r1/HTT_REPORT_A_R3.log:993: trailing whitespace.
+(unicode-math)                
artifacts/research_reports/report_a_r3_render_20260907_r1/HTT_REPORT_A_R3.log:994: trailing whitespace.
+(unicode-math)                 
artifacts/research_reports/report_a_r3_render_20260907_r1/HTT_REPORT_A_R3.log:1021: trailing whitespace.
+* modes: 
artifacts/research_reports/report_a_r3_render_20260907_r1/HTT_REPORT_A_R3.log:1102: trailing whitespace.
+LaTeX Font Info:    Trying to load font information for OMS+lmsy on input line 
artifacts/research_reports/report_a_r3_render_20260907_r1/HTT_REPORT_A_R3.log:1146: trailing whitespace.
+ ) 
artifacts/research_reports/report_a_r3_render_20260907_r1/initial.log:149: trailing whitespace.
+Package: expl3 2024-01-22 L3 programming layer (loader) 
artifacts/research_reports/report_a_r3_render_20260907_r1/initial.log:476: trailing whitespace.
+(fontspec)              
artifacts/research_reports/report_a_r3_render_20260907_r1/initial.log:479: trailing whitespace.
+(fontspec)              
artifacts/research_reports/report_a_r3_render_20260907_r1/initial.log:482: trailing whitespace.
+(fontspec)             - 'small caps'  (m/sc) with NFSS spec.: 
artifacts/research_reports/report_a_r3_render_20260907_r1/initial.log:487: trailing whitespace.
+(fontspec)             \tex_hyphenchar:D \font =-1\scan_stop: 
artifacts/research_reports/report_a_r3_render_20260907_r1/initial.log:490: trailing whitespace.
+(fontspec)             - 'italic small caps'  (m/scit) with NFSS spec.: 
artifacts/research_reports/report_a_r3_render_20260907_r1/initial.log:495: trailing whitespace.
+(fontspec)             \tex_hyphenchar:D \font =-1\scan_stop: 
artifacts/research_reports/report_a_r3_render_20260907_r1/initial.log:499: trailing whitespace.
+(fontspec)             - 'bold italic small caps'  (b/scit) with NFSS spec.: 
artifacts/research_reports/report_a_r3_render_20260907_r1/initial.log:504: trailing whitespace.
+(fontspec)             \tex_hyphenchar:D \font =-1\scan_stop: 
artifacts/research_reports/report_a_r3_render_20260907_r1/initial.log:526: trailing whitespace.
+(fontspec)              
artifacts/research_reports/report_a_r3_render_20260907_r1/initial.log:529: trailing whitespace.
+(fontspec)              
artifacts/research_reports/report_a_r3_render_20260907_r1/initial.log:532: trailing whitespace.
+(fontspec)             - 'small caps'  (m/sc) with NFSS spec.: 
artifacts/research_reports/report_a_r3_render_20260907_r1/initial.log:535: trailing whitespace.
+(fontspec)             - 'italic small caps'  (m/scit) with NFSS spec.: 
artifacts/research_reports/report_a_r3_render_20260907_r1/initial.log:539: trailing whitespace.
+(fontspec)             - 'bold italic small caps'  (b/scit) with NFSS spec.: 
artifacts/research_reports/report_a_r3_render_20260907_r1/initial.log:741: trailing whitespace.
+(fontspec)              
artifacts/research_reports/report_a_r3_render_20260907_r1/initial.log:744: trailing whitespace.
+(fontspec)              
artifacts/research_reports/report_a_r3_render_20260907_r1/initial.log:748: trailing whitespace.
+(fontspec)             - 'small caps'  (m/sc) with NFSS spec.: 
artifacts/research_reports/report_a_r3_render_20260907_r1/initial.log:752: trailing whitespace.
+(fontspec)             - 'bold small caps'  (b/sc) with NFSS spec.: 
artifacts/research_reports/report_a_r3_render_20260907_r1/initial.log:778: trailing whitespace.
+(fontspec)              
artifacts/research_reports/report_a_r3_render_20260907_r1/initial.log:781: trailing whitespace.
+(fontspec)              
artifacts/research_reports/report_a_r3_render_20260907_r1/initial.log:787: trailing whitespace.
+(fontspec)             - 'small caps'  (m/sc) with NFSS spec.: 
artifacts/research_reports/report_a_r3_render_20260907_r1/initial.log:791: trailing whitespace.
+(fontspec)             - 'bold small caps'  (b/sc) with NFSS spec.: 
artifacts/research_reports/report_a_r3_render_20260907_r1/initial.log:854: trailing whitespace.
+(fontspec)              
artifacts/research_reports/report_a_r3_render_20260907_r1/initial.log:857: trailing whitespace.
+(fontspec)              
artifacts/research_reports/report_a_r3_render_20260907_r1/initial.log:863: trailing whitespace.
+(fontspec)             - 'small caps'  (m/sc) with NFSS spec.: 
artifacts/research_reports/report_a_r3_render_20260907_r1/initial.log:874: trailing whitespace.
+(fontspec)             =0pt\relax \fontdimen 21\font =0pt\relax 
artifacts/research_reports/report_a_r3_render_20260907_r1/initial.log:878: trailing whitespace.
+(fontspec)             - 'bold small caps'  (b/sc) with NFSS spec.: 
artifacts/research_reports/report_a_r3_render_20260907_r1/initial.log:889: trailing whitespace.
+(fontspec)             =0pt\relax \fontdimen 21\font =0pt\relax 
artifacts/research_reports/report_a_r3_render_20260907_r1/initial.log:943: trailing whitespace.
+(fontspec)              
artifacts/research_reports/report_a_r3_render_20260907_r1/initial.log:946: trailing whitespace.
+(fontspec)              
artifacts/research_reports/report_a_r3_render_20260907_r1/initial.log:952: trailing whitespace.
+(fontspec)             - 'small caps'  (m/sc) with NFSS spec.: 
artifacts/research_reports/report_a_r3_render_20260907_r1/initial.log:957: trailing whitespace.
+(fontspec)             =6.56999pt\relax \fontdimen 13\font =0pt\relax 
artifacts/research_reports/report_a_r3_render_20260907_r1/initial.log:961: trailing whitespace.
+(fontspec)             - 'bold small caps'  (b/sc) with NFSS spec.: 
artifacts/research_reports/report_a_r3_render_20260907_r1/initial.log:966: trailing whitespace.
+(fontspec)             =6.56999pt\relax \fontdimen 13\font =0pt\relax 
artifacts/research_reports/report_a_r3_render_20260907_r1/initial.log:984: trailing whitespace.
+(unicode-math)                 
artifacts/research_reports/report_a_r3_render_20260907_r1/initial.log:990: trailing whitespace.
+(unicode-math)                from the `mathtools' package: 
artifacts/research_reports/report_a_r3_render_20260907_r1/initial.log:991: trailing whitespace.
+(unicode-math)                 
artifacts/research_reports/report_a_r3_render_20260907_r1/initial.log:993: trailing whitespace.
+(unicode-math)                
artifacts/research_reports/report_a_r3_render_20260907_r1/initial.log:994: trailing whitespace.
+(unicode-math)                 
artifacts/research_reports/report_a_r3_render_20260907_r1/initial.log:1021: trailing whitespace.
+* modes: 
artifacts/research_reports/report_a_r3_render_20260907_r1/initial.log:1102: trailing whitespace.
+LaTeX Font Info:    Trying to load font information for OMS+lmsy on input line 
artifacts/research_reports/report_a_r3_render_20260907_r1/initial.log:1146: trailing whitespace.
+ ) 
artifacts/research_reports/report_a_r3_render_20260907_r1/latexmk-final.stdout:118: trailing whitespace.
+(unicode-math)                 
artifacts/research_reports/report_a_r3_render_20260907_r1/latexmk-final.stdout:124: trailing whitespace.
+(unicode-math)                from the `mathtools' package: 
artifacts/research_reports/report_a_r3_render_20260907_r1/latexmk-final.stdout:125: trailing whitespace.
+(unicode-math)                 
artifacts/research_reports/report_a_r3_render_20260907_r1/latexmk-final.stdout:127: trailing whitespace.
+(unicode-math)                
artifacts/research_reports/report_a_r3_render_20260907_r1/latexmk-final.stdout:128: trailing whitespace.
+(unicode-math)                 
artifacts/research_reports/report_a_r3_render_20260907_r1/latexmk-final.stdout:176: new blank line at EOF.
artifacts/research_reports/report_a_r3_render_20260907_r1/latexmk-initial.stdout:116: trailing whitespace.
+(unicode-math)                 
artifacts/research_reports/report_a_r3_render_20260907_r1/latexmk-initial.stdout:122: trailing whitespace.
+(unicode-math)                from the `mathtools' package: 
artifacts/research_reports/report_a_r3_render_20260907_r1/latexmk-initial.stdout:123: trailing whitespace.
+(unicode-math)                 
artifacts/research_reports/report_a_r3_render_20260907_r1/latexmk-initial.stdout:125: trailing whitespace.
+(unicode-math)                
artifacts/research_reports/report_a_r3_render_20260907_r1/latexmk-initial.stdout:126: trailing whitespace.
+(unicode-math)                 
artifacts/research_reports/report_a_r3_render_20260907_r1/latexmk-initial.stdout:278: trailing whitespace.
+(unicode-math)                 
artifacts/research_reports/report_a_r3_render_20260907_r1/latexmk-initial.stdout:284: trailing whitespace.
+(unicode-math)                from the `mathtools' package: 
artifacts/research_reports/report_a_r3_render_20260907_r1/latexmk-initial.stdout:285: trailing whitespace.
+(unicode-math)                 
artifacts/research_reports/report_a_r3_render_20260907_r1/latexmk-initial.stdout:287: trailing whitespace.
+(unicode-math)                
artifacts/research_reports/report_a_r3_render_20260907_r1/latexmk-initial.stdout:288: trailing whitespace.
+(unicode-math)                 
artifacts/research_reports/report_a_r3_render_20260907_r1/latexmk-initial.stdout:338: new blank line at EOF.
artifacts/research_reports/report_a_r3_render_20260907_r1/r2-to-r3.patch:5: trailing whitespace.
+ 
artifacts/research_reports/report_a_r3_render_20260907_r1/r2-to-r3.patch:6: trailing whitespace.
+-**Report A — complete integrated research-report draft, K3 revision 2; K4 bounded corrections applied**  
artifacts/research_reports/report_a_r3_render_20260907_r1/r2-to-r3.patch:7: trailing whitespace.
+-Date: 2026-09-05  
artifacts/research_reports/report_a_r3_render_20260907_r1/r2-to-r3.patch:11: trailing whitespace.
++**Report A — evidence-integrated theory-and-methods edition, revision 3**  
artifacts/research_reports/report_a_r3_render_20260907_r1/r2-to-r3.patch:12: trailing whitespace.
++Jiwon Park  
artifacts/research_reports/report_a_r3_render_20260907_r1/r2-to-r3.patch:13: trailing whitespace.
++Date: 2026-09-07  
artifacts/research_reports/report_a_r3_render_20260907_r1/r2-to-r3.patch:14: trailing whitespace.
++Status: `EVIDENCE_INTEGRATED_REVIEW_CANDIDATE_NOT_CANONICAL`  
artifacts/research_reports/report_a_r3_render_20260907_r1/r2-to-r3.patch:18: trailing whitespace.
+ 
artifacts/research_reports/report_a_r3_render_20260907_r1/r2-to-r3.patch:20: trailing whitespace.
+ 
artifacts/research_reports/report_a_r3_render_20260907_r1/r2-to-r3.patch:23: trailing whitespace.
+ 
artifacts/research_reports/report_a_r3_render_20260907_r1/r2-to-r3.patch:27: trailing whitespace.
+ 
artifacts/research_reports/report_a_r3_render_20260907_r1/r2-to-r3.patch:29: trailing whitespace.
+ 
artifacts/research_reports/report_a_r3_render_20260907_r1/r2-to-r3.patch:33: trailing whitespace.
+ 
artifacts/research_reports/report_a_r3_render_20260907_r1/r2-to-r3.patch:38: trailing whitespace.
+ 
artifacts/research_reports/report_a_r3_render_20260907_r1/r2-to-r3.patch:40: trailing whitespace.
+ 
artifacts/research_reports/report_a_r3_render_20260907_r1/r2-to-r3.patch:43: trailing whitespace.
+ 
artifacts/research_reports/report_a_r3_render_20260907_r1/r2-to-r3.patch:47: trailing whitespace.
+ 
artifacts/research_reports/report_a_r3_render_20260907_r1/r2-to-r3.patch:49: trailing whitespace.
+ 
artifacts/research_reports/report_a_r3_render_20260907_r1/r2-to-r3.patch:51: trailing whitespace.
+ 
artifacts/research_reports/report_a_r3_render_20260907_r1/r2-to-r3.patch:53: trailing whitespace.
+ 
artifacts/research_reports/report_a_r3_render_20260907_r1/r2-to-r3.patch:56: trailing whitespace.
+ 
artifacts/research_reports/report_a_r3_render_20260907_r1/r2-to-r3.patch:58: trailing whitespace.
+ 
artifacts/research_reports/report_a_r3_render_20260907_r1/r2-to-r3.patch:61: trailing whitespace.
+ 
artifacts/research_reports/report_a_r3_render_20260907_r1/r2-to-r3.patch:65: trailing whitespace.
+ 
artifacts/research_reports/report_a_r3_render_20260907_r1/r2-to-r3.patch:67: trailing whitespace.
+ 
artifacts/research_reports/report_a_r3_render_20260907_r1/r2-to-r3.patch:71: trailing whitespace.
+ 
artifacts/research_reports/report_a_r3_render_20260907_r1/r2-to-r3.patch:74: trailing whitespace.
+ 
artifacts/research_reports/report_a_r3_render_20260907_r1/r2-to-r3.patch:76: trailing whitespace.
+ 
artifacts/research_reports/report_a_r3_render_20260907_r1/r2-to-r3.patch:80: trailing whitespace.
+ 
artifacts/research_reports/report_a_r3_render_20260907_r1/r2-to-r3.patch:83: trailing whitespace.
+ 
artifacts/research_reports/report_a_r3_render_20260907_r1/r2-to-r3.patch:85: trailing whitespace.
+ 
artifacts/research_reports/report_a_r3_render_20260907_r1/r2-to-r3.patch:87: trailing whitespace.
+ 
artifacts/research_reports/report_a_r3_render_20260907_r1/r2-to-r3.patch:89: trailing whitespace.
+ 
artifacts/research_reports/report_a_r3_render_20260907_r1/r2-to-r3.patch:119: trailing whitespace.
+ 
artifacts/research_reports/report_a_r3_render_20260907_r1/r2-to-r3.patch:121: trailing whitespace.
+ 
artifacts/research_reports/report_a_r3_render_20260907_r1/r2-to-r3.patch:123: trailing whitespace.
+ 
artifacts/research_reports/report_a_r3_render_20260907_r1/r2-to-r3.patch:125: trailing whitespace.
+ 
