WOLFRAM_VERSION=15.0.0 for Linux x86 (64-bit) (May 26, 2026)
------------------------------------------------------------
Package xAct`xPerm`  version 1.2.4, {2025, 12, 29}
CopyRight (C) 2003-2026, Jose M. Martin-Garcia, under the General Public License.
Connecting to external linux executable...
Connection established.
------------------------------------------------------------
Package xAct`xTensor` version 1.3.0, {2025, 12, 29}
CopyRight (C) 2002-2026, Jose M. Martin-Garcia, under the General Public License.
------------------------------------------------------------
These packages come with ABSOLUTELY NO WARRANTY; for details type Disclaimer[]. This is free software, and you are welcome to redistribute it under certain conditions. See the General Public License for details.
------------------------------------------------------------
XTENSOR_VERSION={1.3.0, {2025, 12, 29}}
** DefManifold: Defining manifold CAS11Space. 
** DefVBundle: Defining vbundle TangentCAS11Space. 
** DefManifold: Defining manifold CAS11Moment. 
** DefVBundle: Defining vbundle TangentCAS11Moment. 
** DefTensor: Defining tensor ff[a]. 
** DefTensor: Defining tensor gg[a]. 
** DefTensor: Defining tensor hh[a]. 
** DefTensor: Defining tensor gradG[-a]. 
** DefTensor: Defining tensor gradH[-a]. 
** DefTensor: Defining tensor VV[-a, -i]. 
** DefTensor: Defining tensor lam[i]. 
CHECK:tensor_identity=True
CHECK:transpose_factorization=True
CHECK:universal_bilinear_identity=True
CUBIC_FORWARD=4/3
CUBIC_REVERSE=5/3
CHECK:cubic_orientation=True
APPROX_RESIDUAL=1/10
CHECK:approximate_nonzero=True
ALL_CHECKS=True
