------------------------------------------------------------
Package xAct`xPerm`  version 1.2.4, {2025, 12, 29}
CopyRight (C) 2003-2026, Jose M. Martin-Garcia, under the General Public License.
Connecting to external linux executable...
Connection established.
------------------------------------------------------------
Package xAct`xTensor` version 1.3.0, {2025, 12, 29}
CopyRight (C) 2002-2026, Jose M. Martin-Garcia, under the General Public License.
------------------------------------------------------------
These packages come with ABSOLUTELY NO WARRANTY; for details type Disclaimer[]. This is free software, and you are welcome to redistribute it under certain conditions. See the General Public License for details.
------------------------------------------------------------
** DefManifold: Defining manifold RestM. 
** DefVBundle: Defining vbundle TangentRestM. 
** DefTensor: Defining symmetric metric tensor hh[-i, -j]. 
** DefTensor: Defining antisymmetric tensor epsilonhh[-i, -j, -k]. 
** DefCovD: Defining covariant derivative D3[-i]. 
** DefTensor: Defining vanishing torsion tensor TorsionD3[i, -j, -k]. 
** DefTensor: Defining symmetric Christoffel tensor ChristoffelD3[i, -j, -k]. 
** DefTensor: Defining Riemann tensor RiemannD3[-i, -j, -k, -k1]. 
** DefTensor: Defining symmetric Ricci tensor RicciD3[-i, -j]. 
** DefCovD: Contractions of Riemann automatically replaced by Ricci.
** DefTensor: Defining Ricci scalar RicciScalarD3[]. 
** DefCovD: Contractions of Ricci automatically replaced by RicciScalar.
** DefTensor: Defining symmetric Einstein tensor EinsteinD3[-i, -j]. 
** DefTensor: Defining vanishing Weyl tensor WeylD3[-i, -j, -k, -k1]. 
** DefTensor: Defining symmetric TFRicci tensor TFRicciD3[-i, -j]. 
** DefTensor: Defining Kretschmann scalar KretschmannD3[]. 
** DefCovD: Computing RiemannToWeylRules for dim 3
** DefCovD: Computing RicciToTFRicci for dim 3
** DefCovD: Computing RicciToEinsteinRules for dim 3
** DefTensor: Defining weight +2 density Dethh[].      Determinant.
** DefTensor: Defining tensor eps3[-i, -j, -k]. 
CAS_JSON_BEGIN
{
	"checks":{
		"CAS-14-C01":true,
		"CAS-14-C02":true,
		"CAS-14-C03":true
	},
	"domain_assumption_diff":[],
	"counterexample":null,
	"xact_actions":{
		"leviAntisymmetry":true,
		"restMetricContraction":true
	},
	"intermediate":{
		"Gram":"{{w2, 0, 0}, {0, w1, 0}, {0, 0, w1 + w2}}",
		"scalar_bounds":[
			"True",
			"True"
		]
	},
	"wolfram_version":"15.0.0 for Linux x86 (64-bit) (May 26, 2026)",
	"xtensor_version":"{\"1.3.0\", {2025, 12, 29}}"
}
CAS_JSON_END
