------------------------------------------------------------
Package xAct`xPerm`  version 1.2.4, {2025, 12, 29}
CopyRight (C) 2003-2026, Jose M. Martin-Garcia, under the General Public License.
Connecting to external linux executable...
Connection established.
------------------------------------------------------------
Package xAct`xTensor` version 1.3.0, {2025, 12, 29}
CopyRight (C) 2002-2026, Jose M. Martin-Garcia, under the General Public License.
------------------------------------------------------------
These packages come with ABSOLUTELY NO WARRANTY; for details type Disclaimer[]. This is free software, and you are welcome to redistribute it under certain conditions. See the General Public License for details.
------------------------------------------------------------
ENGINE_VERSION={1.3.0, {2025, 12, 29}}
XTENSOR_VERSION={1.3.0, {2025, 12, 29}}
SCALAR_KERNEL_ZERO=True
VECTOR_SUM_RESIDUAL=InputForm[-Sum[(f[i] - g[i])*pg[i], {i, 1, n}] + Sum[(-g[i] + h[i])*pg[i], {i, 1, n}] + Sum[(f[i] - h[i])*ph[i], {i, 1, n}] - Sum[(f[i] - h[i])*(-pg[i] + ph[i]), {i, 1, n}]]
VECTOR_SUM_ZERO=False
BILINEAR_DISTRIBUTIVITY_ZERO=True

SetDelayed::write: Tag delta in delta[i_] is Protected.

delta::argr: delta called with 1 argument; 2 arguments are expected.

delta::argr: delta called with 1 argument; 2 arguments are expected.
MOMENT_SUM_RESIDUAL=InputForm[-Sum[lam[j]*Sum[Null*v[i, j], {i, 1, n}], {j, 1, k}] + Sum[Null*Sum[lam[j]*v[i, j], {j, 1, k}], {i, 1, n}]]
MOMENT_SUM_ZERO=False
ORIENTATION_FG=InputForm[4/3]
ORIENTATION_GF=InputForm[5/3]
APPROXIMATE_RESIDUAL=InputForm[1/10]
CERTIFICATE_STATUS=INCONCLUSIVE
