------------------------------------------------------------
Package xAct`xPerm`  version 1.2.4, {2025, 12, 29}
CopyRight (C) 2003-2026, Jose M. Martin-Garcia, under the General Public License.
Connecting to external linux executable...
Connection established.
------------------------------------------------------------
Package xAct`xTensor` version 1.3.0, {2025, 12, 29}
CopyRight (C) 2002-2026, Jose M. Martin-Garcia, under the General Public License.
------------------------------------------------------------
These packages come with ABSOLUTELY NO WARRANTY; for details type Disclaimer[]. This is free software, and you are welcome to redistribute it under certain conditions. See the General Public License for details.
------------------------------------------------------------
ENGINE_VERSION=15.0.0 for Linux x86 (64-bit) (May 26, 2026)
XTENSOR_VERSION={1.3.0, {2025, 12, 29}}
H_CONSTANT_ZERO=True
COORDINATE_KERNEL_ZERO=True
VECTOR_EMPTY_BASE_ZERO=True
VECTOR_INDUCTION_STEP_ZERO=True
INNER_EMPTY_BASE_ZERO=True
INNER_K_INDUCTION_STEP_ZERO=True
OUTER_EMPTY_BASE_ZERO=True
OUTER_N_INDUCTION_STEP_ZERO=True
FUBINI_EMPTY_N_ZERO=True
FUBINI_EMPTY_K_ZERO=True
FUBINI_DOUBLE_INDUCTION_STEP_ZERO=True
MOMENT_ZERO_EMPTY_BASE=True
MOMENT_ZERO_K_STEP=True
ORIENTATION_FG=4/3
ORIENTATION_GF=5/3
APPROXIMATE_RESIDUAL=1/10
CERTIFICATE_STATUS=PASS
