{
  "schema_version": 2,
  "contract_id": "GRSTAT-20260930-CAS-07-C03-FD-ALGEBRA-V1",
  "contract_sha256": "a65d1f9c9c64a149f554855be39400755cb2aee394440d813877a6fcd6e25b6d",
  "aggregate_status": "CAS_4AXIS_PASS",
  "risk_tier": "R3",
  "required_axes": [
    "wolfram_xact",
    "sympy",
    "sage_singular",
    "lean"
  ],
  "axis_statuses": {
    "wolfram_xact": "PASS",
    "sympy": "PASS",
    "sage_singular": "PASS",
    "lean": "PASS"
  },
  "missing_axes": [],
  "exceptions_applied": [],
  "errors": [],
  "adjudicated_at": "2026-10-07T11:43:04+00:00",
  "note": "CAS_4AXIS_PASS requires all 4 contract-required axes to satisfy the risk-scaled contract under one contract hash; majority vote is structurally forbidden. Runner observation establishes only the CAS evidence component; it does not establish scientific validity, novelty, or overall claim readiness. Local observation is not a security attestation.",
  "verification_state": "RUNNER_OBSERVED_EXECUTION",
  "evidence_origin": "runner_observed_local_subprocess",
  "execution_evidence": {
    "wolfram_xact": {
      "evidence_origin": "runner_observed_local_subprocess",
      "axis": "wolfram_xact",
      "argv": [
        "/usr/bin/python3.12",
        "-B",
        "docs/research_program/gr_statistics_loops_20260930/local_cas/GRSTAT-CAS-20260930-1308KST/CAS-07/c03_input_aligned_v1_20261007/wolfram_xact/run.py"
      ],
      "cwd": ".",
      "timeout_seconds": 1800,
      "solver_executed": true,
      "preflight_probe": {
        "status": "PASS",
        "commands": [
          {
            "cmd": "wolframscript -code <version+xAct probe>",
            "exit": 0
          }
        ],
        "transcript_tail": "---------------------------------------------------------\nPackage xAct`xPerm`  version 1.2.4, {2025, 12, 29}\nCopyRight (C) 2003-2026, Jose M. Martin-Garcia, under the General Public License.\nConnecting to external linux executable...\nConnection established.\n------------------------------------------------------------\nPackage xAct`xTensor` version 1.3.0, {2025, 12, 29}\nCopyRight (C) 2002-2026, Jose M. Martin-Garcia, under the General Public License.\n------------------------------------------------------------\nThese packages come with ABSOLUTELY NO WARRANTY; for details type Disclaimer[]. This is free software, and you are welcome to redistribute it under certain conditions. See the General Public License for details.\n------------------------------------------------------------\nXACT_LOAD_OK\n"
      },
      "started_at": "2026-10-07T11:42:36+00:00",
      "completed_at": "2026-10-07T11:42:43+00:00",
      "exit_code": 0,
      "timed_out": false,
      "stdout_tail": "{\"checks\": {\"CAS-07-C03-FD1\": true, \"CAS-07-C03-FD2\": true, \"CAS-07-C03-FD3\": true}, \"counterexample\": null, \"domain_assumption_diff\": []}\n",
      "stderr_tail": "",
      "derived_status": "PASS",
      "errors": [],
      "payload": {
        "checks": {
          "CAS-07-C03-FD1": true,
          "CAS-07-C03-FD2": true,
          "CAS-07-C03-FD3": true
        },
        "domain_assumption_diff": [],
        "counterexample": null
      }
    },
    "sympy": {
      "evidence_origin": "runner_observed_local_subprocess",
      "axis": "sympy",
      "argv": [
        "/usr/bin/python3.12",
        "-B",
        "docs/research_program/gr_statistics_loops_20260930/local_cas/GRSTAT-CAS-20260930-1308KST/CAS-07/c03_input_aligned_v1_20261007/sympy/run.py"
      ],
      "cwd": ".",
      "timeout_seconds": 1800,
      "solver_executed": true,
      "preflight_probe": {
        "status": "PASS",
        "commands": [
          {
            "cmd": "/usr/bin/python3.12 -c <sympy exact factor probe>",
            "exit": 0
          }
        ],
        "transcript_tail": "1.14.0\n"
      },
      "started_at": "2026-10-07T11:42:43+00:00",
      "completed_at": "2026-10-07T11:42:44+00:00",
      "exit_code": 0,
      "timed_out": false,
      "stdout_tail": "{\"checks\":{\"CAS-07-C03-FD1\":true,\"CAS-07-C03-FD2\":true,\"CAS-07-C03-FD3\":true},\"counterexample\":null,\"domain_assumption_diff\":[]}\n",
      "stderr_tail": "",
      "derived_status": "PASS",
      "errors": [],
      "payload": {
        "checks": {
          "CAS-07-C03-FD1": true,
          "CAS-07-C03-FD2": true,
          "CAS-07-C03-FD3": true
        },
        "domain_assumption_diff": [],
        "counterexample": null
      }
    },
    "sage_singular": {
      "evidence_origin": "runner_observed_local_subprocess",
      "axis": "sage_singular",
      "argv": [
        "/usr/bin/python3.12",
        "-B",
        "docs/research_program/gr_statistics_loops_20260930/local_cas/GRSTAT-CAS-20260930-1308KST/CAS-07/c03_input_aligned_v1_20261007/sage_singular/run.py"
      ],
      "cwd": ".",
      "timeout_seconds": 1800,
      "solver_executed": true,
      "preflight_probe": {
        "status": "PASS",
        "commands": [
          {
            "cmd": "sage -c <exact factor + singular version probe>",
            "exit": 0
          }
        ],
        "transcript_tail": "SageMath version 10.9, Release Date: 2026-05-04\n44100\n<cmdline>:1: DeprecationWarning: Use sage.version.version instead.\nSee https://github.com/sagemath/sage/issues/39015 for details.\n"
      },
      "started_at": "2026-10-07T11:42:52+00:00",
      "completed_at": "2026-10-07T11:42:56+00:00",
      "exit_code": 0,
      "timed_out": false,
      "stdout_tail": " \"UNAVAILABLE\", \"global_launch_id\": null, \"independence_mode\": \"blind-results-and-derivations\", \"input_sha256\": \"8e87c30466c362dc85071c64fd722933fa5e170d8128f81de29d859a045aa827\", \"sage_detail\": {\"assumption_encoding\": {\"p\": \"dA-s*(1-eta)>=0\", \"q\": \"s*(1+eta)-dA>=0\", \"relation\": [\"eta+u+v=1\", \"p+q=2*s*eta\"], \"strictly_positive\": [\"s\", \"v\", \"c\", \"u+v\", \"dA\"], \"u\": \"etaL-eta>=0\", \"v\": \"1-etaL>0\"}, \"checks\": {\"CAS-07-C03-FD1\": true, \"CAS-07-C03-FD2\": true, \"CAS-07-C03-FD3\": true}, \"details\": {\"FD1\": {\"ordered_real_rule\": \"absolute-value triangle inequality; c>0\", \"screen_gap_identities\": [true, true, true, true, true, true, true]}, \"FD2\": {\"denominator_cleared_gap_identities\": [true, true, true, true, true, true, true, true, true, true], \"positive_denominators\": [\"2*v^2\", \"c*v\"]}, \"FD3\": {\"denominator_cleared_gap_identities\": [true, true, true, true, true, true, true, true, true], \"lhs_rule\": \"|c*(Z-Z0)/dA-H0|=(c/dA)*|Z-Z0-H0*dA/c|\", \"positive_denominators\": [\"2*(u+v)*dA\", \"(u+v)*dA\"]}}}, \"scientific_admission\": \"HOLD\", \"singular_raw_diagnostic_found\": null, \"singular_remainders\": {\"FD2_H_REMAINDER\": [\"0\"], \"FD2_M_REMAINDER\": [\"0\"], \"FD3_H_REMAINDER\": [\"0\"], \"FD3_M_REMAINDER\": [\"0\"]}, \"source_and_binary_sha256\": {\"ADMITTED_INPUTS.json\": \"8e87c30466c362dc85071c64fd722933fa5e170d8128f81de29d859a045aa827\", \"COMMON_SPEC.md\": \"4714827e52acf3cb149f4014ac50ab2aa995dd4a0526f6b26ac7257807fe1897\", \"EXECUTION_CONTRACT.json\": \"a65d1f9c9c64a149f554855be39400755cb2aee394440d813877a6fcd6e25b6d\", \"Singular\": \"9430832b7c972b6b26d29ded4d91a3e1df8fd87d67f4b8d3f14d8201a75f923c\", \"check.py\": \"ab163bc119be225c61e1cde89666e717d78f6fe7337825922c04999b1891e11a\", \"denominators.sing\": \"5a1468983e3aca7d8ce88a7adeac92525c77035a527df532a9176fd33ecaff61\", \"run.py\": \"f4df222a0ce643cfc567f1202d988d6c06421313ae4e083899f3d515a399f903\"}, \"tool_versions\": {\"sage\": \"SageMath version 10.9, Release Date: 2026-05-04\", \"singular_first_line\": \"Singular for x86_64-Linux version 4.4.1 (44100, 64 bit) Jan 2025\"}}\n",
      "stderr_tail": "",
      "derived_status": "PASS",
      "errors": [],
      "payload": {
        "checks": {
          "CAS-07-C03-FD1": true,
          "CAS-07-C03-FD2": true,
          "CAS-07-C03-FD3": true
        },
        "domain_assumption_diff": [],
        "counterexample": null
      }
    },
    "lean": {
      "evidence_origin": "runner_observed_local_subprocess",
      "axis": "lean",
      "argv": [
        "/usr/bin/python3.12",
        "-B",
        "docs/research_program/gr_statistics_loops_20260930/local_cas/GRSTAT-CAS-20260930-1308KST/CAS-07/c03_input_aligned_v1_20261007/lean/run.py"
      ],
      "cwd": ".",
      "timeout_seconds": 3600,
      "solver_executed": true,
      "preflight_probe": {
        "status": "PASS",
        "commands": [
          {
            "cmd": "ELAN_TOOLCHAIN=leanprover/lean4:v4.31.0 lean --version",
            "exit": 0
          }
        ],
        "transcript_tail": "Lean (version 4.31.0, x86_64-unknown-linux-gnu, commit 68218e876d2a38b1985b8590fff244a83c321783, Release)\n",
        "pinned_toolchain": "leanprover/lean4:v4.31.0"
      },
      "started_at": "2026-10-07T11:42:56+00:00",
      "completed_at": "2026-10-07T11:43:04+00:00",
      "exit_code": 0,
      "timed_out": false,
      "stdout_tail": "\n    \"COMMON_SPEC.md\": \"4714827e52acf3cb149f4014ac50ab2aa995dd4a0526f6b26ac7257807fe1897\",\n    \"EXECUTION_CONTRACT.json\": \"a65d1f9c9c64a149f554855be39400755cb2aee394440d813877a6fcd6e25b6d\",\n    \"Main.lean\": \"382fb440cdd16664a5aee08db13501c5d1f8b4164e172f5ce9da876b7d32a976\",\n    \"formal_mathlib/lake-manifest.json\": \"bc86de9aed83fc38b0850702d6879ed6f3c97eedb7d1d69d643160731179d6ed\",\n    \"formal_mathlib/lean-toolchain\": \"efac0b94923b2d8b6840cd35be9177ad0fc5ab2332f4f4311c98712cee92fdee\",\n    \"oracle/lean-toolchain\": \"efac0b94923b2d8b6840cd35be9177ad0fc5ab2332f4f4311c98712cee92fdee\",\n    \"run.py\": \"b560003073a0201e9a4210f107f7543d7fe036fedabbba4a3ce268a132181ced\"\n  },\n  \"independence_mode\": \"blind-results-and-derivations\",\n  \"mathlib_manifest_revision\": \"fabf563a7c95a166b8d7b6efca11c8b4dc9d911f\",\n  \"mathlib_revision\": \"fabf563a7c95a166b8d7b6efca11c8b4dc9d911f\",\n  \"result_path\": \"/home/cosmosapjw/Dropbox/bianchi/htt_base/docs/research_program/gr_statistics_loops_20260930/local_cas/GRSTAT-CAS-20260930-1308KST/CAS-07/c03_input_aligned_v1_20261007/lean/RESULT.json\",\n  \"scientific_admission\": \"HOLD\",\n  \"source_scan\": {\n    \"forbidden_tokens\": [],\n    \"new_axiom_declarations\": [],\n    \"passed\": true,\n    \"theorem_declarations\": [\n      \"FD1\",\n      \"FD2\",\n      \"FD3\"\n    ]\n  },\n  \"status\": \"PASS\",\n  \"version_match\": true,\n  \"versions\": {\n    \"lake\": {\n      \"argv\": [\n        \"lake\",\n        \"--version\"\n      ],\n      \"cwd\": \"/home/cosmosapjw/lean_oracles/viii_oracle\",\n      \"exit_code\": 0,\n      \"stderr\": \"\",\n      \"stdout\": \"Lake version 5.0.0-src+68218e8 (Lean version 4.31.0)\\n\",\n      \"timed_out\": false\n    },\n    \"lean\": {\n      \"argv\": [\n        \"lake\",\n        \"env\",\n        \"lean\",\n        \"--version\"\n      ],\n      \"cwd\": \"/home/cosmosapjw/lean_oracles/viii_oracle\",\n      \"exit_code\": 0,\n      \"stderr\": \"\",\n      \"stdout\": \"Lean (version 4.31.0, x86_64-unknown-linux-gnu, commit 68218e876d2a38b1985b8590fff244a83c321783, Release)\\n\",\n      \"timed_out\": false\n    }\n  }\n}\n",
      "stderr_tail": "",
      "derived_status": "PASS",
      "errors": [],
      "payload": {
        "checks": {
          "CAS-07-C03-FD1": true,
          "CAS-07-C03-FD2": true,
          "CAS-07-C03-FD3": true
        },
        "domain_assumption_diff": [],
        "counterexample": null
      }
    }
  },
  "claim_promotion_cas_eligible": true,
  "claim_promotion_cas_requirement": "SATISFIED"
}
