Frobenius.lean:48:77: error: unsolved goals
M X : E
a : ℝ
i j : Fin 3
⊢ ∑ x, a * (M.ofLp (i, x) * X.ofLp (x, j)) - ∑ x, a * (M.ofLp (x, j) * X.ofLp (i, x)) =
    a * (∑ x, M.ofLp (i, x) * X.ofLp (x, j) - ∑ x, M.ofLp (x, j) * X.ofLp (i, x))
Frobenius.lean:50:14: warning: This simp argument is unused:
  Finset.mul_sum

Hint: Omit it from the simp argument list.
  simp [comm, F̵i̵n̵s̵e̵t̵.̵m̵u̵l̵_̵s̵u̵m̵,̵ ̵mul_assoc, mul_left_comm, mul_comm]

Note: This linter can be disabled with `set_option linter.unusedSimpArgs false`
Frobenius.lean:50:30: warning: This simp argument is unused:
  mul_assoc

Hint: Omit it from the simp argument list.
  simp [comm, Finset.mul_sum, m̵u̵l̵_̵a̵s̵s̵o̵c̵,̵ ̵mul_left_comm, mul_comm]

Note: This linter can be disabled with `set_option linter.unusedSimpArgs false`
'CAS15Frobenius.frobenius_norm_sq' depends on axioms: [propext, Classical.choice, Quot.sound]
'CAS15Frobenius.skew_least_squares_contraction' depends on axioms: [propext, sorryAx, Classical.choice, Quot.sound]
'CAS15Frobenius.skew_squared_least_squares_contraction' depends on axioms: [propext,
 sorryAx,
 Classical.choice,
 Quot.sound]
'CAS15Frobenius.residual_identity' depends on axioms: [propext, Classical.choice, Quot.sound]
'CAS15Frobenius.skew_least_squares_perturbation_residual' depends on axioms: [propext,
 sorryAx,
 Classical.choice,
 Quot.sound]
