SymPy CAS-16-C03 exact finite certificate
Python 3.12.3; SymPy 1.14.0; mpmath 1.3.0
INPUT_SHA256 d36ffedcbeb64c201671e78e42be41ea9b6d160d148d7aadf51134a9dfbe068c docs/research_program/gr_statistics_loops_20260930/local_cas/GRSTAT-CAS-20260930-1308KST/CAS-16/c03_sphere_quadrature_v1_20261008/EXECUTION_CONTRACT.json
INPUT_SHA256 6c536bf89687f6f4f8aaeec90154e1c9cf20b994870e789faa3cff5d5735ac82 docs/research_program/gr_statistics_loops_20260930/local_cas/GRSTAT-CAS-20260930-1308KST/CAS-16/c03_sphere_quadrature_v1_20261008/ADMITTED_INPUTS.json
INPUT_SHA256 4714827e52acf3cb149f4014ac50ab2aa995dd4a0526f6b26ac7257807fe1897 docs/research_program/gr_statistics_loops_20260930/cas/COMMON_SPEC.md
GL5_MOMENT 0 value=2 target=2 residual=0
GL5_MOMENT 1 value=0 target=0 residual=0
GL5_MOMENT 2 value=2/3 target=2/3 residual=0
GL5_MOMENT 3 value=0 target=0 residual=0
GL5_MOMENT 4 value=2/5 target=2/5 residual=0
GL5_MOMENT 5 value=0 target=0 residual=0
GL5_MOMENT 6 value=2/7 target=2/7 residual=0
GL5_MOMENT 7 value=0 target=0 residual=0
GL5_MOMENT 8 value=2/9 target=2/9 residual=0
MONOMIAL 0,0,0 Q=1 target=1 residual=0
MONOMIAL 0,0,1 Q=0 target=0 residual=0
MONOMIAL 0,0,2 Q=1/3 target=1/3 residual=0
MONOMIAL 0,0,3 Q=0 target=0 residual=0
MONOMIAL 0,0,4 Q=1/5 target=1/5 residual=0
MONOMIAL 0,0,5 Q=0 target=0 residual=0
MONOMIAL 0,0,6 Q=1/7 target=1/7 residual=0
MONOMIAL 0,0,7 Q=0 target=0 residual=0
MONOMIAL 0,0,8 Q=1/9 target=1/9 residual=0
MONOMIAL 0,1,0 Q=0 target=0 residual=0
MONOMIAL 0,1,1 Q=0 target=0 residual=0
MONOMIAL 0,1,2 Q=0 target=0 residual=0
MONOMIAL 0,1,3 Q=0 target=0 residual=0
MONOMIAL 0,1,4 Q=0 target=0 residual=0
MONOMIAL 0,1,5 Q=0 target=0 residual=0
MONOMIAL 0,1,6 Q=0 target=0 residual=0
MONOMIAL 0,1,7 Q=0 target=0 residual=0
MONOMIAL 0,2,0 Q=1/3 target=1/3 residual=0
MONOMIAL 0,2,1 Q=0 target=0 residual=0
MONOMIAL 0,2,2 Q=1/15 target=1/15 residual=0
MONOMIAL 0,2,3 Q=0 target=0 residual=0
MONOMIAL 0,2,4 Q=1/35 target=1/35 residual=0
MONOMIAL 0,2,5 Q=0 target=0 residual=0
MONOMIAL 0,2,6 Q=1/63 target=1/63 residual=0
MONOMIAL 0,3,0 Q=0 target=0 residual=0
MONOMIAL 0,3,1 Q=0 target=0 residual=0
MONOMIAL 0,3,2 Q=0 target=0 residual=0
MONOMIAL 0,3,3 Q=0 target=0 residual=0
MONOMIAL 0,3,4 Q=0 target=0 residual=0
MONOMIAL 0,3,5 Q=0 target=0 residual=0
MONOMIAL 0,4,0 Q=1/5 target=1/5 residual=0
MONOMIAL 0,4,1 Q=0 target=0 residual=0
MONOMIAL 0,4,2 Q=1/35 target=1/35 residual=0
MONOMIAL 0,4,3 Q=0 target=0 residual=0
MONOMIAL 0,4,4 Q=1/105 target=1/105 residual=0
MONOMIAL 0,5,0 Q=0 target=0 residual=0
MONOMIAL 0,5,1 Q=0 target=0 residual=0
MONOMIAL 0,5,2 Q=0 target=0 residual=0
MONOMIAL 0,5,3 Q=0 target=0 residual=0
MONOMIAL 0,6,0 Q=1/7 target=1/7 residual=0
MONOMIAL 0,6,1 Q=0 target=0 residual=0
MONOMIAL 0,6,2 Q=1/63 target=1/63 residual=0
MONOMIAL 0,7,0 Q=0 target=0 residual=0
MONOMIAL 0,7,1 Q=0 target=0 residual=0
MONOMIAL 0,8,0 Q=1/9 target=1/9 residual=0
MONOMIAL 1,0,0 Q=0 target=0 residual=0
MONOMIAL 1,0,1 Q=0 target=0 residual=0
MONOMIAL 1,0,2 Q=0 target=0 residual=0
MONOMIAL 1,0,3 Q=0 target=0 residual=0
MONOMIAL 1,0,4 Q=0 target=0 residual=0
MONOMIAL 1,0,5 Q=0 target=0 residual=0
MONOMIAL 1,0,6 Q=0 target=0 residual=0
MONOMIAL 1,0,7 Q=0 target=0 residual=0
MONOMIAL 1,1,0 Q=0 target=0 residual=0
MONOMIAL 1,1,1 Q=0 target=0 residual=0
MONOMIAL 1,1,2 Q=0 target=0 residual=0
MONOMIAL 1,1,3 Q=0 target=0 residual=0
MONOMIAL 1,1,4 Q=0 target=0 residual=0
MONOMIAL 1,1,5 Q=0 target=0 residual=0
MONOMIAL 1,1,6 Q=0 target=0 residual=0
MONOMIAL 1,2,0 Q=0 target=0 residual=0
MONOMIAL 1,2,1 Q=0 target=0 residual=0
MONOMIAL 1,2,2 Q=0 target=0 residual=0
MONOMIAL 1,2,3 Q=0 target=0 residual=0
MONOMIAL 1,2,4 Q=0 target=0 residual=0
MONOMIAL 1,2,5 Q=0 target=0 residual=0
MONOMIAL 1,3,0 Q=0 target=0 residual=0
MONOMIAL 1,3,1 Q=0 target=0 residual=0
MONOMIAL 1,3,2 Q=0 target=0 residual=0
MONOMIAL 1,3,3 Q=0 target=0 residual=0
MONOMIAL 1,3,4 Q=0 target=0 residual=0
MONOMIAL 1,4,0 Q=0 target=0 residual=0
MONOMIAL 1,4,1 Q=0 target=0 residual=0
MONOMIAL 1,4,2 Q=0 target=0 residual=0
MONOMIAL 1,4,3 Q=0 target=0 residual=0
MONOMIAL 1,5,0 Q=0 target=0 residual=0
MONOMIAL 1,5,1 Q=0 target=0 residual=0
MONOMIAL 1,5,2 Q=0 target=0 residual=0
MONOMIAL 1,6,0 Q=0 target=0 residual=0
MONOMIAL 1,6,1 Q=0 target=0 residual=0
MONOMIAL 1,7,0 Q=0 target=0 residual=0
MONOMIAL 2,0,0 Q=1/3 target=1/3 residual=0
MONOMIAL 2,0,1 Q=0 target=0 residual=0
MONOMIAL 2,0,2 Q=1/15 target=1/15 residual=0
MONOMIAL 2,0,3 Q=0 target=0 residual=0
MONOMIAL 2,0,4 Q=1/35 target=1/35 residual=0
MONOMIAL 2,0,5 Q=0 target=0 residual=0
MONOMIAL 2,0,6 Q=1/63 target=1/63 residual=0
MONOMIAL 2,1,0 Q=0 target=0 residual=0
MONOMIAL 2,1,1 Q=0 target=0 residual=0
MONOMIAL 2,1,2 Q=0 target=0 residual=0
MONOMIAL 2,1,3 Q=0 target=0 residual=0
MONOMIAL 2,1,4 Q=0 target=0 residual=0
MONOMIAL 2,1,5 Q=0 target=0 residual=0
MONOMIAL 2,2,0 Q=1/15 target=1/15 residual=0
MONOMIAL 2,2,1 Q=0 target=0 residual=0
MONOMIAL 2,2,2 Q=1/105 target=1/105 residual=0
MONOMIAL 2,2,3 Q=0 target=0 residual=0
MONOMIAL 2,2,4 Q=1/315 target=1/315 residual=0
MONOMIAL 2,3,0 Q=0 target=0 residual=0
MONOMIAL 2,3,1 Q=0 target=0 residual=0
MONOMIAL 2,3,2 Q=0 target=0 residual=0
MONOMIAL 2,3,3 Q=0 target=0 residual=0
MONOMIAL 2,4,0 Q=1/35 target=1/35 residual=0
MONOMIAL 2,4,1 Q=0 target=0 residual=0
MONOMIAL 2,4,2 Q=1/315 target=1/315 residual=0
MONOMIAL 2,5,0 Q=0 target=0 residual=0
MONOMIAL 2,5,1 Q=0 target=0 residual=0
MONOMIAL 2,6,0 Q=1/63 target=1/63 residual=0
MONOMIAL 3,0,0 Q=0 target=0 residual=0
MONOMIAL 3,0,1 Q=0 target=0 residual=0
MONOMIAL 3,0,2 Q=0 target=0 residual=0
MONOMIAL 3,0,3 Q=0 target=0 residual=0
MONOMIAL 3,0,4 Q=0 target=0 residual=0
MONOMIAL 3,0,5 Q=0 target=0 residual=0
MONOMIAL 3,1,0 Q=0 target=0 residual=0
MONOMIAL 3,1,1 Q=0 target=0 residual=0
MONOMIAL 3,1,2 Q=0 target=0 residual=0
MONOMIAL 3,1,3 Q=0 target=0 residual=0
MONOMIAL 3,1,4 Q=0 target=0 residual=0
MONOMIAL 3,2,0 Q=0 target=0 residual=0
MONOMIAL 3,2,1 Q=0 target=0 residual=0
MONOMIAL 3,2,2 Q=0 target=0 residual=0
MONOMIAL 3,2,3 Q=0 target=0 residual=0
MONOMIAL 3,3,0 Q=0 target=0 residual=0
MONOMIAL 3,3,1 Q=0 target=0 residual=0
MONOMIAL 3,3,2 Q=0 target=0 residual=0
MONOMIAL 3,4,0 Q=0 target=0 residual=0
MONOMIAL 3,4,1 Q=0 target=0 residual=0
MONOMIAL 3,5,0 Q=0 target=0 residual=0
MONOMIAL 4,0,0 Q=1/5 target=1/5 residual=0
MONOMIAL 4,0,1 Q=0 target=0 residual=0
MONOMIAL 4,0,2 Q=1/35 target=1/35 residual=0
MONOMIAL 4,0,3 Q=0 target=0 residual=0
MONOMIAL 4,0,4 Q=1/105 target=1/105 residual=0
MONOMIAL 4,1,0 Q=0 target=0 residual=0
MONOMIAL 4,1,1 Q=0 target=0 residual=0
MONOMIAL 4,1,2 Q=0 target=0 residual=0
MONOMIAL 4,1,3 Q=0 target=0 residual=0
MONOMIAL 4,2,0 Q=1/35 target=1/35 residual=0
MONOMIAL 4,2,1 Q=0 target=0 residual=0
MONOMIAL 4,2,2 Q=1/315 target=1/315 residual=0
MONOMIAL 4,3,0 Q=0 target=0 residual=0
MONOMIAL 4,3,1 Q=0 target=0 residual=0
MONOMIAL 4,4,0 Q=1/105 target=1/105 residual=0
MONOMIAL 5,0,0 Q=0 target=0 residual=0
MONOMIAL 5,0,1 Q=0 target=0 residual=0
MONOMIAL 5,0,2 Q=0 target=0 residual=0
MONOMIAL 5,0,3 Q=0 target=0 residual=0
MONOMIAL 5,1,0 Q=0 target=0 residual=0
MONOMIAL 5,1,1 Q=0 target=0 residual=0
MONOMIAL 5,1,2 Q=0 target=0 residual=0
MONOMIAL 5,2,0 Q=0 target=0 residual=0
MONOMIAL 5,2,1 Q=0 target=0 residual=0
MONOMIAL 5,3,0 Q=0 target=0 residual=0
MONOMIAL 6,0,0 Q=1/7 target=1/7 residual=0
MONOMIAL 6,0,1 Q=0 target=0 residual=0
MONOMIAL 6,0,2 Q=1/63 target=1/63 residual=0
MONOMIAL 6,1,0 Q=0 target=0 residual=0
MONOMIAL 6,1,1 Q=0 target=0 residual=0
MONOMIAL 6,2,0 Q=1/63 target=1/63 residual=0
MONOMIAL 7,0,0 Q=0 target=0 residual=0
MONOMIAL 7,0,1 Q=0 target=0 residual=0
MONOMIAL 7,1,0 Q=0 target=0 residual=0
MONOMIAL 8,0,0 Q=1/9 target=1/9 residual=0
GL4_WITNESS unnormalized_difference=-128/11025 normalized_difference=-64/11025
NPHI8_WITNESS normalized_difference=1/128
NUMERIC_80D max_abs_error=6.325318765938313934609144e-81 failures=0
