/home/cosmosapjw/Dropbox/bianchi/htt_base/docs/research_program/gr_statistics_loops_20260930/local_cas/GRSTAT-CAS-20260930-1308KST/CAS-05/v3_execution_20261003/lean/CAS05Finite.lean:53:23: warning: This simp argument is unused:
  hE

Hint: Omit it from the simp argument list.
  simp [christoffel, conformalChristoffel, sum4, inverseMetric, dMetric,
  ̵  ̵ ̵ ̵ ̵ ̵eta, delta, sig,̵ ̵h̵E̵]

Note: This linter can be disabled with `set_option linter.unusedSimpArgs false`
/home/cosmosapjw/Dropbox/bianchi/htt_base/docs/research_program/gr_statistics_loops_20260930/local_cas/GRSTAT-CAS-20260930-1308KST/CAS-05/v3_execution_20261003/lean/CAS05Finite.lean:53:46: warning: this tactic is never executed

Note: This linter can be disabled with `set_option linter.unreachableTactic false`
/home/cosmosapjw/Dropbox/bianchi/htt_base/docs/research_program/gr_statistics_loops_20260930/local_cas/GRSTAT-CAS-20260930-1308KST/CAS-05/v3_execution_20261003/lean/CAS05Finite.lean:53:46: warning: 'ring' tactic does nothing

Note: This linter can be disabled with `set_option linter.unusedTactic false`
'CAS05Finite.christoffel_from_metric' depends on axioms: [propext, Classical.choice, Quot.sound]
'CAS05Finite.dChristoffel_from_metric' depends on axioms: [propext, Classical.choice, Quot.sound]
'CAS05Finite.ricci_from_connection' depends on axioms: [propext, Classical.choice, Quot.sound]
'CAS05Finite.einstein_from_metric' depends on axioms: [propext, Classical.choice, Quot.sound]
'CAS05Finite.phi_exact_taylor' depends on axioms: [propext, Classical.choice, Quot.sound]
/home/cosmosapjw/Dropbox/bianchi/htt_base/docs/research_program/gr_statistics_loops_20260930/local_cas/GRSTAT-CAS-20260930-1308KST/CAS-05/v3_execution_20261003/lean/CAS05Finite.lean:202:32: warning: This simp argument is unused:
  eta

Hint: Omit it from the simp argument list.
  simp [rayE, pPhi, hPhi, rayX, e̵t̵a̵,̵ ̵delta, sig, Real.exp_neg]

Note: This linter can be disabled with `set_option linter.unusedSimpArgs false`
/home/cosmosapjw/Dropbox/bianchi/htt_base/docs/research_program/gr_statistics_loops_20260930/local_cas/GRSTAT-CAS-20260930-1308KST/CAS-05/v3_execution_20261003/lean/CAS05Finite.lean:202:44: warning: This simp argument is unused:
  sig

Hint: Omit it from the simp argument list.
  simp [rayE, pPhi, hPhi, rayX, eta, delta, s̵i̵g̵,̵ ̵Real.exp_neg]

Note: This linter can be disabled with `set_option linter.unusedSimpArgs false`
'CAS05Finite.ray_frame_gap' depends on axioms: [propext, Classical.choice, Quot.sound]
'CAS05Finite.ray_conditional_root' depends on axioms: [propext, Classical.choice, Quot.sound]
/home/cosmosapjw/Dropbox/bianchi/htt_base/docs/research_program/gr_statistics_loops_20260930/local_cas/GRSTAT-CAS-20260930-1308KST/CAS-05/v3_execution_20261003/lean/CAS05Finite.lean:234:41: warning: Variable name `hκ` is not explicitly referenced.

The binding can be removed (if unused) or named `_` (if used implicitly).

Note: This linter can be disabled with `set_option linter.unusedVariables false`
/home/cosmosapjw/Dropbox/bianchi/htt_base/docs/research_program/gr_statistics_loops_20260930/local_cas/GRSTAT-CAS-20260930-1308KST/CAS-05/v3_execution_20261003/lean/CAS05Finite.lean:240:41: warning: Variable name `hκ` is not explicitly referenced.

The binding can be removed (if unused) or named `_` (if used implicitly).

Note: This linter can be disabled with `set_option linter.unusedVariables false`
/home/cosmosapjw/Dropbox/bianchi/htt_base/docs/research_program/gr_statistics_loops_20260930/local_cas/GRSTAT-CAS-20260930-1308KST/CAS-05/v3_execution_20261003/lean/CAS05Finite.lean:245:22: warning: Variable name `lam` is not explicitly referenced.

The binding can be removed (if unused) or named `_` (if used implicitly).

Note: This linter can be disabled with `set_option linter.unusedVariables false`
/home/cosmosapjw/Dropbox/bianchi/htt_base/docs/research_program/gr_statistics_loops_20260930/local_cas/GRSTAT-CAS-20260930-1308KST/CAS-05/v3_execution_20261003/lean/CAS05Finite.lean:245:36: warning: Variable name `hκ` is not explicitly referenced.

The binding can be removed (if unused) or named `_` (if used implicitly).

Note: This linter can be disabled with `set_option linter.unusedVariables false`
'CAS05Finite.origin_G' depends on axioms: [propext, Classical.choice, Quot.sound]
'CAS05Finite.origin_stress00' depends on axioms: [propext, Classical.choice, Quot.sound]
'CAS05Finite.origin_gap_pos' depends on axioms: [propext, Classical.choice, Quot.sound]
/home/cosmosapjw/Dropbox/bianchi/htt_base/docs/research_program/gr_statistics_loops_20260930/local_cas/GRSTAT-CAS-20260930-1308KST/CAS-05/v3_execution_20261003/lean/CAS05Finite.lean:277:53: warning: this tactic is never executed

Note: This linter can be disabled with `set_option linter.unreachableTactic false`
/home/cosmosapjw/Dropbox/bianchi/htt_base/docs/research_program/gr_statistics_loops_20260930/local_cas/GRSTAT-CAS-20260930-1308KST/CAS-05/v3_execution_20261003/lean/CAS05Finite.lean:277:53: warning: 'ring' tactic does nothing

Note: This linter can be disabled with `set_option linter.unusedTactic false`
'CAS05Finite.jPhi_cubic' depends on axioms: [propext, Classical.choice, Quot.sound]
'CAS05Finite.origin_dG_full' depends on axioms: [propext, Classical.choice, Quot.sound]
'CAS05Finite.origin_G_exact_first_jet' depends on axioms: [propext, Classical.choice, Quot.sound]
/home/cosmosapjw/Dropbox/bianchi/htt_base/docs/research_program/gr_statistics_loops_20260930/local_cas/GRSTAT-CAS-20260930-1308KST/CAS-05/v3_execution_20261003/lean/CAS05Finite.lean:330:71: warning: Used `tac1 <;> tac2` where `(tac1; tac2)` would suffice

Note: This linter can be disabled with `set_option linter.unnecessarySeqFocus false`
/home/cosmosapjw/Dropbox/bianchi/htt_base/docs/research_program/gr_statistics_loops_20260930/local_cas/GRSTAT-CAS-20260930-1308KST/CAS-05/v3_execution_20261003/lean/CAS05Finite.lean:331:15: warning: Used `tac1 <;> tac2` where `(tac1; tac2)` would suffice

Note: This linter can be disabled with `set_option linter.unnecessarySeqFocus false`
/home/cosmosapjw/Dropbox/bianchi/htt_base/docs/research_program/gr_statistics_loops_20260930/local_cas/GRSTAT-CAS-20260930-1308KST/CAS-05/v3_execution_20261003/lean/CAS05Finite.lean:333:43: warning: Variable name `hb` is not explicitly referenced.

The binding can be removed (if unused) or named `_` (if used implicitly).

Note: This linter can be disabled with `set_option linter.unusedVariables false`
'CAS05Finite.eigenvector_differentiated_equation' depends on axioms: [propext, Classical.choice, Quot.sound]
'CAS05Finite.origin_acceleration' depends on axioms: [propext, Classical.choice, Quot.sound]
'CAS05Finite.nonEOS_pressure_gradient' depends on axioms: [propext, Classical.choice, Quot.sound]
'CAS05Finite.origin_stressii' depends on axioms: [propext, Classical.choice, Quot.sound]
'CAS05Finite.other_eigenvector_rates_zero' depends on axioms: [propext, Classical.choice, Quot.sound]
'CAS05Finite.density_first_jet_zero' depends on axioms: [propext, Classical.choice, Quot.sound]
'CAS05Finite.origin_strictDEC' depends on axioms: [propext, Classical.choice, Quot.sound]
'CAS05Finite.ray_phi' depends on axioms: [propext, Classical.choice, Quot.sound]
'CAS05Finite.ray_metric_scale' depends on axioms: [propext, Classical.choice, Quot.sound]
'CAS05Finite.ray_lambda_zero' depends on axioms: [propext, Classical.choice, Quot.sound]
