/home/cosmosapjw/Dropbox/bianchi/htt_base/docs/research_program/gr_statistics_loops_20260930/local_cas/GRSTAT-CAS-20260930-1308KST/CAS-04/completion_20261003/lean/attempts/008/Proof.lean:60:16: warning: This simp argument is unused:
  mul_comm

Hint: Omit it from the simp argument list.
  simp [matVec, mul_c̵o̵m̵m̵,̵ ̵m̵u̵l_̵l̵eft_comm, mul_assoc, Finset.mul_sum, Pi.smul_apply, smul_eq_mul]

Note: This linter can be disabled with `set_option linter.unusedSimpArgs false`
/home/cosmosapjw/Dropbox/bianchi/htt_base/docs/research_program/gr_statistics_loops_20260930/local_cas/GRSTAT-CAS-20260930-1308KST/CAS-04/completion_20261003/lean/attempts/008/Proof.lean:60:41: warning: This simp argument is unused:
  mul_assoc

Hint: Omit it from the simp argument list.
  simp [matVec, mul_comm, mul_left_comm, m̵u̵l̵_̵a̵s̵s̵o̵c̵,̵ ̵Finset.mul_sum, Pi.smul_apply, smul_eq_mul]

Note: This linter can be disabled with `set_option linter.unusedSimpArgs false`
/home/cosmosapjw/Dropbox/bianchi/htt_base/docs/research_program/gr_statistics_loops_20260930/local_cas/GRSTAT-CAS-20260930-1308KST/CAS-04/completion_20261003/lean/attempts/008/Proof.lean:109:49: error: unsolved goals
case e'_4
u : ℝ → Vec4
t₀ : ℝ
du : Vec4
hu : ∀ (a : Fin 4), HasDerivAt (fun s => u s a) (du a) t₀
hn : ∀ (s : ℝ), lorentzDot (u s) (u s) = -1
hraw :
  HasDerivAt
    (((-((fun s => u s 0) * fun s => u s 0) + (fun s => u s 1) * fun s => u s 1) + (fun s => u s 2) * fun s => u s 2) +
      (fun s => u s 3) * fun s => u s 3)
    (-(du 0 * u t₀ 0 + u t₀ 0 * du 0) + (du 1 * u t₀ 1 + u t₀ 1 * du 1) + (du 2 * u t₀ 2 + u t₀ 2 * du 2) +
      (du 3 * u t₀ 3 + u t₀ 3 * du 3))
    t₀
hcoef :
  -(du 0 * u t₀ 0 + u t₀ 0 * du 0) + (du 1 * u t₀ 1 + u t₀ 1 * du 1) + (du 2 * u t₀ 2 + u t₀ 2 * du 2) +
      (du 3 * u t₀ 3 + u t₀ 3 * du 3) =
    2 * lorentzDot (u t₀) du
⊢ Real.instAddCommGroup = Real.normedAddCommGroup.toAddCommGroup

case e'_5
u : ℝ → Vec4
t₀ : ℝ
du : Vec4
hu : ∀ (a : Fin 4), HasDerivAt (fun s => u s a) (du a) t₀
hn : ∀ (s : ℝ), lorentzDot (u s) (u s) = -1
hraw :
  HasDerivAt
    (((-((fun s => u s 0) * fun s => u s 0) + (fun s => u s 1) * fun s => u s 1) + (fun s => u s 2) * fun s => u s 2) +
      (fun s => u s 3) * fun s => u s 3)
    (-(du 0 * u t₀ 0 + u t₀ 0 * du 0) + (du 1 * u t₀ 1 + u t₀ 1 * du 1) + (du 2 * u t₀ 2 + u t₀ 2 * du 2) +
      (du 3 * u t₀ 3 + u t₀ 3 * du 3))
    t₀
hcoef :
  -(du 0 * u t₀ 0 + u t₀ 0 * du 0) + (du 1 * u t₀ 1 + u t₀ 1 * du 1) + (du 2 * u t₀ 2 + u t₀ 2 * du 2) +
      (du 3 * u t₀ 3 + u t₀ 3 * du 3) =
    2 * lorentzDot (u t₀) du
e_4✝ : Real.instAddCommGroup = Real.normedAddCommGroup.toAddCommGroup
⊢ Semiring.toModule = RCLike.toInnerProductSpaceReal.toModule

case e'_8
u : ℝ → Vec4
t₀ : ℝ
du : Vec4
hu : ∀ (a : Fin 4), HasDerivAt (fun s => u s a) (du a) t₀
hn : ∀ (s : ℝ), lorentzDot (u s) (u s) = -1
hraw :
  HasDerivAt
    (((-((fun s => u s 0) * fun s => u s 0) + (fun s => u s 1) * fun s => u s 1) + (fun s => u s 2) * fun s => u s 2) +
      (fun s => u s 3) * fun s => u s 3)
    (-(du 0 * u t₀ 0 + u t₀ 0 * du 0) + (du 1 * u t₀ 1 + u t₀ 1 * du 1) + (du 2 * u t₀ 2 + u t₀ 2 * du 2) +
      (du 3 * u t₀ 3 + u t₀ 3 * du 3))
    t₀
hcoef :
  -(du 0 * u t₀ 0 + u t₀ 0 * du 0) + (du 1 * u t₀ 1 + u t₀ 1 * du 1) + (du 2 * u t₀ 2 + u t₀ 2 * du 2) +
      (du 3 * u t₀ 3 + u t₀ 3 * du 3) =
    2 * lorentzDot (u t₀) du
⊢ (fun s => lorentzDot (u s) (u s)) =
    ((-((fun s => u s 0) * fun s => u s 0) + (fun s => u s 1) * fun s => u s 1) + (fun s => u s 2) * fun s => u s 2) +
      (fun s => u s 3) * fun s => u s 3
case e'_4
u : ℝ → Vec4
t₀ : ℝ
du : Vec4
hu : ∀ (a : Fin 4), HasDerivAt (fun s => u s a) (du a) t₀
hn : ∀ (s : ℝ), lorentzDot (u s) (u s) = -1
hraw :
  HasDerivAt
    (((-((fun s => u s 0) * fun s => u s 0) + (fun s => u s 1) * fun s => u s 1) + (fun s => u s 2) * fun s => u s 2) +
      (fun s => u s 3) * fun s => u s 3)
    (-(du 0 * u t₀ 0 + u t₀ 0 * du 0) + (du 1 * u t₀ 1 + u t₀ 1 * du 1) + (du 2 * u t₀ 2 + u t₀ 2 * du 2) +
      (du 3 * u t₀ 3 + u t₀ 3 * du 3))
    t₀
hcoef :
  -(du 0 * u t₀ 0 + u t₀ 0 * du 0) + (du 1 * u t₀ 1 + u t₀ 1 * du 1) + (du 2 * u t₀ 2 + u t₀ 2 * du 2) +
      (du 3 * u t₀ 3 + u t₀ 3 * du 3) =
    2 * lorentzDot (u t₀) du
⊢ Real.instAddCommGroup = Real.normedAddCommGroup.toAddCommGroup
case e'_5
u : ℝ → Vec4
t₀ : ℝ
du : Vec4
hu : ∀ (a : Fin 4), HasDerivAt (fun s => u s a) (du a) t₀
hn : ∀ (s : ℝ), lorentzDot (u s) (u s) = -1
hraw :
  HasDerivAt
    (((-((fun s => u s 0) * fun s => u s 0) + (fun s => u s 1) * fun s => u s 1) + (fun s => u s 2) * fun s => u s 2) +
      (fun s => u s 3) * fun s => u s 3)
    (-(du 0 * u t₀ 0 + u t₀ 0 * du 0) + (du 1 * u t₀ 1 + u t₀ 1 * du 1) + (du 2 * u t₀ 2 + u t₀ 2 * du 2) +
      (du 3 * u t₀ 3 + u t₀ 3 * du 3))
    t₀
hcoef :
  -(du 0 * u t₀ 0 + u t₀ 0 * du 0) + (du 1 * u t₀ 1 + u t₀ 1 * du 1) + (du 2 * u t₀ 2 + u t₀ 2 * du 2) +
      (du 3 * u t₀ 3 + u t₀ 3 * du 3) =
    2 * lorentzDot (u t₀) du
e_4✝ : Real.instAddCommGroup = Real.normedAddCommGroup.toAddCommGroup
⊢ Semiring.toModule = RCLike.toInnerProductSpaceReal.toModule
case e'_8
u : ℝ → Vec4
t₀ : ℝ
du : Vec4
hu : ∀ (a : Fin 4), HasDerivAt (fun s => u s a) (du a) t₀
hn : ∀ (s : ℝ), lorentzDot (u s) (u s) = -1
hraw :
  HasDerivAt
    (((-((fun s => u s 0) * fun s => u s 0) + (fun s => u s 1) * fun s => u s 1) + (fun s => u s 2) * fun s => u s 2) +
      (fun s => u s 3) * fun s => u s 3)
    (-(du 0 * u t₀ 0 + u t₀ 0 * du 0) + (du 1 * u t₀ 1 + u t₀ 1 * du 1) + (du 2 * u t₀ 2 + u t₀ 2 * du 2) +
      (du 3 * u t₀ 3 + u t₀ 3 * du 3))
    t₀
hcoef :
  -(du 0 * u t₀ 0 + u t₀ 0 * du 0) + (du 1 * u t₀ 1 + u t₀ 1 * du 1) + (du 2 * u t₀ 2 + u t₀ 2 * du 2) +
      (du 3 * u t₀ 3 + u t₀ 3 * du 3) =
    2 * lorentzDot (u t₀) du
⊢ (fun s => lorentzDot (u s) (u s)) =
    ((-((fun s => u s 0) * fun s => u s 0) + (fun s => u s 1) * fun s => u s 1) + (fun s => u s 2) * fun s => u s 2) +
      (fun s => u s 3) * fun s => u s 3
/home/cosmosapjw/Dropbox/bianchi/htt_base/docs/research_program/gr_statistics_loops_20260930/local_cas/GRSTAT-CAS-20260930-1308KST/CAS-04/completion_20261003/lean/attempts/008/Proof.lean:123:5: warning: Variable name `hc` is not explicitly referenced.

The binding can be removed (if unused) or named `_` (if used implicitly).

Note: This linter can be disabled with `set_option linter.unusedVariables false`
/home/cosmosapjw/Dropbox/bianchi/htt_base/docs/research_program/gr_statistics_loops_20260930/local_cas/GRSTAT-CAS-20260930-1308KST/CAS-04/completion_20261003/lean/attempts/008/Proof.lean:139:24: warning: This simp argument is unused:
  add_zero

Hint: Omit it from the simp argument list.
  simp only [smul_zero,̵ ̵a̵d̵d̵_̵z̵e̵r̵o̵] at hproj

Note: This linter can be disabled with `set_option linter.unusedSimpArgs false`
