------------------------------------------------------------
Package xAct`xPerm`  version 1.2.4, {2025, 12, 29}
CopyRight (C) 2003-2026, Jose M. Martin-Garcia, under the General Public License.
Connecting to external linux executable...
Connection established.
------------------------------------------------------------
Package xAct`xTensor` version 1.3.0, {2025, 12, 29}
CopyRight (C) 2002-2026, Jose M. Martin-Garcia, under the General Public License.
------------------------------------------------------------
These packages come with ABSOLUTELY NO WARRANTY; for details type Disclaimer[]. This is free software, and you are welcome to redistribute it under certain conditions. See the General Public License for details.
------------------------------------------------------------
** DefManifold: Defining manifold MomentM. 
** DefVBundle: Defining vbundle TangentMomentM. 
** DefTensor: Defining symmetric metric tensor hm[-i, -i]. 
** DefTensor: Defining antisymmetric tensor epsilonhm[-i]. 
** DefCovD: Defining covariant derivative DC[-i]. 
** DefTensor: Defining vanishing torsion tensor TorsionDC[i, -i1, -i2]. 
** DefTensor: Defining symmetric Christoffel tensor ChristoffelDC[i, -i1, -i2]. 
** DefTensor: Defining vanishing Riemann tensor RiemannDC[-i, -i1, -i2, -i3]. 
** DefTensor: Defining vanishing Ricci tensor RicciDC[-i, -i1]. 
** DefTensor: Defining vanishing Ricci scalar RicciScalarDC[]. 
** DefTensor: Defining vanishing Einstein tensor EinsteinDC[-i, -i1]. 
** DefTensor: Defining vanishing Weyl tensor WeylDC[-i, -i1, -i2, -i3]. 
** DefTensor: Defining vanishing TFRicci tensor TFRicciDC[-i, -i1]. 
** DefTensor: Defining Kretschmann scalar KretschmannDC[]. 
** DefTensor: Defining weight +2 density Dethm[].      Determinant.

                          ps1   ps2          12 ps0 - 6 ps1 + ps2          ps2          3 ps1 - ps2   ps1   ps2          -2 ps1 + ps2
ReplaceAll::reps: {-ps0 + --- - --- + (c0 -> --------------------), -ps1 + --- + (c3 -> -----------), --- - --- + (c4 -> ------------)} is neither a list of replacement rules nor a valid dispatch table and so cannot be used for replacing.
                           2    12                    12                    3                3         2     4                4

First::nofirst: {} has zero length and no first element.

ReplaceAll::reps: {First[{}]} is neither a list of replacement rules nor a valid dispatch table and so cannot be used for replacing.

                             2            2    5                         3             4
                         (3 a  + 2 a u + u ) (y  - (v0$17431 + v3$17431 y  + v4$17431 y  /. First[{}]))
CoefficientList::poly: -(------------------------------------------------------------------------------) is not a polynomial.
                                                                       2
                                                       (a - y) (-u + y)

First::nofirst: {} has zero length and no first element.

ReplaceAll::reps: {First[{}]} is neither a list of replacement rules nor a valid dispatch table and so cannot be used for replacing.

General::stop: Further output of ReplaceAll::reps will be suppressed during this calculation.

                             2            2    6                         3             4
                         (3 a  + 2 a u + u ) (y  - (v0$17445 + v3$17445 y  + v4$17445 y  /. First[{}]))
CoefficientList::poly: -(------------------------------------------------------------------------------) is not a polynomial.
                                                                       2
                                                       (a - y) (-u + y)

First::nofirst: {} has zero length and no first element.

General::stop: Further output of First::nofirst will be suppressed during this calculation.

                             2            2    5                         3             4
                         (3 b  + 2 b d + d ) (y  - (v0$17452 + v3$17452 y  + v4$17452 y  /. First[{}]))
CoefficientList::poly: -(------------------------------------------------------------------------------) is not a polynomial.
                                                                       2
                                                       (b - y) (-d + y)

General::stop: Further output of CoefficientList::poly will be suppressed during this calculation.
CAS_JSON_BEGIN
{
	"checks":{
		"CAS-13-C01":false,
		"CAS-13-C02":true,
		"CAS-13-C03":false,
		"CAS-13-C04":false
	},
	"domain_assumption_diff":[],
	"counterexample":null,
	"xact_actions":{
		"oneDimMetricTrace":true
	},
	"analytic_obligations_not_checked":[
		"general real p>4 principal representation theorem",
		"integrated bandpass Taylor remainder"
	],
	"intermediate":{
		"local_coefficients":"{{c0 -> (12*ps0 - 6*ps1 + ps2)\/12, c3 -> (3*ps1 - ps2)\/3, c4 -> (-2*ps1 + ps2)\/4}}",
		"lower_ratio_derivative":"(u^2*(3*a^2 + 2*a*u + u^2))\/(a^2 + a*u + u^2)^2",
		"upper_ratio_derivative":"(d^2*(3*b^2 + 2*b*d + d^2))\/(b^2 + b*d + d^2)^2",
		"p5_residual":"y^5 - (v0$17431 + v3$17431*y^3 + v4$17431*y^4 \/. First[{}])",
		"p6_residual":"y^6 - (v0$17445 + v3$17445*y^3 + v4$17445*y^4 \/. First[{}])",
		"p5_coefficients":"{(-3*a^2*y^5)\/((a - y)*(-u + y)^2) - (2*a*u*y^5)\/((a - y)*(-u + y)^2) - (u^2*y^5)\/((a - y)*(-u + y)^2) + (3*a^2*(v0$17431 + v3$17431*y^3 + v4$17431*y^4 \/. First[{}]))\/((a - y)*(-u + y)^2) + (2*a*u*(v0$17431 + v3$17431*y^3 + v4$17431*y^4 \/. First[{}]))\/((a - y)*(-u + y)^2) + (u^2*(v0$17431 + v3$17431*y^3 + v4$17431*y^4 \/. First[{}]))\/((a - y)*(-u + y)^2)}",
		"p6_coefficients":"{(-3*a^2*y^6)\/((a - y)*(-u + y)^2) - (2*a*u*y^6)\/((a - y)*(-u + y)^2) - (u^2*y^6)\/((a - y)*(-u + y)^2) + (3*a^2*(v0$17445 + v3$17445*y^3 + v4$17445*y^4 \/. First[{}]))\/((a - y)*(-u + y)^2) + (2*a*u*(v0$17445 + v3$17445*y^3 + v4$17445*y^4 \/. First[{}]))\/((a - y)*(-u + y)^2) + (u^2*(v0$17445 + v3$17445*y^3 + v4$17445*y^4 \/. First[{}]))\/((a - y)*(-u + y)^2)}"
	},
	"wolfram_version":"15.0.0 for Linux x86 (64-bit) (May 26, 2026)",
	"xtensor_version":"{\"1.3.0\", {2025, 12, 29}}"
}
CAS_JSON_END
