FAIL rank2 minors count
   ? `exit(1)` is undefined
   ? error occurred in or before commutator.sing line 10: ` print("FAIL rank2 minors count"); exit(1); `
FAIL rank1 minors count
   ? `exit(1)` is undefined
   ? error occurred in or before commutator.sing line 11: ` print("FAIL rank1 minors count"); exit(1); `
CAS15_C03_SINGULAR_CONTENT_OK
determinant=
m1^2*m2-m1*m2^2-m1^2*m3+m2^2*m3+m1*m3^2-m2*m3^2
rank3_ideal=
m1^2*m2-m1*m2^2-m1^2*m3+m2^2*m3+m1*m3^2-m2*m3^2
rank2_ideal=
m1*m2-m1*m3-m2*m3+m3^2,
m1*m2-m2^2-m1*m3+m2*m3,
m1^2-m1*m2-m1*m3+m2*m3,
0,
0,
0,
0,
0,
0
rank1_ideal=
m2-m3,
m1-m3,
m1-m2,
0,
0,
0,
0,
0,
0
