------------------------------------------------------------
Package xAct`xPerm`  version 1.2.4, {2025, 12, 29}
CopyRight (C) 2003-2026, Jose M. Martin-Garcia, under the General Public License.
Connecting to external linux executable...
Connection established.
------------------------------------------------------------
Package xAct`xTensor` version 1.3.0, {2025, 12, 29}
CopyRight (C) 2002-2026, Jose M. Martin-Garcia, under the General Public License.
------------------------------------------------------------
Package xAct`xCoba`  version 0.8.6, {2021, 2, 28}
CopyRight (C) 2005-2026, David Yllanes and Jose M. Martin-Garcia, under the General Public License.
------------------------------------------------------------
These packages come with ABSOLUTELY NO WARRANTY; for details type Disclaimer[]. This is free software, and you are welcome to redistribute it under certain conditions. See the General Public License for details.
------------------------------------------------------------
** DefManifold: Defining manifold MCAS05. 
** DefVBundle: Defining vbundle TangentMCAS05. 
** DefChart: Defining chart chart05. 
** DefTensor: Defining coordinate scalar tt[]. 
** DefTensor: Defining coordinate scalar xx[]. 
** DefTensor: Defining coordinate scalar yy[]. 
** DefTensor: Defining coordinate scalar zz[]. 
** DefMapping: Defining mapping chart05. 
** DefMapping: Defining inverse mapping ichart05. 
** DefTensor: Defining mapping differential tensor dichart05[-, ichart05a]. 
** DefTensor: Defining mapping differential tensor dchart05[-a, chart05]. 
** DefBasis: Defining basis chart05. Coordinated basis.
** DefCovD: Defining parallel derivative PDchart05[-a]. 
** DefTensor: Defining vanishing torsion tensor TorsionPDchart05[a, -b, -c]. 
** DefTensor: Defining symmetric Christoffel tensor ChristoffelPDchart05[a, -b, -c]. 
** DefTensor: Defining vanishing Riemann tensor RiemannPDchart05[-a, -b, -c, d]. 
** DefTensor: Defining vanishing Ricci tensor RicciPDchart05[-a, -b]. 
** DefTensor: Defining antisymmetric +1 density etaUpchart05[a, b, c, d]. 
** DefTensor: Defining antisymmetric -1 density etaDownchart05[-a, -b, -c, -d]. 

                                                                    2            2                    2       2       2                                  2            2                    2       2       2                                  2            2                    2       2       2                                  2            2                    2       2       2
                                                        2 (-(bb tt[] ) + (ll tt[]  xx[])/2 - (bb (xx[]  + yy[]  + zz[] ))/2)                 2 (-(bb tt[] ) + (ll tt[]  xx[])/2 - (bb (xx[]  + yy[]  + zz[] ))/2)                 2 (-(bb tt[] ) + (ll tt[]  xx[])/2 - (bb (xx[]  + yy[]  + zz[] ))/2)                 2 (-(bb tt[] ) + (ll tt[]  xx[])/2 - (bb (xx[]  + yy[]  + zz[] ))/2)
SetCMetric::old: There are already metrics {CTensor[{{-E                                                                    , 0, 0, 0}, {0, E                                                                    , 0, 0}, {0, 0, E                                                                    , 0}, {0, 0, 0, E                                                                    }}, {-chart05, -chart05}, 0]} in vbundle TangentMCAS05.
AXIS_PROGRESS basis 1/12 k01 residual_zero=True

                                                                    2            2                    2       2       2                                  2            2                    2       2       2                                  2            2                    2       2       2                                  2            2                    2       2       2
                                                        2 (-(bb tt[] ) + (ll tt[]  xx[])/2 - (bb (xx[]  + yy[]  + zz[] ))/2)                 2 (-(bb tt[] ) + (ll tt[]  xx[])/2 - (bb (xx[]  + yy[]  + zz[] ))/2)                 2 (-(bb tt[] ) + (ll tt[]  xx[])/2 - (bb (xx[]  + yy[]  + zz[] ))/2)                 2 (-(bb tt[] ) + (ll tt[]  xx[])/2 - (bb (xx[]  + yy[]  + zz[] ))/2)
SetCMetric::old: There are already metrics {CTensor[{{-E                                                                    , 0, 0, 0}, {0, E                                                                    , 0, 0}, {0, 0, E                                                                    , 0}, {0, 0, 0, E                                                                    }}, {-chart05, -chart05}, 0]} in vbundle TangentMCAS05.
AXIS_PROGRESS basis 2/12 k02 residual_zero=True

                                                                    2            2                    2       2       2                                  2            2                    2       2       2                                  2            2                    2       2       2                                  2            2                    2       2       2
                                                        2 (-(bb tt[] ) + (ll tt[]  xx[])/2 - (bb (xx[]  + yy[]  + zz[] ))/2)                 2 (-(bb tt[] ) + (ll tt[]  xx[])/2 - (bb (xx[]  + yy[]  + zz[] ))/2)                 2 (-(bb tt[] ) + (ll tt[]  xx[])/2 - (bb (xx[]  + yy[]  + zz[] ))/2)                 2 (-(bb tt[] ) + (ll tt[]  xx[])/2 - (bb (xx[]  + yy[]  + zz[] ))/2)
SetCMetric::old: There are already metrics {CTensor[{{-E                                                                    , 0, 0, 0}, {0, E                                                                    , 0, 0}, {0, 0, E                                                                    , 0}, {0, 0, 0, E                                                                    }}, {-chart05, -chart05}, 0]} in vbundle TangentMCAS05.

General::stop: Further output of SetCMetric::old will be suppressed during this calculation.
AXIS_PROGRESS basis 3/12 k03 residual_zero=True
AXIS_PROGRESS basis 4/12 k11 residual_zero=True
