LOCAL_CODEX_HANDOFF.md: OK
PLAN_KO.md: OK
PLAN_REVIEW.md: OK
PLAN_VALIDATION.json: OK
README.md: OK
SCIENTIFIC_CONTRACT.md: OK
SOURCE_PROVENANCE.json: OK
campaign_dag.json: OK
source_addition/00_EXECUTIVE_RESULT.md: OK
source_addition/01_OPTICAL_VARIABLE_REDEFINITION.md: OK
source_addition/02_FIRST_JET_TO_RAY_GENERATOR.md: OK
source_addition/03_SACHS_JACOBI_OBSERVABLE_MAP.md: OK
source_addition/04_CMB_MAPPING_CONSTRUCTION.md: OK
source_addition/05_T9_SIGN_SEAL.md: OK
source_addition/06_LITERATURE_HOSTILE_AUDIT.md: OK
source_addition/07_PAPER_A_REVISED_SPINE.md: OK
source_addition/08_REPO_IMPACT_NO_MUTATION.md: OK
source_addition/MANIFEST.json: OK
source_addition/OPTICAL_MAPPING_REGISTRY.json: OK
validate_plan.py: OK
