{
  "schema_version": 2,
  "contract_id": "GRSTAT-20260930-CAS-16-C03-SPHERE-QUADRATURE-V1",
  "contract_sha256": "d36ffedcbeb64c201671e78e42be41ea9b6d160d148d7aadf51134a9dfbe068c",
  "aggregate_status": "CAS_CONFLICT",
  "risk_tier": "R3",
  "required_axes": [
    "wolfram_xact",
    "sympy",
    "sage_singular",
    "lean"
  ],
  "axis_statuses": {
    "wolfram_xact": "PASS",
    "sympy": "PASS",
    "sage_singular": "PASS",
    "lean": "INCONCLUSIVE"
  },
  "missing_axes": [],
  "exceptions_applied": [],
  "errors": [],
  "adjudicated_at": "2026-10-08T06:14:37+00:00",
  "note": "CAS_4AXIS_PASS requires all 4 contract-required axes to satisfy the risk-scaled contract under one contract hash; majority vote is structurally forbidden. Runner observation establishes only the CAS evidence component; it does not establish scientific validity, novelty, or overall claim readiness. Local observation is not a security attestation.",
  "verification_state": "RUNNER_OBSERVED_EXECUTION",
  "evidence_origin": "runner_observed_local_subprocess",
  "execution_evidence": {
    "wolfram_xact": {
      "evidence_origin": "runner_observed_local_subprocess",
      "axis": "wolfram_xact",
      "argv": [
        "/usr/bin/python3",
        "-B",
        "/home/cosmosapjw/Dropbox/bianchi/htt_base/docs/research_program/gr_statistics_loops_20260930/local_cas/GRSTAT-CAS-20260930-1308KST/CAS-16/c03_sphere_quadrature_v1_20261008/wolfram_xact/run.py"
      ],
      "cwd": "docs/research_program/gr_statistics_loops_20260930/local_cas/GRSTAT-CAS-20260930-1308KST/CAS-16/c03_sphere_quadrature_v1_20261008/wolfram_xact",
      "timeout_seconds": 1800,
      "solver_executed": true,
      "preflight_probe": {
        "status": "PASS",
        "commands": [
          {
            "cmd": "wolframscript -code <version+xAct probe>",
            "exit": 0
          }
        ],
        "transcript_tail": "---------------------------------------------------------\nPackage xAct`xPerm`  version 1.2.4, {2025, 12, 29}\nCopyRight (C) 2003-2026, Jose M. Martin-Garcia, under the General Public License.\nConnecting to external linux executable...\nConnection established.\n------------------------------------------------------------\nPackage xAct`xTensor` version 1.3.0, {2025, 12, 29}\nCopyRight (C) 2002-2026, Jose M. Martin-Garcia, under the General Public License.\n------------------------------------------------------------\nThese packages come with ABSOLUTELY NO WARRANTY; for details type Disclaimer[]. This is free software, and you are welcome to redistribute it under certain conditions. See the General Public License for details.\n------------------------------------------------------------\nXACT_LOAD_OK\n"
      },
      "started_at": "2026-10-08T06:13:54+00:00",
      "completed_at": "2026-10-08T06:14:00+00:00",
      "exit_code": 0,
      "timed_out": false,
      "stdout_tail": "{\"admitted_inputs_sha256\": \"6c536bf89687f6f4f8aaeec90154e1c9cf20b994870e789faa3cff5d5735ac82\", \"axis\": \"wolfram_xact\", \"checks\": {\"CAS-16-C03\": true}, \"claim_ceiling\": \"CAS-16-C03 finite scalar monomial product quadrature only\", \"commands\": [{\"cmd\": \"/usr/local/bin/WolframKernel -script /home/cosmosapjw/Dropbox/bianchi/htt_base/docs/research_program/gr_statistics_loops_20260930/local_cas/GRSTAT-CAS-20260930-1308KST/CAS-16/c03_sphere_quadrature_v1_20261008/wolfram_xact/sphere_quadrature.wl\", \"cwd\": \"/home/cosmosapjw/Dropbox/bianchi/htt_base/docs/research_program/gr_statistics_loops_20260930/local_cas/GRSTAT-CAS-20260930-1308KST/CAS-16/c03_sphere_quadrature_v1_20261008/wolfram_xact\", \"exit\": 0, \"stderr\": \"run_008.stderr.log\", \"stdout\": \"run_008.stdout.log\"}], \"common_spec_sha256\": \"4714827e52acf3cb149f4014ac50ab2aa995dd4a0526f6b26ac7257807fe1897\", \"completed_at\": \"2026-10-08T06:14:00.215701+00:00\", \"contract_id\": \"GRSTAT-20260930-CAS-16-C03-SPHERE-QUADRATURE-V1\", \"contract_sha256\": \"d36ffedcbeb64c201671e78e42be41ea9b6d160d148d7aadf51134a9dfbe068c\", \"counterexample\": null, \"domain_assumption_diff\": [], \"evidence_class\": \"exact\", \"execution\": {\"path\": \"run_008.execution.json\", \"sha256\": \"a8ccc61923e1ccfbdece5bbe90c5e397b5fb57101d1565029ed375822a0a390a\"}, \"global_harness_used\": false, \"launch_id\": null, \"lifecycle\": \"BLOCKED_NO_GLOBAL_REGISTERED_LAUNCH\", \"observed_effort\": \"UNKNOWN\", \"observed_model\": \"UNKNOWN\", \"runner\": {\"path\": \"run.py\", \"sha256\": \"c4f778bd1943dc97798bfe3a9d44dd136596849d65addeaea2de54c996f2ff7a\"}, \"scientific_admission\": \"HOLD\", \"source\": {\"path\": \"sphere_quadrature.wl\", \"sha256\": \"1cf68cf8756ab940898ad3d342d6c65e9b5a214c922d75dadafd8ce35e3ca1bf\"}, \"statement_alignment\": \"Exact 165 normalized scalar monomials on fixed GL5 x Nphi9 grid; GL4 mu^8 and Nphi8 cos^8 witnesses\", \"status\": \"PASS\", \"tool_versions\": {\"python\": \"3.12.3\", \"wolfram\": \"15.0.0 for Linux x86 (64-bit) (May 26, 2026)\", \"xact_xTensor\": \"{1.3.0, {2025, 12, 29}}\"}}\n",
      "stderr_tail": "",
      "derived_status": "PASS",
      "errors": [],
      "payload": {
        "checks": {
          "CAS-16-C03": true
        },
        "domain_assumption_diff": [],
        "counterexample": null
      }
    },
    "sympy": {
      "evidence_origin": "runner_observed_local_subprocess",
      "axis": "sympy",
      "argv": [
        "/usr/bin/python3",
        "-B",
        "/home/cosmosapjw/Dropbox/bianchi/htt_base/docs/research_program/gr_statistics_loops_20260930/local_cas/GRSTAT-CAS-20260930-1308KST/CAS-16/c03_sphere_quadrature_v1_20261008/sympy/run.py"
      ],
      "cwd": "docs/research_program/gr_statistics_loops_20260930/local_cas/GRSTAT-CAS-20260930-1308KST/CAS-16/c03_sphere_quadrature_v1_20261008/sympy",
      "timeout_seconds": 1800,
      "solver_executed": true,
      "preflight_probe": {
        "status": "PASS",
        "commands": [
          {
            "cmd": "/usr/bin/python3 -c <sympy exact factor probe>",
            "exit": 0
          }
        ],
        "transcript_tail": "1.14.0\n"
      },
      "started_at": "2026-10-08T06:14:00+00:00",
      "completed_at": "2026-10-08T06:14:01+00:00",
      "exit_code": 0,
      "timed_out": false,
      "stdout_tail": "{\"checks\": {\"CAS-16-C03\": true}, \"counterexample\": null, \"domain_assumption_diff\": []}\n",
      "stderr_tail": "MIAL 3,2,0 Q=0 target=0 residual=0\nMONOMIAL 3,2,1 Q=0 target=0 residual=0\nMONOMIAL 3,2,2 Q=0 target=0 residual=0\nMONOMIAL 3,2,3 Q=0 target=0 residual=0\nMONOMIAL 3,3,0 Q=0 target=0 residual=0\nMONOMIAL 3,3,1 Q=0 target=0 residual=0\nMONOMIAL 3,3,2 Q=0 target=0 residual=0\nMONOMIAL 3,4,0 Q=0 target=0 residual=0\nMONOMIAL 3,4,1 Q=0 target=0 residual=0\nMONOMIAL 3,5,0 Q=0 target=0 residual=0\nMONOMIAL 4,0,0 Q=1/5 target=1/5 residual=0\nMONOMIAL 4,0,1 Q=0 target=0 residual=0\nMONOMIAL 4,0,2 Q=1/35 target=1/35 residual=0\nMONOMIAL 4,0,3 Q=0 target=0 residual=0\nMONOMIAL 4,0,4 Q=1/105 target=1/105 residual=0\nMONOMIAL 4,1,0 Q=0 target=0 residual=0\nMONOMIAL 4,1,1 Q=0 target=0 residual=0\nMONOMIAL 4,1,2 Q=0 target=0 residual=0\nMONOMIAL 4,1,3 Q=0 target=0 residual=0\nMONOMIAL 4,2,0 Q=1/35 target=1/35 residual=0\nMONOMIAL 4,2,1 Q=0 target=0 residual=0\nMONOMIAL 4,2,2 Q=1/315 target=1/315 residual=0\nMONOMIAL 4,3,0 Q=0 target=0 residual=0\nMONOMIAL 4,3,1 Q=0 target=0 residual=0\nMONOMIAL 4,4,0 Q=1/105 target=1/105 residual=0\nMONOMIAL 5,0,0 Q=0 target=0 residual=0\nMONOMIAL 5,0,1 Q=0 target=0 residual=0\nMONOMIAL 5,0,2 Q=0 target=0 residual=0\nMONOMIAL 5,0,3 Q=0 target=0 residual=0\nMONOMIAL 5,1,0 Q=0 target=0 residual=0\nMONOMIAL 5,1,1 Q=0 target=0 residual=0\nMONOMIAL 5,1,2 Q=0 target=0 residual=0\nMONOMIAL 5,2,0 Q=0 target=0 residual=0\nMONOMIAL 5,2,1 Q=0 target=0 residual=0\nMONOMIAL 5,3,0 Q=0 target=0 residual=0\nMONOMIAL 6,0,0 Q=1/7 target=1/7 residual=0\nMONOMIAL 6,0,1 Q=0 target=0 residual=0\nMONOMIAL 6,0,2 Q=1/63 target=1/63 residual=0\nMONOMIAL 6,1,0 Q=0 target=0 residual=0\nMONOMIAL 6,1,1 Q=0 target=0 residual=0\nMONOMIAL 6,2,0 Q=1/63 target=1/63 residual=0\nMONOMIAL 7,0,0 Q=0 target=0 residual=0\nMONOMIAL 7,0,1 Q=0 target=0 residual=0\nMONOMIAL 7,1,0 Q=0 target=0 residual=0\nMONOMIAL 8,0,0 Q=1/9 target=1/9 residual=0\nGL4_WITNESS unnormalized_difference=-128/11025 normalized_difference=-64/11025\nNPHI8_WITNESS normalized_difference=1/128\nNUMERIC_80D max_abs_error=6.325318765938313934609144e-81 failures=0\n",
      "derived_status": "PASS",
      "errors": [],
      "payload": {
        "checks": {
          "CAS-16-C03": true
        },
        "domain_assumption_diff": [],
        "counterexample": null
      }
    },
    "sage_singular": {
      "evidence_origin": "runner_observed_local_subprocess",
      "axis": "sage_singular",
      "argv": [
        "/usr/bin/python3",
        "-B",
        "/home/cosmosapjw/Dropbox/bianchi/htt_base/docs/research_program/gr_statistics_loops_20260930/local_cas/GRSTAT-CAS-20260930-1308KST/CAS-16/c03_sphere_quadrature_v1_20261008/sage_singular/run.py"
      ],
      "cwd": "docs/research_program/gr_statistics_loops_20260930/local_cas/GRSTAT-CAS-20260930-1308KST/CAS-16/c03_sphere_quadrature_v1_20261008/sage_singular",
      "timeout_seconds": 1800,
      "solver_executed": true,
      "preflight_probe": {
        "status": "PASS",
        "commands": [
          {
            "cmd": "sage -c <exact factor + singular version probe>",
            "exit": 0
          }
        ],
        "transcript_tail": "SageMath version 10.9, Release Date: 2026-05-04\n44100\n<cmdline>:1: DeprecationWarning: Use sage.version.version instead.\nSee https://github.com/sagemath/sage/issues/39015 for details.\n"
      },
      "started_at": "2026-10-08T06:14:09+00:00",
      "completed_at": "2026-10-08T06:14:12+00:00",
      "exit_code": 0,
      "timed_out": false,
      "stdout_tail": "{\"checks\": {\"CAS-16-C03\": true}, \"counterexample\": null, \"domain_assumption_diff\": []}\n",
      "stderr_tail": "",
      "derived_status": "PASS",
      "errors": [],
      "payload": {
        "checks": {
          "CAS-16-C03": true
        },
        "domain_assumption_diff": [],
        "counterexample": null
      }
    },
    "lean": {
      "evidence_origin": "runner_observed_local_subprocess",
      "axis": "lean",
      "argv": [
        "/usr/bin/python3",
        "-B",
        "/home/cosmosapjw/Dropbox/bianchi/htt_base/docs/research_program/gr_statistics_loops_20260930/local_cas/GRSTAT-CAS-20260930-1308KST/CAS-16/c03_sphere_quadrature_v1_20261008/lean/run.py"
      ],
      "cwd": "docs/research_program/gr_statistics_loops_20260930/local_cas/GRSTAT-CAS-20260930-1308KST/CAS-16/c03_sphere_quadrature_v1_20261008/lean",
      "timeout_seconds": 3600,
      "solver_executed": true,
      "preflight_probe": {
        "status": "PASS",
        "commands": [
          {
            "cmd": "ELAN_TOOLCHAIN=leanprover/lean4:v4.31.0 lean --version",
            "exit": 0
          }
        ],
        "transcript_tail": "Lean (version 4.31.0, x86_64-unknown-linux-gnu, commit 68218e876d2a38b1985b8590fff244a83c321783, Release)\n",
        "pinned_toolchain": "leanprover/lean4:v4.31.0"
      },
      "started_at": "2026-10-08T06:14:12+00:00",
      "completed_at": "2026-10-08T06:14:37+00:00",
      "exit_code": 0,
      "timed_out": false,
      "stdout_tail": "{\"counterexample\": null, \"domain_assumption_diff\": [], \"proof_status\": \"INCONCLUSIVE\", \"unproved_obligation\": \"CAS-16-C03\"}\n",
      "stderr_tail": "",
      "derived_status": "INCONCLUSIVE",
      "errors": [
        "child payload is missing required keys: ['checks']",
        "child payload checks must be an object"
      ],
      "payload": {
        "domain_assumption_diff": [],
        "counterexample": null
      }
    }
  },
  "claim_promotion_cas_eligible": false,
  "claim_promotion_cas_requirement": "NOT_SATISFIED"
}
