'CAS05C03.j2H_origin' depends on axioms: [propext, Classical.choice, Quot.sound]
'CAS05C03.H_origin_zero' depends on axioms: [propext, Classical.choice, Quot.sound]
'CAS05C03.j1H_origin' depends on axioms: [propext, Classical.choice, Quot.sound]
'CAS05C03.H_from_third_jet' depends on axioms: [propext, Classical.choice, Quot.sound]
'CAS05C03.H_homogeneous_cubic' depends on axioms: [propext, Classical.choice, Quot.sound]
'CAS05C03.dG_0i' depends on axioms: [propext, Classical.choice, Quot.sound]
/home/cosmosapjw/Dropbox/bianchi/htt_base/docs/research_program/gr_statistics_loops_20260930/local_cas/GRSTAT-CAS-20260930-1308KST/CAS-05/v3_execution_20261003/lean/CAS05C03.lean:157:31: warning: This simp argument is unused:
  S

Hint: Omit it from the simp argument list.
  simp [closedDG, trM, q, M, S̵,̵ ̵delta, sig]

Note: This linter can be disabled with `set_option linter.unusedSimpArgs false`
'CAS05C03.full40_first_Einstein_coefficients' depends on axioms: [propext, Classical.choice, Quot.sound]
'CAS05C03.origin_bianchi_four' depends on axioms: [propext, Classical.choice, Quot.sound]
/home/cosmosapjw/Dropbox/bianchi/htt_base/docs/research_program/gr_statistics_loops_20260930/local_cas/GRSTAT-CAS-20260930-1308KST/CAS-05/v3_execution_20261003/lean/CAS05C03.lean:193:5: warning: Variable name `hcol` is not explicitly referenced.

The binding can be removed (if unused) or named `_` (if used implicitly).

Note: This linter can be disabled with `set_option linter.unusedVariables false`
/home/cosmosapjw/Dropbox/bianchi/htt_base/docs/research_program/gr_statistics_loops_20260930/local_cas/GRSTAT-CAS-20260930-1308KST/CAS-05/v3_execution_20261003/lean/CAS05C03.lean:202:5: warning: Variable name `hcol` is not explicitly referenced.

The binding can be removed (if unused) or named `_` (if used implicitly).

Note: This linter can be disabled with `set_option linter.unusedVariables false`
/home/cosmosapjw/Dropbox/bianchi/htt_base/docs/research_program/gr_statistics_loops_20260930/local_cas/GRSTAT-CAS-20260930-1308KST/CAS-05/v3_execution_20261003/lean/CAS05C03.lean:215:54: warning: this tactic is never executed

Note: This linter can be disabled with `set_option linter.unreachableTactic false`
/home/cosmosapjw/Dropbox/bianchi/htt_base/docs/research_program/gr_statistics_loops_20260930/local_cas/GRSTAT-CAS-20260930-1308KST/CAS-05/v3_execution_20261003/lean/CAS05C03.lean:215:54: warning: 'ring' tactic does nothing

Note: This linter can be disabled with `set_option linter.unusedTactic false`
'CAS05C03.universal_right_inverse_0i' depends on axioms: [propext, Classical.choice, Quot.sound]
'CAS05C03.all_twelve_basis_0i' depends on axioms: [propext, Classical.choice, Quot.sound]
'CAS05C03.full40_for_each_of_twelve_basis' depends on axioms: [propext, Classical.choice, Quot.sound]
'CAS05C03.normalizedEigenvectorJet_eq_k' depends on axioms: [propext, Classical.choice, Quot.sound]
'CAS05C03.normalized_differentiated_eigen_equation' depends on axioms: [propext, Classical.choice, Quot.sound]
'CAS05C03.ddGamma_derived_from_metric3jet' depends on axioms: [propext, Classical.choice, Quot.sound]
'CAS05C03.dRicci_derived_from_connection_jet' depends on axioms: [propext, Classical.choice, Quot.sound]
'CAS05C03.dEinstein_derived_from_metric3jet' depends on axioms: [propext, Classical.choice, Quot.sound]
