{"id": "frozen_contract_seal", "passed": true, "sha256": "c66d7d00bf60786417336873dfeb97f5602d0e60a110c110ebacd9dff824b47a"}
{"id": "obligation_alignment", "passed": true}
{"executable": "/usr/bin/python3", "id": "runtime_binding", "passed": true, "python": "3.12.3 (main, Aug 31 2026, 10:18:26) [GCC 13.3.0]", "sympy_origin": "/home/cosmosapjw/.local/lib/python3.12/site-packages/sympy/__init__.py", "sympy_version": "1.14.0"}
{"id": "kernel_square_nonpositive_iff_zero", "passed": true, "solution": "{0}"}
{"id": "positive_coordinate_range", "passed": true, "residual": "0"}
{"id": "positive_coordinate_dot", "passed": true, "residual": "0"}
{"id": "positive_coordinate_quadratic", "passed": true, "residual": "0"}
{"expression": "f_k**2/lambda_k", "id": "positive_coordinate_energy_nonnegative", "passed": true}
{"id": "zero_coordinate_range", "passed": true, "residual": "0"}
{"id": "zero_coordinate_dot", "passed": true, "residual": "0"}
{"id": "zero_coordinate_quadratic", "passed": true, "residual": "0"}
{"id": "positive_MP_RMR", "passed": true, "residual": "0"}
{"id": "positive_MP_MRM", "passed": true, "residual": "0"}
{"id": "positive_MP_commuting_product", "passed": true, "residual": "0"}
{"id": "zero_MP_RMR", "passed": true, "residual": "0"}
{"id": "zero_MP_MRM", "passed": true, "residual": "0"}
{"dimension": "n", "expected": "e", "id": "orthogonal_coordinate_reconstruction", "passed": true, "reduced": "e"}
{"dimension": "n", "expected": "b.T*f", "id": "arbitrary_n_dot_transform", "passed": true, "reduced": "b.T*f"}
{"dimension": "n", "expected": "b.T*D*b", "id": "arbitrary_n_quadratic_transform", "passed": true, "reduced": "b.T*D*b"}
{"dimension": "n", "expected": "U*D*b", "id": "arbitrary_n_range_transform", "passed": true, "reduced": "U*D*b"}
{"dimension": "n", "expected": "f.T*M*f", "id": "arbitrary_n_pseudoinverse_energy", "passed": true, "reduced": "f.T*M*f"}
{"dimension": "n", "expected": "U*D*M*D*U.T", "id": "arbitrary_n_MP_RMR", "passed": true, "reduced": "U*D*M*D*U.T"}
{"id": "empty_rank_sum", "passed": true, "residual": "0"}
{"id": "bound_contradiction_factorization", "passed": true, "residual": "0"}
{"expression": "delta*(c + delta)", "id": "bound_contradiction_strict_sign", "passed": true}
{"expression": "2*epsilon", "id": "c_is_nonnegative", "passed": true}
{"id": "epsilon_zero_bound_residual", "passed": true, "residual": "0"}
{"expression": "delta**2", "id": "epsilon_zero_contradiction_sign", "passed": true}
{"id": "spectral_Gram_square_root", "passed": true, "residual": "0"}
{"id": "negative_control_nullspace_error", "passed": true, "violating_residual": "1"}
{"id": "negative_control_range_error_above_bound", "passed": true, "violating_residual": "12"}
{"id": "negative_control_zero_R_positive_epsilon", "passed": true, "violating_residual": "1"}
{"id": "negative_control_positive_R_zero_epsilon", "passed": true, "violating_residual": "1"}
{"id": "positive_definite_boundary_orthogonal", "passed": true}
{"id": "positive_definite_boundary_MP_equations", "passed": true}
{"id": "positive_definite_boundary_range_witness", "passed": true}
{"id": "positive_definite_boundary_dot", "passed": true, "residual": "0"}
{"id": "positive_definite_boundary_quadratic", "passed": true, "residual": "0"}
{"energy": "2", "epsilon": "1", "id": "positive_definite_boundary_bound", "passed": true}
{"id": "singular_nonzero_boundary_orthogonal", "passed": true}
{"id": "singular_nonzero_boundary_MP_equations", "passed": true}
{"id": "singular_nonzero_boundary_range_witness", "passed": true}
{"id": "singular_nonzero_boundary_dot", "passed": true, "residual": "0"}
{"id": "singular_nonzero_boundary_quadratic", "passed": true, "residual": "0"}
{"energy": "2", "epsilon": "1", "id": "singular_nonzero_boundary_bound", "passed": true}
{"id": "zero_rank_zero_epsilon_orthogonal", "passed": true}
{"id": "zero_rank_zero_epsilon_MP_equations", "passed": true}
{"id": "zero_rank_zero_epsilon_range_witness", "passed": true}
{"id": "zero_rank_zero_epsilon_dot", "passed": true, "residual": "0"}
{"id": "zero_rank_zero_epsilon_quadratic", "passed": true, "residual": "0"}
{"energy": "0", "epsilon": "0", "id": "zero_rank_zero_epsilon_bound", "passed": true}
{"id": "zero_rank_positive_epsilon_orthogonal", "passed": true}
{"id": "zero_rank_positive_epsilon_MP_equations", "passed": true}
{"id": "zero_rank_positive_epsilon_range_witness", "passed": true}
{"id": "zero_rank_positive_epsilon_dot", "passed": true, "residual": "0"}
{"id": "zero_rank_positive_epsilon_quadratic", "passed": true, "residual": "0"}
{"energy": "0", "epsilon": "3", "id": "zero_rank_positive_epsilon_bound", "passed": true}
{"id": "singular_nonzero_zero_epsilon_orthogonal", "passed": true}
{"id": "singular_nonzero_zero_epsilon_MP_equations", "passed": true}
{"id": "singular_nonzero_zero_epsilon_range_witness", "passed": true}
{"id": "singular_nonzero_zero_epsilon_dot", "passed": true, "residual": "0"}
{"id": "singular_nonzero_zero_epsilon_quadratic", "passed": true, "residual": "0"}
{"energy": "0", "epsilon": "0", "id": "singular_nonzero_zero_epsilon_bound", "passed": true}
{"id": "positive_definite_zero_epsilon_orthogonal", "passed": true}
{"id": "positive_definite_zero_epsilon_MP_equations", "passed": true}
{"id": "positive_definite_zero_epsilon_range_witness", "passed": true}
{"id": "positive_definite_zero_epsilon_dot", "passed": true, "residual": "0"}
{"id": "positive_definite_zero_epsilon_quadratic", "passed": true, "residual": "0"}
{"energy": "0", "epsilon": "0", "id": "positive_definite_zero_epsilon_bound", "passed": true}
{"id": "ill_conditioned_rotated_singular_orthogonal", "passed": true}
{"id": "ill_conditioned_rotated_singular_MP_equations", "passed": true}
{"id": "ill_conditioned_rotated_singular_range_witness", "passed": true}
{"id": "ill_conditioned_rotated_singular_dot", "passed": true, "residual": "0"}
{"id": "ill_conditioned_rotated_singular_quadratic", "passed": true, "residual": "0"}
{"energy": "3/4", "epsilon": "1/2", "id": "ill_conditioned_rotated_singular_bound", "passed": true}
{"absolute_errors": {"dot": "1.11137937474e-162", "pseudoinverse_energy": "8.74404119845e-104", "quadratic": "4.63203716286e-104", "range": "6.18177722193e-143"}, "decimal_digits": 220, "id": "high_precision_ill_conditioned", "passed": true, "threshold": "0.0000000000000000000000000000000000000000000000000000000000000000000001000000000000000000000000000000000000000000000000000000000000000000000000000000000000000000000000000000000000000000000000000000000000000000000000000000000000000000000000000000000000000000000000000000000000000000000000000"}
