{
  "schema_version": 2,
  "contract_id": "GRSTAT-20260930-CAS-02",
  "contract_sha256": "c0caaaa4d05c7248a5f60ecf7f35c5a1e43dc0e05f4db7c37cfcfa030bb56794",
  "aggregate_status": "CAS_CONFLICT",
  "risk_tier": "R3",
  "required_axes": [
    "wolfram_xact",
    "sympy",
    "sage_singular",
    "lean"
  ],
  "axis_statuses": {
    "wolfram_xact": "PASS",
    "sympy": "PASS",
    "sage_singular": "MISALIGNED_ASSUMPTIONS",
    "lean": "MISALIGNED_ASSUMPTIONS"
  },
  "missing_axes": [],
  "exceptions_applied": [],
  "errors": [],
  "adjudicated_at": "2026-09-30T04:34:20+00:00",
  "note": "CAS_4AXIS_PASS requires all 4 contract-required axes to satisfy the risk-scaled contract under one contract hash; majority vote is structurally forbidden. Runner observation establishes only the CAS evidence component; it does not establish scientific validity, novelty, or overall claim readiness. Local observation is not a security attestation.",
  "verification_state": "RUNNER_OBSERVED_EXECUTION",
  "evidence_origin": "runner_observed_local_subprocess",
  "execution_evidence": {
    "wolfram_xact": {
      "evidence_origin": "runner_observed_local_subprocess",
      "axis": "wolfram_xact",
      "argv": [
        "/usr/bin/python",
        "-B",
        "/home/cosmosapjw/Dropbox/bianchi/htt_base/docs/research_program/gr_statistics_loops_20260930/local_cas/GRSTAT-CAS-20260930-1308KST/CAS-02/wolfram_xact/run.py"
      ],
      "cwd": "docs/research_program/gr_statistics_loops_20260930/local_cas/GRSTAT-CAS-20260930-1308KST/CAS-02/wolfram_xact",
      "timeout_seconds": 1800,
      "solver_executed": true,
      "preflight_probe": {
        "status": "PASS",
        "commands": [
          {
            "cmd": "wolframscript -code <version+xAct probe>",
            "exit": 0
          }
        ],
        "transcript_tail": "---------------------------------------------------------\nPackage xAct`xPerm`  version 1.2.4, {2025, 12, 29}\nCopyRight (C) 2003-2026, Jose M. Martin-Garcia, under the General Public License.\nConnecting to external linux executable...\nConnection established.\n------------------------------------------------------------\nPackage xAct`xTensor` version 1.3.0, {2025, 12, 29}\nCopyRight (C) 2002-2026, Jose M. Martin-Garcia, under the General Public License.\n------------------------------------------------------------\nThese packages come with ABSOLUTELY NO WARRANTY; for details type Disclaimer[]. This is free software, and you are welcome to redistribute it under certain conditions. See the General Public License for details.\n------------------------------------------------------------\nXACT_LOAD_OK\n"
      },
      "started_at": "2026-09-30T04:33:47+00:00",
      "completed_at": "2026-09-30T04:33:56+00:00",
      "exit_code": 0,
      "timed_out": false,
      "stdout_tail": "{\"checks\":{\"CAS-02-C01\":true,\"CAS-02-C02\":true,\"CAS-02-C03\":true,\"CAS-02-C04\":true},\"domain_assumption_diff\":[],\"counterexample\":null,\"xact_actions\":{\"symmetricForm\":true,\"metricTrace\":true},\"intermediate\":{\"JacobianGram\":\"{{1 + dd[1]^2/(1 + dd[1]^2 + dd[2]^2 + dd[3]^2), (dd[1]*dd[2])/(1 + dd[1]^2 + dd[2]^2 + dd[3]^2), (dd[1]*dd[3])/(1 + dd[1]^2 + dd[2]^2 + dd[3]^2)}, {(dd[1]*dd[2])/(1 + dd[1]^2 + dd[2]^2 + dd[3]^2), 1 + dd[2]^2/(1 + dd[1]^2 + dd[2]^2 + dd[3]^2), (dd[2]*dd[3])/(1 + dd[1]^2 + dd[2]^2 + dd[3]^2)}, {(dd[1]*dd[3])/(1 + dd[1]^2 + dd[2]^2 + dd[3]^2), (dd[2]*dd[3])/(1 + dd[1]^2 + dd[2]^2 + dd[3]^2), 1 + dd[3]^2/(1 + dd[1]^2 + dd[2]^2 + dd[3]^2)}}\",\"JacobianCharacteristicPolynomial\":\"-(((-1 + z)^2*(-1 + z - 2*dd[1]^2 + z*dd[1]^2 - 2*dd[2]^2 + z*dd[2]^2 - 2*dd[3]^2 + z*dd[3]^2))/(1 + dd[1]^2 + dd[2]^2 + dd[3]^2))\",\"rapidityBound\":\"True\"},\"wolfram_version\":\"15.0.0 for Linux x86 (64-bit) (May 26, 2026)\",\"xtensor_version\":\"{\\\"1.3.0\\\", {2025, 12, 29}}\",\"engine_argv\":[\"wolframscript\",\"-file\",\"/home/cosmosapjw/Dropbox/bianchi/htt_base/docs/research_program/gr_statistics_loops_20260930/local_cas/GRSTAT-CAS-20260930-1308KST/CAS-02/wolfram_xact/check.wl\"],\"engine_exit_code\":0,\"raw_stdout_path\":\"/home/cosmosapjw/Dropbox/bianchi/htt_base/docs/research_program/gr_statistics_loops_20260930/local_cas/GRSTAT-CAS-20260930-1308KST/CAS-02/wolfram_xact/raw.stdout.log\",\"raw_stderr_path\":\"/home/cosmosapjw/Dropbox/bianchi/htt_base/docs/research_program/gr_statistics_loops_20260930/local_cas/GRSTAT-CAS-20260930-1308KST/CAS-02/wolfram_xact/raw.stderr.log\"}\n",
      "stderr_tail": "",
      "derived_status": "PASS",
      "errors": [],
      "payload": {
        "checks": {
          "CAS-02-C01": true,
          "CAS-02-C02": true,
          "CAS-02-C03": true,
          "CAS-02-C04": true
        },
        "domain_assumption_diff": [],
        "counterexample": null
      }
    },
    "sympy": {
      "evidence_origin": "runner_observed_local_subprocess",
      "axis": "sympy",
      "argv": [
        "/usr/bin/python",
        "-B",
        "/home/cosmosapjw/Dropbox/bianchi/htt_base/docs/research_program/gr_statistics_loops_20260930/local_cas/GRSTAT-CAS-20260930-1308KST/CAS-02/sympy/run.py"
      ],
      "cwd": "docs/research_program/gr_statistics_loops_20260930/local_cas/GRSTAT-CAS-20260930-1308KST/CAS-02/sympy",
      "timeout_seconds": 1800,
      "solver_executed": true,
      "preflight_probe": {
        "status": "PASS",
        "commands": [
          {
            "cmd": "/home/cosmosapjw/Dropbox/bianchi/htt_base/venv/bin/python -c <sympy exact factor probe>",
            "exit": 0
          }
        ],
        "transcript_tail": "1.14.0\n"
      },
      "started_at": "2026-09-30T04:33:56+00:00",
      "completed_at": "2026-09-30T04:33:58+00:00",
      "exit_code": 0,
      "timed_out": false,
      "stdout_tail": "{\"checks\": {\"CAS-02-C01\": true, \"CAS-02-C02\": true, \"CAS-02-C03\": true, \"CAS-02-C04\": true}, \"counterexample\": null, \"domain_assumption_diff\": []}\n",
      "stderr_tail": "",
      "derived_status": "PASS",
      "errors": [],
      "payload": {
        "checks": {
          "CAS-02-C01": true,
          "CAS-02-C02": true,
          "CAS-02-C03": true,
          "CAS-02-C04": true
        },
        "domain_assumption_diff": [],
        "counterexample": null
      }
    },
    "sage_singular": {
      "evidence_origin": "runner_observed_local_subprocess",
      "axis": "sage_singular",
      "argv": [
        "/usr/bin/python",
        "-B",
        "/home/cosmosapjw/Dropbox/bianchi/htt_base/docs/research_program/gr_statistics_loops_20260930/local_cas/GRSTAT-CAS-20260930-1308KST/CAS-02/sage_singular/run.py"
      ],
      "cwd": "docs/research_program/gr_statistics_loops_20260930/local_cas/GRSTAT-CAS-20260930-1308KST/CAS-02/sage_singular",
      "timeout_seconds": 1800,
      "solver_executed": true,
      "preflight_probe": {
        "status": "PASS",
        "commands": [
          {
            "cmd": "sage -c <exact factor + singular version probe>",
            "exit": 0
          }
        ],
        "transcript_tail": "SageMath version 10.9, Release Date: 2026-05-04\n44100\n<cmdline>:1: DeprecationWarning: Use sage.version.version instead.\nSee https://github.com/sagemath/sage/issues/39015 for details.\n"
      },
      "started_at": "2026-09-30T04:34:06+00:00",
      "completed_at": "2026-09-30T04:34:14+00:00",
      "exit_code": 0,
      "timed_out": false,
      "stdout_tail": "{\"checks\": {\"CAS-02-C01\": true, \"CAS-02-C02\": true, \"CAS-02-C03\": true, \"CAS-02-C04\": false}, \"domain_assumption_diff\": [\"CAS-02-C04: the stated finite inverse bound formula is absent from permitted sources\"], \"counterexample\": null, \"engine\": \"SageMath plus explicit Singular hyperboloid ideal\", \"singular_remainder\": \"0\", \"notes\": [\"C03 positive branch t>0 gives u(d); radial eigenvalue 1+|d|^2/(1+|d|^2), transverse eigenvalues 1,1.\", \"The rapidity cap uses monotonicity of r^2/(1+r^2), an analytic inequality.\"], \"argv\": [\"sage\", \"-python\", \"/home/cosmosapjw/Dropbox/bianchi/htt_base/docs/research_program/gr_statistics_loops_20260930/local_cas/GRSTAT-CAS-20260930-1308KST/CAS-02/sage_singular/check.py\"], \"exit_code\": 0}\n",
      "stderr_tail": "",
      "derived_status": "MISALIGNED_ASSUMPTIONS",
      "errors": [
        "child reported a non-empty domain_assumption_diff"
      ],
      "payload": {
        "checks": {
          "CAS-02-C01": true,
          "CAS-02-C02": true,
          "CAS-02-C03": true,
          "CAS-02-C04": false
        },
        "domain_assumption_diff": [
          "CAS-02-C04: the stated finite inverse bound formula is absent from permitted sources"
        ],
        "counterexample": null
      }
    },
    "lean": {
      "evidence_origin": "runner_observed_local_subprocess",
      "axis": "lean",
      "argv": [
        "/usr/bin/python",
        "-B",
        "/home/cosmosapjw/Dropbox/bianchi/htt_base/docs/research_program/gr_statistics_loops_20260930/local_cas/GRSTAT-CAS-20260930-1308KST/CAS-02/lean/run.py"
      ],
      "cwd": "docs/research_program/gr_statistics_loops_20260930/local_cas/GRSTAT-CAS-20260930-1308KST/CAS-02/lean",
      "timeout_seconds": 1800,
      "solver_executed": true,
      "preflight_probe": {
        "status": "PASS",
        "commands": [
          {
            "cmd": "ELAN_TOOLCHAIN=leanprover/lean4:v4.31.0 lean --version",
            "exit": 0
          }
        ],
        "transcript_tail": "Lean (version 4.31.0, x86_64-unknown-linux-gnu, commit 68218e876d2a38b1985b8590fff244a83c321783, Release)\n",
        "pinned_toolchain": "leanprover/lean4:v4.31.0"
      },
      "started_at": "2026-09-30T04:34:14+00:00",
      "completed_at": "2026-09-30T04:34:20+00:00",
      "exit_code": 0,
      "timed_out": false,
      "stdout_tail": "{\"axis\": \"lean\", \"checks\": {\"CAS-02-C01\": false, \"CAS-02-C02\": false, \"CAS-02-C03\": false, \"CAS-02-C04\": false}, \"domain_assumption_diff\": [\"Only scalar anchor identity proved; full 4x4 Frobenius, future chart Jacobian and finite inverse bound remain open.\"], \"counterexample\": null, \"compiler_exit\": 0, \"axioms\": [\"'grstat_cas02_anchor' depends on axioms: [propext, Classical.choice, Quot.sound]\"], \"statement_alignment\": \"Only necessary sublemma(s), where present; no complete contracted component certified.\"}\n",
      "stderr_tail": "",
      "derived_status": "MISALIGNED_ASSUMPTIONS",
      "errors": [
        "child reported a non-empty domain_assumption_diff"
      ],
      "payload": {
        "checks": {
          "CAS-02-C01": false,
          "CAS-02-C02": false,
          "CAS-02-C03": false,
          "CAS-02-C04": false
        },
        "domain_assumption_diff": [
          "Only scalar anchor identity proved; full 4x4 Frobenius, future chart Jacobian and finite inverse bound remain open."
        ],
        "counterexample": null
      }
    }
  },
  "claim_promotion_cas_eligible": false,
  "claim_promotion_cas_requirement": "NOT_SATISFIED"
}
