Try this:
  [apply] ring_nf
  
  The `ring` tactic failed to close the goal. Use `ring_nf` to obtain a normal form.
    
  Note that `ring` works primarily in *commutative* rings. If you have a noncommutative ring, abelian group or module, consider using `noncomm_ring`, `abel` or `module` instead.
Try this:
  [apply] ring_nf
  
  The `ring` tactic failed to close the goal. Use `ring_nf` to obtain a normal form.
    
  Note that `ring` works primarily in *commutative* rings. If you have a noncommutative ring, abelian group or module, consider using `noncomm_ring`, `abel` or `module` instead.
/home/cosmosapjw/Dropbox/bianchi/htt_base/docs/research_program/gr_statistics_loops_20260930/local_cas/GRSTAT-CAS-20260930-1308KST/CAS-13/c01_power_jet_v1_20261008/lean/PowerJet.lean:61:68: warning: Used `tac1 <;> tac2` where `(tac1; tac2)` would suffice

Note: This linter can be disabled with `set_option linter.unnecessarySeqFocus false`
/home/cosmosapjw/Dropbox/bianchi/htt_base/docs/research_program/gr_statistics_loops_20260930/local_cas/GRSTAT-CAS-20260930-1308KST/CAS-13/c01_power_jet_v1_20261008/lean/PowerJet.lean:69:35: warning: this tactic is never executed

Note: This linter can be disabled with `set_option linter.unreachableTactic false`
/home/cosmosapjw/Dropbox/bianchi/htt_base/docs/research_program/gr_statistics_loops_20260930/local_cas/GRSTAT-CAS-20260930-1308KST/CAS-13/c01_power_jet_v1_20261008/lean/PowerJet.lean:69:61: warning: this tactic is never executed

Note: This linter can be disabled with `set_option linter.unreachableTactic false`
/home/cosmosapjw/Dropbox/bianchi/htt_base/docs/research_program/gr_statistics_loops_20260930/local_cas/GRSTAT-CAS-20260930-1308KST/CAS-13/c01_power_jet_v1_20261008/lean/PowerJet.lean:69:18: warning: Used `tac1 <;> tac2` where `(tac1; tac2)` would suffice

Note: This linter can be disabled with `set_option linter.unnecessarySeqFocus false`
/home/cosmosapjw/Dropbox/bianchi/htt_base/docs/research_program/gr_statistics_loops_20260930/local_cas/GRSTAT-CAS-20260930-1308KST/CAS-13/c01_power_jet_v1_20261008/lean/PowerJet.lean:69:68: warning: Used `tac1 <;> tac2` where `(tac1; tac2)` would suffice

Note: This linter can be disabled with `set_option linter.unnecessarySeqFocus false`
/home/cosmosapjw/Dropbox/bianchi/htt_base/docs/research_program/gr_statistics_loops_20260930/local_cas/GRSTAT-CAS-20260930-1308KST/CAS-13/c01_power_jet_v1_20261008/lean/PowerJet.lean:69:28: warning: 'ext z' tactic does nothing

Note: This linter can be disabled with `set_option linter.unusedTactic false`
/home/cosmosapjw/Dropbox/bianchi/htt_base/docs/research_program/gr_statistics_loops_20260930/local_cas/GRSTAT-CAS-20260930-1308KST/CAS-13/c01_power_jet_v1_20261008/lean/PowerJet.lean:69:35: warning: 'simp only [Pi.add_apply]' tactic does nothing

Note: This linter can be disabled with `set_option linter.unusedTactic false`
/home/cosmosapjw/Dropbox/bianchi/htt_base/docs/research_program/gr_statistics_loops_20260930/local_cas/GRSTAT-CAS-20260930-1308KST/CAS-13/c01_power_jet_v1_20261008/lean/PowerJet.lean:69:61: warning: 'ring' tactic does nothing

Note: This linter can be disabled with `set_option linter.unusedTactic false`
/home/cosmosapjw/Dropbox/bianchi/htt_base/docs/research_program/gr_statistics_loops_20260930/local_cas/GRSTAT-CAS-20260930-1308KST/CAS-13/c01_power_jet_v1_20261008/lean/PowerJet.lean:77:35: warning: this tactic is never executed

Note: This linter can be disabled with `set_option linter.unreachableTactic false`
/home/cosmosapjw/Dropbox/bianchi/htt_base/docs/research_program/gr_statistics_loops_20260930/local_cas/GRSTAT-CAS-20260930-1308KST/CAS-13/c01_power_jet_v1_20261008/lean/PowerJet.lean:77:61: warning: this tactic is never executed

Note: This linter can be disabled with `set_option linter.unreachableTactic false`
/home/cosmosapjw/Dropbox/bianchi/htt_base/docs/research_program/gr_statistics_loops_20260930/local_cas/GRSTAT-CAS-20260930-1308KST/CAS-13/c01_power_jet_v1_20261008/lean/PowerJet.lean:77:18: warning: Used `tac1 <;> tac2` where `(tac1; tac2)` would suffice

Note: This linter can be disabled with `set_option linter.unnecessarySeqFocus false`
/home/cosmosapjw/Dropbox/bianchi/htt_base/docs/research_program/gr_statistics_loops_20260930/local_cas/GRSTAT-CAS-20260930-1308KST/CAS-13/c01_power_jet_v1_20261008/lean/PowerJet.lean:77:68: warning: Used `tac1 <;> tac2` where `(tac1; tac2)` would suffice

Note: This linter can be disabled with `set_option linter.unnecessarySeqFocus false`
/home/cosmosapjw/Dropbox/bianchi/htt_base/docs/research_program/gr_statistics_loops_20260930/local_cas/GRSTAT-CAS-20260930-1308KST/CAS-13/c01_power_jet_v1_20261008/lean/PowerJet.lean:77:28: warning: 'ext z' tactic does nothing

Note: This linter can be disabled with `set_option linter.unusedTactic false`
/home/cosmosapjw/Dropbox/bianchi/htt_base/docs/research_program/gr_statistics_loops_20260930/local_cas/GRSTAT-CAS-20260930-1308KST/CAS-13/c01_power_jet_v1_20261008/lean/PowerJet.lean:77:35: warning: 'simp only [Pi.add_apply]' tactic does nothing

Note: This linter can be disabled with `set_option linter.unusedTactic false`
/home/cosmosapjw/Dropbox/bianchi/htt_base/docs/research_program/gr_statistics_loops_20260930/local_cas/GRSTAT-CAS-20260930-1308KST/CAS-13/c01_power_jet_v1_20261008/lean/PowerJet.lean:77:61: warning: 'ring' tactic does nothing

Note: This linter can be disabled with `set_option linter.unusedTactic false`
'Cas13C01.psi_positive_branch' depends on axioms: [propext, Classical.choice, Quot.sound]
'Cas13C01.deriv3_psi' depends on axioms: [propext, Classical.choice, Quot.sound]
'Cas13C01.deriv3_q' depends on axioms: [propext, Classical.choice, Quot.sound]
'Cas13C01.jets_at_one' depends on axioms: [propext, Classical.choice, Quot.sound]
'Cas13C01.third_mismatch' depends on axioms: [propext, Classical.choice, Quot.sound]
'Cas13C01.unit_mismatch' depends on axioms: [propext, Classical.choice, Quot.sound]
