PASS SymPy version 1.14.0
PASS input SHA256 EXECUTION_CONTRACT.json=8f2f5e387e8130f605073c650c9c0174253dd70e34ae4d4fbb23c697b53ead3a
PASS input SHA256 ADMITTED_INPUTS.json=1df59b533e32a7f21d3a7a1ee90c39cf6451b42bcd10d4ec580bdb031a47e992
PASS input SHA256 COMMON_SPEC.md=4714827e52acf3cb149f4014ac50ab2aa995dd4a0526f6b26ac7257807fe1897
PASS frozen contract ID
PASS admitted definition
PASS admitted compact real domain
PASS endpoint values
PASS first and second endpoint jets
PASS factorization F'=-30[t(1-t)]^2
PASS global square identity 1/4-t(1-t)=(t-1/2)^2
PASS unique |F'| maximum 15/8 at t=1/2
PASS first derivative equality point
PASS factorization F''=-60t(1-t)(1-2t)
PASS factorization F'''=-60(1-6t+6t^2)
PASS all F'' stationary points are (3±sqrt(3))/6
PASS both stationary points lie strictly inside [0,1]
PASS F'' at endpoints and both stationary points
PASS both stationary points have equal absolute value
PASS positive claimed maximum
PASS exact rational margin 1147/1152
PASS strict margin below one by 5/1152
F'= -30*t**4 + 60*t**3 - 30*t**2
F''= -120*t**3 + 180*t**2 - 60*t
F'''= -360*t**2 + 360*t - 60
F'' candidate values= ['0', '0', '-10*sqrt(3)/3', '10*sqrt(3)/3']
Scope: exact real polynomial component only; exp/sqrt auxiliary bounds are assumed inputs; no mollifier, probability, or science conclusion.
