{
    "schema_version": 2,
    "contract_id": "GRSTAT-20260930-CAS11-C03-WEIGHTED-PROJECTION",
    "contract_sha256": "a97dc88082095ba636d326ea390cf629b86ca333577a27638c83c2b7f9a55794",
    "aggregate_status": "CAS_4AXIS_PASS",
    "risk_tier": "R3",
    "required_axes": [
        "wolfram_xact",
        "sympy",
        "sage_singular",
        "lean"
    ],
    "axis_statuses": {
        "wolfram_xact": "PASS",
        "sympy": "PASS",
        "sage_singular": "PASS",
        "lean": "PASS"
    },
    "missing_axes": [],
    "exceptions_applied": [],
    "errors": [],
    "adjudicated_at": "2026-10-01T02:17:08+00:00",
    "note": "CAS_4AXIS_PASS requires all 4 contract-required axes to satisfy the risk-scaled contract under one contract hash; majority vote is structurally forbidden. Runner observation establishes only the CAS evidence component; it does not establish scientific validity, novelty, or overall claim readiness. Local observation is not a security attestation.",
    "verification_state": "RUNNER_OBSERVED_EXECUTION",
    "evidence_origin": "runner_observed_local_subprocess",
    "execution_evidence": {
        "wolfram_xact": {
            "evidence_origin": "runner_observed_local_subprocess",
            "axis": "wolfram_xact",
            "argv": [
                "/usr/bin/python3",
                "-B",
                "docs/research_program/gr_statistics_loops_20260930/local_cas/GRSTAT-CAS11-C03-20261001T020800Z/wolfram_xact/run_axis.py"
            ],
            "cwd": ".",
            "timeout_seconds": 300,
            "solver_executed": true,
            "preflight_probe": {
                "status": "PASS",
                "commands": [
                    {
                        "cmd": "wolframscript -code <version+xAct probe>",
                        "exit": 0
                    }
                ],
                "transcript_tail": "---------------------------------------------------------\nPackage xAct`xPerm`  version 1.2.4, {2025, 12, 29}\nCopyRight (C) 2003-2026, Jose M. Martin-Garcia, under the General Public License.\nConnecting to external linux executable...\nConnection established.\n------------------------------------------------------------\nPackage xAct`xTensor` version 1.3.0, {2025, 12, 29}\nCopyRight (C) 2002-2026, Jose M. Martin-Garcia, under the General Public License.\n------------------------------------------------------------\nThese packages come with ABSOLUTELY NO WARRANTY; for details type Disclaimer[]. This is free software, and you are welcome to redistribute it under certain conditions. See the General Public License for details.\n------------------------------------------------------------\nXACT_LOAD_OK\n"
            },
            "started_at": "2026-10-01T02:16:47+00:00",
            "completed_at": "2026-10-01T02:16:53+00:00",
            "exit_code": 0,
            "timed_out": false,
            "stdout_tail": "{\"checks\":{\"CAS11-C03-WEIGHTED-PROJECTION\":true},\"domain_assumption_diff\":[],\"counterexample\":null}\n",
            "stderr_tail": "",
            "derived_status": "PASS",
            "errors": [],
            "payload": {
                "checks": {
                    "CAS11-C03-WEIGHTED-PROJECTION": true
                },
                "domain_assumption_diff": [],
                "counterexample": null
            }
        },
        "sympy": {
            "evidence_origin": "runner_observed_local_subprocess",
            "axis": "sympy",
            "argv": [
                "/usr/bin/python3",
                "-B",
                "docs/research_program/gr_statistics_loops_20260930/local_cas/GRSTAT-CAS11-C03-20261001T020800Z/sympy/run_axis.py"
            ],
            "cwd": ".",
            "timeout_seconds": 300,
            "solver_executed": true,
            "preflight_probe": {
                "status": "PASS",
                "commands": [
                    {
                        "cmd": "/home/cosmosapjw/Dropbox/bianchi/htt_base/venv/bin/python -c <sympy exact factor probe>",
                        "exit": 0
                    }
                ],
                "transcript_tail": "1.14.0\n"
            },
            "started_at": "2026-10-01T02:16:53+00:00",
            "completed_at": "2026-10-01T02:16:54+00:00",
            "exit_code": 0,
            "timed_out": false,
            "stdout_tail": "{\"axis\": \"sympy\", \"checks\": {\"CAS11-C03-WEIGHTED-PROJECTION\": true}, \"counterexample\": null, \"domain_assumption_diff\": [], \"high_precision_supplement\": {\"gap_decimal\": \"268.480628496249577998558231947705478414478993591087218100478392958635827026903959156573087\", \"positive_gap\": true, \"positive_residual_norm\": true, \"precision_digits\": 90, \"residual_norm_decimal\": \"13.8435529146952897915393596524451310958308334540228111613763336990347555816025839049436358\", \"scaled_residual_identity_abs_error_lt_1e-75\": true}, \"matrix_falsifiers\": {\"ambient_zero_dimension\": true, \"empty_family\": true, \"full_subspace_gram\": true, \"full_subspace_gram_singular\": true, \"full_subspace_gram_symmetric\": true, \"full_subspace_idempotent\": true, \"full_subspace_orthogonal\": true, \"proper_subspace_gram\": true, \"proper_subspace_gram_singular\": true, \"proper_subspace_gram_symmetric\": true, \"proper_subspace_idempotent\": true, \"proper_subspace_orthogonal\": true, \"zero_subspace_gram\": true, \"zero_subspace_gram_singular\": true, \"zero_subspace_gram_symmetric\": true, \"zero_subspace_idempotent\": true, \"zero_subspace_orthogonal\": true}, \"proof_coverage\": \"Universal analytic proof for all finite n,k,m in PROOF.md; SymPy checks its scalar algebraic kernels and examples only.\", \"statement_alignment\": \"Finite-dimensional real positive-definite W, arbitrary subspace and finite family; includes n=0, m=0 and degenerate residuals.\", \"status\": \"PASS\", \"symbolic_checks\": {\"gram_bilinear_pair\": true, \"gram_inverse_cancellation\": true, \"lagrange_pair_square\": true, \"one_dimensional_norm\": true, \"one_dimensional_scaled_norm\": true, \"projection_idempotent_coefficient\": true, \"projection_residual_cancellation\": true, \"zero_norm_branch\": true}, \"sympy_version\": \"1.14.0\"}\n",
            "stderr_tail": "",
            "derived_status": "PASS",
            "errors": [],
            "payload": {
                "checks": {
                    "CAS11-C03-WEIGHTED-PROJECTION": true
                },
                "domain_assumption_diff": [],
                "counterexample": null
            }
        },
        "sage_singular": {
            "evidence_origin": "runner_observed_local_subprocess",
            "axis": "sage_singular",
            "argv": [
                "/usr/bin/python3",
                "-B",
                "docs/research_program/gr_statistics_loops_20260930/local_cas/GRSTAT-CAS11-C03-20261001T020800Z/sage_singular/run_axis.py"
            ],
            "cwd": ".",
            "timeout_seconds": 300,
            "solver_executed": true,
            "preflight_probe": {
                "status": "PASS",
                "commands": [
                    {
                        "cmd": "sage -c <exact factor + singular version probe>",
                        "exit": 0
                    }
                ],
                "transcript_tail": "SageMath version 10.9, Release Date: 2026-05-04\n44100\n<cmdline>:1: DeprecationWarning: Use sage.version.version instead.\nSee https://github.com/sagemath/sage/issues/39015 for details.\n"
            },
            "started_at": "2026-10-01T02:17:01+00:00",
            "completed_at": "2026-10-01T02:17:04+00:00",
            "exit_code": 0,
            "timed_out": false,
            "stdout_tail": "{\"checks\":{\"CAS11-C03-WEIGHTED-PROJECTION\":true},\"domain_assumption_diff\":[],\"counterexample\":null}\n",
            "stderr_tail": "",
            "derived_status": "PASS",
            "errors": [],
            "payload": {
                "checks": {
                    "CAS11-C03-WEIGHTED-PROJECTION": true
                },
                "domain_assumption_diff": [],
                "counterexample": null
            }
        },
        "lean": {
            "evidence_origin": "runner_observed_local_subprocess",
            "axis": "lean",
            "argv": [
                "/usr/bin/python3",
                "-B",
                "docs/research_program/gr_statistics_loops_20260930/local_cas/GRSTAT-CAS11-C03-20261001T020800Z/lean/run_axis.py"
            ],
            "cwd": ".",
            "timeout_seconds": 600,
            "solver_executed": true,
            "preflight_probe": {
                "status": "PASS",
                "commands": [
                    {
                        "cmd": "ELAN_TOOLCHAIN=leanprover/lean4:v4.31.0 lean --version",
                        "exit": 0
                    }
                ],
                "transcript_tail": "Lean (version 4.31.0, x86_64-unknown-linux-gnu, commit 68218e876d2a38b1985b8590fff244a83c321783, Release)\n",
                "pinned_toolchain": "leanprover/lean4:v4.31.0"
            },
            "started_at": "2026-10-01T02:17:04+00:00",
            "completed_at": "2026-10-01T02:17:08+00:00",
            "exit_code": 0,
            "timed_out": false,
            "stdout_tail": "{\"checks\":{\"CAS11-C03-WEIGHTED-PROJECTION\":true},\"domain_assumption_diff\":[],\"counterexample\":null}\n",
            "stderr_tail": "",
            "derived_status": "PASS",
            "errors": [],
            "payload": {
                "checks": {
                    "CAS11-C03-WEIGHTED-PROJECTION": true
                },
                "domain_assumption_diff": [],
                "counterexample": null
            }
        }
    },
    "claim_promotion_cas_eligible": true,
    "claim_promotion_cas_requirement": "SATISFIED"
}
