/home/cosmosapjw/Dropbox/bianchi/htt_base/docs/research_program/gr_statistics_loops_20260930/local_cas/GRSTAT-CAS-20260930-1308KST/CAS-14/input_aligned_v1_20261008/lean/Main.lean:40:0: warning: automatically included section variable(s) unused in theorem `CAS14.C01_b_eq_G`:
  [DecidableEq ι]
consider restructuring your `variable` declarations so that the variables are not in scope or explicitly omit them:
  omit [DecidableEq ι] in theorem ...

Note: This linter can be disabled with `set_option linter.unusedSectionVars false`
/home/cosmosapjw/Dropbox/bianchi/htt_base/docs/research_program/gr_statistics_loops_20260930/local_cas/GRSTAT-CAS-20260930-1308KST/CAS-14/input_aligned_v1_20261008/lean/Main.lean:53:0: warning: automatically included section variable(s) unused in theorem `CAS14.C02_gram`:
  [DecidableEq ι]
consider restructuring your `variable` declarations so that the variables are not in scope or explicitly omit them:
  omit [DecidableEq ι] in theorem ...

Note: This linter can be disabled with `set_option linter.unusedSectionVars false`
/home/cosmosapjw/Dropbox/bianchi/htt_base/docs/research_program/gr_statistics_loops_20260930/local_cas/GRSTAT-CAS-20260930-1308KST/CAS-14/input_aligned_v1_20261008/lean/Main.lean:62:0: warning: automatically included section variable(s) unused in theorem `CAS14.C02_stack_normal`:
  [DecidableEq ι]
consider restructuring your `variable` declarations so that the variables are not in scope or explicitly omit them:
  omit [DecidableEq ι] in theorem ...

Note: This linter can be disabled with `set_option linter.unusedSectionVars false`
/home/cosmosapjw/Dropbox/bianchi/htt_base/docs/research_program/gr_statistics_loops_20260930/local_cas/GRSTAT-CAS-20260930-1308KST/CAS-14/input_aligned_v1_20261008/lean/Main.lean:87:10: warning: This simp argument is unused:
  cross_apply

Hint: Omit it from the simp argument list.
  simp [̵c̵r̵o̵s̵s̵_̵a̵p̵p̵l̵y̵,̵ ̵s̵m̵u̵l̵_̵e̵q̵_̵m̵u̵l̵,̵[̲s̲m̲u̲l̲_̲e̲q̲_̲m̲u̲l̲,̲ mul_assoc, mul_comm, mul_left_comm]

Note: This linter can be disabled with `set_option linter.unusedSimpArgs false`
/home/cosmosapjw/Dropbox/bianchi/htt_base/docs/research_program/gr_statistics_loops_20260930/local_cas/GRSTAT-CAS-20260930-1308KST/CAS-14/input_aligned_v1_20261008/lean/Main.lean:87:23: warning: This simp argument is unused:
  smul_eq_mul

Hint: Omit it from the simp argument list.
  simp [cross_apply, s̵m̵u̵l̵_̵e̵q̵_̵m̵u̵l̵,̵ ̵mul_assoc, mul_comm, mul_left_comm]

Note: This linter can be disabled with `set_option linter.unusedSimpArgs false`
/home/cosmosapjw/Dropbox/bianchi/htt_base/docs/research_program/gr_statistics_loops_20260930/local_cas/GRSTAT-CAS-20260930-1308KST/CAS-14/input_aligned_v1_20261008/lean/Main.lean:87:36: warning: This simp argument is unused:
  mul_assoc

Hint: Omit it from the simp argument list.
  simp [cross_apply, smul_eq_mul, mul_a̵s̵s̵o̵c,̵ ̵m̵u̵l̵_̵c̵omm, mul_left_comm]

Note: This linter can be disabled with `set_option linter.unusedSimpArgs false`
/home/cosmosapjw/Dropbox/bianchi/htt_base/docs/research_program/gr_statistics_loops_20260930/local_cas/GRSTAT-CAS-20260930-1308KST/CAS-14/input_aligned_v1_20261008/lean/Main.lean:87:47: warning: This simp argument is unused:
  mul_comm

Hint: Omit it from the simp argument list.
  simp [cross_apply, smul_eq_mul, mul_assoc, mul_c̵o̵m̵m̵,̵ ̵m̵u̵l_̵l̵eft_comm]

Note: This linter can be disabled with `set_option linter.unusedSimpArgs false`
/home/cosmosapjw/Dropbox/bianchi/htt_base/docs/research_program/gr_statistics_loops_20260930/local_cas/GRSTAT-CAS-20260930-1308KST/CAS-14/input_aligned_v1_20261008/lean/Main.lean:87:57: warning: This simp argument is unused:
  mul_left_comm

Hint: Omit it from the simp argument list.
  simp [cross_apply, smul_eq_mul, mul_assoc, mul_comm,̵ ̵m̵u̵l̵_̵l̵e̵f̵t̵_̵c̵o̵m̵m̵]

Note: This linter can be disabled with `set_option linter.unusedSimpArgs false`
/home/cosmosapjw/Dropbox/bianchi/htt_base/docs/research_program/gr_statistics_loops_20260930/local_cas/GRSTAT-CAS-20260930-1308KST/CAS-14/input_aligned_v1_20261008/lean/Main.lean:181:37: warning: This simp argument is unused:
  smul_add

Hint: Omit it from the simp argument list.
  simp only [G, P, dotProduct_add,̵ ̵s̵m̵u̵l̵_̵a̵d̵d̵]

Note: This linter can be disabled with `set_option linter.unusedSimpArgs false`
/home/cosmosapjw/Dropbox/bianchi/htt_base/docs/research_program/gr_statistics_loops_20260930/local_cas/GRSTAT-CAS-20260930-1308KST/CAS-14/input_aligned_v1_20261008/lean/Main.lean:229:0: warning: automatically included section variable(s) unused in theorem `CAS14.mpInv_left`:
  [FiniteDimensional ℝ F]
consider restructuring your `variable` declarations so that the variables are not in scope or explicitly omit them:
  omit [FiniteDimensional ℝ F] in theorem ...

Note: This linter can be disabled with `set_option linter.unusedSectionVars false`
/home/cosmosapjw/Dropbox/bianchi/htt_base/docs/research_program/gr_statistics_loops_20260930/local_cas/GRSTAT-CAS-20260930-1308KST/CAS-14/input_aligned_v1_20261008/lean/Main.lean:241:0: warning: automatically included section variable(s) unused in theorem `CAS14.mpInv_projection`:
  [FiniteDimensional ℝ F]
consider restructuring your `variable` declarations so that the variables are not in scope or explicitly omit them:
  omit [FiniteDimensional ℝ F] in theorem ...

Note: This linter can be disabled with `set_option linter.unusedSectionVars false`
/home/cosmosapjw/Dropbox/bianchi/htt_base/docs/research_program/gr_statistics_loops_20260930/local_cas/GRSTAT-CAS-20260930-1308KST/CAS-14/input_aligned_v1_20261008/lean/Main.lean:257:0: warning: automatically included section variable(s) unused in theorem `CAS14.mpInv_add`:
  [FiniteDimensional ℝ F]
consider restructuring your `variable` declarations so that the variables are not in scope or explicitly omit them:
  omit [FiniteDimensional ℝ F] in theorem ...

Note: This linter can be disabled with `set_option linter.unusedSectionVars false`
/home/cosmosapjw/Dropbox/bianchi/htt_base/docs/research_program/gr_statistics_loops_20260930/local_cas/GRSTAT-CAS-20260930-1308KST/CAS-14/input_aligned_v1_20261008/lean/Main.lean:262:28: warning: Variable name `hε` is not explicitly referenced.

The binding can be removed (if unused) or named `_` (if used implicitly).

Note: This linter can be disabled with `set_option linter.unusedVariables false`
/home/cosmosapjw/Dropbox/bianchi/htt_base/docs/research_program/gr_statistics_loops_20260930/local_cas/GRSTAT-CAS-20260930-1308KST/CAS-14/input_aligned_v1_20261008/lean/Main.lean:279:15: warning: `ContinuousLinearMap.sub_apply` has been deprecated: Use `_root_.sub_apply` instead

Note: The updated constant is in a different namespace. Dot notation may need to be changed (e.g., from `x.sub_apply` to `_root_.sub_apply x`).
/home/cosmosapjw/Dropbox/bianchi/htt_base/docs/research_program/gr_statistics_loops_20260930/local_cas/GRSTAT-CAS-20260930-1308KST/CAS-14/input_aligned_v1_20261008/lean/Main.lean:272:21: warning: Variable name `hεy` is not explicitly referenced.

The binding can be removed (if unused) or named `_` (if used implicitly).

Note: This linter can be disabled with `set_option linter.unusedVariables false`
/home/cosmosapjw/Dropbox/bianchi/htt_base/docs/research_program/gr_statistics_loops_20260930/local_cas/GRSTAT-CAS-20260930-1308KST/CAS-14/input_aligned_v1_20261008/lean/Main.lean:272:51: warning: Variable name `hΩ` is not explicitly referenced.

The binding can be removed (if unused) or named `_` (if used implicitly).

Note: This linter can be disabled with `set_option linter.unusedVariables false`
/home/cosmosapjw/Dropbox/bianchi/htt_base/docs/research_program/gr_statistics_loops_20260930/local_cas/GRSTAT-CAS-20260930-1308KST/CAS-14/input_aligned_v1_20261008/lean/Main.lean:333:60: warning: Used `tac1 <;> tac2` where `(tac1; tac2)` would suffice

Note: This linter can be disabled with `set_option linter.unnecessarySeqFocus false`
'CAS14.W_sign' depends on axioms: [propext, Classical.choice, Quot.sound]
'CAS14.C01_cross_data' depends on axioms: [propext, Classical.choice, Quot.sound]
'CAS14.C01_b_eq_G' depends on axioms: [propext, Classical.choice, Quot.sound]
'CAS14.C02_stack_normal' depends on axioms: [propext, Classical.choice, Quot.sound]
'CAS14.C02_kernel_intersection' depends on axioms: [propext, Classical.choice, Quot.sound]
'CAS14.C02_all_parallel_control' depends on axioms: [propext, Classical.choice, Quot.sound]
'CAS14.C02_two_nonparallel_pos' depends on axioms: [propext, Classical.choice, Quot.sound]
'CAS14.C02_inverse_formula' depends on axioms: [propext, Classical.choice, Quot.sound]
'CAS14.C02_e1_e2_control' depends on axioms: [propext, Classical.choice, Quot.sound]
'CAS14.C03_exact_bound' depends on axioms: [propext, Classical.choice, Quot.sound]
'CAS14.C03_perturbed_bound' depends on axioms: [propext, Classical.choice, Quot.sound]
'CAS14.C03_zero_data_error' depends on axioms: [propext, Classical.choice, Quot.sound]
'CAS14.C03_zero_operator_error' depends on axioms: [propext, Classical.choice, Quot.sound]
'CAS14.C03_frobenius' depends on axioms: [propext, Classical.choice, Quot.sound]
'CAS14.C03_no_amplitude_control' depends on axioms: [propext, Classical.choice, Quot.sound]
