.agent-harness/runs/TENSOR-JOINT-R7-20260908/axes/lean/Proof.lean:31:2: error: unsolved goals
case refine_3.«0»
⊢ -1 + (Matrix.diagonal ![-1, 0, 1] 1 2 + (Matrix.diagonal ![-1, 0, 1] 2 1 + ![-1, 0, 1] 2)) = 0

case refine_3.«1»
⊢ Matrix.diagonal ![-1, 0, 1] 0 2 +
      (-Matrix.diagonal ![-1, 0, 1] 1 2 + (-Matrix.diagonal ![-1, 0, 1] 2 1 + -![-1, 0, 1] 2)) =
    -1

case refine_3.«2»
⊢ Matrix.diagonal ![-1, 0, 1] 0 2 +
      (-Matrix.diagonal ![-1, 0, 1] 1 2 + (-Matrix.diagonal ![-1, 0, 1] 2 1 + ![-1, 0, 1] 2)) =
    1
.agent-harness/runs/TENSOR-JOINT-R7-20260908/axes/lean/Proof.lean:32:2: error: unsolved goals
case refine_4
⊢ Matrix.diagonal ![-1, 0, 1] 0 2 *
            Matrix.vecCons (![0, -1, 1] 2)
              (fun i =>
                Matrix.vecCons (-Matrix.diagonal ![-1, 0, 1] 2 1 + ![-1, 0, 1] 2)
                  (fun i =>
                    -Matrix.diagonal (fun i => ![-1, 0, 1] i * ![-1, 0, 1] i) 2 1 + ![-1, 0, 1] 2 * ![-1, 0, 1] 2)
                  i)
              2 +
          (-![-1, 0, 1] 2 + Matrix.diagonal ![-1, 0, 1] 2 1) *
            Matrix.vecCons 0
              (fun i =>
                Matrix.vecCons (Matrix.diagonal ![-1, 0, 1] 0 2)
                  (fun i => Matrix.diagonal (fun i => ![-1, 0, 1] i * ![-1, 0, 1] i) 0 2) i)
              2 +
        ![0, -1, 1] 2 * Matrix.diagonal ![-1, 0, 1] 0 2 *
          Matrix.vecCons (-1)
            (fun i =>
              Matrix.vecCons (Matrix.diagonal ![-1, 0, 1] 1 2)
                (fun i => Matrix.diagonal (fun i => ![-1, 0, 1] i * ![-1, 0, 1] i) 1 2) i)
            2 -
      ![0, -1, 1] 2 * Matrix.diagonal ![-1, 0, 1] 1 2 *
        Matrix.vecCons 0
          (fun i =>
            Matrix.vecCons (Matrix.diagonal ![-1, 0, 1] 0 2)
              (fun i => Matrix.diagonal (fun i => ![-1, 0, 1] i * ![-1, 0, 1] i) 0 2) i)
          2 =
    0
.agent-harness/runs/TENSOR-JOINT-R7-20260908/axes/lean/Proof.lean:72:38: warning: This simp argument is unused:
  Matrix.neg_mul

Hint: Omit it from the simp argument list.
  simp only [one_mul, Matrix.mul_one,̵ ̵M̵a̵t̵r̵i̵x̵.̵n̵e̵g̵_̵m̵u̵l̵] at h1

Note: This linter can be disabled with `set_option linter.unusedSimpArgs false`
.agent-harness/runs/TENSOR-JOINT-R7-20260908/axes/lean/Proof.lean:79:30: error(lean.synthInstanceFailed): failed to synthesize instance of type class
  HMul (Matrix p n ℝ) ℕ (Matrix p n ℝ)

Hint: Type class instance resolution failures can be inspected with the `set_option trace.Meta.synthInstance true` command.
.agent-harness/runs/TENSOR-JOINT-R7-20260908/axes/lean/Proof.lean:79:58: error: unsolved goals
n : Type u_1
p : Type u_2
q : Type u_3
inst✝¹ : Fintype n
inst✝ : DecidableEq n
E : Matrix n n ℝ
C : Matrix p n ℝ
A : Matrix n q ℝ
⊢ -C * 1 * A = -(C * A)
.agent-harness/runs/TENSOR-JOINT-R7-20260908/axes/lean/Proof.lean:85:5: warning: Variable name `hk` is not explicitly referenced.

The binding can be removed (if unused) or named `_` (if used implicitly).

Note: This linter can be disabled with `set_option linter.unusedVariables false`
.agent-harness/runs/TENSOR-JOINT-R7-20260908/axes/lean/Proof.lean:98:45: warning: 'ring' tactic does nothing

Note: This linter can be disabled with `set_option linter.unusedTactic false`
.agent-harness/runs/TENSOR-JOINT-R7-20260908/axes/lean/Proof.lean:98:45: warning: this tactic is never executed

Note: This linter can be disabled with `set_option linter.unreachableTactic false`
.agent-harness/runs/TENSOR-JOINT-R7-20260908/axes/lean/Proof.lean:98:26: warning: Used `tac1 <;> tac2` where `(tac1; tac2)` would suffice

Note: This linter can be disabled with `set_option linter.unnecessarySeqFocus false`
.agent-harness/runs/TENSOR-JOINT-R7-20260908/axes/lean/Proof.lean:104:4: error(lean.dependsOnNoncomputable): failed to compile definition, consider marking it as 'noncomputable' because it depends on 'Real.instDivInvMonoid', which is 'noncomputable'
.agent-harness/runs/TENSOR-JOINT-R7-20260908/axes/lean/Proof.lean:105:4: error(lean.dependsOnNoncomputable): failed to compile definition, consider marking it as 'noncomputable' because it depends on 'Real.instDivInvMonoid', which is 'noncomputable'
.agent-harness/runs/TENSOR-JOINT-R7-20260908/axes/lean/Proof.lean:132:55: error(lean.unknownIdentifier): Unknown constant `Matrix.isUnit_iff_isUnit_det.mpr`
.agent-harness/runs/TENSOR-JOINT-R7-20260908/axes/lean/Proof.lean:138:4: error(lean.dependsOnNoncomputable): failed to compile definition, consider marking it as 'noncomputable' because it depends on 'Matrix.rank', which is 'noncomputable'
.agent-harness/runs/TENSOR-JOINT-R7-20260908/axes/lean/Proof.lean:143:25: error: unsolved goals
B : (m : Fin 6) → Matrix (Fin (rows m)) (Fin 4) ℝ
haccepted : ∀ (m : Fin 6), ((B m).submatrix id (pivot m)).det ^ 2 = acceptedSquaredMinor m
⊢ 4 + 2 * (4 + ![4, 4, 4, 3, 2, 1] 2 + ![4, 4, 4, 3, 2, 1] 3 + ![4, 4, 4, 3, 2, 1] 4 + ![4, 4, 4, 3, 2, 1] 5) = 32
'R7.T1_trace_and_contraction' depends on axioms: [propext, sorryAx, Classical.choice, Quot.sound]
'R7.T1_no_proper_signed_stabilizer' depends on axioms: [propext, Classical.choice, Quot.sound]
'R7.T3_normalized_derivative' depends on axioms: [propext, Classical.choice, Quot.sound]
'R7.T3_normalized_derivative_and_odd_signs' depends on axioms: [propext, Classical.choice, Quot.sound]
'R7.T5_inverse_coefficients' depends on axioms: [propext, Classical.choice, Quot.sound]
.agent-harness/runs/TENSOR-JOINT-R7-20260908/axes/lean/Proof.lean:167:14: error(lean.unknownIdentifier): Unknown constant `T5_first_order_inverse_coefficient`
'R7.T5_scalar_cost_implication' depends on axioms: [propext, Classical.choice, Quot.sound]
'R7.T6_scalar_information_one_fifth' depends on axioms: [propext, Classical.choice, Quot.sound]
'R7.L10_accepted_minors_and_minimal_cutoff' depends on axioms: [propext, sorryAx, Classical.choice, Quot.sound]
