.agent-harness/runs/TENSOR-JOINT-R7-20260908/axes/lean/Proof.lean:33:2: error: unsolved goals
case refine_4
⊢ -((-Matrix.vecHead (Matrix.vecTail (Matrix.vecTail fun i => ite (0 = i))) (-1) 0 +
                Matrix.vecHead (Matrix.vecTail fun i => ite (0 = i)) (-1) 0) *
              Matrix.vecCons (![0, -1, 1] 2)
                (fun i =>
                  Matrix.vecCons
                    (-Matrix.vecHead (Matrix.vecTail fun i => ite (2 = i)) (![-1, 0, 1] 2) 0 +
                      Matrix.vecHead (Matrix.vecTail (Matrix.vecTail fun i => ite (2 = i))) (![-1, 0, 1] 2) 0)
                    (fun i =>
                      ![-1, 0, 1] 2 *
                        (-Matrix.vecHead (Matrix.vecTail fun i => ite (2 = i)) (![-1, 0, 1] 2) 0 +
                          Matrix.vecHead (Matrix.vecTail (Matrix.vecTail fun i => ite (2 = i))) (![-1, 0, 1] 2) 0))
                    i)
                2) +
          (-Matrix.vecHead (Matrix.vecTail (Matrix.vecTail fun i => ite (2 = i))) (![-1, 0, 1] 2) 0 +
              Matrix.vecHead (Matrix.vecTail fun i => ite (2 = i)) (![-1, 0, 1] 2) 0) *
            Matrix.vecCons 0
              (fun i =>
                Matrix.vecCons
                  (-Matrix.vecHead (Matrix.vecTail fun i => ite (0 = i)) (-1) 0 +
                    Matrix.vecHead (Matrix.vecTail (Matrix.vecTail fun i => ite (0 = i))) (-1) 0)
                  (fun i =>
                    -Matrix.vecHead (Matrix.vecTail (Matrix.vecTail fun i => ite (0 = i))) (-1) 0 +
                      Matrix.vecHead (Matrix.vecTail fun i => ite (0 = i)) (-1) 0)
                  i)
              2 +
        ![0, -1, 1] 2 *
            (-Matrix.vecHead (Matrix.vecTail fun i => ite (0 = i)) (-1) 0 +
              Matrix.vecHead (Matrix.vecTail (Matrix.vecTail fun i => ite (0 = i))) (-1) 0) *
          Matrix.vecCons (-1)
            (fun i =>
              Matrix.vecCons
                (-Matrix.vecHead (Matrix.vecTail fun i => @OfNat.ofNat ℝ 0) Zero.toOfNat0 +
                  Matrix.vecHead (Matrix.vecTail (Matrix.vecTail fun i => @OfNat.ofNat ℝ 0)) Zero.toOfNat0)
                (fun i => 0) i)
            2 -
      ![0, -1, 1] 2 *
          (-Matrix.vecHead (Matrix.vecTail fun i => @OfNat.ofNat ℝ 0) Zero.toOfNat0 +
            Matrix.vecHead (Matrix.vecTail (Matrix.vecTail fun i => @OfNat.ofNat ℝ 0)) Zero.toOfNat0) *
        Matrix.vecCons 0
          (fun i =>
            Matrix.vecCons
              (-Matrix.vecHead (Matrix.vecTail fun i => ite (0 = i)) (-1) 0 +
                Matrix.vecHead (Matrix.vecTail (Matrix.vecTail fun i => ite (0 = i))) (-1) 0)
              (fun i =>
                -Matrix.vecHead (Matrix.vecTail (Matrix.vecTail fun i => ite (0 = i))) (-1) 0 +
                  Matrix.vecHead (Matrix.vecTail fun i => ite (0 = i)) (-1) 0)
              i)
          2 =
    0
.agent-harness/runs/TENSOR-JOINT-R7-20260908/axes/lean/Proof.lean:73:38: warning: This simp argument is unused:
  Matrix.neg_mul

Hint: Omit it from the simp argument list.
  simp only [one_mul, Matrix.mul_one,̵ ̵M̵a̵t̵r̵i̵x̵.̵n̵e̵g̵_̵m̵u̵l̵] at h1

Note: This linter can be disabled with `set_option linter.unusedSimpArgs false`
.agent-harness/runs/TENSOR-JOINT-R7-20260908/axes/lean/Proof.lean:86:5: warning: Variable name `hk` is not explicitly referenced.

The binding can be removed (if unused) or named `_` (if used implicitly).

Note: This linter can be disabled with `set_option linter.unusedVariables false`
.agent-harness/runs/TENSOR-JOINT-R7-20260908/axes/lean/Proof.lean:99:45: warning: 'ring' tactic does nothing

Note: This linter can be disabled with `set_option linter.unusedTactic false`
.agent-harness/runs/TENSOR-JOINT-R7-20260908/axes/lean/Proof.lean:99:45: warning: this tactic is never executed

Note: This linter can be disabled with `set_option linter.unreachableTactic false`
.agent-harness/runs/TENSOR-JOINT-R7-20260908/axes/lean/Proof.lean:99:26: warning: Used `tac1 <;> tac2` where `(tac1; tac2)` would suffice

Note: This linter can be disabled with `set_option linter.unnecessarySeqFocus false`
.agent-harness/runs/TENSOR-JOINT-R7-20260908/axes/lean/Proof.lean:144:25: error: unsolved goals
B : (m : Fin 6) → Matrix (Fin (rows m)) (Fin 4) ℝ
haccepted : ∀ (m : Fin 6), ((B m).submatrix id (pivot m)).det ^ 2 = acceptedSquaredMinor m
⊢ 4 + 2 * (4 + ![4, 4, 4, 3, 2, 1] 2 + ![4, 4, 4, 3, 2, 1] 3 + ![4, 4, 4, 3, 2, 1] 4 + ![4, 4, 4, 3, 2, 1] 5) = 32
'R7.T1_trace_and_contraction' depends on axioms: [propext, sorryAx, Classical.choice, Quot.sound]
'R7.T1_no_proper_signed_stabilizer' depends on axioms: [propext, Classical.choice, Quot.sound]
'R7.T3_normalized_derivative' depends on axioms: [propext, Classical.choice, Quot.sound]
'R7.T3_normalized_derivative_and_odd_signs' depends on axioms: [propext, Classical.choice, Quot.sound]
'R7.T5_inverse_coefficients' depends on axioms: [propext, Classical.choice, Quot.sound]
'R7.T5_first_order_inverse_coefficient' depends on axioms: [propext, Classical.choice, Quot.sound]
'R7.T5_scalar_cost_implication' depends on axioms: [propext, Classical.choice, Quot.sound]
'R7.T6_scalar_information_one_fifth' depends on axioms: [propext, Classical.choice, Quot.sound]
'R7.L10_accepted_minors_and_minimal_cutoff' depends on axioms: [propext, sorryAx, Classical.choice, Quot.sound]
