{
  "registered": true,
  "route": {
    "action": "SPAWN_CODEX_SUBAGENT",
    "reason": "EXPLICIT_TASK_ADEQUATE_PROFILE",
    "parent_execution_authorized": false,
    "inherit_parent_model": false,
    "inherit_parent_effort": false,
    "claim_admitted": false,
    "profile_id": "cuhg_gpt6_astra_reviewer",
    "model": "gpt-6-astra",
    "model_reasoning_effort": "xhigh",
    "role": "review",
    "required_output": "REVIEW_REPORT",
    "completion_status": "REVIEW_READY",
    "provider": "CODEX_SUBAGENT",
    "execution_policy": {
      "execution_mode": "MIXED",
      "routing_objective": "BUDGET_FIRST",
      "provider_allowlist": [
        "CODEX_SUBAGENT",
        "HOST_CODEX",
        "LOCAL_MODEL"
      ],
      "coding_routing_policy": "GPT6_CODING_ROUTING_POLICY_V1"
    },
    "native_nested_agents": false,
    "parent_model": null,
    "parent_effort": null,
    "capabilities_source": "Current collaboration.spawn_agent schema and observed Host session 01a0f99e-b90f-7182-ae90-ac4de1537118; exact available model/effort list",
    "candidate_rejections": [
      {
        "profile_id": "cuhg_gpt61_sol_reviewer",
        "model": "gpt-6.1-sol",
        "model_reasoning_effort": "high",
        "role": "guide",
        "reason": "CONCRETE_NATIVE_PROFILE_UNSUPPORTED",
        "capability_supported": false
      }
    ],
    "guide_trigger": null,
    "premium_reason": null,
    "economic_pressure": {
      "pressure": "UNKNOWN",
      "authority_effect": "NONE",
      "ratio": "NOT_MEASURED",
      "remaining_fraction": "NOT_MEASURED",
      "reset_at": "NOT_MEASURED"
    },
    "economic_estimate": {
      "route_cost": {
        "status": "NOT_MEASURED",
        "CODEX_CREDIT_EQUIVALENT": "NOT_MEASURED",
        "reason": "CANDIDATE_PHASE_USAGE_REQUIRED"
      },
      "author_phase_credit": "NOT_MEASURED",
      "selection_basis": "STATIC_PRIOR_UNCALIBRATED_COST",
      "quality_status": "UNCALIBRATED_STATIC_PRIOR",
      "economic_objective": "ESTIMATED_CREDIT_EQUIVALENT_ONLY",
      "resource_guard": "SEPARATE_FROZEN_WORKSPACE_LIMITS"
    },
    "parent_effort_control": "PENDING_NOT_CONNECTED"
  },
  "launch": {
    "schema": "cuhg-child-lifecycle/v1",
    "run_id": "GRSTAT-CAS-20260930-1308KST",
    "task_id": "GRSTAT-CAS-20260930-1308KST-CAS-01-rerun-review",
    "session_id": "01a0f99e-b90f-7182-ae90-ac4de1537118",
    "task_name": "gr01_rerun_review",
    "identity": {
      "repo_root": "/home/cosmosapjw/Dropbox/bianchi/htt_base",
      "repo_id": "/home/cosmosapjw/Dropbox/bianchi/htt_base/.git",
      "worktree_id": "/home/cosmosapjw/Dropbox/bianchi/htt_base/.git",
      "worktree_root": "/home/cosmosapjw/Dropbox/bianchi/htt_base",
      "head_commit": "bfdb1ef6f9767c06e4fb610fd572a41990e2a26f"
    },
    "profile": {
      "model": "gpt-6-astra",
      "model_reasoning_effort": "xhigh",
      "effort": "xhigh",
      "sandbox_policy": {
        "type": "danger-full-access"
      },
      "profile_id": "cuhg_gpt6_astra_reviewer"
    },
    "validator_argv": null,
    "harness_contract": null,
    "validator_files": {},
    "claim": null,
    "child": null,
    "exits": {},
    "continuation_context": null,
    "launch_id": "cl_8f481560e1d53e653cb41950ee26081a"
  },
  "message_prefix": "CUHG_LAUNCH_ID=cl_8f481560e1d53e653cb41950ee26081a",
  "task_name": "gr01_rerun_review"
}
