{
  "review_checks": "PASS",
  "native_suite_status": "NONPASS",
  "counts": {
    "collected": 40,
    "executed": 40,
    "pass": 37,
    "fail": 3,
    "error": 0,
    "skip": 0,
    "xfail": 0,
    "xpass": 0,
    "deselect": 0
  },
  "candidate_source_tree": "46fb44f32320c149c291c70a30289d8e7064f2c4",
  "source_manifest_rows": 5811,
  "verified_source_payloads": 22,
  "canonical_id_sha256": "e103c581ce353b5102af81834831ac292105f18699671e8eb75b171acd97f01e",
  "form_feed_lines": [
    234,
    241,
    245
  ],
  "patch_check_exit": 0
}
