{
  "launch_id": "cl_e8cf0a67bc3da20d6ce1957107df6e9a",
  "run_id": "GRSTAT-CAS-20260930-1308KST",
  "task_id": "GRSTAT-CAS-20260930-1308KST-CAS-04-sage_singular",
  "task_name": "gr04_sage",
  "registered_identity": {
    "head_commit": "17ca158fe697db2426563b7351c4d2373bb4fa18",
    "repo_id": "/home/cosmosapjw/Dropbox/bianchi/htt_base/.git",
    "repo_root": "/home/cosmosapjw/Dropbox/bianchi/htt_base",
    "worktree_id": "/home/cosmosapjw/Dropbox/bianchi/htt_base/.git",
    "worktree_root": "/home/cosmosapjw/Dropbox/bianchi/htt_base"
  },
  "registered_profile": {
    "effort": "high",
    "model": "gpt-6-sol",
    "model_reasoning_effort": "high",
    "profile_id": "cuhg_gpt6_sol_worker",
    "sandbox_policy": {
      "type": "danger-full-access"
    }
  },
  "client_cwd_supplied": "/home/cosmosapjw/Dropbox/bianchi/htt_base",
  "prospective_issues": [],
  "already_claimed": true,
  "blocking_launches": [],
  "bound_child_id": "01a0ffc0-34d1-7883-88e0-66becd22641a",
  "runtime_observation": "MATCH",
  "continuation_context_present": false,
  "execution_mode": "DIRECT_LAUNCH_WITHOUT_RESOURCE_CONTEXT",
  "workspace_job_expected": false,
  "continuation_authorized": false,
  "continuation_action": "Reconcile the existing claim/child using its actual lifecycle evidence. No workspace job is registered; do not invent one or reset its task.",
  "budget_remaining": "NOT_COMPUTED_BY_INSPECTION",
  "historical_authentication": "UNCHANGED",
  "claim_admitted": false,
  "read_only": true
}
