/home/cosmosapjw/Dropbox/bianchi/htt_base/docs/research_program/gr_statistics_loops_20260930/local_cas/GRSTAT-CAS-20260930-1308KST/CAS-04/completion_20261003/lean/attempts/011/Proof.lean:28:89: warning: This simp argument is unused:
  mul_assoc

Hint: Omit it from the simp argument list.
  simp [lorentzDot, Pi.smul_apply, smul_eq_mul, Finset.mul_sum, mul_comm, mul_left_comm,̵ ̵m̵u̵l̵_̵a̵s̵s̵o̵c̵]

Note: This linter can be disabled with `set_option linter.unusedSimpArgs false`
/home/cosmosapjw/Dropbox/bianchi/htt_base/docs/research_program/gr_statistics_loops_20260930/local_cas/GRSTAT-CAS-20260930-1308KST/CAS-04/completion_20261003/lean/attempts/011/Proof.lean:60:16: warning: This simp argument is unused:
  mul_comm

Hint: Omit it from the simp argument list.
  simp [matVec, mul_c̵o̵m̵m̵,̵ ̵m̵u̵l_̵l̵eft_comm, mul_assoc, Finset.mul_sum, Pi.smul_apply, smul_eq_mul]

Note: This linter can be disabled with `set_option linter.unusedSimpArgs false`
/home/cosmosapjw/Dropbox/bianchi/htt_base/docs/research_program/gr_statistics_loops_20260930/local_cas/GRSTAT-CAS-20260930-1308KST/CAS-04/completion_20261003/lean/attempts/011/Proof.lean:60:41: warning: This simp argument is unused:
  mul_assoc

Hint: Omit it from the simp argument list.
  simp [matVec, mul_comm, mul_left_comm, m̵u̵l̵_̵a̵s̵s̵o̵c̵,̵ ̵Finset.mul_sum, Pi.smul_apply, smul_eq_mul]

Note: This linter can be disabled with `set_option linter.unusedSimpArgs false`
/home/cosmosapjw/Dropbox/bianchi/htt_base/docs/research_program/gr_statistics_loops_20260930/local_cas/GRSTAT-CAS-20260930-1308KST/CAS-04/completion_20261003/lean/attempts/011/Proof.lean:116:5: warning: Variable name `hc` is not explicitly referenced.

The binding can be removed (if unused) or named `_` (if used implicitly).

Note: This linter can be disabled with `set_option linter.unusedVariables false`
/home/cosmosapjw/Dropbox/bianchi/htt_base/docs/research_program/gr_statistics_loops_20260930/local_cas/GRSTAT-CAS-20260930-1308KST/CAS-04/completion_20261003/lean/attempts/011/Proof.lean:132:24: warning: This simp argument is unused:
  add_zero

Hint: Omit it from the simp argument list.
  simp only [smul_zero,̵ ̵a̵d̵d̵_̵z̵e̵r̵o̵] at hproj

Note: This linter can be disabled with `set_option linter.unusedSimpArgs false`
/home/cosmosapjw/Dropbox/bianchi/htt_base/docs/research_program/gr_statistics_loops_20260930/local_cas/GRSTAT-CAS-20260930-1308KST/CAS-04/completion_20261003/lean/attempts/011/Proof.lean:162:5: warning: Variable name `hc` is not explicitly referenced.

The binding can be removed (if unused) or named `_` (if used implicitly).

Note: This linter can be disabled with `set_option linter.unusedVariables false`
/home/cosmosapjw/Dropbox/bianchi/htt_base/docs/research_program/gr_statistics_loops_20260930/local_cas/GRSTAT-CAS-20260930-1308KST/CAS-04/completion_20261003/lean/attempts/011/Proof.lean:212:17: warning: this tactic is never executed

Note: This linter can be disabled with `set_option linter.unreachableTactic false`
/home/cosmosapjw/Dropbox/bianchi/htt_base/docs/research_program/gr_statistics_loops_20260930/local_cas/GRSTAT-CAS-20260930-1308KST/CAS-04/completion_20261003/lean/attempts/011/Proof.lean:212:17: warning: 'ring' tactic does nothing

Note: This linter can be disabled with `set_option linter.unusedTactic false`
/home/cosmosapjw/Dropbox/bianchi/htt_base/docs/research_program/gr_statistics_loops_20260930/local_cas/GRSTAT-CAS-20260930-1308KST/CAS-04/completion_20261003/lean/attempts/011/Proof.lean:220:29: error: unsolved goals
e c : ℝ
u de : Vec4
du : Fin 4 → Vec4
he : 0 < e
hc : 0 < c
hn : lorentzDot u u = -1
hdu : ∀ (a : Fin 4), lorentzDot u (du a) = 0
hcons : fluidDiv e 0 u de 0 du = 0
hgap : e + 0 ≠ 0
hA : c ^ 2 • accJet u du = (-c ^ 2 / (e + 0)) • restProj u (raiseGrad 0)
⊢ (c = 0 ∨ e = 0) ∨ restProj u (raiseGrad 0) = 0
/home/cosmosapjw/Dropbox/bianchi/htt_base/docs/research_program/gr_statistics_loops_20260930/local_cas/GRSTAT-CAS-20260930-1308KST/CAS-04/completion_20261003/lean/attempts/011/Proof.lean:224:8: warning: This simp argument is unused:
  raiseGrad

Hint: Omit it from the simp argument list.
  simp [̵r̵a̵i̵s̵e̵G̵r̵a̵d̵,̵ ̵r̵e̵s̵t̵P̵r̵o̵j̵,̵[̲r̲e̲s̲t̲P̲r̲o̲j̲,̲ lorentzDot]

Note: This linter can be disabled with `set_option linter.unusedSimpArgs false`
/home/cosmosapjw/Dropbox/bianchi/htt_base/docs/research_program/gr_statistics_loops_20260930/local_cas/GRSTAT-CAS-20260930-1308KST/CAS-04/completion_20261003/lean/attempts/011/Proof.lean:224:19: warning: This simp argument is unused:
  restProj

Hint: Omit it from the simp argument list.
  simp [raiseGrad, r̵e̵s̵t̵P̵r̵o̵j̵,̵ ̵lorentzDot]

Note: This linter can be disabled with `set_option linter.unusedSimpArgs false`
/home/cosmosapjw/Dropbox/bianchi/htt_base/docs/research_program/gr_statistics_loops_20260930/local_cas/GRSTAT-CAS-20260930-1308KST/CAS-04/completion_20261003/lean/attempts/011/Proof.lean:224:29: warning: This simp argument is unused:
  lorentzDot

Hint: Omit it from the simp argument list.
  simp [raiseGrad, restProj,̵ ̵l̵o̵r̵e̵n̵t̵z̵D̵o̵t̵]

Note: This linter can be disabled with `set_option linter.unusedSimpArgs false`
