{
  "router_version": 1,
  "status": "SELECTED",
  "family": "gpt6-astra",
  "task": "coding",
  "selection_basis": "explicit_user_harness_override",
  "supplied_model_label": null,
  "explicit_harness_override": "gpt6-astra",
  "model_identity_verified": false,
  "model_switched": false,
  "harness_loaded": false,
  "harness_executed": false,
  "packages": [
    {
      "task": "coding",
      "filename": "physmath-coding-harness-gpt6-astra-v4.0.0-20260908.zip",
      "library_file_id": null,
      "library_path": "/Research-Harnesses/physmath-coding-harness-gpt6-astra-v4.0.0-20260908.zip",
      "sha256": null,
      "entrypoints": [
        "START_HERE.md",
        "AGENTS.md",
        "SCIENTIFIC_CONTRACT.md"
      ]
    }
  ]
}
