{
  "schema_version": 2,
  "contract_id": "GRSTAT-20260930-CAS-07-M04-JACOBI-MAJORANT-V1",
  "contract_sha256": "553502c17d46c3b47c5a7b892f149f603235239d8504392b9bd19923f4edde7a",
  "aggregate_status": "CAS_CONFLICT",
  "risk_tier": "R3",
  "required_axes": [
    "wolfram_xact",
    "sympy",
    "sage_singular",
    "lean"
  ],
  "axis_statuses": {
    "wolfram_xact": "PASS",
    "sympy": "PASS",
    "sage_singular": "INCONCLUSIVE",
    "lean": "INCONCLUSIVE"
  },
  "missing_axes": [],
  "exceptions_applied": [],
  "errors": [],
  "adjudicated_at": "2026-10-07T13:44:58+00:00",
  "note": "CAS_4AXIS_PASS requires all 4 contract-required axes to satisfy the risk-scaled contract under one contract hash; majority vote is structurally forbidden. Runner observation establishes only the CAS evidence component; it does not establish scientific validity, novelty, or overall claim readiness. Local observation is not a security attestation.",
  "verification_state": "RUNNER_OBSERVED_EXECUTION",
  "evidence_origin": "runner_observed_local_subprocess",
  "execution_evidence": {
    "wolfram_xact": {
      "evidence_origin": "runner_observed_local_subprocess",
      "axis": "wolfram_xact",
      "argv": [
        "/usr/bin/python3.12",
        "-B",
        "docs/research_program/gr_statistics_loops_20260930/local_cas/GRSTAT-CAS-20260930-1308KST/CAS-07/jacobi_matrix_majorant_v1_20261007/wolfram_xact/run.py"
      ],
      "cwd": ".",
      "timeout_seconds": 1800,
      "solver_executed": true,
      "preflight_probe": {
        "status": "PASS",
        "commands": [
          {
            "cmd": "wolframscript -code <version+xAct probe>",
            "exit": 0
          }
        ],
        "transcript_tail": "---------------------------------------------------------\nPackage xAct`xPerm`  version 1.2.4, {2025, 12, 29}\nCopyRight (C) 2003-2026, Jose M. Martin-Garcia, under the General Public License.\nConnecting to external linux executable...\nConnection established.\n------------------------------------------------------------\nPackage xAct`xTensor` version 1.3.0, {2025, 12, 29}\nCopyRight (C) 2002-2026, Jose M. Martin-Garcia, under the General Public License.\n------------------------------------------------------------\nThese packages come with ABSOLUTELY NO WARRANTY; for details type Disclaimer[]. This is free software, and you are welcome to redistribute it under certain conditions. See the General Public License for details.\n------------------------------------------------------------\nXACT_LOAD_OK\n"
      },
      "started_at": "2026-10-07T13:44:16+00:00",
      "completed_at": "2026-10-07T13:44:28+00:00",
      "exit_code": 0,
      "timed_out": false,
      "stdout_tail": "aylor\": true, \"component_taylor_expression\": \"Integrate[(s - t)*Derivative[2][d][t], {t, 0, s}, Assumptions -> s >= 0]\", \"k_zero_control\": true, \"kernel_second_derivative\": true, \"majorant_integral\": true, \"majorant_integral_expression\": \"-(s/k) + Sinh[Sqrt[k]*s]/k^(3/2)\", \"matrix_noncommuting_witness\": true, \"wolfram_version\": \"15.0.0 for Linux x86 (64-bit) (May 26, 2026)\", \"xact_screen_contraction\": true, \"xact_version\": \"{\\\"1.3.0\\\", {2025, 12, 29}}\"}, \"domain_assumption_diff\": [], \"errors\": [], \"evidence_class\": \"exact\", \"executable_artifact_sha256\": {\"check.wl\": \"768483f92c4ef636601cfaea50c25ad8ceb27c5c30e0cd64fc28faa173350196\", \"proof.md\": \"fc3cf22215de4fd97071519d4b0b850f661655581278c8bc748bc94a2ddf1fb2\", \"run.py\": \"81c7230d9168077e48a7c04bd6bf5f0ae68d7e7ebc6e4fb4738c0c671f3d73cf\"}, \"input_sha256\": {\"docs/research_program/gr_statistics_loops_20260930/cas/COMMON_SPEC.md\": \"4714827e52acf3cb149f4014ac50ab2aa995dd4a0526f6b26ac7257807fe1897\", \"docs/research_program/gr_statistics_loops_20260930/local_cas/GRSTAT-CAS-20260930-1308KST/CAS-07/jacobi_matrix_majorant_v1_20261007/ADMITTED_INPUTS.json\": \"f4d3b3b96a86fabcf83c7134193ec70da61b15d7a45b1a4b2c6b581312c1d4d8\", \"docs/research_program/gr_statistics_loops_20260930/local_cas/GRSTAT-CAS-20260930-1308KST/CAS-07/jacobi_matrix_majorant_v1_20261007/EXECUTION_CONTRACT.json\": \"553502c17d46c3b47c5a7b892f149f603235239d8504392b9bd19923f4edde7a\"}, \"launch_id\": null, \"observed_effort\": \"UNKNOWN\", \"observed_model\": \"UNKNOWN\", \"raw_evidence_sha256\": {\"stderr.raw.txt\": \"e3b0c44298fc1c149afbf4c8996fb92427ae41e4649b934ca495991b7852b855\", \"stdout.raw.txt\": \"86a8bdf3a5040641c09e81f146cb485151c68d824a55af44d861c0b46778716e\"}, \"scientific_admission\": \"HOLD\", \"scope\": \"CAS-07 M04 2D Jacobi matrix Volterra/operator-norm majorant only\", \"started_at\": \"2026-10-07T13:44:16.475162+00:00\", \"status\": \"PASS\", \"tool_versions\": {\"python\": \"3.12.3\", \"wolfram\": \"15.0.0 for Linux x86 (64-bit) (May 26, 2026)\", \"xTensor\": \"{\\\"1.3.0\\\", {2025, 12, 29}}\"}}\n",
      "stderr_tail": "",
      "derived_status": "PASS",
      "errors": [],
      "payload": {
        "checks": {
          "CAS-07-M04-D-MINUS-SI": true,
          "CAS-07-M04-D-NORM": true,
          "CAS-07-M04-SCALAR-PREMISE": true,
          "CAS-07-M04-VOLTERRA-IDENTITY": true
        },
        "domain_assumption_diff": [],
        "counterexample": null
      }
    },
    "sympy": {
      "evidence_origin": "runner_observed_local_subprocess",
      "axis": "sympy",
      "argv": [
        "/usr/bin/python3.12",
        "-B",
        "docs/research_program/gr_statistics_loops_20260930/local_cas/GRSTAT-CAS-20260930-1308KST/CAS-07/jacobi_matrix_majorant_v1_20261007/sympy/run.py"
      ],
      "cwd": ".",
      "timeout_seconds": 1800,
      "solver_executed": true,
      "preflight_probe": {
        "status": "PASS",
        "commands": [
          {
            "cmd": "/usr/bin/python3.12 -c <sympy exact factor probe>",
            "exit": 0
          }
        ],
        "transcript_tail": "1.14.0\n"
      },
      "started_at": "2026-10-07T13:44:28+00:00",
      "completed_at": "2026-10-07T13:44:28+00:00",
      "exit_code": 0,
      "timed_out": false,
      "stdout_tail": "{\n  \"status\": \"PASS\",\n  \"checks\": {\n    \"CAS-07-M04-VOLTERRA-IDENTITY\": true,\n    \"CAS-07-M04-SCALAR-PREMISE\": true,\n    \"CAS-07-M04-D-NORM\": true,\n    \"CAS-07-M04-D-MINUS-SI\": true\n  },\n  \"domain_assumption_diff\": [],\n  \"counterexample\": null\n}\n",
      "stderr_tail": "",
      "derived_status": "PASS",
      "errors": [],
      "payload": {
        "checks": {
          "CAS-07-M04-VOLTERRA-IDENTITY": true,
          "CAS-07-M04-SCALAR-PREMISE": true,
          "CAS-07-M04-D-NORM": true,
          "CAS-07-M04-D-MINUS-SI": true
        },
        "domain_assumption_diff": [],
        "counterexample": null
      }
    },
    "sage_singular": {
      "evidence_origin": "runner_observed_local_subprocess",
      "axis": "sage_singular",
      "argv": [
        "/usr/bin/python3.12",
        "-B",
        "docs/research_program/gr_statistics_loops_20260930/local_cas/GRSTAT-CAS-20260930-1308KST/CAS-07/jacobi_matrix_majorant_v1_20261007/sage_singular/run.py"
      ],
      "cwd": ".",
      "timeout_seconds": 1800,
      "solver_executed": true,
      "preflight_probe": {
        "status": "PASS",
        "commands": [
          {
            "cmd": "sage -c <exact factor + singular version probe>",
            "exit": 0
          }
        ],
        "transcript_tail": "SageMath version 10.9, Release Date: 2026-05-04\n44100\n<cmdline>:1: DeprecationWarning: Use sage.version.version instead.\nSee https://github.com/sagemath/sage/issues/39015 for details.\n"
      },
      "started_at": "2026-10-07T13:44:36+00:00",
      "completed_at": "2026-10-07T13:44:40+00:00",
      "exit_code": 0,
      "timed_out": false,
      "stdout_tail": "{\"checks\": {\"CAS-07-M04-D-MINUS-SI\": true, \"CAS-07-M04-D-NORM\": true, \"CAS-07-M04-SCALAR-PREMISE\": true, \"CAS-07-M04-VOLTERRA-IDENTITY\": true}, \"result_path\": \"/home/cosmosapjw/Dropbox/bianchi/htt_base/docs/research_program/gr_statistics_loops_20260930/local_cas/GRSTAT-CAS-20260930-1308KST/CAS-07/jacobi_matrix_majorant_v1_20261007/sage_singular/result.json\", \"status\": \"PASS\"}\n",
      "stderr_tail": "",
      "derived_status": "INCONCLUSIVE",
      "errors": [
        "child payload is missing required keys: ['counterexample', 'domain_assumption_diff']",
        "child payload domain_assumption_diff must be an array"
      ],
      "payload": {
        "checks": {
          "CAS-07-M04-D-MINUS-SI": true,
          "CAS-07-M04-D-NORM": true,
          "CAS-07-M04-SCALAR-PREMISE": true,
          "CAS-07-M04-VOLTERRA-IDENTITY": true
        }
      }
    },
    "lean": {
      "evidence_origin": "runner_observed_local_subprocess",
      "axis": "lean",
      "argv": [
        "/usr/bin/python3.12",
        "-B",
        "docs/research_program/gr_statistics_loops_20260930/local_cas/GRSTAT-CAS-20260930-1308KST/CAS-07/jacobi_matrix_majorant_v1_20261007/lean/run.py"
      ],
      "cwd": ".",
      "timeout_seconds": 7200,
      "solver_executed": true,
      "preflight_probe": {
        "status": "PASS",
        "commands": [
          {
            "cmd": "ELAN_TOOLCHAIN=leanprover/lean4:v4.31.0 lean --version",
            "exit": 0
          }
        ],
        "transcript_tail": "Lean (version 4.31.0, x86_64-unknown-linux-gnu, commit 68218e876d2a38b1985b8590fff244a83c321783, Release)\n",
        "pinned_toolchain": "leanprover/lean4:v4.31.0"
      },
      "started_at": "2026-10-07T13:44:40+00:00",
      "completed_at": "2026-10-07T13:44:58+00:00",
      "exit_code": 0,
      "timed_out": false,
      "stdout_tail": "{\"checks\": {\"CAS-07-M04-D-MINUS-SI\": {\"evidence\": \"checks.log\", \"status\": \"PASS\", \"theorem\": \"Cas07M04.d_minus_si\"}, \"CAS-07-M04-D-NORM\": {\"evidence\": \"checks.log\", \"status\": \"PASS\", \"theorem\": \"Cas07M04.d_norm\"}, \"CAS-07-M04-SCALAR-PREMISE\": {\"evidence\": \"checks.log\", \"status\": \"PASS\", \"theorem\": \"Cas07M04.scalar_premise\"}, \"CAS-07-M04-VOLTERRA-IDENTITY\": {\"evidence\": \"checks.log\", \"status\": \"PASS\", \"theorem\": \"Cas07M04.volterra_identity\"}}, \"result_path\": \"/home/cosmosapjw/Dropbox/bianchi/htt_base/docs/research_program/gr_statistics_loops_20260930/local_cas/GRSTAT-CAS-20260930-1308KST/CAS-07/jacobi_matrix_majorant_v1_20261007/lean/result.json\", \"status\": \"PASS\"}\n",
      "stderr_tail": "",
      "derived_status": "INCONCLUSIVE",
      "errors": [
        "child payload is missing required keys: ['counterexample', 'domain_assumption_diff']",
        "every child check value must be a JSON boolean",
        "child payload domain_assumption_diff must be an array"
      ],
      "payload": {
        "checks": {
          "CAS-07-M04-D-MINUS-SI": {
            "evidence": "checks.log",
            "status": "PASS",
            "theorem": "Cas07M04.d_minus_si"
          },
          "CAS-07-M04-D-NORM": {
            "evidence": "checks.log",
            "status": "PASS",
            "theorem": "Cas07M04.d_norm"
          },
          "CAS-07-M04-SCALAR-PREMISE": {
            "evidence": "checks.log",
            "status": "PASS",
            "theorem": "Cas07M04.scalar_premise"
          },
          "CAS-07-M04-VOLTERRA-IDENTITY": {
            "evidence": "checks.log",
            "status": "PASS",
            "theorem": "Cas07M04.volterra_identity"
          }
        }
      }
    }
  },
  "claim_promotion_cas_eligible": false,
  "claim_promotion_cas_requirement": "NOT_SATISFIED"
}
