{
  "schema_version": 2,
  "contract_id": "GRSTAT-20260930-CAS-10-C02-MASS-SHELL-INVARIANT-V1",
  "contract_sha256": "c6957c9d87d416668d2f33ee94946aa04f3bf0da09aa06cac7cdb07b0eaab2ef",
  "aggregate_status": "CAS_CONFLICT",
  "risk_tier": "R3",
  "required_axes": [
    "wolfram_xact",
    "sympy",
    "sage_singular",
    "lean"
  ],
  "axis_statuses": {
    "wolfram_xact": "PASS",
    "sympy": "INCONCLUSIVE",
    "sage_singular": "PASS",
    "lean": "INCONCLUSIVE"
  },
  "missing_axes": [],
  "exceptions_applied": [],
  "errors": [],
  "adjudicated_at": "2026-10-07T17:04:09+00:00",
  "note": "CAS_4AXIS_PASS requires all 4 contract-required axes to satisfy the risk-scaled contract under one contract hash; majority vote is structurally forbidden. Runner observation establishes only the CAS evidence component; it does not establish scientific validity, novelty, or overall claim readiness. Local observation is not a security attestation.",
  "verification_state": "RUNNER_OBSERVED_EXECUTION",
  "evidence_origin": "runner_observed_local_subprocess",
  "execution_evidence": {
    "wolfram_xact": {
      "evidence_origin": "runner_observed_local_subprocess",
      "axis": "wolfram_xact",
      "argv": [
        "/usr/bin/python3.12",
        "-B",
        "docs/research_program/gr_statistics_loops_20260930/local_cas/GRSTAT-CAS-20260930-1308KST/CAS-10/c02_mass_shell_invariant_v1_20261008/wolfram_xact/run.py"
      ],
      "cwd": ".",
      "timeout_seconds": 1800,
      "solver_executed": true,
      "preflight_probe": {
        "status": "PASS",
        "commands": [
          {
            "cmd": "wolframscript -code <version+xAct probe>",
            "exit": 0
          }
        ],
        "transcript_tail": "---------------------------------------------------------\nPackage xAct`xPerm`  version 1.2.4, {2025, 12, 29}\nCopyRight (C) 2003-2026, Jose M. Martin-Garcia, under the General Public License.\nConnecting to external linux executable...\nConnection established.\n------------------------------------------------------------\nPackage xAct`xTensor` version 1.3.0, {2025, 12, 29}\nCopyRight (C) 2002-2026, Jose M. Martin-Garcia, under the General Public License.\n------------------------------------------------------------\nThese packages come with ABSOLUTELY NO WARRANTY; for details type Disclaimer[]. This is free software, and you are welcome to redistribute it under certain conditions. See the General Public License for details.\n------------------------------------------------------------\nXACT_LOAD_OK\n"
      },
      "started_at": "2026-10-07T17:03:39+00:00",
      "completed_at": "2026-10-07T17:03:45+00:00",
      "exit_code": 0,
      "timed_out": false,
      "stdout_tail": "{\"status\":\"PASS\",\"checks\":{\"CAS-10-C02\":true},\"domain_assumption_diff\":[],\"counterexample\":null,\"result_path\":\"/home/cosmosapjw/Dropbox/bianchi/htt_base/docs/research_program/gr_statistics_loops_20260930/local_cas/GRSTAT-CAS-20260930-1308KST/CAS-10/c02_mass_shell_invariant_v1_20261008/wolfram_xact/result.json\"}\n",
      "stderr_tail": "",
      "derived_status": "PASS",
      "errors": [],
      "payload": {
        "checks": {
          "CAS-10-C02": true
        },
        "domain_assumption_diff": [],
        "counterexample": null
      }
    },
    "sympy": {
      "evidence_origin": "runner_observed_local_subprocess",
      "axis": "sympy",
      "argv": [
        "/usr/bin/python3.12",
        "-B",
        "docs/research_program/gr_statistics_loops_20260930/local_cas/GRSTAT-CAS-20260930-1308KST/CAS-10/c02_mass_shell_invariant_v1_20261008/sympy/run.py"
      ],
      "cwd": ".",
      "timeout_seconds": 1800,
      "solver_executed": true,
      "preflight_probe": {
        "status": "PASS",
        "commands": [
          {
            "cmd": "/usr/bin/python3 -c <sympy exact factor probe>",
            "exit": 0
          }
        ],
        "transcript_tail": "1.14.0\n"
      },
      "started_at": "2026-10-07T17:03:45+00:00",
      "completed_at": "2026-10-07T17:03:46+00:00",
      "exit_code": 0,
      "timed_out": false,
      "stdout_tail": "{\n  \"argv\": [\n    \"/usr/bin/python3.12\",\n    \"/home/cosmosapjw/Dropbox/bianchi/htt_base/docs/research_program/gr_statistics_loops_20260930/local_cas/GRSTAT-CAS-20260930-1308KST/CAS-10/c02_mass_shell_invariant_v1_20261008/sympy/verify.py\"\n  ],\n  \"axis\": \"sympy\",\n  \"component\": \"CAS-10-C02\",\n  \"cwd\": \"/home/cosmosapjw/Dropbox/bianchi/htt_base\",\n  \"exit_code\": 0,\n  \"raw_stderr\": {\n    \"path\": \"docs/research_program/gr_statistics_loops_20260930/local_cas/GRSTAT-CAS-20260930-1308KST/CAS-10/c02_mass_shell_invariant_v1_20261008/sympy/sympy.stderr.log\",\n    \"sha256\": \"e3b0c44298fc1c149afbf4c8996fb92427ae41e4649b934ca495991b7852b855\"\n  },\n  \"raw_stdout\": {\n    \"path\": \"docs/research_program/gr_statistics_loops_20260930/local_cas/GRSTAT-CAS-20260930-1308KST/CAS-10/c02_mass_shell_invariant_v1_20261008/sympy/sympy.stdout.log\",\n    \"sha256\": \"f1b6139c3efa31380ac2a4c0b3ed63d6a755a2f3c593898f6d442658bc523a49\"\n  },\n  \"result_path\": \"docs/research_program/gr_statistics_loops_20260930/local_cas/GRSTAT-CAS-20260930-1308KST/CAS-10/c02_mass_shell_invariant_v1_20261008/sympy/result.json\",\n  \"result_sha256\": \"f43726355d012d31d939778330a29436050db62c369e8af482918fc7628cd9c7\",\n  \"schema\": \"htt.cas-axis-execution.v1\",\n  \"source_hashes\": {\n    \"run.py\": \"8a340a7879d92a36f47e1d86fc73bab0185136c2a8ca0400ace69a6333ba22dc\",\n    \"verify.py\": \"c05ca0e2baea0b9091ce625bc8f918e1ee30660370338c4992e9005afeb8b2f5\"\n  }\n}\n",
      "stderr_tail": "",
      "derived_status": "INCONCLUSIVE",
      "errors": [
        "child payload is missing required keys: ['checks', 'counterexample', 'domain_assumption_diff']",
        "child payload checks must be an object",
        "child payload domain_assumption_diff must be an array"
      ],
      "payload": {}
    },
    "sage_singular": {
      "evidence_origin": "runner_observed_local_subprocess",
      "axis": "sage_singular",
      "argv": [
        "/usr/bin/python3.12",
        "-B",
        "docs/research_program/gr_statistics_loops_20260930/local_cas/GRSTAT-CAS-20260930-1308KST/CAS-10/c02_mass_shell_invariant_v1_20261008/sage_singular/run.py"
      ],
      "cwd": ".",
      "timeout_seconds": 1800,
      "solver_executed": true,
      "preflight_probe": {
        "status": "PASS",
        "commands": [
          {
            "cmd": "sage -c <exact factor + singular version probe>",
            "exit": 0
          }
        ],
        "transcript_tail": "SageMath version 10.9, Release Date: 2026-05-04\n44100\n<cmdline>:1: DeprecationWarning: Use sage.version.version instead.\nSee https://github.com/sagemath/sage/issues/39015 for details.\n"
      },
      "started_at": "2026-10-07T17:03:53+00:00",
      "completed_at": "2026-10-07T17:03:56+00:00",
      "exit_code": 0,
      "timed_out": false,
      "stdout_tail": "{\"checks\":{\"CAS-10-C02\":true},\"counterexample\":null,\"domain_assumption_diff\":[],\"result_path\":\"/home/cosmosapjw/Dropbox/bianchi/htt_base/docs/research_program/gr_statistics_loops_20260930/local_cas/GRSTAT-CAS-20260930-1308KST/CAS-10/c02_mass_shell_invariant_v1_20261008/sage_singular/result.json\",\"status\":\"PASS\"}\n",
      "stderr_tail": "",
      "derived_status": "PASS",
      "errors": [],
      "payload": {
        "checks": {
          "CAS-10-C02": true
        },
        "domain_assumption_diff": [],
        "counterexample": null
      }
    },
    "lean": {
      "evidence_origin": "runner_observed_local_subprocess",
      "axis": "lean",
      "argv": [
        "/usr/bin/python3.12",
        "-B",
        "docs/research_program/gr_statistics_loops_20260930/local_cas/GRSTAT-CAS-20260930-1308KST/CAS-10/c02_mass_shell_invariant_v1_20261008/lean/run.py"
      ],
      "cwd": ".",
      "timeout_seconds": 7200,
      "solver_executed": true,
      "preflight_probe": {
        "status": "PASS",
        "commands": [
          {
            "cmd": "ELAN_TOOLCHAIN=leanprover/lean4:v4.31.0 lean --version",
            "exit": 0
          }
        ],
        "transcript_tail": "Lean (version 4.31.0, x86_64-unknown-linux-gnu, commit 68218e876d2a38b1985b8590fff244a83c321783, Release)\n",
        "pinned_toolchain": "leanprover/lean4:v4.31.0"
      },
      "started_at": "2026-10-07T17:03:56+00:00",
      "completed_at": "2026-10-07T17:04:09+00:00",
      "exit_code": 0,
      "timed_out": false,
      "stdout_tail": "{\"checks\":{\"axiom_audit_pass\":true,\"compiler_exit_zero\":true,\"compiler_not_timed_out\":true,\"exact_target_theorem_present\":true,\"input_hashes_match\":true,\"lean_version_match\":true,\"mathlib_revision_match\":true},\"counterexample\":null,\"domain_assumption_diff\":[],\"result_path\":\"docs/research_program/gr_statistics_loops_20260930/local_cas/GRSTAT-CAS-20260930-1308KST/CAS-10/c02_mass_shell_invariant_v1_20261008/lean/result.json\",\"status\":\"PASS\"}\n",
      "stderr_tail": "",
      "derived_status": "INCONCLUSIVE",
      "errors": [
        "child checks must exactly match contract obligations (missing=['CAS-10-C02'], extra=['axiom_audit_pass', 'compiler_exit_zero', 'compiler_not_timed_out', 'exact_target_theorem_present', 'input_hashes_match', 'lean_version_match', 'mathlib_revision_match'])"
      ],
      "payload": {
        "checks": {
          "axiom_audit_pass": true,
          "compiler_exit_zero": true,
          "compiler_not_timed_out": true,
          "exact_target_theorem_present": true,
          "input_hashes_match": true,
          "lean_version_match": true,
          "mathlib_revision_match": true
        },
        "domain_assumption_diff": [],
        "counterexample": null
      }
    }
  },
  "claim_promotion_cas_eligible": false,
  "claim_promotion_cas_requirement": "NOT_SATISFIED"
}
