{
  "ok": false,
  "context_version": "2aadf7ee464f3801564eb811ce842dacce78a59d68206d10d6304fbb79a13fa4",
  "active_run": "R9-INTAKE-20260913",
  "live_context": {
    "context_version": "2aadf7ee464f3801564eb811ce842dacce78a59d68206d10d6304fbb79a13fa4",
    "head": "9e9539edcdbd7bbf66e458cdce685c7a112f8a04",
    "dag_sha256": "0f013ad203489d8ce0b7951f1f75583b7ef61b60f9af948af30f6faed9135640",
    "status_sha256": "b906e8c0740744a2b56a8ce44f50b41e962bfe4da2a67e1391cb0a28af054c99",
    "run": {
      "run_id": "R9-INTAKE-20260913",
      "work_unit_id": "PR-R9-INTAKE",
      "spec_ref": "docs/research_program/tensor_joint_r9/HANDOFF_PROMPT.md",
      "base_ref": "9e9539edcdbd7bbf66e458cdce685c7a112f8a04",
      "head_ref": "HEAD",
      "context_version": "2aadf7ee464f3801564eb811ce842dacce78a59d68206d10d6304fbb79a13fa4",
      "status": "initialized"
    },
    "live_context_id": "45e2a0bd5b039df739ee82a9f6d02d3f3cd15513a492f0e302d0cdd52e6893b6",
    "branch": "implementation/project-catalog-20260912",
    "dag": {
      "path": "docs/codex_handoff/pr_backlog.yaml",
      "generated_on": "2026-06-11",
      "scope": "htt_base_pre_native_lowell_solver_codex_dag_v2",
      "pr_count": 200
    },
    "status": {
      "path": "docs/codex_handoff/pr_status.yaml",
      "generated_on": "2026-09-13",
      "completed": 147,
      "blocked": 2,
      "pending": 22,
      "in_progress": null
    }
  },
  "errors": [
    "independent_review.json: assignment required_inputs[6] hash mismatch (stale input): htt/htt/htt/infer/r9_depth_law.py",
    "independent_review.json: assignment required_inputs[7] hash mismatch (stale input): htt/htt/htt/infer/r9_confidence_image.py",
    "independent_review.json: assignment required_inputs[10] hash mismatch (stale input): tests/r9/test_intake_depth.py",
    "independent_review.json: assignment required_inputs[11] hash mismatch (stale input): tests/r9/test_confidence_image.py",
    "independent_review.json: assignment required_inputs[6] hash mismatch (stale input): htt/htt/htt/infer/r9_depth_law.py",
    "independent_review.json: assignment required_inputs[7] hash mismatch (stale input): htt/htt/htt/infer/r9_confidence_image.py",
    "independent_review.json: assignment required_inputs[10] hash mismatch (stale input): tests/r9/test_intake_depth.py",
    "independent_review.json: assignment required_inputs[11] hash mismatch (stale input): tests/r9/test_confidence_image.py"
  ]
}
