This is pdfTeX, Version 3.141592653-2.6-1.40.25 (TeX Live 2023/Debian) (preloaded format=pdflatex 2025.6.25)  21 JUL 2026 12:06
entering extended mode
 restricted \write18 enabled.
 %&-line parsing enabled.
**external_audit_research_report_v10.tex
(./external_audit_research_report_v10.tex
LaTeX2e <2023-11-01> patch level 1
L3 programming layer <2024-01-22>
(/usr/share/texlive/texmf-dist/tex/latex/base/article.cls
Document Class: article 2023/05/17 v1.4n Standard LaTeX document class
(/usr/share/texlive/texmf-dist/tex/latex/base/size10.clo
File: size10.clo 2023/05/17 v1.4n Standard LaTeX file (size option)
)
\c@part=\count187
\c@section=\count188
\c@subsection=\count189
\c@subsubsection=\count190
\c@paragraph=\count191
\c@subparagraph=\count192
\c@figure=\count193
\c@table=\count194
\abovecaptionskip=\skip48
\belowcaptionskip=\skip49
\bibindent=\dimen140
)
(/usr/share/texlive/texmf-dist/tex/latex/geometry/geometry.sty
Package: geometry 2020/01/02 v5.9 Page Geometry

(/usr/share/texlive/texmf-dist/tex/latex/graphics/keyval.sty
Package: keyval 2022/05/29 v1.15 key=value parser (DPC)
\KV@toks@=\toks17
)
(/usr/share/texlive/texmf-dist/tex/generic/iftex/ifvtex.sty
Package: ifvtex 2019/10/25 v1.7 ifvtex legacy package. Use iftex instead.

(/usr/share/texlive/texmf-dist/tex/generic/iftex/iftex.sty
Package: iftex 2022/02/03 v1.0f TeX engine tests
))
\Gm@cnth=\count195
\Gm@cntv=\count196
\c@Gm@tempcnt=\count197
\Gm@bindingoffset=\dimen141
\Gm@wd@mp=\dimen142
\Gm@odd@mp=\dimen143
\Gm@even@mp=\dimen144
\Gm@layoutwidth=\dimen145
\Gm@layoutheight=\dimen146
\Gm@layouthoffset=\dimen147
\Gm@layoutvoffset=\dimen148
\Gm@dimlist=\toks18
)
(/usr/share/texlive/texmf-dist/tex/latex/amsmath/amsmath.sty
Package: amsmath 2023/05/13 v2.17o AMS math features
\@mathmargin=\skip50

For additional information on amsmath, use the `?' option.
(/usr/share/texlive/texmf-dist/tex/latex/amsmath/amstext.sty
Package: amstext 2021/08/26 v2.01 AMS text

(/usr/share/texlive/texmf-dist/tex/latex/amsmath/amsgen.sty
File: amsgen.sty 1999/11/30 v2.0 generic functions
\@emptytoks=\toks19
\ex@=\dimen149
))
(/usr/share/texlive/texmf-dist/tex/latex/amsmath/amsbsy.sty
Package: amsbsy 1999/11/29 v1.2d Bold Symbols
\pmbraise@=\dimen150
)
(/usr/share/texlive/texmf-dist/tex/latex/amsmath/amsopn.sty
Package: amsopn 2022/04/08 v2.04 operator names
)
\inf@bad=\count198
LaTeX Info: Redefining \frac on input line 234.
\uproot@=\count199
\leftroot@=\count266
LaTeX Info: Redefining \overline on input line 399.
LaTeX Info: Redefining \colon on input line 410.
\classnum@=\count267
\DOTSCASE@=\count268
LaTeX Info: Redefining \ldots on input line 496.
LaTeX Info: Redefining \dots on input line 499.
LaTeX Info: Redefining \cdots on input line 620.
\Mathstrutbox@=\box51
\strutbox@=\box52
LaTeX Info: Redefining \big on input line 722.
LaTeX Info: Redefining \Big on input line 723.
LaTeX Info: Redefining \bigg on input line 724.
LaTeX Info: Redefining \Bigg on input line 725.
\big@size=\dimen151
LaTeX Font Info:    Redeclaring font encoding OML on input line 743.
LaTeX Font Info:    Redeclaring font encoding OMS on input line 744.
\macc@depth=\count269
LaTeX Info: Redefining \bmod on input line 905.
LaTeX Info: Redefining \pmod on input line 910.
LaTeX Info: Redefining \smash on input line 940.
LaTeX Info: Redefining \relbar on input line 970.
LaTeX Info: Redefining \Relbar on input line 971.
\c@MaxMatrixCols=\count270
\dotsspace@=\muskip16
\c@parentequation=\count271
\dspbrk@lvl=\count272
\tag@help=\toks20
\row@=\count273
\column@=\count274
\maxfields@=\count275
\andhelp@=\toks21
\eqnshift@=\dimen152
\alignsep@=\dimen153
\tagshift@=\dimen154
\tagwidth@=\dimen155
\totwidth@=\dimen156
\lineht@=\dimen157
\@envbody=\toks22
\multlinegap=\skip51
\multlinetaggap=\skip52
\mathdisplay@stack=\toks23
LaTeX Info: Redefining \[ on input line 2953.
LaTeX Info: Redefining \] on input line 2954.
)
(/usr/share/texlive/texmf-dist/tex/latex/amsfonts/amssymb.sty
Package: amssymb 2013/01/14 v3.01 AMS font symbols

(/usr/share/texlive/texmf-dist/tex/latex/amsfonts/amsfonts.sty
Package: amsfonts 2013/01/14 v3.01 Basic AMSFonts support
\symAMSa=\mathgroup4
\symAMSb=\mathgroup5
LaTeX Font Info:    Redeclaring math symbol \hbar on input line 98.
LaTeX Font Info:    Overwriting math alphabet `\mathfrak' in version `bold'
(Font)                  U/euf/m/n --> U/euf/b/n on input line 106.
))
(/usr/share/texlive/texmf-dist/tex/latex/amscls/amsthm.sty
Package: amsthm 2020/05/29 v2.20.6
\thm@style=\toks24
\thm@bodyfont=\toks25
\thm@headfont=\toks26
\thm@notefont=\toks27
\thm@headpunct=\toks28
\thm@preskip=\skip53
\thm@postskip=\skip54
\thm@headsep=\skip55
\dth@everypar=\toks29
)
(/usr/share/texlive/texmf-dist/tex/latex/tools/bm.sty
Package: bm 2023/07/08 v1.2f Bold Symbol Support (DPC/FMi)
\symboldoperators=\mathgroup6
\symboldletters=\mathgroup7
\symboldsymbols=\mathgroup8
Package bm Info: No bold for \OMX/cmex/m/n, using \pmb.
Package bm Info: No bold for \U/msa/m/n, using \pmb.
Package bm Info: No bold for \U/msb/m/n, using \pmb.
LaTeX Font Info:    Redeclaring math alphabet \mathbf on input line 149.
)
(/usr/share/texlive/texmf-dist/tex/latex/graphics/graphicx.sty
Package: graphicx 2021/09/16 v1.2d Enhanced LaTeX Graphics (DPC,SPQR)

(/usr/share/texlive/texmf-dist/tex/latex/graphics/graphics.sty
Package: graphics 2022/03/10 v1.4e Standard LaTeX Graphics (DPC,SPQR)

(/usr/share/texlive/texmf-dist/tex/latex/graphics/trig.sty
Package: trig 2021/08/11 v1.11 sin cos tan (DPC)
)
(/usr/share/texlive/texmf-dist/tex/latex/graphics-cfg/graphics.cfg
File: graphics.cfg 2016/06/04 v1.11 sample graphics configuration
)
Package graphics Info: Driver file: pdftex.def on input line 107.

(/usr/share/texlive/texmf-dist/tex/latex/graphics-def/pdftex.def
File: pdftex.def 2022/09/22 v1.2b Graphics/color driver for pdftex
))
\Gin@req@height=\dimen158
\Gin@req@width=\dimen159
)
(/usr/share/texlive/texmf-dist/tex/latex/booktabs/booktabs.sty
Package: booktabs 2020/01/12 v1.61803398 Publication quality tables
\heavyrulewidth=\dimen160
\lightrulewidth=\dimen161
\cmidrulewidth=\dimen162
\belowrulesep=\dimen163
\belowbottomsep=\dimen164
\aboverulesep=\dimen165
\abovetopsep=\dimen166
\cmidrulesep=\dimen167
\cmidrulekern=\dimen168
\defaultaddspace=\dimen169
\@cmidla=\count276
\@cmidlb=\count277
\@aboverulesep=\dimen170
\@belowrulesep=\dimen171
\@thisruleclass=\count278
\@lastruleclass=\count279
\@thisrulewidth=\dimen172
)
(/usr/share/texlive/texmf-dist/tex/latex/tools/longtable.sty
Package: longtable 2023-11-01 v4.19 Multi-page Table package (DPC)
\LTleft=\skip56
\LTright=\skip57
\LTpre=\skip58
\LTpost=\skip59
\LTchunksize=\count280
\LTcapwidth=\dimen173
\LT@head=\box53
\LT@firsthead=\box54
\LT@foot=\box55
\LT@lastfoot=\box56
\LT@gbox=\box57
\LT@cols=\count281
\LT@rows=\count282
\c@LT@tables=\count283
\c@LT@chunks=\count284
\LT@p@ftn=\toks30
)
(/usr/share/texlive/texmf-dist/tex/latex/hyperref/hyperref.sty
Package: hyperref 2024-01-20 v7.01h Hypertext links for LaTeX

(/usr/share/texlive/texmf-dist/tex/latex/kvsetkeys/kvsetkeys.sty
Package: kvsetkeys 2022-10-05 v1.19 Key value parser (HO)
)
(/usr/share/texlive/texmf-dist/tex/generic/kvdefinekeys/kvdefinekeys.sty
Package: kvdefinekeys 2019-12-19 v1.6 Define keys (HO)
)
(/usr/share/texlive/texmf-dist/tex/generic/pdfescape/pdfescape.sty
Package: pdfescape 2019/12/09 v1.15 Implements pdfTeX's escape features (HO)

(/usr/share/texlive/texmf-dist/tex/generic/ltxcmds/ltxcmds.sty
Package: ltxcmds 2023-12-04 v1.26 LaTeX kernel commands for general use (HO)
)
(/usr/share/texlive/texmf-dist/tex/generic/pdftexcmds/pdftexcmds.sty
Package: pdftexcmds 2020-06-27 v0.33 Utility functions of pdfTeX for LuaTeX (HO
)

(/usr/share/texlive/texmf-dist/tex/generic/infwarerr/infwarerr.sty
Package: infwarerr 2019/12/03 v1.5 Providing info/warning/error messages (HO)
)
Package pdftexcmds Info: \pdf@primitive is available.
Package pdftexcmds Info: \pdf@ifprimitive is available.
Package pdftexcmds Info: \pdfdraftmode found.
))
(/usr/share/texlive/texmf-dist/tex/latex/hycolor/hycolor.sty
Package: hycolor 2020-01-27 v1.10 Color options for hyperref/bookmark (HO)
)
(/usr/share/texlive/texmf-dist/tex/latex/auxhook/auxhook.sty
Package: auxhook 2019-12-17 v1.6 Hooks for auxiliary files (HO)
)
(/usr/share/texlive/texmf-dist/tex/latex/hyperref/nameref.sty
Package: nameref 2023-11-26 v2.56 Cross-referencing by name of section

(/usr/share/texlive/texmf-dist/tex/latex/refcount/refcount.sty
Package: refcount 2019/12/15 v3.6 Data extraction from label references (HO)
)
(/usr/share/texlive/texmf-dist/tex/generic/gettitlestring/gettitlestring.sty
Package: gettitlestring 2019/12/15 v1.6 Cleanup title references (HO)

(/usr/share/texlive/texmf-dist/tex/latex/kvoptions/kvoptions.sty
Package: kvoptions 2022-06-15 v3.15 Key value format for package options (HO)
))
\c@section@level=\count285
)
(/usr/share/texlive/texmf-dist/tex/latex/etoolbox/etoolbox.sty
Package: etoolbox 2020/10/05 v2.5k e-TeX tools for LaTeX (JAW)
\etb@tempcnta=\count286
)
\@linkdim=\dimen174
\Hy@linkcounter=\count287
\Hy@pagecounter=\count288

(/usr/share/texlive/texmf-dist/tex/latex/hyperref/pd1enc.def
File: pd1enc.def 2024-01-20 v7.01h Hyperref: PDFDocEncoding definition (HO)
Now handling font encoding PD1 ...
... no UTF-8 mapping file for font encoding PD1
)
(/usr/share/texlive/texmf-dist/tex/generic/intcalc/intcalc.sty
Package: intcalc 2019/12/15 v1.3 Expandable calculations with integers (HO)
)
\Hy@SavedSpaceFactor=\count289

(/usr/share/texlive/texmf-dist/tex/latex/hyperref/puenc.def
File: puenc.def 2024-01-20 v7.01h Hyperref: PDF Unicode definition (HO)
Now handling font encoding PU ...
... no UTF-8 mapping file for font encoding PU
)
Package hyperref Info: Hyper figures OFF on input line 4179.
Package hyperref Info: Link nesting OFF on input line 4184.
Package hyperref Info: Hyper index ON on input line 4187.
Package hyperref Info: Plain pages OFF on input line 4194.
Package hyperref Info: Backreferencing OFF on input line 4199.
Package hyperref Info: Implicit mode ON; LaTeX internals redefined.
Package hyperref Info: Bookmarks ON on input line 4446.
\c@Hy@tempcnt=\count290

(/usr/share/texlive/texmf-dist/tex/latex/url/url.sty
\Urlmuskip=\muskip17
Package: url 2013/09/16  ver 3.4  Verb mode for urls, etc.
)
LaTeX Info: Redefining \url on input line 4784.
\XeTeXLinkMargin=\dimen175

(/usr/share/texlive/texmf-dist/tex/generic/bitset/bitset.sty
Package: bitset 2019/12/09 v1.3 Handle bit-vector datatype (HO)

(/usr/share/texlive/texmf-dist/tex/generic/bigintcalc/bigintcalc.sty
Package: bigintcalc 2019/12/15 v1.5 Expandable calculations on big integers (HO
)
))
\Fld@menulength=\count291
\Field@Width=\dimen176
\Fld@charsize=\dimen177
Package hyperref Info: Hyper figures OFF on input line 6063.
Package hyperref Info: Link nesting OFF on input line 6068.
Package hyperref Info: Hyper index ON on input line 6071.
Package hyperref Info: backreferencing OFF on input line 6078.
Package hyperref Info: Link coloring OFF on input line 6083.
Package hyperref Info: Link coloring with OCG OFF on input line 6088.
Package hyperref Info: PDF/A mode OFF on input line 6093.

(/usr/share/texlive/texmf-dist/tex/latex/base/atbegshi-ltx.sty
Package: atbegshi-ltx 2021/01/10 v1.0c Emulation of the original atbegshi
package with kernel methods
)
\Hy@abspage=\count292
\c@Item=\count293
\c@Hfootnote=\count294
)
Package hyperref Info: Driver (autodetected): hpdftex.

(/usr/share/texlive/texmf-dist/tex/latex/hyperref/hpdftex.def
File: hpdftex.def 2024-01-20 v7.01h Hyperref driver for pdfTeX

(/usr/share/texlive/texmf-dist/tex/latex/base/atveryend-ltx.sty
Package: atveryend-ltx 2020/08/19 v1.0a Emulation of the original atveryend pac
kage
with kernel methods
)
\Fld@listcount=\count295
\c@bookmark@seq@number=\count296

(/usr/share/texlive/texmf-dist/tex/latex/rerunfilecheck/rerunfilecheck.sty
Package: rerunfilecheck 2022-07-10 v1.10 Rerun checks for auxiliary files (HO)

(/usr/share/texlive/texmf-dist/tex/generic/uniquecounter/uniquecounter.sty
Package: uniquecounter 2019/12/15 v1.4 Provide unlimited unique counter (HO)
)
Package uniquecounter Info: New unique counter `rerunfilecheck' on input line 2
85.
)
\Hy@SectionHShift=\skip60
)
(/usr/share/texlive/texmf-dist/tex/latex/xcolor/xcolor.sty
Package: xcolor 2023/11/15 v3.01 LaTeX color extensions (UK)

(/usr/share/texlive/texmf-dist/tex/latex/graphics-cfg/color.cfg
File: color.cfg 2016/01/02 v1.6 sample color configuration
)
Package xcolor Info: Driver file: pdftex.def on input line 274.

(/usr/share/texlive/texmf-dist/tex/latex/graphics/mathcolor.ltx)
Package xcolor Info: Model `cmy' substituted by `cmy0' on input line 1350.
Package xcolor Info: Model `hsb' substituted by `rgb' on input line 1354.
Package xcolor Info: Model `RGB' extended on input line 1366.
Package xcolor Info: Model `HTML' substituted by `rgb' on input line 1368.
Package xcolor Info: Model `Hsb' substituted by `hsb' on input line 1369.
Package xcolor Info: Model `tHsb' substituted by `hsb' on input line 1370.
Package xcolor Info: Model `HSB' substituted by `hsb' on input line 1371.
Package xcolor Info: Model `Gray' substituted by `gray' on input line 1372.
Package xcolor Info: Model `wave' substituted by `hsb' on input line 1373.
)
\c@theorem=\count297

(/usr/share/texlive/texmf-dist/tex/latex/l3backend/l3backend-pdftex.def
File: l3backend-pdftex.def 2024-01-04 L3 backend support: PDF output (pdfTeX)
\l__color_backend_stack_int=\count298
\l__pdf_internal_box=\box58
)
(./external_audit_research_report_v10.aux)
\openout1 = `external_audit_research_report_v10.aux'.

LaTeX Font Info:    Checking defaults for OML/cmm/m/it on input line 24.
LaTeX Font Info:    ... okay on input line 24.
LaTeX Font Info:    Checking defaults for OMS/cmsy/m/n on input line 24.
LaTeX Font Info:    ... okay on input line 24.
LaTeX Font Info:    Checking defaults for OT1/cmr/m/n on input line 24.
LaTeX Font Info:    ... okay on input line 24.
LaTeX Font Info:    Checking defaults for T1/cmr/m/n on input line 24.
LaTeX Font Info:    ... okay on input line 24.
LaTeX Font Info:    Checking defaults for TS1/cmr/m/n on input line 24.
LaTeX Font Info:    ... okay on input line 24.
LaTeX Font Info:    Checking defaults for OMX/cmex/m/n on input line 24.
LaTeX Font Info:    ... okay on input line 24.
LaTeX Font Info:    Checking defaults for U/cmr/m/n on input line 24.
LaTeX Font Info:    ... okay on input line 24.
LaTeX Font Info:    Checking defaults for PD1/pdf/m/n on input line 24.
LaTeX Font Info:    ... okay on input line 24.
LaTeX Font Info:    Checking defaults for PU/pdf/m/n on input line 24.
LaTeX Font Info:    ... okay on input line 24.

*geometry* driver: auto-detecting
*geometry* detected driver: pdftex
*geometry* verbose mode - [ preamble ] result:
* driver: pdftex
* paper: <default>
* layout: <same size as paper>
* layoutoffset:(h,v)=(0.0pt,0.0pt)
* modes: 
* h-part:(L,W,R)=(73.97733pt, 466.34035pt, 73.97733pt)
* v-part:(T,H,B)=(73.97733pt, 647.01534pt, 73.97733pt)
* \paperwidth=614.295pt
* \paperheight=794.96999pt
* \textwidth=466.34035pt
* \textheight=647.01534pt
* \oddsidemargin=1.70734pt
* \evensidemargin=1.70734pt
* \topmargin=-35.29266pt
* \headheight=12.0pt
* \headsep=25.0pt
* \topskip=10.0pt
* \footskip=30.0pt
* \marginparwidth=65.0pt
* \marginparsep=11.0pt
* \columnsep=10.0pt
* \skip\footins=9.0pt plus 4.0pt minus 2.0pt
* \hoffset=0.0pt
* \voffset=0.0pt
* \mag=1000
* \@twocolumnfalse
* \@twosidefalse
* \@mparswitchfalse
* \@reversemarginfalse
* (1in=72.27pt=25.4mm, 1cm=28.453pt)

(/usr/share/texlive/texmf-dist/tex/context/base/mkii/supp-pdf.mkii
[Loading MPS to PDF converter (version 2006.09.02).]
\scratchcounter=\count299
\scratchdimen=\dimen178
\scratchbox=\box59
\nofMPsegments=\count300
\nofMParguments=\count301
\everyMPshowfont=\toks31
\MPscratchCnt=\count302
\MPscratchDim=\dimen179
\MPnumerator=\count303
\makeMPintoPDFobject=\count304
\everyMPtoPDFconversion=\toks32
) (/usr/share/texlive/texmf-dist/tex/latex/epstopdf-pkg/epstopdf-base.sty
Package: epstopdf-base 2020-01-24 v2.11 Base part for package epstopdf
Package epstopdf-base Info: Redefining graphics rule for `.eps' on input line 4
85.

(/usr/share/texlive/texmf-dist/tex/latex/latexconfig/epstopdf-sys.cfg
File: epstopdf-sys.cfg 2010/07/13 v1.3 Configuration of (r)epstopdf for TeX Liv
e
))
Package hyperref Info: Link coloring OFF on input line 24.

(./external_audit_research_report_v10.out)
(./external_audit_research_report_v10.out)
\@outlinefile=\write3
\openout3 = `external_audit_research_report_v10.out'.

LaTeX Font Info:    Trying to load font information for U+msa on input line 26.


(/usr/share/texlive/texmf-dist/tex/latex/amsfonts/umsa.fd
File: umsa.fd 2013/01/14 v3.01 AMS symbols A
)
LaTeX Font Info:    Trying to load font information for U+msb on input line 26.


(/usr/share/texlive/texmf-dist/tex/latex/amsfonts/umsb.fd
File: umsb.fd 2013/01/14 v3.01 AMS symbols B
)
(./external_audit_research_report_v10.toc [1

{/var/lib/texmf/fonts/map/pdftex/updmap/pdftex.map}])
\tf@toc=\write4
\openout4 = `external_audit_research_report_v10.toc'.

 [2] [3

] [4]
Overfull \hbox (2.79915pt too wide) in paragraph at lines 231--241
[]\OT1/cmr/m/n/10 The tem-per-a-ture and radial-velocity tem-plates span two in
-de-pen-dent di-rec-tions in the four-component
 []

[5] [6] [7] [8] [9] [10] [11]
Overfull \hbox (1.20332pt too wide) in paragraph at lines 939--946
[][]\OT1/cmr/bx/n/10 Proposition 4.16 \OT1/cmr/m/n/10 (Sach-s---Wolfe-only tran
s-port closed form \OT1/cmr/bx/n/10 [K]\OT1/cmr/m/n/10 ; ex-ploratory tier)\OT1
/cmr/bx/n/10 . []\OT1/cmr/m/it/10 On a pre-scribed Bianchi I
 []

[12]
Overfull \hbox (0.46498pt too wide) in paragraph at lines 1058--1062
 []\OT1/cmr/bx/n/10 Catalogue au-then-ti-ca-tion [C].[] \OT1/cmr/m/n/10 Ev-ery 
group col-umn of the pub-lished cat-a-logue [[]] is byte-authenticated
 []

[13] [14]
Overfull \hbox (6.9865pt too wide) in paragraph at lines 1161--1167
 []\OT1/cmr/bx/n/10 Divergence cross-falsifier [K].[] \OT1/cmr/m/n/10 The reg-i
s-tered divergence/$\OML/cmm/m/it/10 q$ \OT1/cmr/m/n/10 cross-falsifier lane te
r-mi-nated non-informative
 []

[15]
<./report_figures/fig_v10_comparator_region.png, id=414, 704.961pt x 255.573pt>

File: ./report_figures/fig_v10_comparator_region.png Graphic file (type png)
<use ./report_figures/fig_v10_comparator_region.png>
Package pdftex.def Info: ./report_figures/fig_v10_comparator_region.png  used o
n input line 1251.
(pdftex.def)             Requested size: 466.34035pt x 169.06865pt.
<./report_figures/fig_v10_k1_rank_hist.png, id=418, 826.506pt x 373.176pt>
File: ./report_figures/fig_v10_k1_rank_hist.png Graphic file (type png)
<use ./report_figures/fig_v10_k1_rank_hist.png>
Package pdftex.def Info: ./report_figures/fig_v10_k1_rank_hist.png  used on inp
ut line 1256.
(pdftex.def)             Requested size: 466.34035pt x 210.55441pt.
<./report_figures/fig_v10_k1_evenl_rank.png, id=420, 418.509pt x 241.119pt>
File: ./report_figures/fig_v10_k1_evenl_rank.png Graphic file (type png)
<use ./report_figures/fig_v10_k1_evenl_rank.png>
Package pdftex.def Info: ./report_figures/fig_v10_k1_evenl_rank.png  used on in
put line 1261.
(pdftex.def)             Requested size: 335.76561pt x 193.451pt.
<./report_figures/fig_v10_boost_biposh_features.png, id=421, 616.923pt x 233.89
2pt>
File: ./report_figures/fig_v10_boost_biposh_features.png Graphic file (type png
)
<use ./report_figures/fig_v10_boost_biposh_features.png>
Package pdftex.def Info: ./report_figures/fig_v10_boost_biposh_features.png  us
ed on input line 1266.
(pdftex.def)             Requested size: 466.34035pt x 176.80328pt.
<./report_figures/fig_v10_cf4_depth.png, id=422, 660.285pt x 233.892pt>
File: ./report_figures/fig_v10_cf4_depth.png Graphic file (type png)
<use ./report_figures/fig_v10_cf4_depth.png>
Package pdftex.def Info: ./report_figures/fig_v10_cf4_depth.png  used on input 
line 1271.
(pdftex.def)             Requested size: 466.34035pt x 165.1901pt.
<./report_figures/fig_v10_desi_dipole.png, id=423, 502.605pt x 233.892pt>
File: ./report_figures/fig_v10_desi_dipole.png Graphic file (type png)
<use ./report_figures/fig_v10_desi_dipole.png>
Package pdftex.def Info: ./report_figures/fig_v10_desi_dipole.png  used on inpu
t line 1276.
(pdftex.def)             Requested size: 373.0737pt x 173.61626pt.
<./report_figures/fig_v10_act_kappa.png, id=424, 444.789pt x 233.892pt>
File: ./report_figures/fig_v10_act_kappa.png Graphic file (type png)
<use ./report_figures/fig_v10_act_kappa.png>
Package pdftex.def Info: ./report_figures/fig_v10_act_kappa.png  used on input 
line 1281.
(pdftex.def)             Requested size: 373.0737pt x 196.18242pt.
<./report_figures/fig_v10_pr179_conditional.png, id=425, 616.923pt x 226.665pt>

File: ./report_figures/fig_v10_pr179_conditional.png Graphic file (type png)
<use ./report_figures/fig_v10_pr179_conditional.png>
Package pdftex.def Info: ./report_figures/fig_v10_pr179_conditional.png  used o
n input line 1286.
(pdftex.def)             Requested size: 466.34035pt x 171.34026pt.
<./report_figures/fig_v10_omk_slaving.png, id=426, 452.673pt x 241.119pt>
File: ./report_figures/fig_v10_omk_slaving.png Graphic file (type png)
<use ./report_figures/fig_v10_omk_slaving.png>
Package pdftex.def Info: ./report_figures/fig_v10_omk_slaving.png  used on inpu
t line 1291.
(pdftex.def)             Requested size: 373.0737pt x 198.72325pt.
<./report_figures/fig_v10_ricci_gaps.png, id=428, 791.028pt x 226.665pt>
File: ./report_figures/fig_v10_ricci_gaps.png Graphic file (type png)
<use ./report_figures/fig_v10_ricci_gaps.png>
Package pdftex.def Info: ./report_figures/fig_v10_ricci_gaps.png  used on input
 line 1296.
(pdftex.def)             Requested size: 466.34035pt x 133.63087pt.
 [16] [17 <./report_figures/fig_v10_comparator_region.png> <./report_figures/fi
g_v10_k1_rank_hist.png>] [18 <./report_figures/fig_v10_k1_evenl_rank.png> <./re
port_figures/fig_v10_boost_biposh_features.png> <./report_figures/fig_v10_cf4_d
epth.png>] [19 <./report_figures/fig_v10_desi_dipole.png> <./report_figures/fig
_v10_act_kappa.png> <./report_figures/fig_v10_pr179_conditional.png>]
[20 <./report_figures/fig_v10_omk_slaving.png> <./report_figures/fig_v10_ricci_
gaps.png>]
Underfull \hbox (badness 1565) in paragraph at lines 1340--1341
[]|\OT1/cmr/m/n/7 standard co-vari-ant for-mal-ism (Ellis-van
 []


Underfull \hbox (badness 10000) in paragraph at lines 1341--1341
[]|\OT1/cmr/m/n/7 typed source-response quan-tity sys-tem
 []


Underfull \hbox (badness 10000) in paragraph at lines 1342--1342
[]|\OT1/cmr/m/n/7 estimand/population/dependency/selection reg-
 []


Underfull \hbox (badness 1210) in paragraph at lines 1347--1348
[]|\OT1/cmr/m/n/7 no pub-lished iden-ti-fi-a-bil-ity/rank cer-tifi-
 []


Underfull \hbox (badness 10000) in paragraph at lines 1348--1348
[]|\OT1/cmr/m/n/7 exact identified-set en-gine with
 []


Underfull \hbox (badness 10000) in paragraph at lines 1349--1349
[]|\OT1/cmr/m/n/7 least-favorable-boundary si-mul-ta-ne-ous Imbens-
 []


Underfull \hbox (badness 10000) in paragraph at lines 1350--1350
[]|\OT1/cmr/m/n/7 exchangeable observation-inclusive finite-null
 []


Underfull \hbox (badness 10000) in paragraph at lines 1350--1351
[]|\OT1/cmr/m/n/7 Phipson-Smyth exact-discrete known;
 []


Underfull \hbox (badness 1292) in paragraph at lines 1350--1351
\OT1/cmr/m/n/7 pooled look-elsewhere com-po-si-tion with
 []


Underfull \hbox (badness 3568) in paragraph at lines 1353--1354
[]|\OT1/cmr/m/n/7 thermodynamic in-te-gra-tion and Meng-
 []


Underfull \hbox (badness 2875) in paragraph at lines 1354--1354
[]|\OT1/cmr/m/n/7 contamination-aware lo-cal/global mix-ture with
 []


Underfull \hbox (badness 1297) in paragraph at lines 1354--1355
[]|\OT1/cmr/m/n/7 abstention-gated dis-crim-i-na-tion pro-to-col
 []


Underfull \hbox (badness 1997) in paragraph at lines 1354--1355
\OT1/cmr/m/n/7 with identifiability/PPC/prior-sensitivity
 []


Underfull \hbox (badness 10000) in paragraph at lines 1356--1357
[]|\OT1/cmr/m/n/7 simulation-based cal-i-bra-tion prac-tice;
 []


Underfull \hbox (badness 7362) in paragraph at lines 1357--1357
[]|\OT1/cmr/m/n/7 MES geodesic vor-tic-ity ceil-ing re-derivation,
 []


Underfull \hbox (badness 10000) in paragraph at lines 1357--1358
[]|\OT1/cmr/m/n/7 primary-source cross-check (MESa eq
 []


Underfull \hbox (badness 3724) in paragraph at lines 1359--1359
[]|\OT1/cmr/m/n/7 King-Ellis rotating-congruence pro-gram: con-
 []


Underfull \hbox (badness 1648) in paragraph at lines 1359--1360
\OT1/cmr/m/n/7 nam-i-cal up-grade of the lower-endpoint
 []


Underfull \hbox (badness 10000) in paragraph at lines 1360--1361
[]|\OT1/cmr/m/n/7 center-manifold tilt dy-nam-ics known
 []


Underfull \hbox (badness 10000) in paragraph at lines 1361--1361
[]|\OT1/cmr/m/n/7 interval-arithmetic cer-ti-fied re-main-der tube
 []


Underfull \hbox (badness 10000) in paragraph at lines 1362--1363
\OT1/cmr/m/n/7 refusal coun-terex-am-ple reg-istry is
 []


Underfull \hbox (badness 3769) in paragraph at lines 1366--1367
[]|\OT1/cmr/m/n/7 Ellis-MacCallum 1969 canon-i-cal ta-bles
 []


Underfull \hbox (badness 10000) in paragraph at lines 1367--1368
[]|\OT1/cmr/m/n/7 Pontzen-Challinor 2007 con-fir-ma-tory;
 []


Underfull \hbox (badness 1314) in paragraph at lines 1367--1368
\OT1/cmr/m/n/7 parity-evenness el-e-men-tary once stated;
 []


Underfull \hbox (badness 1675) in paragraph at lines 1370--1371
[]|\OT1/cmr/m/n/7 conserved-momentum closed form stan-
 []


Underfull \hbox (badness 1924) in paragraph at lines 1372--1372
[]|\OT1/cmr/m/n/7 CF4 minimum-variance bulk-flow re-pro-duc-tion:
 []


Underfull \hbox (badness 10000) in paragraph at lines 1373--1374
\OT1/cmr/m/n/7 underestimation find-ing; an-a-lytic
 []


Underfull \hbox (badness 10000) in paragraph at lines 1373--1374
\OT1/cmr/m/n/7 estimator-matched full-cov treat-ment
 []


Underfull \hbox (badness 1527) in paragraph at lines 1374--1374
\OT1/cmr/m/n/7 dent FFT ref-er-ence; stressor-resolved cov-er-age
 []


Underfull \hbox (badness 4846) in paragraph at lines 1375--1375
[]|\OT1/cmr/m/n/7 nuisance-box iden-ti-fied sets per depth shell:
 []


Underfull \hbox (badness 1142) in paragraph at lines 1375--1375
\OT1/cmr/m/n/7 bounded at ev-ery shell, widen-ing with depth;
 []


Underfull \hbox (badness 10000) in paragraph at lines 1375--1376
[]|\OT1/cmr/m/n/7 CRAG A11: no pub-lished partial-
 []


Underfull \hbox (badness 10000) in paragraph at lines 1375--1376
\OT1/cmr/m/n/7 identification treat-ment of bulk-flow
 []


Underfull \hbox (badness 2096) in paragraph at lines 1378--1378
\OT1/cmr/m/n/7 sys-tem-at-ics de-sign axis; nu-meric in-stan-ti-a-tion
 []


Underfull \hbox (badness 5985) in paragraph at lines 1378--1379
\OT1/cmr/m/n/7 tions (Car-rick, CORAS, Lilow-Veena-
 []


Underfull \hbox (badness 5133) in paragraph at lines 1380--1381
[]|\OT1/cmr/m/n/7 linear-theory potential-flow ex-pec-ta-tion
 []


Underfull \hbox (badness 10000) in paragraph at lines 1385--1385
[]|\OT1/cmr/m/n/7 off-diagonal Bi-poSH SI mea-sure-ment on
 []


Overfull \hbox (2.58774pt too wide) in paragraph at lines 1387--1387
[]|\OT1/cmtt/m/n/9 D-DESI-EXACTSEL| 
 []


Underfull \hbox (badness 1194) in paragraph at lines 1387--1388
[]|\OT1/cmr/m/n/7 survey-conditional per-mock al-pha+beta
 []


Underfull \hbox (badness 6348) in paragraph at lines 1387--1388
\OT1/cmr/m/n/7 re-fit de-sign; re-sult de-ferred pend-ing
 []


Underfull \hbox (badness 1371) in paragraph at lines 1387--1388
\OT1/cmr/m/n/7 com-plete of-fi-cial mock en-sem-ble (data-
 []


Underfull \hbox (badness 10000) in paragraph at lines 1388--1388
[]|\OT1/cmr/m/n/7 ACT DR6 low-L mean-field-debiased kappa
 []


Underfull \hbox (badness 1496) in paragraph at lines 1389--1389
\OT1/cmr/m/n/7 lease: RDN0 un-formable; release-sim cross-fit
 []


Underfull \hbox (badness 1571) in paragraph at lines 1392--1392
[]|\OT1/cmr/m/n/7 Tsagas div-v/q cross-falsifier: q re-sponse un-
 []


Underfull \hbox (badness 6978) in paragraph at lines 1392--1393
[]|\OT1/cmr/m/n/7 internal fal-si-fier me-chan-ics; dual-axis
 []


Underfull \hbox (badness 3989) in paragraph at lines 1393--1393
[]|\OT1/cmr/m/n/7 raw-CF4 reconstruction-independent di-rec-tional
 []


Underfull \hbox (badness 1320) in paragraph at lines 1393--1394
\OT1/cmr/m/n/7 reconstruction-independent falsifier-gated
 []


Underfull \hbox (badness 1412) in paragraph at lines 1393--1394
\OT1/cmr/m/n/7 es-ti-mand not found pub-lished; pro-mo-
 []


Overfull \hbox (21.48752pt too wide) in paragraph at lines 1394--1394
[]|\OT1/cmtt/m/n/9 D-COMPARATOR-REGION| 
 []

[21

] [22]
Overfull \hbox (10.0604pt too wide) in paragraph at lines 1441--1450
\OT1/cmr/m/n/10 PDF is com-piled from the shipped TeX). The data fig-ures are g
en-er-ated by \OT1/cmtt/m/n/9 scripts/v10[]report[]data[]figures.py
 []

[23] [24] [25] (./external_audit_research_report_v10.aux)
 ***********
LaTeX2e <2023-11-01> patch level 1
L3 programming layer <2024-01-22>
 ***********
Package rerunfilecheck Info: File `external_audit_research_report_v10.out' has 
not changed.
(rerunfilecheck)             Checksum: C90AE25679817362AC3DA0109C20D073;9405.
 ) 
Here is how much of TeX's memory you used:
 11328 strings out of 474222
 172858 string characters out of 5748733
 1992975 words of memory out of 5000000
 33240 multiletter control sequences out of 15000+600000
 576667 words of font info for 104 fonts, out of 8000000 for 9000
 1141 hyphenation exceptions out of 8191
 75i,10n,79p,571b,625s stack positions out of 10000i,1000n,20000p,200000b,200000s
</usr/share/texlive/texmf-dist/fonts/type1/public/amsfonts/cm/cmbx10.pfb></us
r/share/texlive/texmf-dist/fonts/type1/public/amsfonts/cm/cmbx12.pfb></usr/shar
e/texlive/texmf-dist/fonts/type1/public/amsfonts/cm/cmex10.pfb></usr/share/texl
ive/texmf-dist/fonts/type1/public/amsfonts/cmextra/cmex7.pfb></usr/share/texliv
e/texmf-dist/fonts/type1/public/amsfonts/cm/cmmi10.pfb></usr/share/texlive/texm
f-dist/fonts/type1/public/amsfonts/cm/cmmi5.pfb></usr/share/texlive/texmf-dist/
fonts/type1/public/amsfonts/cm/cmmi6.pfb></usr/share/texlive/texmf-dist/fonts/t
ype1/public/amsfonts/cm/cmmi7.pfb></usr/share/texlive/texmf-dist/fonts/type1/pu
blic/amsfonts/cm/cmmi8.pfb></usr/share/texlive/texmf-dist/fonts/type1/public/am
sfonts/cm/cmmi9.pfb></usr/share/texlive/texmf-dist/fonts/type1/public/amsfonts/
cm/cmmib10.pfb></usr/share/texlive/texmf-dist/fonts/type1/public/amsfonts/cm/cm
r10.pfb></usr/share/texlive/texmf-dist/fonts/type1/public/amsfonts/cm/cmr12.pfb
></usr/share/texlive/texmf-dist/fonts/type1/public/amsfonts/cm/cmr17.pfb></usr/
share/texlive/texmf-dist/fonts/type1/public/amsfonts/cm/cmr5.pfb></usr/share/te
xlive/texmf-dist/fonts/type1/public/amsfonts/cm/cmr6.pfb></usr/share/texlive/te
xmf-dist/fonts/type1/public/amsfonts/cm/cmr7.pfb></usr/share/texlive/texmf-dist
/fonts/type1/public/amsfonts/cm/cmr8.pfb></usr/share/texlive/texmf-dist/fonts/t
ype1/public/amsfonts/cm/cmr9.pfb></usr/share/texlive/texmf-dist/fonts/type1/pub
lic/amsfonts/cm/cmss8.pfb></usr/share/texlive/texmf-dist/fonts/type1/public/ams
fonts/cm/cmsy10.pfb></usr/share/texlive/texmf-dist/fonts/type1/public/amsfonts/
cm/cmsy7.pfb></usr/share/texlive/texmf-dist/fonts/type1/public/amsfonts/cm/cmsy
9.pfb></usr/share/texlive/texmf-dist/fonts/type1/public/amsfonts/cm/cmti10.pfb>
</usr/share/texlive/texmf-dist/fonts/type1/public/amsfonts/cm/cmtt9.pfb></usr/s
hare/texlive/texmf-dist/fonts/type1/public/amsfonts/symbols/msbm10.pfb>
Output written on external_audit_research_report_v10.pdf (25 pages, 734547 byte
s).
PDF statistics:
 657 PDF objects out of 1000 (max. 8388607)
 550 compressed objects within 6 object streams
 177 named destinations out of 1000 (max. 500000)
 339 words of extra memory for PDF output out of 10000 (max. 10000000)

