------------------------------------------------------------
Package xAct`xPerm`  version 1.2.4, {2025, 12, 29}
CopyRight (C) 2003-2026, Jose M. Martin-Garcia, under the General Public License.
Connecting to external linux executable...
Connection established.
------------------------------------------------------------
Package xAct`xTensor` version 1.3.0, {2025, 12, 29}
CopyRight (C) 2002-2026, Jose M. Martin-Garcia, under the General Public License.
------------------------------------------------------------
These packages come with ABSOLUTELY NO WARRANTY; for details type Disclaimer[]. This is free software, and you are welcome to redistribute it under certain conditions. See the General Public License for details.
------------------------------------------------------------
VERSION	Wolfram	{1.3.0, {2025, 12, 29}}
VERSION	xTensor	1.3.0
** DefManifold: Defining manifold M06Space. 
** DefVBundle: Defining vbundle TangentM06Space. 
** DefTensor: Defining symmetric metric tensor gM06[-a, -b]. 
** DefTensor: Defining antisymmetric tensor epsilongM06[-a, -b]. 
** DefCovD: Defining covariant derivative CDM06[-a]. 
** DefTensor: Defining vanishing torsion tensor TorsionCDM06[a, -b, -b1]. 
** DefTensor: Defining symmetric Christoffel tensor ChristoffelCDM06[a, -b, -b1]. 
** DefTensor: Defining Riemann tensor RiemannCDM06[-a, -b, -b1, -b2]. 
** DefTensor: Defining symmetric Ricci tensor RicciCDM06[-a, -b]. 
** DefCovD: Contractions of Riemann automatically replaced by Ricci.
** DefTensor: Defining Ricci scalar RicciScalarCDM06[]. 
** DefCovD: Contractions of Ricci automatically replaced by RicciScalar.
** DefTensor: Defining vanishing Einstein tensor EinsteinCDM06[-a, -b]. 
** DefTensor: Defining vanishing Weyl tensor WeylCDM06[-a, -b, -b1, -b2]. 
** DefTensor: Defining vanishing TFRicci tensor TFRicciCDM06[-a, -b]. 
** DefTensor: Defining Kretschmann scalar KretschmannCDM06[]. 
** DefCovD: Computing RiemannToWeylRules for dim 2
** DefCovD: Computing RicciToTFRicci for dim 2
** DefCovD: Computing RicciToEinsteinRules for dim 2
** DefTensor: Defining weight +2 density DetgM06[].      Determinant.
DETAIL	den_positive	True
DETAIL	eta_gap_positive	True
DETAIL	distance_lower	True
DETAIL	branches_exhaust	True
DETAIL	domain_L	True
DETAIL	domain_D	True
DETAIL	eta_L	True
DETAIL	eta_D	True
DETAIL	fd1_identity_L	True
DETAIL	fd1_identity_D	True
DETAIL	fd1_order_L	True
DETAIL	fd1_order_D	True
DETAIL	fd2_identity_L	True
DETAIL	fd2_identity_D	True
DETAIL	fd2_order_L	True
DETAIL	fd2_order_D	True
DETAIL	flat_equality	True
DETAIL	flat_min	True
DETAIL	flat_rhs	True
DETAIL	flat	True
DETAIL	zero_H0	True
DETAIL	zero_M2	True
DETAIL	tensor_sanity	True
CHECK	CAS-07-M06-T-DOMAIN	True
CHECK	CAS-07-M06-ETA-ORDER	True
CHECK	CAS-07-M06-REFINED-FD1	True
CHECK	CAS-07-M06-NO-WORSE-THAN-FD2	True
TENSOR_SANITY	True
