docs/research_program/gr_statistics_loops_20260930/local_cas/GRSTAT-CAS-20260930-1308KST/CAS-04/completion_20261003/lean/attempts/004/stdout.log:56: trailing whitespace.
+  
docs/research_program/gr_statistics_loops_20260930/local_cas/GRSTAT-CAS-20260930-1308KST/CAS-04/completion_20261003/lean/attempts/004/stdout.log:58: trailing whitespace.
+    
docs/research_program/gr_statistics_loops_20260930/local_cas/GRSTAT-CAS-20260930-1308KST/CAS-04/completion_20261003/wolfram_xact/raw_runs/run-001.stdout.log:14: trailing whitespace.
+** DefManifold: Defining manifold CAS04M. 
docs/research_program/gr_statistics_loops_20260930/local_cas/GRSTAT-CAS-20260930-1308KST/CAS-04/completion_20261003/wolfram_xact/raw_runs/run-001.stdout.log:15: trailing whitespace.
+** DefVBundle: Defining vbundle TangentCAS04M. 
docs/research_program/gr_statistics_loops_20260930/local_cas/GRSTAT-CAS-20260930-1308KST/CAS-04/completion_20261003/wolfram_xact/raw_runs/run-001.stdout.log:16: trailing whitespace.
+** DefTensor: Defining symmetric metric tensor gg[-a, -b]. 
docs/research_program/gr_statistics_loops_20260930/local_cas/GRSTAT-CAS-20260930-1308KST/CAS-04/completion_20261003/wolfram_xact/raw_runs/run-001.stdout.log:17: trailing whitespace.
+** DefTensor: Defining antisymmetric tensor epsilongg[-a, -b, -d, -e]. 
docs/research_program/gr_statistics_loops_20260930/local_cas/GRSTAT-CAS-20260930-1308KST/CAS-04/completion_20261003/wolfram_xact/raw_runs/run-001.stdout.log:18: trailing whitespace.
+** DefTensor: Defining tetrametric Tetragg[-a, -b, -d, -e]. 
docs/research_program/gr_statistics_loops_20260930/local_cas/GRSTAT-CAS-20260930-1308KST/CAS-04/completion_20261003/wolfram_xact/raw_runs/run-001.stdout.log:19: trailing whitespace.
+** DefTensor: Defining tetrametric Tetragg†[-a, -b, -d, -e]. 
docs/research_program/gr_statistics_loops_20260930/local_cas/GRSTAT-CAS-20260930-1308KST/CAS-04/completion_20261003/wolfram_xact/raw_runs/run-001.stdout.log:20: trailing whitespace.
+** DefCovD: Defining covariant derivative CD[-a]. 
docs/research_program/gr_statistics_loops_20260930/local_cas/GRSTAT-CAS-20260930-1308KST/CAS-04/completion_20261003/wolfram_xact/raw_runs/run-001.stdout.log:21: trailing whitespace.
+** DefTensor: Defining vanishing torsion tensor TorsionCD[a, -b, -d]. 
docs/research_program/gr_statistics_loops_20260930/local_cas/GRSTAT-CAS-20260930-1308KST/CAS-04/completion_20261003/wolfram_xact/raw_runs/run-001.stdout.log:22: trailing whitespace.
+** DefTensor: Defining symmetric Christoffel tensor ChristoffelCD[a, -b, -d]. 
docs/research_program/gr_statistics_loops_20260930/local_cas/GRSTAT-CAS-20260930-1308KST/CAS-04/completion_20261003/wolfram_xact/raw_runs/run-001.stdout.log:23: trailing whitespace.
+** DefTensor: Defining Riemann tensor RiemannCD[-a, -b, -d, -e]. 
docs/research_program/gr_statistics_loops_20260930/local_cas/GRSTAT-CAS-20260930-1308KST/CAS-04/completion_20261003/wolfram_xact/raw_runs/run-001.stdout.log:24: trailing whitespace.
+** DefTensor: Defining symmetric Ricci tensor RicciCD[-a, -b]. 
docs/research_program/gr_statistics_loops_20260930/local_cas/GRSTAT-CAS-20260930-1308KST/CAS-04/completion_20261003/wolfram_xact/raw_runs/run-001.stdout.log:26: trailing whitespace.
+** DefTensor: Defining Ricci scalar RicciScalarCD[]. 
docs/research_program/gr_statistics_loops_20260930/local_cas/GRSTAT-CAS-20260930-1308KST/CAS-04/completion_20261003/wolfram_xact/raw_runs/run-001.stdout.log:28: trailing whitespace.
+** DefTensor: Defining symmetric Einstein tensor EinsteinCD[-a, -b]. 
docs/research_program/gr_statistics_loops_20260930/local_cas/GRSTAT-CAS-20260930-1308KST/CAS-04/completion_20261003/wolfram_xact/raw_runs/run-001.stdout.log:29: trailing whitespace.
+** DefTensor: Defining Weyl tensor WeylCD[-a, -b, -d, -e]. 
docs/research_program/gr_statistics_loops_20260930/local_cas/GRSTAT-CAS-20260930-1308KST/CAS-04/completion_20261003/wolfram_xact/raw_runs/run-001.stdout.log:30: trailing whitespace.
+** DefTensor: Defining symmetric TFRicci tensor TFRicciCD[-a, -b]. 
docs/research_program/gr_statistics_loops_20260930/local_cas/GRSTAT-CAS-20260930-1308KST/CAS-04/completion_20261003/wolfram_xact/raw_runs/run-001.stdout.log:31: trailing whitespace.
+** DefTensor: Defining Kretschmann scalar KretschmannCD[]. 
docs/research_program/gr_statistics_loops_20260930/local_cas/GRSTAT-CAS-20260930-1308KST/CAS-04/completion_20261003/wolfram_xact/raw_runs/run-001.stdout.log:36: trailing whitespace.
+** DefTensor: Defining tensor tt[b, -d]. 
docs/research_program/gr_statistics_loops_20260930/local_cas/GRSTAT-CAS-20260930-1308KST/CAS-04/completion_20261003/wolfram_xact/raw_runs/run-001.stdout.log:37: trailing whitespace.
+** DefTensor: Defining tensor uu[b]. 
docs/research_program/gr_statistics_loops_20260930/local_cas/GRSTAT-CAS-20260930-1308KST/CAS-04/completion_20261003/wolfram_xact/raw_runs/run-001.stdout.log:38: trailing whitespace.
+** DefTensor: Defining tensor ee[]. 
docs/research_program/gr_statistics_loops_20260930/local_cas/GRSTAT-CAS-20260930-1308KST/CAS-04/completion_20261003/wolfram_xact/raw_runs/run-001.stdout.log:39: trailing whitespace.
+** DefTensor: Defining tensor pp[]. 
docs/research_program/gr_statistics_loops_20260930/local_cas/GRSTAT-CAS-20260930-1308KST/CAS-04/completion_20261003/wolfram_xact/raw_runs/run-002.stdout.log:14: trailing whitespace.
+** DefManifold: Defining manifold CAS04M. 
docs/research_program/gr_statistics_loops_20260930/local_cas/GRSTAT-CAS-20260930-1308KST/CAS-04/completion_20261003/wolfram_xact/raw_runs/run-002.stdout.log:15: trailing whitespace.
+** DefVBundle: Defining vbundle TangentCAS04M. 
docs/research_program/gr_statistics_loops_20260930/local_cas/GRSTAT-CAS-20260930-1308KST/CAS-04/completion_20261003/wolfram_xact/raw_runs/run-002.stdout.log:16: trailing whitespace.
+** DefTensor: Defining symmetric metric tensor gg[-a, -b]. 
docs/research_program/gr_statistics_loops_20260930/local_cas/GRSTAT-CAS-20260930-1308KST/CAS-04/completion_20261003/wolfram_xact/raw_runs/run-002.stdout.log:17: trailing whitespace.
+** DefTensor: Defining antisymmetric tensor epsilongg[-a, -b, -d, -e]. 
docs/research_program/gr_statistics_loops_20260930/local_cas/GRSTAT-CAS-20260930-1308KST/CAS-04/completion_20261003/wolfram_xact/raw_runs/run-002.stdout.log:18: trailing whitespace.
+** DefTensor: Defining tetrametric Tetragg[-a, -b, -d, -e]. 
docs/research_program/gr_statistics_loops_20260930/local_cas/GRSTAT-CAS-20260930-1308KST/CAS-04/completion_20261003/wolfram_xact/raw_runs/run-002.stdout.log:19: trailing whitespace.
+** DefTensor: Defining tetrametric Tetragg†[-a, -b, -d, -e]. 
docs/research_program/gr_statistics_loops_20260930/local_cas/GRSTAT-CAS-20260930-1308KST/CAS-04/completion_20261003/wolfram_xact/raw_runs/run-002.stdout.log:20: trailing whitespace.
+** DefCovD: Defining covariant derivative CD[-a]. 
docs/research_program/gr_statistics_loops_20260930/local_cas/GRSTAT-CAS-20260930-1308KST/CAS-04/completion_20261003/wolfram_xact/raw_runs/run-002.stdout.log:21: trailing whitespace.
+** DefTensor: Defining vanishing torsion tensor TorsionCD[a, -b, -d]. 
docs/research_program/gr_statistics_loops_20260930/local_cas/GRSTAT-CAS-20260930-1308KST/CAS-04/completion_20261003/wolfram_xact/raw_runs/run-002.stdout.log:22: trailing whitespace.
+** DefTensor: Defining symmetric Christoffel tensor ChristoffelCD[a, -b, -d]. 
docs/research_program/gr_statistics_loops_20260930/local_cas/GRSTAT-CAS-20260930-1308KST/CAS-04/completion_20261003/wolfram_xact/raw_runs/run-002.stdout.log:23: trailing whitespace.
+** DefTensor: Defining Riemann tensor RiemannCD[-a, -b, -d, -e]. 
docs/research_program/gr_statistics_loops_20260930/local_cas/GRSTAT-CAS-20260930-1308KST/CAS-04/completion_20261003/wolfram_xact/raw_runs/run-002.stdout.log:24: trailing whitespace.
+** DefTensor: Defining symmetric Ricci tensor RicciCD[-a, -b]. 
docs/research_program/gr_statistics_loops_20260930/local_cas/GRSTAT-CAS-20260930-1308KST/CAS-04/completion_20261003/wolfram_xact/raw_runs/run-002.stdout.log:26: trailing whitespace.
+** DefTensor: Defining Ricci scalar RicciScalarCD[]. 
docs/research_program/gr_statistics_loops_20260930/local_cas/GRSTAT-CAS-20260930-1308KST/CAS-04/completion_20261003/wolfram_xact/raw_runs/run-002.stdout.log:28: trailing whitespace.
+** DefTensor: Defining symmetric Einstein tensor EinsteinCD[-a, -b]. 
docs/research_program/gr_statistics_loops_20260930/local_cas/GRSTAT-CAS-20260930-1308KST/CAS-04/completion_20261003/wolfram_xact/raw_runs/run-002.stdout.log:29: trailing whitespace.
+** DefTensor: Defining Weyl tensor WeylCD[-a, -b, -d, -e]. 
docs/research_program/gr_statistics_loops_20260930/local_cas/GRSTAT-CAS-20260930-1308KST/CAS-04/completion_20261003/wolfram_xact/raw_runs/run-002.stdout.log:30: trailing whitespace.
+** DefTensor: Defining symmetric TFRicci tensor TFRicciCD[-a, -b]. 
docs/research_program/gr_statistics_loops_20260930/local_cas/GRSTAT-CAS-20260930-1308KST/CAS-04/completion_20261003/wolfram_xact/raw_runs/run-002.stdout.log:31: trailing whitespace.
+** DefTensor: Defining Kretschmann scalar KretschmannCD[]. 
docs/research_program/gr_statistics_loops_20260930/local_cas/GRSTAT-CAS-20260930-1308KST/CAS-04/completion_20261003/wolfram_xact/raw_runs/run-002.stdout.log:36: trailing whitespace.
+** DefTensor: Defining tensor tt[b, -d]. 
docs/research_program/gr_statistics_loops_20260930/local_cas/GRSTAT-CAS-20260930-1308KST/CAS-04/completion_20261003/wolfram_xact/raw_runs/run-002.stdout.log:37: trailing whitespace.
+** DefTensor: Defining tensor uu[b]. 
docs/research_program/gr_statistics_loops_20260930/local_cas/GRSTAT-CAS-20260930-1308KST/CAS-04/completion_20261003/wolfram_xact/raw_runs/run-002.stdout.log:38: trailing whitespace.
+** DefTensor: Defining tensor ee[]. 
docs/research_program/gr_statistics_loops_20260930/local_cas/GRSTAT-CAS-20260930-1308KST/CAS-04/completion_20261003/wolfram_xact/raw_runs/run-002.stdout.log:39: trailing whitespace.
+** DefTensor: Defining tensor pp[]. 
