------------------------------------------------------------
Package xAct`xPerm`  version 1.2.4, {2025, 12, 29}
CopyRight (C) 2003-2026, Jose M. Martin-Garcia, under the General Public License.
Connecting to external linux executable...
Connection established.
------------------------------------------------------------
Package xAct`xTensor` version 1.3.0, {2025, 12, 29}
CopyRight (C) 2002-2026, Jose M. Martin-Garcia, under the General Public License.
------------------------------------------------------------
These packages come with ABSOLUTELY NO WARRANTY; for details type Disclaimer[]. This is free software, and you are welcome to redistribute it under certain conditions. See the General Public License for details.
------------------------------------------------------------
** DefManifold: Defining manifold Sky. 
** DefVBundle: Defining vbundle TangentSky. 
** DefTensor: Defining symmetric metric tensor hs[-a, -b]. 
** DefTensor: Defining antisymmetric tensor epsilonhs[-a, -b]. 
** DefCovD: Defining covariant derivative DS[-a]. 
** DefTensor: Defining vanishing torsion tensor TorsionDS[a, -b, -b1]. 
** DefTensor: Defining symmetric Christoffel tensor ChristoffelDS[a, -b, -b1]. 
** DefTensor: Defining Riemann tensor RiemannDS[-a, -b, -b1, -b2]. 
** DefTensor: Defining symmetric Ricci tensor RicciDS[-a, -b]. 
** DefCovD: Contractions of Riemann automatically replaced by Ricci.
** DefTensor: Defining Ricci scalar RicciScalarDS[]. 
** DefCovD: Contractions of Ricci automatically replaced by RicciScalar.
** DefTensor: Defining vanishing Einstein tensor EinsteinDS[-a, -b]. 
** DefTensor: Defining vanishing Weyl tensor WeylDS[-a, -b, -b1, -b2]. 
** DefTensor: Defining vanishing TFRicci tensor TFRicciDS[-a, -b]. 
** DefTensor: Defining Kretschmann scalar KretschmannDS[]. 
** DefCovD: Computing RiemannToWeylRules for dim 2
** DefCovD: Computing RicciToTFRicci for dim 2
** DefCovD: Computing RicciToEinsteinRules for dim 2
** DefTensor: Defining weight +2 density Deths[].      Determinant.
CAS_JSON_BEGIN
{
	"checks":{
		"CAS-09-C01":true,
		"CAS-09-C02":true,
		"CAS-09-C03":true,
		"CAS-09-C04":true
	},
	"domain_assumption_diff":[],
	"counterexample":null,
	"xact_actions":{
		"skyMetricTrace":true
	},
	"intermediate":{
		"angular_rank9":9,
		"angular_rank4":4,
		"variable_radius_rank":9,
		"z_basis_solutions":"{{{coef[2] -> 0, coef[3] -> 0, coef[4] -> 1, coef[5] -> 0, coef[6] -> 0, coef[7] -> 0, coef[8] -> 0, coef[9] -> 0, coef[1] -> 0}}, {{coef[2] -> 0, coef[3] -> 0, coef[4] -> 0, coef[5] -> 0, coef[6] -> 1, coef[7] -> 0, coef[8] -> 0, coef[9] -> 0, coef[1] -> 0}}, {{coef[2] -> 0, coef[3] -> 0, coef[4] -> 0, coef[5] -> 0, coef[6] -> 0, coef[7] -> 1, coef[8] -> 0, coef[9] -> 0, coef[1] -> 0}}, {{coef[2] -> 0, coef[3] -> 0, coef[4] -> 0, coef[5] -> 0, coef[6] -> 0, coef[7] -> 0, coef[8] -> 0, coef[9] -> 1\/3, coef[1] -> 1\/3}}}"
	},
	"wolfram_version":"15.0.0 for Linux x86 (64-bit) (May 26, 2026)",
	"xtensor_version":"{\"1.3.0\", {2025, 12, 29}}"
}
CAS_JSON_END
