\BOOKMARK [1][-]{section.1}{\376\377\000S\000o\000u\000r\000c\000e\000\040\000P\000o\000l\000i\000c\000y\000\040\000a\000n\000d\000\040\000S\000c\000o\000p\000e}{}% 1
\BOOKMARK [1][-]{section.2}{\376\377\000T\000h\000e\000\040\000S\000c\000i\000e\000n\000t\000i\000f\000i\000c\000\040\000S\000p\000i\000n\000e\000\040\000o\000f\000\040\000t\000h\000e\000\040\000R\000e\000p\000o\000s\000i\000t\000o\000r\000y}{}% 2
\BOOKMARK [2][-]{subsection.2.1}{\376\377\000T\000h\000e\000\040\000o\000b\000j\000e\000c\000t\000\040\000b\000e\000i\000n\000g\000\040\000m\000e\000a\000s\000u\000r\000e\000d}{section.2}% 3
\BOOKMARK [2][-]{subsection.2.2}{\376\377\000F\000r\000a\000m\000e\000s\000\040\000a\000n\000d\000\040\000c\000o\000n\000v\000e\000n\000t\000i\000o\000n\000s}{section.2}% 4
\BOOKMARK [1][-]{section.3}{\376\377\000S\000i\000g\000n\000e\000d\000\040\000C\000o\000m\000p\000a\000r\000a\000t\000o\000r\000\040\000a\000n\000d\000\040\000D\000i\000a\000g\000n\000o\000s\000t\000i\000c\000\040\000A\000l\000g\000e\000b\000r\000a}{}% 5
\BOOKMARK [2][-]{subsection.3.1}{\376\377\000R\000e\000g\000i\000s\000t\000e\000r\000e\000d\000\040\000c\000o\000m\000p\000o\000n\000e\000n\000t\000\040\000v\000e\000c\000t\000o\000r}{section.3}% 6
\BOOKMARK [2][-]{subsection.3.2}{\376\377\000P\000a\000r\000e\000n\000t\000\040\000c\000o\000n\000s\000t\000r\000a\000i\000n\000t\000\040\000r\000o\000u\000t\000e}{section.3}% 7
\BOOKMARK [2][-]{subsection.3.3}{\376\377\000D\000a\000t\000a\000-\000a\000n\000a\000l\000y\000s\000i\000s\000\040\000m\000a\000p\000\040\000f\000o\000r\000\040\000\050\000x\000C\000,\000F\000,\000G\000F\000,\000P\000i\000\051\000\040\000a\000n\000d\000\040\000g}{section.3}% 8
\BOOKMARK [1][-]{section.4}{\376\377\000M\000E\000S\000\040\000B\000o\000u\000n\000d\000s\000\040\000a\000n\000d\000\040\000C\000o\000n\000d\000i\000t\000i\000o\000n\000a\000l\000\040\000L\000e\000g\000a\000c\000y\000\040\000R\000e\000c\000o\000v\000e\000r\000i\000e\000s}{}% 9
\BOOKMARK [1][-]{section.5}{\376\377\000G\000e\000o\000m\000e\000t\000r\000y\000-\000S\000i\000d\000e\000\040\000T\000h\000e\000o\000r\000e\000m\000s\000\040\000W\000i\000t\000h\000o\000u\000t\000\040\000G\000e\000o\000m\000e\000t\000r\000y\000\040\000C\000l\000a\000i\000m\000s}{}% 10
\BOOKMARK [2][-]{subsection.5.1}{\376\377\000T\000h\000e\000\040\000F\000L\000R\000W\000\040\000r\000e\000f\000e\000r\000e\000n\000c\000e\000\040\000a\000n\000d\000\040\000f\000i\000r\000s\000t\000-\000j\000e\000t\000\040\000s\000e\000p\000a\000r\000a\000t\000i\000o\000n}{section.5}% 11
\BOOKMARK [2][-]{subsection.5.2}{\376\377\000R\000e\000s\000p\000o\000n\000s\000e\000\040\000r\000a\000n\000k\000\040\000a\000n\000d\000\040\000n\000u\000l\000l\000\040\000s\000e\000c\000t\000o\000r\000s}{section.5}% 12
\BOOKMARK [1][-]{section.6}{\376\377\000T\000i\000l\000t\000,\000\040\000M\000o\000m\000e\000n\000t\000\040\000C\000o\000n\000e\000s\000,\000\040\000a\000n\000d\000\040\000S\000h\000e\000a\000r\000\040\000M\000e\000m\000o\000r\000y}{}% 13
\BOOKMARK [1][-]{section.7}{\376\377\000E\000G\000S\000,\000\040\000L\000o\000w\000-\000,\000\040\000a\000n\000d\000\040\000C\000o\000v\000a\000r\000i\000a\000n\000c\000e\000\040\000R\000e\000s\000u\000l\000t\000s}{}% 14
\BOOKMARK [2][-]{subsection.7.1}{\376\377\000F\000u\000l\000l\000\040\000c\000o\000v\000a\000r\000i\000a\000n\000c\000e\000\040\000a\000n\000d\000\040\000B\000i\000P\000o\000S\000H}{section.7}% 15
\BOOKMARK [1][-]{section.8}{\376\377\000S\000t\000a\000t\000i\000s\000t\000i\000c\000a\000l\000\040\000A\000r\000c\000h\000i\000t\000e\000c\000t\000u\000r\000e}{}% 16
\BOOKMARK [2][-]{subsection.8.1}{\376\377\000O\000w\000n\000e\000r\000s\000h\000i\000p}{section.8}% 17
\BOOKMARK [2][-]{subsection.8.2}{\376\377\000P\000o\000s\000t\000e\000r\000i\000o\000r\000\040\000p\000u\000s\000h\000f\000o\000r\000w\000a\000r\000d}{section.8}% 18
\BOOKMARK [2][-]{subsection.8.3}{\376\377\000R\000e\000s\000p\000o\000n\000s\000e\000/\000e\000q\000u\000i\000v\000a\000l\000e\000n\000c\000e\000\040\000c\000l\000a\000s\000s\000e\000s}{section.8}% 19
\BOOKMARK [2][-]{subsection.8.4}{\376\377\000O\000p\000t\000i\000c\000a\000l\000\040\000a\000n\000s\000a\000t\000z\000\040\000p\000o\000s\000t\000e\000r\000i\000o\000r}{section.8}% 20
\BOOKMARK [1][-]{section.9}{\376\377\000A\000l\000g\000o\000r\000i\000t\000h\000m\000i\000c\000\040\000A\000p\000p\000e\000n\000d\000i\000x}{}% 21
\BOOKMARK [1][-]{section.10}{\376\377\000L\000o\000c\000a\000l\000\040\000M\000e\000t\000h\000o\000d\000\040\000V\000a\000l\000i\000d\000a\000t\000i\000o\000n\000\040\000C\000h\000e\000c\000k\000s}{}% 22
\BOOKMARK [1][-]{section.11}{\376\377\000A\000n\000a\000l\000y\000s\000i\000s\000\040\000R\000e\000a\000d\000i\000n\000e\000s\000s\000\040\000a\000n\000d\000\040\000S\000t\000a\000t\000i\000s\000t\000i\000c\000a\000l\000\040\000W\000o\000r\000k\000f\000l\000o\000w\000s}{}% 23
\BOOKMARK [2][-]{subsection.11.1}{\376\377\000C\000u\000r\000r\000e\000n\000t\000\040\000n\000o\000-\000d\000o\000w\000n\000l\000o\000a\000d\000\040\000w\000o\000r\000k\000f\000l\000o\000w\000\040\000f\000o\000r\000\040\000t\000h\000e\000\040\000s\000i\000g\000n\000e\000d\000\040\000c\000o\000m\000p\000a\000r\000a\000t\000o\000r}{section.11}% 24
\BOOKMARK [2][-]{subsection.11.2}{\376\377\000R\000e\000a\000d\000i\000n\000e\000s\000s\000\040\000m\000a\000t\000r\000i\000x}{section.11}% 25
\BOOKMARK [2][-]{subsection.11.3}{\376\377\000L\000e\000g\000a\000c\000y\000\040\000r\000e\000c\000o\000v\000e\000r\000y\000\040\000w\000i\000t\000h\000o\000u\000t\000\040\000l\000e\000g\000a\000c\000y\000\040\000p\000r\000o\000m\000o\000t\000i\000o\000n}{section.11}% 26
\BOOKMARK [2][-]{subsection.11.4}{\376\377\000E\000x\000t\000e\000r\000n\000a\000l\000-\000a\000u\000d\000i\000t\000\040\000i\000n\000t\000e\000r\000p\000r\000e\000t\000a\000t\000i\000o\000n\000\040\000o\000f\000\040\000n\000o\000v\000e\000l\000t\000y}{section.11}% 27
\BOOKMARK [1][-]{section.12}{\376\377\000R\000e\000s\000e\000a\000r\000c\000h\000\040\000P\000l\000a\000n}{}% 28
\BOOKMARK [2][-]{subsection.12.1}{\376\377\000N\000o\000-\000d\000o\000w\000n\000l\000o\000a\000d\000\040\000i\000m\000m\000e\000d\000i\000a\000t\000e\000\040\000w\000o\000r\000k}{section.12}% 29
\BOOKMARK [2][-]{subsection.12.2}{\376\377\000N\000o\000-\000d\000o\000w\000n\000l\000o\000a\000d\000\040\000d\000e\000l\000i\000v\000e\000r\000a\000b\000l\000e\000s\000\040\000a\000n\000d\000\040\000a\000c\000c\000e\000p\000t\000a\000n\000c\000e\000\040\000c\000h\000e\000c\000k\000s}{section.12}% 30
\BOOKMARK [2][-]{subsection.12.3}{\376\377\000A\000p\000p\000r\000o\000v\000a\000l\000-\000r\000e\000q\000u\000i\000r\000e\000d\000\040\000c\000o\000m\000p\000a\000c\000t\000\040\000d\000a\000t\000a}{section.12}% 31
\BOOKMARK [2][-]{subsection.12.4}{\376\377\000L\000o\000n\000g\000-\000r\000u\000n\000\040\000K\0001\000/\000K\0005\000/\000K\0006\000\040\000l\000a\000n\000e}{section.12}% 32
\BOOKMARK [2][-]{subsection.12.5}{\376\377\000N\000a\000t\000i\000v\000e\000\040\000l\000o\000w\000-\000\040\000h\000a\000n\000d\000o\000f\000f}{section.12}% 33
\BOOKMARK [1][-]{section.13}{\376\377\000T\000h\000e\000o\000r\000e\000m\000\040\000C\000o\000v\000e\000r\000a\000g\000e\000\040\000L\000e\000d\000g\000e\000r}{}% 34
\BOOKMARK [1][-]{section.14}{\376\377\000P\000a\000c\000k\000a\000g\000e\000\040\000M\000e\000t\000a\000d\000a\000t\000a}{}% 35
