Try this:
  [apply] ring_nf
  
  The `ring` tactic failed to close the goal. Use `ring_nf` to obtain a normal form.
    
  Note that `ring` works primarily in *commutative* rings. If you have a noncommutative ring, abelian group or module, consider using `noncomm_ring`, `abel` or `module` instead.
/home/cosmosapjw/Dropbox/bianchi/htt_base/docs/research_program/gr_statistics_loops_20260930/local_cas/GRSTAT-CAS-20260930-1308KST/CAS-02/c01_c03_input_aligned_v1_20261005/lean/Cas02.lean:233:0: warning: automatically included section variable(s) unused in theorem `Cas02.C03_rapidity_bound`:
  [InnerProductSpace ℝ E]
consider restructuring your `variable` declarations so that the variables are not in scope or explicitly omit them:
  omit [InnerProductSpace ℝ E] in theorem ...

Note: This linter can be disabled with `set_option linter.unusedSectionVars false`
'Cas02.C01' depends on axioms: [propext, Classical.choice, Quot.sound]
'Cas02.metric_frob_norm' depends on axioms: [propext, Classical.choice, Quot.sound]
'Cas02.C02_anchor_second' depends on axioms: [propext, Classical.choice, Quot.sound]
'Cas02.C02_anchor_first' depends on axioms: [propext, Classical.choice, Quot.sound]
'Cas02.C03_hasFDerivAt' depends on axioms: [propext, Classical.choice, Quot.sound]
'Cas02.chartJac_apply' depends on axioms: [propext, Classical.choice, Quot.sound]
'Cas02.C03_gram' depends on axioms: [propext, Classical.choice, Quot.sound]
'Cas02.C03_gram_action' depends on axioms: [propext, Classical.choice, Quot.sound]
'Cas02.C03_transverse_iff' depends on axioms: [propext, Classical.choice, Quot.sound]
'Cas02.C03_longitudinal_span' depends on axioms: [propext, Classical.choice, Quot.sound]
'Cas02.C03_eigenvalue_only' depends on axioms: [propext, Classical.choice, Quot.sound]
'Cas02.C03_zero_repeated' depends on axioms: [propext, Classical.choice, Quot.sound]
'Cas02.C03_rapidity_bound' depends on axioms: [propext, Classical.choice, Quot.sound]
'Cas02.C03_transverse_dimension' depends on axioms: [propext, Classical.choice, Quot.sound]
'Cas02.C03_longitudinal_dimension' depends on axioms: [propext, Classical.choice, Quot.sound]
'Cas02.C03_zero_dimension' depends on axioms: [propext, Classical.choice, Quot.sound]
'Cas02.C03_transverse_eigen_exists' depends on axioms: [propext, Classical.choice, Quot.sound]
