{
  "schema_version": 2,
  "contract_id": "R9-DEPTH-D1-20260914",
  "contract_sha256": "37b2295ab9f752f4fe2dfd56040cb6ccce2a13266c3090f7613703fccf64171e",
  "aggregate_status": "CAS_FAIL",
  "risk_tier": "R3",
  "required_axes": [
    "wolfram_xact",
    "sympy",
    "sage_singular",
    "lean"
  ],
  "axis_statuses": {
    "wolfram_xact": "FAIL",
    "sympy": "FAIL",
    "sage_singular": "FAIL",
    "lean": "MISALIGNED_ASSUMPTIONS"
  },
  "missing_axes": [],
  "exceptions_applied": [],
  "errors": [],
  "adjudicated_at": "2026-09-13T17:01:51+00:00",
  "note": "CAS_4AXIS_PASS requires all 4 contract-required axes to satisfy the risk-scaled contract under one contract hash; majority vote is structurally forbidden. Runner observation establishes only the CAS evidence component; it does not establish scientific validity, novelty, or overall claim readiness. Local observation is not a security attestation.",
  "verification_state": "RUNNER_OBSERVED_EXECUTION",
  "evidence_origin": "runner_observed_local_subprocess",
  "execution_evidence": {
    "wolfram_xact": {
      "evidence_origin": "runner_observed_local_subprocess",
      "axis": "wolfram_xact",
      "argv": [
        "/usr/bin/python3",
        "docs/research_program/tensor_joint_r9/revision2/depth_formal/observe_axis.py",
        "wolfram_xact",
        "D1"
      ],
      "cwd": ".",
      "timeout_seconds": 190,
      "solver_executed": true,
      "preflight_probe": {
        "status": "PASS",
        "commands": [
          {
            "cmd": "wolframscript -code <version+xAct probe>",
            "exit": 0
          }
        ],
        "transcript_tail": "---------------------------------------------------------\nPackage xAct`xPerm`  version 1.2.4, {2025, 12, 29}\nCopyRight (C) 2003-2026, Jose M. Martin-Garcia, under the General Public License.\nConnecting to external linux executable...\nConnection established.\n------------------------------------------------------------\nPackage xAct`xTensor` version 1.3.0, {2025, 12, 29}\nCopyRight (C) 2002-2026, Jose M. Martin-Garcia, under the General Public License.\n------------------------------------------------------------\nThese packages come with ABSOLUTELY NO WARRANTY; for details type Disclaimer[]. This is free software, and you are welcome to redistribute it under certain conditions. See the General Public License for details.\n------------------------------------------------------------\nXACT_LOAD_OK\n"
      },
      "started_at": "2026-09-13T17:01:35+00:00",
      "completed_at": "2026-09-13T17:01:41+00:00",
      "exit_code": 0,
      "timed_out": false,
      "stdout_tail": "{\n\t\"checks\":{\n\t\t\"D1_MEAN_COVARIANCE_LINEAR_MAP\":false,\n\t\t\"D1_ALL_CROSS_STEP_BLOCKS\":false,\n\t\t\"D1_PSD_PULLBACK_GENERAL_DIMENSION\":false\n\t},\n\t\"domain_assumption_diff\":[],\n\t\"counterexample\":null,\n\t\"proof_scope\":\"An exact rational d=(2,3,1) algebraic fixture is computed only; no universal finite-block or finite-second-moment proof is supplied.\",\n\t\"computed\":[\n\t\t\"d=(2,3,1)\",\n\t\t\"rank(C)\",\n\t\t5,\n\t\t\"rank(H C H^T)\",\n\t\t4\n\t],\n\t\"engine\":\"15.0.0 for Linux x86 (64-bit) (May 26, 2026)\",\n\t\"xact_loaded\":\"separate one-shot probe recorded in raw\\/toolchain_probe.combined.log\",\n\t\"xact_version\":\"1.3.0\",\n\t\"proposition\":\"D1\"\n}\n",
      "stderr_tail": "",
      "derived_status": "FAIL",
      "errors": [
        "failed contract obligations: ['D1_ALL_CROSS_STEP_BLOCKS', 'D1_MEAN_COVARIANCE_LINEAR_MAP', 'D1_PSD_PULLBACK_GENERAL_DIMENSION']"
      ],
      "payload": {
        "checks": {
          "D1_MEAN_COVARIANCE_LINEAR_MAP": false,
          "D1_ALL_CROSS_STEP_BLOCKS": false,
          "D1_PSD_PULLBACK_GENERAL_DIMENSION": false
        },
        "domain_assumption_diff": [],
        "computed": [
          "d=(2,3,1)",
          "rank(C)",
          5,
          "rank(H C H^T)",
          4
        ],
        "counterexample": null
      }
    },
    "sympy": {
      "evidence_origin": "runner_observed_local_subprocess",
      "axis": "sympy",
      "argv": [
        "/usr/bin/python3",
        "docs/research_program/tensor_joint_r9/revision2/depth_formal/observe_axis.py",
        "sympy",
        "D1"
      ],
      "cwd": ".",
      "timeout_seconds": 190,
      "solver_executed": true,
      "preflight_probe": {
        "status": "PASS",
        "commands": [
          {
            "cmd": "/usr/bin/python3 -c <sympy exact factor probe>",
            "exit": 0
          }
        ],
        "transcript_tail": "1.14.0\n"
      },
      "started_at": "2026-09-13T17:01:41+00:00",
      "completed_at": "2026-09-13T17:01:41+00:00",
      "exit_code": 1,
      "timed_out": false,
      "stdout_tail": "{\"checks\":{\"D1_ALL_CROSS_STEP_BLOCKS\":false,\"D1_MEAN_COVARIANCE_LINEAR_MAP\":false,\"D1_PSD_PULLBACK_GENERAL_DIMENSION\":false},\"counterexample\":null,\"domain_assumption_diff\":[]}\n",
      "stderr_tail": "",
      "derived_status": "FAIL",
      "errors": [
        "failed contract obligations: ['D1_ALL_CROSS_STEP_BLOCKS', 'D1_MEAN_COVARIANCE_LINEAR_MAP', 'D1_PSD_PULLBACK_GENERAL_DIMENSION']"
      ],
      "payload": {
        "checks": {
          "D1_ALL_CROSS_STEP_BLOCKS": false,
          "D1_MEAN_COVARIANCE_LINEAR_MAP": false,
          "D1_PSD_PULLBACK_GENERAL_DIMENSION": false
        },
        "domain_assumption_diff": [],
        "counterexample": null
      }
    },
    "sage_singular": {
      "evidence_origin": "runner_observed_local_subprocess",
      "axis": "sage_singular",
      "argv": [
        "/usr/bin/python3",
        "docs/research_program/tensor_joint_r9/revision2/depth_formal/observe_axis.py",
        "sage_singular",
        "D1"
      ],
      "cwd": ".",
      "timeout_seconds": 190,
      "solver_executed": true,
      "preflight_probe": {
        "status": "PASS",
        "commands": [
          {
            "cmd": "sage -c <exact factor + singular version probe>",
            "exit": 0
          }
        ],
        "transcript_tail": "SageMath version 10.9, Release Date: 2026-05-04\n44100\n<cmdline>:1: DeprecationWarning: Use sage.version.version instead.\nSee https://github.com/sagemath/sage/issues/39015 for details.\n"
      },
      "started_at": "2026-09-13T17:01:48+00:00",
      "completed_at": "2026-09-13T17:01:51+00:00",
      "exit_code": 0,
      "timed_out": false,
      "stdout_tail": "{\"checks\":{\"D1_ALL_CROSS_STEP_BLOCKS\":false,\"D1_MEAN_COVARIANCE_LINEAR_MAP\":false,\"D1_PSD_PULLBACK_GENERAL_DIMENSION\":false},\"computed\":{\"finite_identity_checks\":{\"sage_scalar_cross_block_residual_zero\":true,\"singular_negative_control_nonzero\":true,\"singular_scalar_cross_block_normal_form_zero\":true},\"finite_scope_only\":true,\"general_contract_obligations_unverified\":true},\"counterexample\":null,\"domain_assumption_diff\":[]}\n",
      "stderr_tail": "",
      "derived_status": "FAIL",
      "errors": [
        "failed contract obligations: ['D1_ALL_CROSS_STEP_BLOCKS', 'D1_MEAN_COVARIANCE_LINEAR_MAP', 'D1_PSD_PULLBACK_GENERAL_DIMENSION']"
      ],
      "payload": {
        "checks": {
          "D1_ALL_CROSS_STEP_BLOCKS": false,
          "D1_MEAN_COVARIANCE_LINEAR_MAP": false,
          "D1_PSD_PULLBACK_GENERAL_DIMENSION": false
        },
        "domain_assumption_diff": [],
        "computed": {
          "finite_identity_checks": {
            "sage_scalar_cross_block_residual_zero": true,
            "singular_negative_control_nonzero": true,
            "singular_scalar_cross_block_normal_form_zero": true
          },
          "finite_scope_only": true,
          "general_contract_obligations_unverified": true
        },
        "counterexample": null
      }
    },
    "lean": {
      "evidence_origin": "runner_observed_local_subprocess",
      "axis": "lean",
      "argv": [
        "/usr/bin/python3",
        "docs/research_program/tensor_joint_r9/revision2/depth_formal/observe_axis.py",
        "lean",
        "D1"
      ],
      "cwd": ".",
      "timeout_seconds": 190,
      "solver_executed": true,
      "preflight_probe": {
        "status": "PASS",
        "commands": [
          {
            "cmd": "ELAN_TOOLCHAIN=leanprover/lean4:v4.31.0 lean --version",
            "exit": 0
          }
        ],
        "transcript_tail": "Lean (version 4.31.0, x86_64-unknown-linux-gnu, commit 68218e876d2a38b1985b8590fff244a83c321783, Release)\n",
        "pinned_toolchain": "leanprover/lean4:v4.31.0"
      },
      "started_at": "2026-09-13T17:01:51+00:00",
      "completed_at": "2026-09-13T17:01:51+00:00",
      "exit_code": 0,
      "timed_out": false,
      "stdout_tail": "{\"checks\":{\"D1_MEAN_COVARIANCE_LINEAR_MAP\":false,\"D1_ALL_CROSS_STEP_BLOCKS\":false,\"D1_PSD_PULLBACK_GENERAL_DIMENSION\":false},\"domain_assumption_diff\":[\"Only an abstract Int-valued pullback positivity helper is compiled; the project has no pinned finite-dimensional real matrix/covariance formalization.\"],\"counterexample\":null}\n",
      "stderr_tail": "",
      "derived_status": "MISALIGNED_ASSUMPTIONS",
      "errors": [
        "child reported a non-empty domain_assumption_diff"
      ],
      "payload": {
        "checks": {
          "D1_MEAN_COVARIANCE_LINEAR_MAP": false,
          "D1_ALL_CROSS_STEP_BLOCKS": false,
          "D1_PSD_PULLBACK_GENERAL_DIMENSION": false
        },
        "domain_assumption_diff": [
          "Only an abstract Int-valued pullback positivity helper is compiled; the project has no pinned finite-dimensional real matrix/covariance formalization."
        ],
        "counterexample": null
      }
    }
  },
  "claim_promotion_cas_eligible": false,
  "claim_promotion_cas_requirement": "NOT_SATISFIED"
}
