Sage version: 10.9
Sage argv: ["docs/research_program/gr_statistics_loops_20260930/local_cas/GRSTAT-CAS-20260930-1308KST/CAS-13/c03_hermite_certificates_v1_20261008/sage_singular/verify_c03.py"]
input_sha256 docs/research_program/gr_statistics_loops_20260930/local_cas/GRSTAT-CAS-20260930-1308KST/CAS-13/c03_hermite_certificates_v1_20261008/EXECUTION_CONTRACT.json d9b1e59d9e8648e74db64bdf9e7ef82d23e409c9456a5f307fb30dabb0e8e21e
input_sha256 docs/research_program/gr_statistics_loops_20260930/local_cas/GRSTAT-CAS-20260930-1308KST/CAS-13/c03_hermite_certificates_v1_20261008/ADMITTED_INPUTS.json 916055a8eff4787ff56bd4e7629cef837333890a9dc5c1a9e8a33aa82c1665b4
input_sha256 docs/research_program/gr_statistics_loops_20260930/cas/TEFF_INTERVAL_SPEC.md bc055d391d3231c634a14e146f228d3b8179a043485c41ce08754cdeac4fd0fe
input_sha256 docs/research_program/gr_statistics_loops_20260930/cas/COMMON_SPEC.md 4714827e52acf3cb149f4014ac50ab2aa995dd4a0526f6b26ac7257807fe1897
Singular executable: /home/cosmosapjw/opt/sage/local/bin/Singular
Singular executable sha256: 9430832b7c972b6b26d29ded4d91a3e1df8fd87d67f4b8d3f14d8201a75f923c
Singular version argv: ["/home/cosmosapjw/opt/sage/local/bin/Singular", "--version"]
Singular version exit: 0
coefficient_matrix_determinant: 3*A^4*U^2 - 4*A^3*U^3 + U^6
p=5 c0=(-A^3*U^4)/(-3*A^2 - 2*A*U - U^2)
p=5 c3=(4*A^3*U + 3*A^2*U^2 + 2*A*U^3 + U^4)/(-3*A^2 - 2*A*U - U^2)
p=5 c4=(-3*A^3 - 6*A^2*U - 4*A*U^2 - 2*U^3)/(-3*A^2 - 2*A*U - U^2)
p=5 delta_times_error=-A^3*U^4 + 4*A^3*U*y^3 + 3*A^2*U^2*y^3 + 2*A*U^3*y^3 + U^4*y^3 - 3*A^3*y^4 - 6*A^2*U*y^4 - 4*A*U^2*y^4 - 2*U^3*y^4 + 3*A^2*y^5 + 2*A*U*y^5 + U^2*y^5
p=6 c0=(-A^4*U^4 - 2*A^3*U^5)/(-3*A^2 - 2*A*U - U^2)
p=6 c3=(4*A^4*U + 8*A^3*U^2 + 6*A^2*U^3 + 4*A*U^4 + 2*U^5)/(-3*A^2 - 2*A*U - U^2)
p=6 c4=(3*A^4 + 6*A^3*U + 9*A^2*U^2 + 6*A*U^3 + 3*U^4)/(3*A^2 + 2*A*U + U^2)
p=6 delta_times_error=-A^4*U^4 - 2*A^3*U^5 + 4*A^4*U*y^3 + 8*A^3*U^2*y^3 + 6*A^2*U^3*y^3 + 4*A*U^4*y^3 + 2*U^5*y^3 - 3*A^4*y^4 - 6*A^3*U*y^4 - 9*A^2*U^2*y^4 - 6*A*U^3*y^4 - 3*U^4*y^4 + 3*A^2*y^6 + 2*A*U*y^6 + U^2*y^6
Singular division argv: ["/home/cosmosapjw/opt/sage/local/bin/Singular", "-q", "/home/cosmosapjw/Dropbox/bianchi/htt_base/docs/research_program/gr_statistics_loops_20260930/local_cas/GRSTAT-CAS-20260930-1308KST/CAS-13/c03_hermite_certificates_v1_20261008/sage_singular/factor_checks.sing"]
Singular division exit: 0
Singular division stdout sha256: 2669edc37e05578dde26aecae3e206cf280eb8a4a363128a197cdecc432cbc4e
Singular division stderr sha256: e3b0c44298fc1c149afbf4c8996fb92427ae41e4649b934ca495991b7852b855
