   ? identifier `quotient5` in use
   ? error occurred in or before /home/cosmosapjw/Dropbox/bianchi/htt_base/docs/research_program/gr_statistics_loops_20260930/local_cas/GRSTAT-CAS-20260930-1308KST/CAS-13/c03_hermite_certificates_v1_20261008/sage_singular/factor_checks.sing line 8: `poly quotient5 = n5/divisor;`
   ? wrong type declaration. type 'help poly;'
P5_NF_ZERO
1
P5_DIVISION_ZERO
   ? `proc` * `poly` failed
   ? expected `poly` * `poly`
   ? expected `vector` * `poly`
   ? expected `ideal` * `poly`
   ? expected `module` * `poly`
   ? expected `matrix` * `poly`
   ? error occurred in or before /home/cosmosapjw/Dropbox/bianchi/htt_base/docs/research_program/gr_statistics_loops_20260930/local_cas/GRSTAT-CAS-20260930-1308KST/CAS-13/c03_hermite_certificates_v1_20261008/sage_singular/factor_checks.sing line 12: `print(n5-quotient5*divisor==0);`
P5_QUOTIENT
// libname  : standard.lib
// procname : quotient5
// type     : singular
P6_NF_ZERO
1
P6_DIVISION_ZERO
1
P6_QUOTIENT
A3U2+2A2U3+2A3Uy+5A2U2y+2AU3y+3A3y2+8A2Uy2+5AU2y2+2U3y2+3A2y3+2AUy3+U2y3
