------------------------------------------------------------
Package xAct`xPerm`  version 1.2.4, {2025, 12, 29}
CopyRight (C) 2003-2026, Jose M. Martin-Garcia, under the General Public License.
Connecting to external linux executable...
Connection established.
------------------------------------------------------------
Package xAct`xTensor` version 1.3.0, {2025, 12, 29}
CopyRight (C) 2002-2026, Jose M. Martin-Garcia, under the General Public License.
------------------------------------------------------------
These packages come with ABSOLUTELY NO WARRANTY; for details type Disclaimer[]. This is free software, and you are welcome to redistribute it under certain conditions. See the General Public License for details.
------------------------------------------------------------
** DefManifold: Defining manifold ScreenM05. 
** DefVBundle: Defining vbundle TangentScreenM05. 
** DefTensor: Defining symmetric metric tensor screenMetric[-a, -b]. 
** DefTensor: Defining antisymmetric tensor epsilonscreenMetric[-a, -b]. 
** DefCovD: Defining covariant derivative screenCD[-a]. 
** DefTensor: Defining vanishing torsion tensor TorsionscreenCD[a, -b, -b1]. 
** DefTensor: Defining symmetric Christoffel tensor ChristoffelscreenCD[a, -b, -b1]. 
** DefTensor: Defining Riemann tensor RiemannscreenCD[-a, -b, -b1, -b2]. 
** DefTensor: Defining symmetric Ricci tensor RicciscreenCD[-a, -b]. 
** DefCovD: Contractions of Riemann automatically replaced by Ricci.
** DefTensor: Defining Ricci scalar RicciScalarscreenCD[]. 
** DefCovD: Contractions of Ricci automatically replaced by RicciScalar.
** DefTensor: Defining vanishing Einstein tensor EinsteinscreenCD[-a, -b]. 
** DefTensor: Defining vanishing Weyl tensor WeylscreenCD[-a, -b, -b1, -b2]. 
** DefTensor: Defining vanishing TFRicci tensor TFRicciscreenCD[-a, -b]. 
** DefTensor: Defining Kretschmann scalar KretschmannscreenCD[]. 
** DefCovD: Computing RiemannToWeylRules for dim 2
** DefCovD: Computing RicciToTFRicci for dim 2
** DefCovD: Computing RicciToEinsteinRules for dim 2
** DefTensor: Defining weight +2 density DetscreenMetric[].      Determinant.
M05_JSON:{
	"checks":{
		"CAS-07-M05-REWRITE":true,
		"CAS-07-M05-C02-PREMISE":true,
		"CAS-07-M05-DETERMINANT-SIGN":true,
		"CAS-07-M05-DISTANCE-BOUND":true
	},
	"details":{
		"wolfram_version":"15.0.0 for Linux x86 (64-bit) (May 26, 2026)",
		"xtensor_version":"{\"1.3.0\", {2025, 12, 29}}",
		"xact_screen_trace":"2",
		"arbitrary_2x2_determinant":"-(d12*d21) + d11*d22",
		"positive_k_exact_rewrite":true,
		"k_zero_exact_rewrite":true,
		"c02_premise_aligned":true,
		"accepted_c02_sign_composition":true,
		"accepted_c02_distance_composition":true,
		"k_zero_determinant":true,
		"k_zero_distance_positive_branch":true
	}
}
