{
  "authority_memory_preserved": {
    "active_repairs": true,
    "canonical_notation_registry": true,
    "registered_survivor_source": true,
    "vocabulary": true
  },
  "bibliography_keys": 20,
  "canonical_sorted_id_sha256": "f4f727da892a0d2cdc7d785aede3028ca0c57a7978518a662029fd5b2a6388db",
  "citation_rows": 40,
  "claim_count": 40,
  "claim_promotion": false,
  "compiled_bundle_is_canonical": false,
  "compiler_source_sha256": "c085215b15397291fe12aba16f2d9040a215860fe613f1869e96863d28ed5c43",
  "date": "2026-09-05",
  "integration_rows": 40,
  "merge_authorized": false,
  "observational_data_used": false,
  "output_sha256": {
    "bibliography": "f7025411e2c38ab33f9663820b6d8a86faba05c5b0ca613f161d23692daa9d33",
    "citation_matrix": "cdb920adb53b54c2b53c9944d3f6c17a896cdd516de2393f50230c83d2691181",
    "claim_ledger": "779a67ecfec8db2f92197c621d41aec5e683a5747c3ab9a1df0e5373a09f5bdc",
    "integration_matrix": "dab64aa58cccbdbe8a61aca002aa8cc0f3b7962f7da11461e25b8bda1e6b9b7f",
    "section_map": "379ed993456113189a18ce22e5838ada52000e39fd67cff526fe79487f79058b"
  },
  "publication_authority": false,
  "report_pr": 449,
  "repository": "cosmosapjw-quantum/htt_base",
  "runtime": {
    "implementation": "CPython",
    "matches_cpython312": true,
    "pybtex": "0.26.1",
    "python": "3.12.13",
    "pyyaml": "6.0.2"
  },
  "schema": "htt.report_a.k2fr0.compilation_receipt.v1",
  "scientific_verification_performed": false,
  "section_rows": 40,
  "source_binding": {
    "all_registered_input_blobs_match": true,
    "enforced": true,
    "input_git_blobs": {
      "base_bibliography": "ba37321119725e52f1a2b0ac827050ee895e5466",
      "base_citation_matrix": "5087d39edf094f3adf7d72eed3061521ecf0b78d",
      "base_claim_ledger": "58291e9cfac6ff85ceffbdb6bdefd50315240831",
      "bibliography_supplement": "930457120f5def21321008f4f77cc2b9c0f5694a",
      "citation_overlay": "902b698ef81506179cb0f6e3c5d6616a3f445c55",
      "claim_overlay": "394378a796a24410a4174a8222e40c5c59e9700a",
      "integration_matrix": "28e823ce7705f0c14a4cae5edf39dc32b69d2617",
      "legacy_helper": "50aca195e6a5a433ee8c4370a38ee52b35e2f0e2",
      "section_map": "d42a666ff0eba8fdca8afc9b4e719de6e5e12a8d"
    },
    "parser_uses_verified_byte_snapshot": true
  },
  "structural_findings": {
    "conditional_scope_not_explicit": [
      "RA-ORBIT-004",
      "RA-STAT-002",
      "RA-STAT-003",
      "RA-PROC-001",
      "RA-ERR-004"
    ],
    "interpretation": "Findings remain visible; this compiler does not silently invent missing assumptions or certify theorems.",
    "numerical_execution_grade_missing": [],
    "source_only_execution_promotions": []
  },
  "terminal": "K2FR0_STRICT_SOURCE_CANDIDATE_MATERIALISED_NO_SCIENTIFIC_OR_PUBLICATION_PROMOTION"
}
