CAS12Affine.conventionalLift_integral (n : Nat) :
  @Eq.{1} Real
    (@intervalIntegral.{0} Real Real.normedAddCommGroup
      (@InnerProductSpace.toNormedSpace.{0, 0} Real Real Real.instRCLike
        (@NormedAddCommGroup.toSeminormedAddCommGroup.{0} Real Real.normedAddCommGroup)
        (@RCLike.toInnerProductSpaceReal.{0} Real Real.instRCLike))
      (fun (x : Real) => CAS12Affine.conventionalLift n x)
      (@Neg.neg.{0} Real Real.instNeg (@OfNat.ofNat.{0} Real (nat_lit 1) (@One.toOfNat1.{0} Real Real.instOne)))
      (@OfNat.ofNat.{0} Real (nat_lit 1) (@One.toOfNat1.{0} Real Real.instOne))
      (@MeasureTheory.MeasureSpace.volume.{0} Real Real.measureSpace))
    (@HMul.hMul.{0, 0, 0} Real Real Real (@instHMul.{0} Real Real.instMul)
      (@OfNat.ofNat.{0} Real (nat_lit 2)
        (@instOfNatAtLeastTwo.{0} Real (nat_lit 2) Real.instNatCast
          (@Nat.instAtLeastTwoHAddOfNat (@OfNat.ofNat.{0} Nat (nat_lit 1) (instOfNatNat (nat_lit 1)))
            (@Nat.instNeZeroSucc (@OfNat.ofNat.{0} Nat (nat_lit 0) (instOfNatNat (nat_lit 0)))))))
      (@intervalIntegral.{0} Real Real.normedAddCommGroup
        (@InnerProductSpace.toNormedSpace.{0, 0} Real Real Real.instRCLike
          (@NormedAddCommGroup.toSeminormedAddCommGroup.{0} Real Real.normedAddCommGroup)
          (@RCLike.toInnerProductSpaceReal.{0} Real Real.instRCLike))
        (fun (t : Real) => @Polynomial.eval.{0} Real Real.semiring t (CAS12Affine.shifted n))
        (@OfNat.ofNat.{0} Real (nat_lit 0) (@Zero.toOfNat0.{0} Real Real.instZero))
        (@OfNat.ofNat.{0} Real (nat_lit 1) (@One.toOfNat1.{0} Real Real.instOne))
        (@MeasureTheory.MeasureSpace.volume.{0} Real Real.measureSpace)))
'CAS12Affine.conventionalLift_integral' depends on axioms: [propext, Classical.choice, Quot.sound]
def CAS12Affine.conventionalLift : ℕ → ℝ → ℝ :=
fun n x => eval ((x + 1) / 2) (CAS12Affine.shifted n)
def CAS12Affine.shifted : ℕ → ℝ[X] :=
fun n => map (Int.castRingHom ℝ) (shiftedLegendre n)
