{
  "schema_version": 2,
  "contract_id": "GRSTAT-20260930-CAS-11-C01-BREGMAN-THREE-POINT-V2",
  "contract_sha256": "b62b4eed9cf40b400348f396aefa166f85a24d9880ec31d429b5d75f280dc884",
  "aggregate_status": "CAS_CONFLICT",
  "risk_tier": "R3",
  "required_axes": [
    "wolfram_xact",
    "sympy",
    "sage_singular",
    "lean"
  ],
  "axis_statuses": {
    "wolfram_xact": "INCONCLUSIVE",
    "sympy": "INCONCLUSIVE",
    "sage_singular": "PASS",
    "lean": "PASS"
  },
  "missing_axes": [],
  "exceptions_applied": [],
  "errors": [],
  "adjudicated_at": "2026-10-08T02:25:18+00:00",
  "note": "CAS_4AXIS_PASS requires all 4 contract-required axes to satisfy the risk-scaled contract under one contract hash; majority vote is structurally forbidden. Runner observation establishes only the CAS evidence component; it does not establish scientific validity, novelty, or overall claim readiness. Local observation is not a security attestation.",
  "verification_state": "RUNNER_OBSERVED_EXECUTION",
  "evidence_origin": "runner_observed_local_subprocess",
  "execution_evidence": {
    "wolfram_xact": {
      "evidence_origin": "runner_observed_local_subprocess",
      "axis": "wolfram_xact",
      "argv": [
        "/usr/bin/python3.12",
        "-B",
        "docs/research_program/gr_statistics_loops_20260930/local_cas/GRSTAT-CAS-20260930-1308KST/CAS-11/c01_bregman_three_point_v2_20261008/wolfram_xact/run.py"
      ],
      "cwd": ".",
      "timeout_seconds": 1800,
      "solver_executed": true,
      "preflight_probe": {
        "status": "PASS",
        "commands": [
          {
            "cmd": "wolframscript -code <version+xAct probe>",
            "exit": 0
          }
        ],
        "transcript_tail": "---------------------------------------------------------\nPackage xAct`xPerm`  version 1.2.4, {2025, 12, 29}\nCopyRight (C) 2003-2026, Jose M. Martin-Garcia, under the General Public License.\nConnecting to external linux executable...\nConnection established.\n------------------------------------------------------------\nPackage xAct`xTensor` version 1.3.0, {2025, 12, 29}\nCopyRight (C) 2002-2026, Jose M. Martin-Garcia, under the General Public License.\n------------------------------------------------------------\nThese packages come with ABSOLUTELY NO WARRANTY; for details type Disclaimer[]. This is free software, and you are welcome to redistribute it under certain conditions. See the General Public License for details.\n------------------------------------------------------------\nXACT_LOAD_OK\n"
      },
      "started_at": "2026-10-08T02:24:57+00:00",
      "completed_at": "2026-10-08T02:25:03+00:00",
      "exit_code": 0,
      "timed_out": false,
      "stdout_tail": "{\"attempt\": 5, \"checks\": {\"COORDINATE_KERNEL_ZERO\": true, \"FUBINI_DOUBLE_INDUCTION_STEP_ZERO\": true, \"FUBINI_EMPTY_K_ZERO\": true, \"FUBINI_EMPTY_N_ZERO\": true, \"H_CONSTANT_ZERO\": true, \"INNER_EMPTY_BASE_ZERO\": true, \"INNER_K_INDUCTION_STEP_ZERO\": true, \"MOMENT_ZERO_EMPTY_BASE\": true, \"MOMENT_ZERO_K_STEP\": true, \"OUTER_EMPTY_BASE_ZERO\": true, \"OUTER_N_INDUCTION_STEP_ZERO\": true, \"VECTOR_EMPTY_BASE_ZERO\": true, \"VECTOR_INDUCTION_STEP_ZERO\": true, \"Wolfram_15_0_0\": true, \"approximate_nonzero_control\": true, \"engine_pass\": true, \"orientation_control\": true, \"xTensor_1_3_0\": true}, \"execution_path\": \"/home/cosmosapjw/Dropbox/bianchi/htt_base/docs/research_program/gr_statistics_loops_20260930/local_cas/GRSTAT-CAS-20260930-1308KST/CAS-11/c01_bregman_three_point_v2_20261008/wolfram_xact/attempt_05.execution.json\", \"exit_code\": 0}\n",
      "stderr_tail": "",
      "derived_status": "INCONCLUSIVE",
      "errors": [
        "child payload is missing required keys: ['counterexample', 'domain_assumption_diff']",
        "child checks must exactly match contract obligations (missing=['CAS-11-C01'], extra=['COORDINATE_KERNEL_ZERO', 'FUBINI_DOUBLE_INDUCTION_STEP_ZERO', 'FUBINI_EMPTY_K_ZERO', 'FUBINI_EMPTY_N_ZERO', 'H_CONSTANT_ZERO', 'INNER_EMPTY_BASE_ZERO', 'INNER_K_INDUCTION_STEP_ZERO', 'MOMENT_ZERO_EMPTY_BASE', 'MOMENT_ZERO_K_STEP', 'OUTER_EMPTY_BASE_ZERO', 'OUTER_N_INDUCTION_STEP_ZERO', 'VECTOR_EMPTY_BASE_ZERO', 'VECTOR_INDUCTION_STEP_ZERO', 'Wolfram_15_0_0', 'approximate_nonzero_control', 'engine_pass', 'orientation_control', 'xTensor_1_3_0'])",
        "child payload domain_assumption_diff must be an array"
      ],
      "payload": {
        "checks": {
          "COORDINATE_KERNEL_ZERO": true,
          "FUBINI_DOUBLE_INDUCTION_STEP_ZERO": true,
          "FUBINI_EMPTY_K_ZERO": true,
          "FUBINI_EMPTY_N_ZERO": true,
          "H_CONSTANT_ZERO": true,
          "INNER_EMPTY_BASE_ZERO": true,
          "INNER_K_INDUCTION_STEP_ZERO": true,
          "MOMENT_ZERO_EMPTY_BASE": true,
          "MOMENT_ZERO_K_STEP": true,
          "OUTER_EMPTY_BASE_ZERO": true,
          "OUTER_N_INDUCTION_STEP_ZERO": true,
          "VECTOR_EMPTY_BASE_ZERO": true,
          "VECTOR_INDUCTION_STEP_ZERO": true,
          "Wolfram_15_0_0": true,
          "approximate_nonzero_control": true,
          "engine_pass": true,
          "orientation_control": true,
          "xTensor_1_3_0": true
        }
      }
    },
    "sympy": {
      "evidence_origin": "runner_observed_local_subprocess",
      "axis": "sympy",
      "argv": [
        "/usr/bin/python3.12",
        "-B",
        "docs/research_program/gr_statistics_loops_20260930/local_cas/GRSTAT-CAS-20260930-1308KST/CAS-11/c01_bregman_three_point_v2_20261008/sympy/run.py"
      ],
      "cwd": ".",
      "timeout_seconds": 1800,
      "solver_executed": true,
      "preflight_probe": {
        "status": "PASS",
        "commands": [
          {
            "cmd": "/usr/bin/python3.12 -c <sympy exact factor probe>",
            "exit": 0
          }
        ],
        "transcript_tail": "1.14.0\n"
      },
      "started_at": "2026-10-08T02:25:03+00:00",
      "completed_at": "2026-10-08T02:25:03+00:00",
      "exit_code": 0,
      "timed_out": false,
      "stdout_tail": "5\", \"COMMON_SPEC.md\": \"4714827e52acf3cb149f4014ac50ab2aa995dd4a0526f6b26ac7257807fe1897\", \"EXECUTION_CONTRACT.json\": \"b62b4eed9cf40b400348f396aefa166f85a24d9880ec31d429b5d75f280dc884\"}, \"python\": \"3.12.3 (main, Aug 31 2026, 10:18:26) [GCC 13.3.0]\", \"statement\": [\"D_H(f||g)-D_H(f||h)-D_H(h||g)=<grad H(h)-grad H(g),f-h>\", \"if grad H(h)-grad H(g)=V lambda and V^T(f-h)=0, the right side vanishes\"], \"sympy_version\": \"1.14.0\"}\n{\"name\": \"H-value cancellation\", \"pass\": true, \"residual\": \"0\"}\n{\"name\": \"generic coordinate three-point kernel\", \"pass\": true, \"residual\": \"0\"}\n{\"name\": \"empty n base\", \"pass\": true, \"residual\": \"0\"}\n{\"name\": \"generic n append recurrence\", \"pass\": true, \"residual\": \"0\"}\n{\"name\": \"coordinate substitution into n append\", \"pass\": true, \"residual\": \"0\"}\n{\"name\": \"empty k base\", \"pass\": true, \"residual\": \"0\"}\n{\"name\": \"finite-sum additivity append\", \"pass\": true, \"residual\": \"0\"}\n{\"name\": \"finite-sum scalar append\", \"pass\": true, \"residual\": \"0\"}\n{\"name\": \"bilinear coordinate kernel\", \"pass\": true, \"residual\": \"0\"}\n{\"name\": \"inner matrix-product append\", \"pass\": true, \"residual\": \"0\"}\n{\"name\": \"empty rectangle base\", \"pass\": true, \"residual\": \"0\"}\n{\"name\": \"rectangle row append under equal prefixes and rows\", \"pass\": true, \"residual\": \"0\"}\n{\"name\": \"rectangle corner reindexing\", \"pass\": true, \"residual\": \"0\"}\n{\"name\": \"zero moment base\", \"pass\": true, \"residual\": \"0\"}\n{\"name\": \"zero moment append\", \"pass\": true, \"residual\": \"0\"}\n{\"name\": \"moment next-term zero\", \"pass\": true, \"residual\": \"0\"}\n{\"name\": \"cubic orientation f||g\", \"pass\": true, \"residual\": \"0\"}\n{\"name\": \"cubic orientation g||f\", \"pass\": true, \"residual\": \"0\"}\n{\"name\": \"approximate matching residual\", \"pass\": true, \"residual\": \"0\"}\n{\"name\": \"approximate residual nonzero\", \"value\": \"1/10\", \"pass\": true}\n{\"name\": \"n=3 symbolic control\", \"pass\": true, \"residual\": \"0\"}\n{\"all_pass\": true, \"checks\": 20, \"scope\": \"arbitrary finite n,k via exact generic kernels and finite-sum structural induction\"}\n",
      "stderr_tail": "",
      "derived_status": "INCONCLUSIVE",
      "errors": [
        "child stdout is not one JSON document: Extra data: line 2 column 1 (char 550)"
      ]
    },
    "sage_singular": {
      "evidence_origin": "runner_observed_local_subprocess",
      "axis": "sage_singular",
      "argv": [
        "/usr/bin/python3.12",
        "-B",
        "docs/research_program/gr_statistics_loops_20260930/local_cas/GRSTAT-CAS-20260930-1308KST/CAS-11/c01_bregman_three_point_v2_20261008/sage_singular/run_axis.py"
      ],
      "cwd": ".",
      "timeout_seconds": 1800,
      "solver_executed": true,
      "preflight_probe": {
        "status": "PASS",
        "commands": [
          {
            "cmd": "sage -c <exact factor + singular version probe>",
            "exit": 0
          }
        ],
        "transcript_tail": "SageMath version 10.9, Release Date: 2026-05-04\n44100\n<cmdline>:1: DeprecationWarning: Use sage.version.version instead.\nSee https://github.com/sagemath/sage/issues/39015 for details.\n"
      },
      "started_at": "2026-10-08T02:25:10+00:00",
      "completed_at": "2026-10-08T02:25:13+00:00",
      "exit_code": 0,
      "timed_out": false,
      "stdout_tail": "{\"checks\": {\"CAS-11-C01\": true}, \"counterexample\": null, \"domain_assumption_diff\": []}\n",
      "stderr_tail": "",
      "derived_status": "PASS",
      "errors": [],
      "payload": {
        "checks": {
          "CAS-11-C01": true
        },
        "domain_assumption_diff": [],
        "counterexample": null
      }
    },
    "lean": {
      "evidence_origin": "runner_observed_local_subprocess",
      "axis": "lean",
      "argv": [
        "/usr/bin/python3.12",
        "-B",
        "docs/research_program/gr_statistics_loops_20260930/local_cas/GRSTAT-CAS-20260930-1308KST/CAS-11/c01_bregman_three_point_v2_20261008/lean/run.py"
      ],
      "cwd": ".",
      "timeout_seconds": 7200,
      "solver_executed": true,
      "preflight_probe": {
        "status": "PASS",
        "commands": [
          {
            "cmd": "ELAN_TOOLCHAIN=leanprover/lean4:v4.31.0 lean --version",
            "exit": 0
          }
        ],
        "transcript_tail": "Lean (version 4.31.0, x86_64-unknown-linux-gnu, commit 68218e876d2a38b1985b8590fff244a83c321783, Release)\n",
        "pinned_toolchain": "leanprover/lean4:v4.31.0"
      },
      "started_at": "2026-10-08T02:25:13+00:00",
      "completed_at": "2026-10-08T02:25:18+00:00",
      "exit_code": 0,
      "timed_out": false,
      "stdout_tail": "{\"checks\": {\"CAS-11-C01\": true}, \"computed\": {\"/home/cosmosapjw/Dropbox/bianchi/htt_base/docs/research_program/gr_statistics_loops_20260930/cas/COMMON_SPEC.md\": \"4714827e52acf3cb149f4014ac50ab2aa995dd4a0526f6b26ac7257807fe1897\", \"/home/cosmosapjw/Dropbox/bianchi/htt_base/docs/research_program/gr_statistics_loops_20260930/local_cas/GRSTAT-CAS-20260930-1308KST/CAS-11/c01_bregman_three_point_v2_20261008/ADMITTED_INPUTS.json\": \"c65019a54a477d4d75738579741c33ace4e19db42142e0bde0c20b013cd79e55\", \"/home/cosmosapjw/Dropbox/bianchi/htt_base/docs/research_program/gr_statistics_loops_20260930/local_cas/GRSTAT-CAS-20260930-1308KST/CAS-11/c01_bregman_three_point_v2_20261008/EXECUTION_CONTRACT.json\": \"b62b4eed9cf40b400348f396aefa166f85a24d9880ec31d429b5d75f280dc884\", \"/home/cosmosapjw/Dropbox/bianchi/htt_base/docs/research_program/gr_statistics_loops_20260930/local_cas/GRSTAT-CAS-20260930-1308KST/CAS-11/c01_bregman_three_point_v2_20261008/lean/BregmanThreePoint.lean\": \"12f3dd682db93f0966fd3547f10f25eb4fca9e8506ff58fc7c1ba6ac7cf9975c\", \"/home/cosmosapjw/lean_oracles/viii_oracle/lake-manifest.json\": \"1a7cbb6b0487b078e2e5f768fc9e1bd78e2e36d0d896477cadf1d8971464db08\", \"/home/cosmosapjw/lean_oracles/viii_oracle/lean-toolchain\": \"efac0b94923b2d8b6840cd35be9177ad0fc5ab2332f4f4311c98712cee92fdee\", \"dimension_scope\": \"arbitrary Fin n and Fin k, including zero dimensions\", \"formal_axioms\": [\"propext\", \"Classical.choice\", \"Quot.sound\"], \"lean_exit\": 0, \"lean_version\": \"Lean (version 4.31.0, x86_64-unknown-linux-gnu, commit 68218e876d2a38b1985b8590fff244a83c321783, Release)\", \"mathlib_revision\": \"fabf563a7c95a166b8d7b6efca11c8b4dc9d911f\", \"raw_log_matches_final\": true, \"raw_log_sha256\": \"726a5dbfce017b89f64b43b155dc143d71c03dcc7a115c76266ecca985d2238f\"}, \"counterexample\": null, \"domain_assumption_diff\": []}\n",
      "stderr_tail": "",
      "derived_status": "PASS",
      "errors": [],
      "payload": {
        "checks": {
          "CAS-11-C01": true
        },
        "domain_assumption_diff": [],
        "computed": {
          "/home/cosmosapjw/Dropbox/bianchi/htt_base/docs/research_program/gr_statistics_loops_20260930/cas/COMMON_SPEC.md": "4714827e52acf3cb149f4014ac50ab2aa995dd4a0526f6b26ac7257807fe1897",
          "/home/cosmosapjw/Dropbox/bianchi/htt_base/docs/research_program/gr_statistics_loops_20260930/local_cas/GRSTAT-CAS-20260930-1308KST/CAS-11/c01_bregman_three_point_v2_20261008/ADMITTED_INPUTS.json": "c65019a54a477d4d75738579741c33ace4e19db42142e0bde0c20b013cd79e55",
          "/home/cosmosapjw/Dropbox/bianchi/htt_base/docs/research_program/gr_statistics_loops_20260930/local_cas/GRSTAT-CAS-20260930-1308KST/CAS-11/c01_bregman_three_point_v2_20261008/EXECUTION_CONTRACT.json": "b62b4eed9cf40b400348f396aefa166f85a24d9880ec31d429b5d75f280dc884",
          "/home/cosmosapjw/Dropbox/bianchi/htt_base/docs/research_program/gr_statistics_loops_20260930/local_cas/GRSTAT-CAS-20260930-1308KST/CAS-11/c01_bregman_three_point_v2_20261008/lean/BregmanThreePoint.lean": "12f3dd682db93f0966fd3547f10f25eb4fca9e8506ff58fc7c1ba6ac7cf9975c",
          "/home/cosmosapjw/lean_oracles/viii_oracle/lake-manifest.json": "1a7cbb6b0487b078e2e5f768fc9e1bd78e2e36d0d896477cadf1d8971464db08",
          "/home/cosmosapjw/lean_oracles/viii_oracle/lean-toolchain": "efac0b94923b2d8b6840cd35be9177ad0fc5ab2332f4f4311c98712cee92fdee",
          "dimension_scope": "arbitrary Fin n and Fin k, including zero dimensions",
          "formal_axioms": [
            "propext",
            "Classical.choice",
            "Quot.sound"
          ],
          "lean_exit": 0,
          "lean_version": "Lean (version 4.31.0, x86_64-unknown-linux-gnu, commit 68218e876d2a38b1985b8590fff244a83c321783, Release)",
          "mathlib_revision": "fabf563a7c95a166b8d7b6efca11c8b4dc9d911f",
          "raw_log_matches_final": true,
          "raw_log_sha256": "726a5dbfce017b89f64b43b155dc143d71c03dcc7a115c76266ecca985d2238f"
        },
        "counterexample": null
      }
    }
  },
  "claim_promotion_cas_eligible": false,
  "claim_promotion_cas_requirement": "NOT_SATISFIED"
}
