test_alias_collision_is_config_error (test_model_router.ModelRouterTests.test_alias_collision_is_config_error) ... ok
test_all_gpt56_aliases (test_model_router.ModelRouterTests.test_all_gpt56_aliases) ... ok
test_all_gpt6_astra_aliases (test_model_router.ModelRouterTests.test_all_gpt6_astra_aliases) ... ok
test_both_dispatch_research_then_coding (test_model_router.ModelRouterTests.test_both_dispatch_research_then_coding) ... ok
test_case_and_outer_whitespace_normalize (test_model_router.ModelRouterTests.test_case_and_outer_whitespace_normalize) ... ok
test_coding_dispatch (test_model_router.ModelRouterTests.test_coding_dispatch) ... ok
test_custom_registry_path_is_used (test_model_router.ModelRouterTests.test_custom_registry_path_is_used) ... ok
test_default_research_does_not_select_coding (test_model_router.ModelRouterTests.test_default_research_does_not_select_coding) ... ok
test_duplicate_json_key_is_config_error (test_model_router.ModelRouterTests.test_duplicate_json_key_is_config_error) ... ok
test_explicit_harness_works_without_known_model (test_model_router.ModelRouterTests.test_explicit_harness_works_without_known_model) ... ok
test_explicit_old_harness_overrides_new_model (test_model_router.ModelRouterTests.test_explicit_old_harness_overrides_new_model) ... ok
test_malformed_json_is_config_error (test_model_router.ModelRouterTests.test_malformed_json_is_config_error) ... ok
test_missing_label_does_not_inspect_environment (test_model_router.ModelRouterTests.test_missing_label_does_not_inspect_environment) ... ok
test_missing_package_or_inconsistent_path_is_config_error (test_model_router.ModelRouterTests.test_missing_package_or_inconsistent_path_is_config_error) ... ok
test_missing_registry_is_config_error (test_model_router.ModelRouterTests.test_missing_registry_is_config_error) ... ok
test_selection_does_not_claim_loaded_executed_or_identity (test_model_router.ModelRouterTests.test_selection_does_not_claim_loaded_executed_or_identity) ... ok
test_unknown_and_future_models_do_not_route (test_model_router.ModelRouterTests.test_unknown_and_future_models_do_not_route) ... ok
test_unsupported_override_is_rejected_by_cli (test_model_router.ModelRouterTests.test_unsupported_override_is_rejected_by_cli) ... ok
test_wrong_version_or_root_is_config_error (test_model_router.ModelRouterTests.test_wrong_version_or_root_is_config_error) ... ok

----------------------------------------------------------------------
Ran 19 tests in 4.416s

OK
