{
  "ok": false,
  "context_version": "2aadf7ee464f3801564eb811ce842dacce78a59d68206d10d6304fbb79a13fa4",
  "active_run": "R9-HARNESS-20260913",
  "live_context": {
    "context_version": "2aadf7ee464f3801564eb811ce842dacce78a59d68206d10d6304fbb79a13fa4",
    "head": "247de8d232b401974d0deab2f9e9111974a0fbbb",
    "dag_sha256": "aac7aec0981e6e338a59952cf8abd212f0f9538f9c2e06bc16f572d97f563833",
    "status_sha256": "12c46a51ca62cca344f84a9638800a83fdabb27212333af2769ab9775203ffc4",
    "run": {
      "run_id": "R9-HARNESS-20260913",
      "work_unit_id": "PR-R9-REV2",
      "spec_ref": "docs/research_program/tensor_joint_r9/revision2/harness_activation/STATE.md",
      "base_ref": "247de8d232b401974d0deab2f9e9111974a0fbbb",
      "head_ref": "HEAD",
      "context_version": "2aadf7ee464f3801564eb811ce842dacce78a59d68206d10d6304fbb79a13fa4",
      "status": "initialized"
    },
    "live_context_id": "c5a9451c2d908a029064bfc3782cab5f91d73111292ca603ada2f3efc0723cae",
    "branch": "implementation/project-catalog-20260912",
    "dag": {
      "path": "docs/codex_handoff/pr_backlog.yaml",
      "generated_on": "2026-06-11",
      "scope": "htt_base_pre_native_lowell_solver_codex_dag_v2",
      "pr_count": 199
    },
    "status": {
      "path": "docs/codex_handoff/pr_status.yaml",
      "generated_on": "2026-09-13",
      "completed": 146,
      "blocked": 2,
      "pending": 22,
      "in_progress": null
    }
  },
  "errors": [
    "claim registry line 1 spec_refs[0] is missing or not a regular file: docs/research_program/long_horizon_rescue/pr122_spec.yaml",
    "claim registry line 2 spec_refs[0] is missing or not a regular file: docs/research_program/long_horizon_rescue/pr122_spec.yaml",
    "claim registry line 3 spec_refs[0] is missing or not a regular file: docs/research_program/long_horizon_rescue/pr122_spec.yaml",
    "claim registry line 5 spec_refs[0] is missing or not a regular file: docs/research_program/long_horizon_rescue/pr123_spec.yaml",
    "claim registry line 6 spec_refs[0] is missing or not a regular file: docs/research_program/long_horizon_rescue/pr124_spec.yaml",
    "claim registry line 7 spec_refs[0] is missing or not a regular file: docs/research_program/long_horizon_rescue/pr125_spec.yaml",
    "claim registry line 8 spec_refs[0] is missing or not a regular file: docs/research_program/long_horizon_rescue/pr126_spec.yaml",
    "claim registry line 9 spec_refs[0] is missing or not a regular file: docs/research_program/long_horizon_rescue/pr127_spec.yaml",
    "claim registry line 10 spec_refs[0] is missing or not a regular file: docs/research_program/long_horizon_rescue/pr128_spec.yaml",
    "claim registry line 11 spec_refs[0] is missing or not a regular file: docs/research_program/long_horizon_rescue/pr129_spec.yaml",
    "claim registry line 12 spec_refs[0] is missing or not a regular file: docs/research_program/long_horizon_rescue/pr130_spec.yaml",
    "claim registry line 13 spec_refs[0] is missing or not a regular file: docs/research_program/long_horizon_rescue/pr131_spec.yaml",
    "claim registry line 14 spec_refs[0] is missing or not a regular file: docs/research_program/long_horizon_rescue/pr132_spec.yaml",
    "claim registry line 15 spec_refs[0] is missing or not a regular file: docs/research_program/long_horizon_rescue/pr133_spec.yaml",
    "claim registry line 16 spec_refs[0] is missing or not a regular file: docs/research_program/long_horizon_rescue/pr134_spec.yaml",
    "claim registry line 17 spec_refs[0] is missing or not a regular file: docs/research_program/long_horizon_rescue/pr135_spec.yaml",
    "claim registry line 18 spec_refs[0] is missing or not a regular file: docs/research_program/long_horizon_rescue/pr136_spec.yaml",
    "claim registry line 19 spec_refs[0] is missing or not a regular file: docs/research_program/long_horizon_rescue/pr137_spec.yaml",
    "claim registry line 20 spec_refs[0] is missing or not a regular file: docs/research_program/long_horizon_rescue/pr138_spec.yaml"
  ]
}
