"------------------------------------------------------------"
"Package xAct`xPerm`  version ""1.2.4"", "{2025, 12, 29}
"CopyRight (C) 2003-2026, Jose M. Martin-Garcia, under the General Public License."
"Connecting to external linux executable..."
"Connection established."
"------------------------------------------------------------"
"Package xAct`xTensor` version ""1.3.0"", "{2025, 12, 29}
"CopyRight (C) 2002-2026, Jose M. Martin-Garcia, under the General Public License."
"------------------------------------------------------------"
"These packages come with ABSOLUTELY NO WARRANTY; for details type Disclaimer[]. This is free software, and you are welcome to redistribute it under certain conditions. See the General Public License for details."
"------------------------------------------------------------"
"** "DefManifold": Defining ""manifold "CAS07Screen". """
"** "DefVBundle": Defining ""vbundle "TangentCAS07Screen". """
"** "DefTensor": Defining ""symmetric metric tensor "cas07g[-ia, -ib]". """
"** "DefTensor": Defining ""antisymmetric tensor "epsiloncas07g[-ia]". """
"** "DefCovD": Defining ""covariant derivative "cas07D[-ia]". """
"** "DefTensor": Defining ""vanishing torsion tensor "Torsioncas07D[ia, -ib, -ib1]". """
"** "DefTensor": Defining ""symmetric Christoffel tensor "Christoffelcas07D[ia, -ib, -ib1]". """
"** "DefTensor": Defining ""vanishing Riemann tensor "Riemanncas07D[-ia, -ib, -ib1, -ib2]". """
"** "DefTensor": Defining ""vanishing Ricci tensor "Riccicas07D[-ia, -ib]". """
"** "DefTensor": Defining ""vanishing Ricci scalar "RicciScalarcas07D[]". """
"** "DefTensor": Defining ""vanishing Einstein tensor "Einsteincas07D[-ia, -ib]". """
"** "DefTensor": Defining ""vanishing Weyl tensor "Weylcas07D[-ia, -ib, -ib1, -ib2]". """
"** "DefTensor": Defining ""vanishing TFRicci tensor "TFRiccicas07D[-ia, -ib]". """
"** "DefTensor": Defining ""Kretschmann scalar "Kretschmanncas07D[]". """
"** "DefTensor": Defining ""weight +2 density "Detcas07g[]". ""     Determinant."
"** "DefTensor": Defining ""tensor "cas07e[ia]". """

Syntax::sntx: Invalid syntax in or before "];". (line 86 of "/home/cosmosapjw/Dropbox/bianchi/htt_base/docs/research_program/gr_statistics_loops_20260930/local_cas/GRSTAT-CAS-20260930-1308KST/CAS-07/c03_input_aligned_v1_20261007/wolfram_xact/check.wl")
                                            ^
