"------------------------------------------------------------"
"Package xAct`xPerm`  version ""1.2.4"", "{2025, 12, 29}
"CopyRight (C) 2003-2026, Jose M. Martin-Garcia, under the General Public License."
"Connecting to external linux executable..."
"Connection established."
"------------------------------------------------------------"
"Package xAct`xTensor` version ""1.3.0"", "{2025, 12, 29}
"CopyRight (C) 2002-2026, Jose M. Martin-Garcia, under the General Public License."
"------------------------------------------------------------"
"These packages come with ABSOLUTELY NO WARRANTY; for details type Disclaimer[]. This is free software, and you are welcome to redistribute it under certain conditions. See the General Public License for details."
"------------------------------------------------------------"
"** "DefManifold": Defining ""manifold "CAS07Screen". """
"** "DefVBundle": Defining ""vbundle "TangentCAS07Screen". """
"** "DefTensor": Defining ""symmetric metric tensor "cas07g[-ia, -ib]". """
"** "DefTensor": Defining ""antisymmetric tensor "epsiloncas07g[-ia]". """
"** "DefCovD": Defining ""covariant derivative "cas07D[-ia]". """
"** "DefTensor": Defining ""vanishing torsion tensor "Torsioncas07D[ia, -ib, -ib1]". """
"** "DefTensor": Defining ""symmetric Christoffel tensor "Christoffelcas07D[ia, -ib, -ib1]". """
"** "DefTensor": Defining ""vanishing Riemann tensor "Riemanncas07D[-ia, -ib, -ib1, -ib2]". """
"** "DefTensor": Defining ""vanishing Ricci tensor "Riccicas07D[-ia, -ib]". """
"** "DefTensor": Defining ""vanishing Ricci scalar "RicciScalarcas07D[]". """
"** "DefTensor": Defining ""vanishing Einstein tensor "Einsteincas07D[-ia, -ib]". """
"** "DefTensor": Defining ""vanishing Weyl tensor "Weylcas07D[-ia, -ib, -ib1, -ib2]". """
"** "DefTensor": Defining ""vanishing TFRicci tensor "TFRiccicas07D[-ia, -ib]". """
"** "DefTensor": Defining ""Kretschmann scalar "Kretschmanncas07D[]". """
"** "DefTensor": Defining ""weight +2 density "Detcas07g[]". ""     Determinant."
"** "DefTensor": Defining ""tensor "cas07e[ia]". """
AXIS_JSON:{"checks":{"CAS-07-C03-FD1":{"pass":true,"screen_bound":true,"triangle":true,"decomposition":true,"absolute_product":true,"screen_product_bound":true},"CAS-07-C03-FD2":{"pass":false,"positive_denominators":true,"s_scaled_upper":false,"s_upper":true,"eta_upper":true,"quadratic_upper":true,"linear_upper":true},"CAS-07-C03-FD3":{"pass":true,"identity":true,"quadratic_upper":true,"linear_upper":true}},"xact":{"pass":true,"contraction":"-2*dd*ss*cas07e[-ia]*cas07e[ia] + cas07e[-ia]*cas07e[ia]*Scalar[dd]^2 + cas07e[-ia]*cas07e[ia]*Scalar[ss]^2","one_dimensional_metric_component":1},"domain_assumption_diff":[],"counterexample":"At least one exact proof or xTensor check did not return True; see checks","tool_versions":{"wolfram":"15.0.0 for Linux x86 (64-bit) (May 26, 2026)","wolfram_version_number":1.5e1,"xact_xtensor":["1.3.0",[2025,12,29]]}}
