------------------------------------------------------------
Package xAct`xPerm`  version 1.2.4, {2025, 12, 29}
CopyRight (C) 2003-2026, Jose M. Martin-Garcia, under the General Public License.
Connecting to external linux executable...
Connection established.
------------------------------------------------------------
Package xAct`xTensor` version 1.3.0, {2025, 12, 29}
CopyRight (C) 2002-2026, Jose M. Martin-Garcia, under the General Public License.
------------------------------------------------------------
These packages come with ABSOLUTELY NO WARRANTY; for details type Disclaimer[]. This is free software, and you are welcome to redistribute it under certain conditions. See the General Public License for details.
------------------------------------------------------------
GATE_JSON:{
	"component":"CAS-15-C03",
	"engine":"Wolfram Engine + xAct xTensor",
	"wolfram_version":"15.0.0 for Linux x86 (64-bit) (May 26, 2026)",
	"xtensor_version":"{\"1.3.0\", {2025, 12, 29}}",
	"checks":[
		{
			"id":"diagonal_commutator_map",
			"pass":true
		},
		{
			"id":"skew_input_symmetric_zero_diagonal_output",
			"pass":true
		},
		{
			"id":"rank_three_kernel_zero_for_distinct_eigenvalues",
			"pass":true
		},
		{
			"id":"exact_inverse_for_compatible_R",
			"pass":true
		},
		{
			"id":"frob_gap_identity",
			"pass":true
		},
		{
			"id":"projection_orthogonality",
			"pass":true
		},
		{
			"id":"projection_idempotent_and_symmetric",
			"pass":true
		},
		{
			"id":"least_squares_projected_inverse",
			"pass":true
		},
		{
			"id":"diagonal_residual_not_fitted",
			"pass":true
		},
		{
			"id":"least_squares_error_projection_identity",
			"pass":true
		},
		{
			"id":"scalar_bound_implication",
			"pass":true
		},
		{
			"id":"repeated_eigenvalue_kernel_control",
			"pass":true
		},
		{
			"id":"isotropic_zero_map_control",
			"pass":true
		},
		{
			"id":"perturbed_zero_gap_excluded",
			"pass":true
		}
	],
	"all_pass":true
}
