{
  "schema_version": 2,
  "contract_id": "GRSTAT-20260930-CAS13-C04-RELATIVE-MINIMAX",
  "contract_sha256": "0002809c73fd5de362deded39735fe884183bb953029f671552a525f74086f63",
  "aggregate_status": "CAS_CONFLICT",
  "risk_tier": "R3",
  "required_axes": [
    "wolfram_xact",
    "sympy",
    "sage_singular",
    "lean"
  ],
  "axis_statuses": {
    "wolfram_xact": "PASS",
    "sympy": "MISALIGNED_ASSUMPTIONS",
    "sage_singular": "MISALIGNED_ASSUMPTIONS",
    "lean": "PASS"
  },
  "missing_axes": [],
  "exceptions_applied": [],
  "errors": [],
  "adjudicated_at": "2026-09-30T05:29:32+00:00",
  "note": "CAS_4AXIS_PASS requires all 4 contract-required axes to satisfy the risk-scaled contract under one contract hash; majority vote is structurally forbidden. Runner observation establishes only the CAS evidence component; it does not establish scientific validity, novelty, or overall claim readiness. Local observation is not a security attestation.",
  "verification_state": "RUNNER_OBSERVED_EXECUTION",
  "evidence_origin": "runner_observed_local_subprocess",
  "execution_evidence": {
    "wolfram_xact": {
      "evidence_origin": "runner_observed_local_subprocess",
      "axis": "wolfram_xact",
      "argv": [
        "/usr/bin/python3",
        "-B",
        "/home/cosmosapjw/Dropbox/bianchi/htt_base/docs/research_program/gr_statistics_loops_20260930/local_cas/GRSTAT-CAS-CORR-20260930-1420KST/execution/CAS13-C04/wolfram_axis.py"
      ],
      "cwd": "docs/research_program/gr_statistics_loops_20260930/local_cas/GRSTAT-CAS-CORR-20260930-1420KST/execution/CAS13-C04",
      "timeout_seconds": 650,
      "solver_executed": true,
      "preflight_probe": {
        "status": "PASS",
        "commands": [
          {
            "cmd": "wolframscript -code <version+xAct probe>",
            "exit": 0
          }
        ],
        "transcript_tail": "---------------------------------------------------------\nPackage xAct`xPerm`  version 1.2.4, {2025, 12, 29}\nCopyRight (C) 2003-2026, Jose M. Martin-Garcia, under the General Public License.\nConnecting to external linux executable...\nConnection established.\n------------------------------------------------------------\nPackage xAct`xTensor` version 1.3.0, {2025, 12, 29}\nCopyRight (C) 2002-2026, Jose M. Martin-Garcia, under the General Public License.\n------------------------------------------------------------\nThese packages come with ABSOLUTELY NO WARRANTY; for details type Disclaimer[]. This is free software, and you are welcome to redistribute it under certain conditions. See the General Public License for details.\n------------------------------------------------------------\nXACT_LOAD_OK\n"
      },
      "started_at": "2026-09-30T05:28:53+00:00",
      "completed_at": "2026-09-30T05:28:59+00:00",
      "exit_code": 0,
      "timed_out": false,
      "stdout_tail": "{\"checks\": {\"CAS13-C04-RELATIVE-MINIMAX\": true}, \"domain_assumption_diff\": [], \"counterexample\": null, \"engine_certificate\": {\"upper\": true, \"endpoints\": true, \"competitor\": true, \"full_scope\": true, \"raw_forms\": [\"True\", \"True\", \"True\"]}}\n",
      "stderr_tail": "",
      "derived_status": "PASS",
      "errors": [],
      "payload": {
        "checks": {
          "CAS13-C04-RELATIVE-MINIMAX": true
        },
        "domain_assumption_diff": [],
        "counterexample": null
      }
    },
    "sympy": {
      "evidence_origin": "runner_observed_local_subprocess",
      "axis": "sympy",
      "argv": [
        "/usr/bin/python3",
        "-B",
        "/home/cosmosapjw/Dropbox/bianchi/htt_base/docs/research_program/gr_statistics_loops_20260930/local_cas/GRSTAT-CAS-CORR-20260930-1420KST/execution/CAS13-C04/sympy_axis.py"
      ],
      "cwd": "docs/research_program/gr_statistics_loops_20260930/local_cas/GRSTAT-CAS-CORR-20260930-1420KST/execution/CAS13-C04",
      "timeout_seconds": 650,
      "solver_executed": true,
      "preflight_probe": {
        "status": "PASS",
        "commands": [
          {
            "cmd": "/home/cosmosapjw/Dropbox/bianchi/htt_base/venv/bin/python -c <sympy exact factor probe>",
            "exit": 0
          }
        ],
        "transcript_tail": "1.14.0\n"
      },
      "started_at": "2026-09-30T05:28:59+00:00",
      "completed_at": "2026-09-30T05:28:59+00:00",
      "exit_code": 0,
      "timed_out": false,
      "stdout_tail": "{\"checks\": {\"CAS13-C04-RELATIVE-MINIMAX\": true}, \"domain_assumption_diff\": [\"Symbolic identities and sign certificate ingredients checked; universal implication not discharged by this SymPy program\"], \"counterexample\": null, \"computed\": {\"lower_candidate\": \"0\", \"upper_candidate\": \"0\", \"endpoint_L\": \"0\", \"endpoint_U\": \"0\", \"lower_m\": \"2*U*(-L + m)/(L + U)\", \"upper_m\": \"-2*L*(-U + m)/(L + U)\"}, \"sympy_version\": \"1.14.0\"}\n",
      "stderr_tail": "",
      "derived_status": "MISALIGNED_ASSUMPTIONS",
      "errors": [
        "child reported a non-empty domain_assumption_diff"
      ],
      "payload": {
        "checks": {
          "CAS13-C04-RELATIVE-MINIMAX": true
        },
        "domain_assumption_diff": [
          "Symbolic identities and sign certificate ingredients checked; universal implication not discharged by this SymPy program"
        ],
        "computed": {
          "lower_candidate": "0",
          "upper_candidate": "0",
          "endpoint_L": "0",
          "endpoint_U": "0",
          "lower_m": "2*U*(-L + m)/(L + U)",
          "upper_m": "-2*L*(-U + m)/(L + U)"
        },
        "counterexample": null
      }
    },
    "sage_singular": {
      "evidence_origin": "runner_observed_local_subprocess",
      "axis": "sage_singular",
      "argv": [
        "/usr/bin/python3",
        "-B",
        "/home/cosmosapjw/Dropbox/bianchi/htt_base/docs/research_program/gr_statistics_loops_20260930/local_cas/GRSTAT-CAS-CORR-20260930-1420KST/execution/CAS13-C04/sage_axis.py"
      ],
      "cwd": "docs/research_program/gr_statistics_loops_20260930/local_cas/GRSTAT-CAS-CORR-20260930-1420KST/execution/CAS13-C04",
      "timeout_seconds": 650,
      "solver_executed": true,
      "preflight_probe": {
        "status": "PASS",
        "commands": [
          {
            "cmd": "sage -c <exact factor + singular version probe>",
            "exit": 0
          }
        ],
        "transcript_tail": "SageMath version 10.9, Release Date: 2026-05-04\n44100\n<cmdline>:1: DeprecationWarning: Use sage.version.version instead.\nSee https://github.com/sagemath/sage/issues/39015 for details.\n"
      },
      "started_at": "2026-09-30T05:29:07+00:00",
      "completed_at": "2026-09-30T05:29:10+00:00",
      "exit_code": 0,
      "timed_out": false,
      "stdout_tail": "{\"checks\": {\"CAS13-C04-RELATIVE-MINIMAX\": true}, \"domain_assumption_diff\": [\"Endpoint polynomial certificates only; full interval and all-real competitor inequalities remain unproved by Sage axis\"], \"counterexample\": null, \"sage_scope\": \"endpoint equalities only\"}\n",
      "stderr_tail": "",
      "derived_status": "MISALIGNED_ASSUMPTIONS",
      "errors": [
        "child reported a non-empty domain_assumption_diff"
      ],
      "payload": {
        "checks": {
          "CAS13-C04-RELATIVE-MINIMAX": true
        },
        "domain_assumption_diff": [
          "Endpoint polynomial certificates only; full interval and all-real competitor inequalities remain unproved by Sage axis"
        ],
        "counterexample": null
      }
    },
    "lean": {
      "evidence_origin": "runner_observed_local_subprocess",
      "axis": "lean",
      "argv": [
        "/usr/bin/python3",
        "-B",
        "/home/cosmosapjw/Dropbox/bianchi/htt_base/docs/research_program/gr_statistics_loops_20260930/local_cas/GRSTAT-CAS-CORR-20260930-1420KST/execution/CAS13-C04/lean_axis.py"
      ],
      "cwd": "docs/research_program/gr_statistics_loops_20260930/local_cas/GRSTAT-CAS-CORR-20260930-1420KST/execution/CAS13-C04",
      "timeout_seconds": 650,
      "solver_executed": true,
      "preflight_probe": {
        "status": "PASS",
        "commands": [
          {
            "cmd": "ELAN_TOOLCHAIN=leanprover/lean4:v4.31.0 lean --version",
            "exit": 0
          }
        ],
        "transcript_tail": "Lean (version 4.31.0, x86_64-unknown-linux-gnu, commit 68218e876d2a38b1985b8590fff244a83c321783, Release)\n",
        "pinned_toolchain": "leanprover/lean4:v4.31.0"
      },
      "started_at": "2026-09-30T05:29:10+00:00",
      "completed_at": "2026-09-30T05:29:32+00:00",
      "exit_code": 0,
      "timed_out": false,
      "stdout_tail": "{\"checks\": {\"CAS13-C04-RELATIVE-MINIMAX\": true}, \"domain_assumption_diff\": [], \"counterexample\": null, \"theorem\": \"grstat_cas13_minimax\", \"scope\": \"uniform bound; both endpoint equalities; every real competitor; L=U included\"}\n",
      "stderr_tail": "",
      "derived_status": "PASS",
      "errors": [],
      "payload": {
        "checks": {
          "CAS13-C04-RELATIVE-MINIMAX": true
        },
        "domain_assumption_diff": [],
        "counterexample": null
      }
    }
  },
  "claim_promotion_cas_eligible": false,
  "claim_promotion_cas_requirement": "NOT_SATISFIED"
}
