------------------------------------------------------------
Package xAct`xPerm`  version 1.2.4, {2025, 12, 29}
CopyRight (C) 2003-2026, Jose M. Martin-Garcia, under the General Public License.
Connecting to external linux executable...
Connection established.
------------------------------------------------------------
Package xAct`xTensor` version 1.3.0, {2025, 12, 29}
CopyRight (C) 2002-2026, Jose M. Martin-Garcia, under the General Public License.
------------------------------------------------------------
These packages come with ABSOLUTELY NO WARRANTY; for details type Disclaimer[]. This is free software, and you are welcome to redistribute it under certain conditions. See the General Public License for details.
------------------------------------------------------------
** DefManifold: Defining manifold M. 
** DefVBundle: Defining vbundle TangentM. 
** DefTensor: Defining symmetric metric tensor g[-a, -b]. 
** DefTensor: Defining antisymmetric tensor epsilong[-a, -b, -b1, -b2]. 
** DefTensor: Defining tetrametric Tetrag[-a, -b, -b1, -b2]. 
** DefTensor: Defining tetrametric Tetrag†[-a, -b, -b1, -b2]. 
** DefCovD: Defining covariant derivative CD[-a]. 
** DefTensor: Defining vanishing torsion tensor TorsionCD[a, -b, -b1]. 
** DefTensor: Defining symmetric Christoffel tensor ChristoffelCD[a, -b, -b1]. 
** DefTensor: Defining Riemann tensor RiemannCD[-a, -b, -b1, -b2]. 
** DefTensor: Defining symmetric Ricci tensor RicciCD[-a, -b]. 
** DefCovD: Contractions of Riemann automatically replaced by Ricci.
** DefTensor: Defining Ricci scalar RicciScalarCD[]. 
** DefCovD: Contractions of Ricci automatically replaced by RicciScalar.
** DefTensor: Defining symmetric Einstein tensor EinsteinCD[-a, -b]. 
** DefTensor: Defining Weyl tensor WeylCD[-a, -b, -b1, -b2]. 
** DefTensor: Defining symmetric TFRicci tensor TFRicciCD[-a, -b]. 
** DefTensor: Defining Kretschmann scalar KretschmannCD[]. 
** DefCovD: Computing RiemannToWeylRules for dim 4
** DefCovD: Computing RicciToTFRicci for dim 4
** DefCovD: Computing RicciToEinsteinRules for dim 4
** DefTensor: Defining weight +2 density Detg[].      Determinant.
** DefTensor: Defining tensor S[-a, -b]. 
** DefTensor: Defining tensor u[a]. 

ToExpression::sntx: Invalid syntax in or before "restIdentity=FullSimplify[(x.x-vx^2/gam^2)-((x.x+Total[Flatten[Table[(v[[i]]x[[j]]-v[[j]]x[[i]])^2,{i,1,3},{j,i+1,3}]])/(1+v.v)),Assumptions->{gam^2==1+v.v,gam>0}];".
                                                                                                                                                                        ^
