------------------------------------------------------------
Package xAct`xPerm`  version 1.2.4, {2025, 12, 29}
CopyRight (C) 2003-2026, Jose M. Martin-Garcia, under the General Public License.
Connecting to external linux executable...
Connection established.
------------------------------------------------------------
Package xAct`xTensor` version 1.3.0, {2025, 12, 29}
CopyRight (C) 2002-2026, Jose M. Martin-Garcia, under the General Public License.
------------------------------------------------------------
These packages come with ABSOLUTELY NO WARRANTY; for details type Disclaimer[]. This is free software, and you are welcome to redistribute it under certain conditions. See the General Public License for details.
------------------------------------------------------------
** DefManifold: Defining manifold GrstatM. 
** DefVBundle: Defining vbundle TangentGrstatM. 
** DefTensor: Defining symmetric metric tensor met[-a, -b]. 
** DefTensor: Defining antisymmetric tensor epsilonmet[-a, -b, -d, -e]. 
** DefTensor: Defining tetrametric Tetramet[-a, -b, -d, -e]. 
** DefTensor: Defining tetrametric Tetramet†[-a, -b, -d, -e]. 
** DefCovD: Defining covariant derivative CD[-a]. 
** DefTensor: Defining vanishing torsion tensor TorsionCD[a, -b, -d]. 
** DefTensor: Defining symmetric Christoffel tensor ChristoffelCD[a, -b, -d]. 
** DefTensor: Defining Riemann tensor RiemannCD[-a, -b, -d, -e]. 
** DefTensor: Defining symmetric Ricci tensor RicciCD[-a, -b]. 
** DefCovD: Contractions of Riemann automatically replaced by Ricci.
** DefTensor: Defining Ricci scalar RicciScalarCD[]. 
** DefCovD: Contractions of Ricci automatically replaced by RicciScalar.
** DefTensor: Defining symmetric Einstein tensor EinsteinCD[-a, -b]. 
** DefTensor: Defining Weyl tensor WeylCD[-a, -b, -d, -e]. 
** DefTensor: Defining symmetric TFRicci tensor TFRicciCD[-a, -b]. 
** DefTensor: Defining Kretschmann scalar KretschmannCD[]. 
** DefCovD: Computing RiemannToWeylRules for dim 4
** DefCovD: Computing RicciToTFRicci for dim 4
** DefCovD: Computing RicciToEinsteinRules for dim 4
** DefTensor: Defining weight +2 density Detmet[].      Determinant.
CAS_JSON_BEGIN
{
	"checks":{
		"CAS-05-C01":true,
		"CAS-05-C02":true,
		"CAS-05-C03":true
	},
	"domain_assumption_diff":[],
	"counterexample":null,
	"xact_actions":{
		"riemannAntisymmetry":true,
		"metricCompatibility":true
	},
	"intermediate":{
		"G_origin":"{{6*bpar, 0, 0, 0}, {0, 0, 0, 0}, {0, 0, 0, 0}, {0, 0, 0, 0}}",
		"ray_residual":"0",
		"basis_checks":[
			true,
			true,
			true,
			true,
			true,
			true,
			true,
			true,
			true,
			true,
			true,
			true
		],
		"bianchi_checks":[
			true,
			true,
			true,
			true
		]
	},
	"wolfram_version":"15.0.0 for Linux x86 (64-bit) (May 26, 2026)",
	"xtensor_version":"{\"1.3.0\", {2025, 12, 29}}"
}
CAS_JSON_END
