{
  "launch_id": "cl_000fce20034122657b6cdf509703df23",
  "run_id": "GRSTAT-C04-CERT-20260930-1530KST",
  "task_id": "GRSTAT-C04-REVIEW-20260930-1530KST",
  "task_name": null,
  "registered_identity": {
    "head_commit": "08429842d1e18671676c0deae925c5bcf9946de2",
    "repo_id": "/home/cosmosapjw/Dropbox/bianchi/htt_base/.git",
    "repo_root": "/home/cosmosapjw/Dropbox/bianchi/htt_base",
    "worktree_id": "/home/cosmosapjw/Dropbox/bianchi/htt_base/.git",
    "worktree_root": "/home/cosmosapjw/Dropbox/bianchi/htt_base"
  },
  "registered_profile": {
    "effort": "xhigh",
    "model": "gpt-6-astra",
    "model_reasoning_effort": "xhigh",
    "profile_id": "cuhg_gpt6_astra_reviewer",
    "sandbox_policy": {
      "type": "read-only"
    }
  },
  "client_cwd_supplied": "/home/cosmosapjw/Dropbox/bianchi/htt_base",
  "prospective_issues": [],
  "already_claimed": false,
  "blocking_launches": [],
  "bound_child_id": null,
  "runtime_observation": "UNVERIFIED",
  "continuation_context_present": false,
  "execution_mode": "DIRECT_UNCLAIMED_LAUNCH",
  "workspace_job_expected": false,
  "continuation_authorized": false,
  "continuation_action": "Reuse this launch for its first dispatch from the registered client worktree. No workspace_job.json is expected; do not create one or call plan-continuation. Resolve prospective_issues before dispatch.",
  "budget_remaining": "NOT_COMPUTED_BY_INSPECTION",
  "historical_authentication": "UNCHANGED",
  "claim_admitted": false,
  "read_only": true
}
