------------------------------------------------------------
Package xAct`xPerm`  version 1.2.4, {2025, 12, 29}
CopyRight (C) 2003-2026, Jose M. Martin-Garcia, under the General Public License.
Connecting to external linux executable...
Connection established.
------------------------------------------------------------
Package xAct`xTensor` version 1.3.0, {2025, 12, 29}
CopyRight (C) 2002-2026, Jose M. Martin-Garcia, under the General Public License.
------------------------------------------------------------
These packages come with ABSOLUTELY NO WARRANTY; for details type Disclaimer[]. This is free software, and you are welcome to redistribute it under certain conditions. See the General Public License for details.
------------------------------------------------------------
** DefManifold: Defining manifold CAS16Sphere. 
** DefVBundle: Defining vbundle TangentCAS16Sphere. 
WOLFRAM_VERSION=15.0.0 for Linux x86 (64-bit) (May 26, 2026)
XACT_XTENSOR_VERSION={1.3.0, {2025, 12, 29}}
XACT_VERSION_SYMBOLS={"$Version", "$xPermVersionExpected"}
XACT_MANIFOLD_DEFINED=True
MONOMIAL_COUNT=165
ANGLE_PAIR_COUNT=45
GL4_MU8_DIFFERENCE=-128/11025
NPHI8_COS8_DIFFERENCE=1/128
FAILURE_COUNT=0
