------------------------------------------------------------
Package xAct`xPerm`  version 1.2.4, {2025, 12, 29}
CopyRight (C) 2003-2026, Jose M. Martin-Garcia, under the General Public License.
Connecting to external linux executable...
Connection established.
------------------------------------------------------------
Package xAct`xTensor` version 1.3.0, {2025, 12, 29}
CopyRight (C) 2002-2026, Jose M. Martin-Garcia, under the General Public License.
------------------------------------------------------------
These packages come with ABSOLUTELY NO WARRANTY; for details type Disclaimer[]. This is free software, and you are welcome to redistribute it under certain conditions. See the General Public License for details.
------------------------------------------------------------
** DefManifold: Defining manifold CAS16Sphere. 
** DefVBundle: Defining vbundle TangentCAS16Sphere. 
WOLFRAM_VERSION={1.3.0, {2025, 12, 29}}
XACT_VERSION_SYMBOLS={"$Version", "$xPermVersionExpected"}
XACT_MANIFOLD_DEFINED=True

                                        0
Power::indet: Indeterminate expression 0  encountered.

                                        0
Power::indet: Indeterminate expression 0  encountered.

                                        0
Power::indet: Indeterminate expression 0  encountered.

General::stop: Further output of Power::indet will be suppressed during this calculation.
MONOMIAL_COUNT=165
ANGLE_PAIR_COUNT=45
GL4_MU8_DIFFERENCE=-128/11025
NPHI8_COS8_DIFFERENCE=1/128
FAILURE_COUNT=74
FAILURE={"azimuth_{0, 0}", "Indeterminate"}
FAILURE={"azimuth_{1, 0}", "Indeterminate"}
FAILURE={"azimuth_{2, 0}", "Indeterminate"}
FAILURE={"azimuth_{3, 0}", "Indeterminate"}
FAILURE={"azimuth_{4, 0}", "Indeterminate"}
FAILURE={"azimuth_{5, 0}", "Indeterminate"}
FAILURE={"azimuth_{6, 0}", "Indeterminate"}
FAILURE={"azimuth_{7, 0}", "Indeterminate"}
FAILURE={"azimuth_{8, 0}", "Indeterminate"}
FAILURE={"monomial_{0, 0, 0}", "Indeterminate"}
FAILURE={"monomial_{0, 0, 1}", "Indeterminate"}
FAILURE={"monomial_{0, 0, 2}", "Indeterminate"}
FAILURE={"monomial_{0, 0, 3}", "Indeterminate"}
FAILURE={"monomial_{0, 0, 4}", "Indeterminate"}
FAILURE={"monomial_{0, 0, 5}", "Indeterminate"}
FAILURE={"monomial_{0, 0, 6}", "Indeterminate"}
FAILURE={"monomial_{0, 0, 7}", "Indeterminate"}
FAILURE={"monomial_{0, 0, 8}", "Indeterminate"}
FAILURE={"monomial_{0, 2, 0}", "Indeterminate"}
FAILURE={"monomial_{0, 4, 0}", "Indeterminate"}
FAILURE={"monomial_{0, 6, 0}", "Indeterminate"}
FAILURE={"monomial_{0, 8, 0}", "Indeterminate"}
FAILURE={"monomial_{1, 0, 0}", "Indeterminate"}
FAILURE={"monomial_{1, 0, 1}", "Indeterminate"}
FAILURE={"monomial_{1, 0, 2}", "Indeterminate"}
FAILURE={"monomial_{1, 0, 3}", "Indeterminate"}
FAILURE={"monomial_{1, 0, 4}", "Indeterminate"}
FAILURE={"monomial_{1, 0, 5}", "Indeterminate"}
FAILURE={"monomial_{1, 0, 6}", "Indeterminate"}
FAILURE={"monomial_{1, 0, 7}", "Indeterminate"}
FAILURE={"monomial_{1, 1, 0}", "Indeterminate"}
FAILURE={"monomial_{1, 3, 0}", "Indeterminate"}
FAILURE={"monomial_{1, 5, 0}", "Indeterminate"}
FAILURE={"monomial_{1, 7, 0}", "Indeterminate"}
FAILURE={"monomial_{2, 0, 0}", "Indeterminate"}
FAILURE={"monomial_{2, 0, 1}", "Indeterminate"}
FAILURE={"monomial_{2, 0, 2}", "Indeterminate"}
FAILURE={"monomial_{2, 0, 3}", "Indeterminate"}
FAILURE={"monomial_{2, 0, 4}", "Indeterminate"}
FAILURE={"monomial_{2, 0, 5}", "Indeterminate"}
FAILURE={"monomial_{2, 0, 6}", "Indeterminate"}
FAILURE={"monomial_{2, 2, 0}", "Indeterminate"}
FAILURE={"monomial_{2, 4, 0}", "Indeterminate"}
FAILURE={"monomial_{2, 6, 0}", "Indeterminate"}
FAILURE={"monomial_{3, 0, 0}", "Indeterminate"}
FAILURE={"monomial_{3, 0, 1}", "Indeterminate"}
FAILURE={"monomial_{3, 0, 2}", "Indeterminate"}
FAILURE={"monomial_{3, 0, 3}", "Indeterminate"}
FAILURE={"monomial_{3, 0, 4}", "Indeterminate"}
FAILURE={"monomial_{3, 0, 5}", "Indeterminate"}
FAILURE={"monomial_{3, 1, 0}", "Indeterminate"}
FAILURE={"monomial_{3, 3, 0}", "Indeterminate"}
FAILURE={"monomial_{3, 5, 0}", "Indeterminate"}
FAILURE={"monomial_{4, 0, 0}", "Indeterminate"}
FAILURE={"monomial_{4, 0, 1}", "Indeterminate"}
FAILURE={"monomial_{4, 0, 2}", "Indeterminate"}
FAILURE={"monomial_{4, 0, 3}", "Indeterminate"}
FAILURE={"monomial_{4, 0, 4}", "Indeterminate"}
FAILURE={"monomial_{4, 2, 0}", "Indeterminate"}
FAILURE={"monomial_{4, 4, 0}", "Indeterminate"}
FAILURE={"monomial_{5, 0, 0}", "Indeterminate"}
FAILURE={"monomial_{5, 0, 1}", "Indeterminate"}
FAILURE={"monomial_{5, 0, 2}", "Indeterminate"}
FAILURE={"monomial_{5, 0, 3}", "Indeterminate"}
FAILURE={"monomial_{5, 1, 0}", "Indeterminate"}
FAILURE={"monomial_{5, 3, 0}", "Indeterminate"}
FAILURE={"monomial_{6, 0, 0}", "Indeterminate"}
FAILURE={"monomial_{6, 0, 1}", "Indeterminate"}
FAILURE={"monomial_{6, 0, 2}", "Indeterminate"}
FAILURE={"monomial_{6, 2, 0}", "Indeterminate"}
FAILURE={"monomial_{7, 0, 0}", "Indeterminate"}
FAILURE={"monomial_{7, 0, 1}", "Indeterminate"}
FAILURE={"monomial_{7, 1, 0}", "Indeterminate"}
FAILURE={"monomial_{8, 0, 0}", "Indeterminate"}
