def CAS12PlanckIR.weight : ℝ → ℝ → ℝ :=
fun b E => Real.exp (b * E) / (Real.exp (b * E) - 1) ^ 2
theorem CAS12PlanckIR.scaled_weight_tendsto : ∀ (b : ℝ),
  0 < b → Tendsto (fun E => E ^ 2 * CAS12PlanckIR.weight b E) (𝓝[>] 0) (𝓝 (b ^ (-2))) :=
fun b hb =>
  have hd :=
    Eq.mp
      (HasDerivAt.congr_simp (fun x => Real.exp (b * id x)) (fun x => Real.exp (b * x))
        (id (Eq.refl fun x => Real.exp (b * x))) (Real.exp (b * id 0) * (b * 1)) b
        (Eq.trans (congr (congrArg HMul.hMul (Eq.trans (congrArg Real.exp (mul_zero b)) Real.exp_zero)) (mul_one b))
          (one_mul b))
        0 0 (Eq.refl 0))
      (HasDerivAt.exp (HasDerivAt.const_mul b (hasDerivAt_id 0)));
  have hs :=
    Eq.mpr
      (id
        (congrFun'
          (congrFun'
            (congrArg Tendsto
              (funext fun E =>
                Eq.trans (div_eq_mul_inv (Real.exp (b * E) - 1) E) (mul_comm (Real.exp (b * E) - 1) E⁻¹)))
            (𝓝[>] 0))
          (𝓝 b)))
      (Eq.mp
        (congrFun'
          (congrFun'
            (congrArg Tendsto
              (funext fun t =>
                congrArg (HSMul.hSMul t⁻¹)
                  (congr (congrArg HSub.hSub (congrArg Real.exp (congrArg (HMul.hMul b) (zero_add t))))
                    (Eq.trans (congrArg Real.exp (mul_zero b)) Real.exp_zero))))
            (𝓝[>] 0))
          (𝓝 b))
        (HasDerivAt.tendsto_slope_zero_right hd));
  have hi := Tendsto.pow (Tendsto.inv₀ hs (ne_of_gt hb)) 2;
  have he :=
    Eq.mp
      (congrArg (Tendsto (fun E => Real.exp (b * E)) (𝓝[>] 0))
        (congrArg 𝓝 (Eq.trans (congrArg Real.exp (mul_zero b)) Real.exp_zero)))
      (Tendsto.mono_left (ContinuousAt.tendsto (HasDerivAt.continuousAt hd)) nhdsWithin_le_nhds);
  have hprod := Tendsto.mul he hi;
  Eq.mpr
    (eq_of_heq
      ((fun α β f f' e'_3 l₁ l₂ l₂' e'_5 =>
          Eq.casesOn (motive := fun a x => f' = a → e'_3 ≍ x → Tendsto f l₁ l₂ ≍ Tendsto f' l₁ l₂') e'_3
            (fun h =>
              Eq.ndrec (motive := fun f' => ∀ (e_3 : f = f'), e_3 ≍ Eq.refl f → Tendsto f l₁ l₂ ≍ Tendsto f' l₁ l₂')
                (fun e_3 h =>
                  Eq.casesOn (motive := fun a x => l₂' = a → e'_5 ≍ x → Tendsto f l₁ l₂ ≍ Tendsto f l₁ l₂') e'_5
                    (fun h =>
                      Eq.ndrec (motive := fun l₂' =>
                        ∀ (e_5 : l₂ = l₂'), e_5 ≍ Eq.refl l₂ → Tendsto f l₁ l₂ ≍ Tendsto f l₁ l₂')
                        (fun e_5 h => HEq.refl (Tendsto f l₁ l₂)) (Eq.symm h) e'_5)
                    (Eq.refl l₂') (HEq.refl e'_5))
                (Eq.symm h) e'_3)
            (Eq.refl f') (HEq.refl e'_3))
        ℝ ℝ (fun E => E ^ 2 * CAS12PlanckIR.weight b E) (fun x => Real.exp (b * x) * ((Real.exp (b * x) - 1) / x)⁻¹ ^ 2)
        (funext fun E =>
          Eq.mpr
            (id
              (congrArg (Eq (E ^ 2 * (Real.exp (b * E) / (Real.exp (b * E) - 1) ^ 2)))
                (congrArg (HMul.hMul (Real.exp (b * E)))
                  (Eq.trans (congrFun' (congrArg HPow.hPow (inv_div (Real.exp (b * E) - 1) E)) 2)
                    (div_pow E (Real.exp (b * E) - 1) 2)))))
            (Mathlib.Tactic.Ring.of_eq
              (Mathlib.Tactic.Ring.Common.mul_congr
                (Mathlib.Tactic.Ring.Common.pow_congr
                  (Mathlib.Tactic.Ring.Common.atom_pf E rfl
                    (Eq.mpr
                      (id
                        (congrArg (fun _a => E ^ Nat.rawCast 1 * Nat.rawCast 1 = E ^ Nat.rawCast 1 * _a) (Eq.symm rfl)))
                      (Eq.refl (E ^ Nat.rawCast 1 * Nat.rawCast 1))))
                  (Mathlib.Tactic.Ring.cast_pos (Mathlib.Meta.NormNum.isNat_ofNat ℕ (Eq.refl 2)))
                  (Mathlib.Tactic.Ring.Common.pow_add
                    (Mathlib.Tactic.Ring.Common.single_pow
                      (Mathlib.Tactic.Ring.Common.mul_pow_mul
                        (Mathlib.Meta.NormNum.IsNat.to_raw_eq
                          (Mathlib.Meta.NormNum.isNat_mul (Eq.refl HMul.hMul) (Mathlib.Meta.NormNum.IsNat.of_raw ℕ 1)
                            (Mathlib.Meta.NormNum.IsNat.of_raw ℕ 2) (Eq.refl 2)))
                        (Mathlib.Tactic.Ring.Common.one_pow (Nat.rawCast 2) { out := rfl })
                        (Eq.mpr
                          (id
                            (congrArg (fun _a => E ^ Nat.rawCast 2 * Nat.rawCast 1 = E ^ Nat.rawCast 2 * _a)
                              (Eq.symm rfl)))
                          (Eq.refl (E ^ Nat.rawCast 2 * Nat.rawCast 1)))
                        (Mathlib.Tactic.Ring.Common.mul_pf_left E (Nat.rawCast 2)
                          (Mathlib.Meta.NormNum.IsNat.to_raw_eq
                            (Mathlib.Meta.NormNum.isNat_mul (Eq.refl HMul.hMul) (Mathlib.Meta.NormNum.IsNat.of_raw ℝ 1)
                              (Mathlib.Meta.NormNum.IsNat.of_raw ℝ 1) (Eq.refl 1))))))
                    (Mathlib.Tactic.Ring.Common.pow_zero (E ^ Nat.rawCast 1 * Nat.rawCast 1 + 0) rfl)
                    (Mathlib.Tactic.Ring.Common.add_mul
                      (Mathlib.Tactic.Ring.Common.mul_add
                        (Mathlib.Tactic.Ring.Common.mul_pf_left E (Nat.rawCast 2)
                          (Mathlib.Meta.NormNum.IsNat.to_raw_eq
                            (Mathlib.Meta.NormNum.isNat_mul (Eq.refl HMul.hMul) (Mathlib.Meta.NormNum.IsNat.of_raw ℝ 1)
                              (Mathlib.Meta.NormNum.IsNat.of_raw ℝ 1) (Eq.refl 1))))
                        (Mathlib.Tactic.Ring.Common.mul_zero (E ^ Nat.rawCast 2 * Nat.rawCast 1))
                        (Mathlib.Tactic.Ring.Common.add_pf_add_zero (E ^ Nat.rawCast 2 * Nat.rawCast 1 + 0)))
                      (Mathlib.Tactic.Ring.Common.zero_mul (Nat.rawCast 1 + 0))
                      (Mathlib.Tactic.Ring.Common.add_pf_add_zero (E ^ Nat.rawCast 2 * Nat.rawCast 1 + 0)))))
                (Mathlib.Tactic.Ring.Common.div_congr
                  (Mathlib.Tactic.Ring.Common.atom_pf (Real.exp (b * E)) rfl
                    (Eq.mpr
                      (id
                        (congrArg
                          (fun _a =>
                            Real.exp (b * E) ^ Nat.rawCast 1 * Nat.rawCast 1 = Real.exp (b * E) ^ Nat.rawCast 1 * _a)
                          (Eq.symm rfl)))
                      (Eq.refl (Real.exp (b * E) ^ Nat.rawCast 1 * Nat.rawCast 1))))
                  (Mathlib.Tactic.Ring.Common.pow_congr
                    (Mathlib.Tactic.Ring.Common.sub_congr
                      (Mathlib.Tactic.Ring.Common.atom_pf (Real.exp (b * E)) rfl
                        (Eq.mpr
                          (id
                            (congrArg
                              (fun _a =>
                                Real.exp (b * E) ^ Nat.rawCast 1 * Nat.rawCast 1 =
                                  Real.exp (b * E) ^ Nat.rawCast 1 * _a)
                              (Eq.symm rfl)))
                          (Eq.refl (Real.exp (b * E) ^ Nat.rawCast 1 * Nat.rawCast 1))))
                      (Mathlib.Tactic.Ring.cast_pos (Mathlib.Meta.NormNum.isNat_ofNat ℝ Nat.cast_one))
                      (Mathlib.Tactic.Ring.Common.sub_pf
                        (Mathlib.Tactic.Ring.Common.neg_add
                          (Mathlib.Meta.NormNum.IsInt.to_raw_eq
                            (Mathlib.Meta.NormNum.isInt_neg (Eq.refl Neg.neg)
                              (Mathlib.Meta.NormNum.IsNat.to_isInt (Mathlib.Meta.NormNum.IsNat.of_raw ℝ 1))
                              (Eq.refl (Int.negOfNat 1))))
                          Mathlib.Tactic.Ring.Common.neg_zero)
                        (Mathlib.Tactic.Ring.Common.add_pf_add_gt (Int.negOfNat 1).rawCast
                          (Mathlib.Tactic.Ring.Common.add_pf_add_zero
                            (Real.exp (b * E) ^ Nat.rawCast 1 * Nat.rawCast 1 + 0)))))
                    (Mathlib.Tactic.Ring.cast_pos (Mathlib.Meta.NormNum.isNat_ofNat ℕ (Eq.refl 2)))
                    (Mathlib.Tactic.Ring.Common.pow_add
                      (Mathlib.Tactic.Ring.Common.pow_nat (Mathlib.Tactic.Ring.Common.coeff_one 2 rfl)
                        (Mathlib.Tactic.Ring.Common.pow_one_cast_of_isNat
                          ((Int.negOfNat 1).rawCast + (Real.exp (b * E) ^ Nat.rawCast 1 * Nat.rawCast 1 + 0))
                          (Nat.rawCast 1) { out := rfl })
                        (Mathlib.Tactic.Ring.Common.pow_bit0
                          (Mathlib.Tactic.Ring.Common.pow_one
                            ((Int.negOfNat 1).rawCast + (Real.exp (b * E) ^ Nat.rawCast 1 * Nat.rawCast 1 + 0)))
                          (Mathlib.Tactic.Ring.Common.add_mul
                            (Mathlib.Tactic.Ring.Common.mul_add
                              (Mathlib.Meta.NormNum.IsNat.to_raw_eq
                                (Mathlib.Meta.NormNum.IsInt.to_isNat
                                  (Mathlib.Meta.NormNum.isInt_mul (Eq.refl HMul.hMul)
                                    (Mathlib.Meta.NormNum.IsInt.of_raw ℝ (Int.negOfNat 1))
                                    (Mathlib.Meta.NormNum.IsInt.of_raw ℝ (Int.negOfNat 1)) (Eq.refl (Int.ofNat 1)))))
                              (Mathlib.Tactic.Ring.Common.mul_add
                                (Mathlib.Tactic.Ring.Common.mul_pf_right (Real.exp (b * E)) (Nat.rawCast 1)
                                  (Mathlib.Meta.NormNum.IsInt.to_raw_eq
                                    (Mathlib.Meta.NormNum.isInt_mul (Eq.refl HMul.hMul)
                                      (Mathlib.Meta.NormNum.IsInt.of_raw ℝ (Int.negOfNat 1))
                                      (Mathlib.Meta.NormNum.IsNat.to_isInt (Mathlib.Meta.NormNum.IsNat.of_raw ℝ 1))
                                      (Eq.refl (Int.negOfNat 1)))))
                                (Mathlib.Tactic.Ring.Common.mul_zero (Int.negOfNat 1).rawCast)
                                (Mathlib.Tactic.Ring.Common.add_pf_add_zero
                                  (Real.exp (b * E) ^ Nat.rawCast 1 * (Int.negOfNat 1).rawCast + 0)))
                              (Mathlib.Tactic.Ring.Common.add_pf_add_lt (Nat.rawCast 1)
                                (Mathlib.Tactic.Ring.Common.add_pf_zero_add
                                  (Real.exp (b * E) ^ Nat.rawCast 1 * (Int.negOfNat 1).rawCast + 0))))
                            (Mathlib.Tactic.Ring.Common.add_mul
                              (Mathlib.Tactic.Ring.Common.mul_add
                                (Mathlib.Tactic.Ring.Common.mul_pf_left (Real.exp (b * E)) (Nat.rawCast 1)
                                  (Mathlib.Meta.NormNum.IsInt.to_raw_eq
                                    (Mathlib.Meta.NormNum.isInt_mul (Eq.refl HMul.hMul)
                                      (Mathlib.Meta.NormNum.IsNat.to_isInt (Mathlib.Meta.NormNum.IsNat.of_raw ℝ 1))
                                      (Mathlib.Meta.NormNum.IsInt.of_raw ℝ (Int.negOfNat 1))
                                      (Eq.refl (Int.negOfNat 1)))))
                                (Mathlib.Tactic.Ring.Common.mul_add
                                  (Mathlib.Tactic.Ring.Common.mul_pp_pf_overlap (Real.exp (b * E))
                                    (Mathlib.Meta.NormNum.IsNat.to_raw_eq
                                      (Mathlib.Meta.NormNum.isNat_add (Eq.refl HAdd.hAdd)
                                        (Mathlib.Meta.NormNum.IsNat.of_raw ℕ 1) (Mathlib.Meta.NormNum.IsNat.of_raw ℕ 1)
                                        (Eq.refl 2)))
                                    (Mathlib.Meta.NormNum.IsNat.to_raw_eq
                                      (Mathlib.Meta.NormNum.isNat_mul (Eq.refl HMul.hMul)
                                        (Mathlib.Meta.NormNum.IsNat.of_raw ℝ 1) (Mathlib.Meta.NormNum.IsNat.of_raw ℝ 1)
                                        (Eq.refl 1))))
                                  (Mathlib.Tactic.Ring.Common.mul_zero
                                    (Real.exp (b * E) ^ Nat.rawCast 1 * Nat.rawCast 1))
                                  (Mathlib.Tactic.Ring.Common.add_pf_add_zero
                                    (Real.exp (b * E) ^ Nat.rawCast 2 * Nat.rawCast 1 + 0)))
                                (Mathlib.Tactic.Ring.Common.add_pf_add_lt
                                  (Real.exp (b * E) ^ Nat.rawCast 1 * (Int.negOfNat 1).rawCast)
                                  (Mathlib.Tactic.Ring.Common.add_pf_zero_add
                                    (Real.exp (b * E) ^ Nat.rawCast 2 * Nat.rawCast 1 + 0))))
                              (Mathlib.Tactic.Ring.Common.zero_mul
                                ((Int.negOfNat 1).rawCast + (Real.exp (b * E) ^ Nat.rawCast 1 * Nat.rawCast 1 + 0)))
                              (Mathlib.Tactic.Ring.Common.add_pf_add_zero
                                (Real.exp (b * E) ^ Nat.rawCast 1 * (Int.negOfNat 1).rawCast +
                                  (Real.exp (b * E) ^ Nat.rawCast 2 * Nat.rawCast 1 + 0))))
                            (Mathlib.Tactic.Ring.Common.add_pf_add_lt (Nat.rawCast 1)
                              (Mathlib.Tactic.Ring.Common.add_pf_add_overlap
                                (Mathlib.Tactic.Ring.Common.add_overlap_pf (Real.exp (b * E)) (Nat.rawCast 1)
                                  (Mathlib.Meta.NormNum.IsInt.to_raw_eq
                                    (Mathlib.Meta.NormNum.isInt_add (Eq.refl HAdd.hAdd)
                                      (Mathlib.Meta.NormNum.IsInt.of_raw ℝ (Int.negOfNat 1))
                                      (Mathlib.Meta.NormNum.IsInt.of_raw ℝ (Int.negOfNat 1))
                                      (Eq.refl (Int.negOfNat 2)))))
                                (Mathlib.Tactic.Ring.Common.add_pf_zero_add
                                  (Real.exp (b * E) ^ Nat.rawCast 2 * Nat.rawCast 1 + 0)))))))
                      (Mathlib.Tactic.Ring.Common.pow_zero
                        ((Int.negOfNat 1).rawCast + (Real.exp (b * E) ^ Nat.rawCast 1 * Nat.rawCast 1 + 0)) rfl)
                      (Mathlib.Tactic.Ring.Common.add_mul
                        (Mathlib.Tactic.Ring.Common.mul_add
                          (Mathlib.Meta.NormNum.IsNat.to_raw_eq
                            (Mathlib.Meta.NormNum.isNat_mul (Eq.refl HMul.hMul) (Mathlib.Meta.NormNum.IsNat.of_raw ℝ 1)
                              (Mathlib.Meta.NormNum.IsNat.of_raw ℝ 1) (Eq.refl 1)))
                          (Mathlib.Tactic.Ring.Common.mul_zero (Nat.rawCast 1))
                          (Mathlib.Tactic.Ring.Common.add_pf_add_zero (Nat.rawCast 1 + 0)))
                        (Mathlib.Tactic.Ring.Common.add_mul
                          (Mathlib.Tactic.Ring.Common.mul_add
                            (Mathlib.Tactic.Ring.Common.mul_pf_left (Real.exp (b * E)) (Nat.rawCast 1)
                              (Mathlib.Meta.NormNum.IsInt.to_raw_eq
                                (Mathlib.Meta.NormNum.isInt_mul (Eq.refl HMul.hMul)
                                  (Mathlib.Meta.NormNum.IsInt.of_raw ℝ (Int.negOfNat 2))
                                  (Mathlib.Meta.NormNum.IsNat.to_isInt (Mathlib.Meta.NormNum.IsNat.of_raw ℝ 1))
                                  (Eq.refl (Int.negOfNat 2)))))
                            (Mathlib.Tactic.Ring.Common.mul_zero
                              (Real.exp (b * E) ^ Nat.rawCast 1 * (Int.negOfNat 2).rawCast))
                            (Mathlib.Tactic.Ring.Common.add_pf_add_zero
                              (Real.exp (b * E) ^ Nat.rawCast 1 * (Int.negOfNat 2).rawCast + 0)))
                          (Mathlib.Tactic.Ring.Common.add_mul
                            (Mathlib.Tactic.Ring.Common.mul_add
                              (Mathlib.Tactic.Ring.Common.mul_pf_left (Real.exp (b * E)) (Nat.rawCast 2)
                                (Mathlib.Meta.NormNum.IsNat.to_raw_eq
                                  (Mathlib.Meta.NormNum.isNat_mul (Eq.refl HMul.hMul)
                                    (Mathlib.Meta.NormNum.IsNat.of_raw ℝ 1) (Mathlib.Meta.NormNum.IsNat.of_raw ℝ 1)
                                    (Eq.refl 1))))
                              (Mathlib.Tactic.Ring.Common.mul_zero (Real.exp (b * E) ^ Nat.rawCast 2 * Nat.rawCast 1))
                              (Mathlib.Tactic.Ring.Common.add_pf_add_zero
                                (Real.exp (b * E) ^ Nat.rawCast 2 * Nat.rawCast 1 + 0)))
                            (Mathlib.Tactic.Ring.Common.zero_mul (Nat.rawCast 1 + 0))
                            (Mathlib.Tactic.Ring.Common.add_pf_add_zero
                              (Real.exp (b * E) ^ Nat.rawCast 2 * Nat.rawCast 1 + 0)))
                          (Mathlib.Tactic.Ring.Common.add_pf_add_lt
                            (Real.exp (b * E) ^ Nat.rawCast 1 * (Int.negOfNat 2).rawCast)
                            (Mathlib.Tactic.Ring.Common.add_pf_zero_add
                              (Real.exp (b * E) ^ Nat.rawCast 2 * Nat.rawCast 1 + 0))))
                        (Mathlib.Tactic.Ring.Common.add_pf_add_lt (Nat.rawCast 1)
                          (Mathlib.Tactic.Ring.Common.add_pf_zero_add
                            (Real.exp (b * E) ^ Nat.rawCast 1 * (Int.negOfNat 2).rawCast +
                              (Real.exp (b * E) ^ Nat.rawCast 2 * Nat.rawCast 1 + 0)))))))
                  (Mathlib.Tactic.Ring.Common.div_pf
                    (Mathlib.Tactic.Ring.Common.atom_pf'
                      (Eq.refl
                        (Nat.rawCast 1 +
                            (Real.exp (b * E) ^ Nat.rawCast 1 * (Int.negOfNat 2).rawCast +
                              (Real.exp (b * E) ^ Nat.rawCast 2 * Nat.rawCast 1 + 0)))⁻¹)
                      rfl
                      (Eq.mpr
                        (id
                          (congrArg
                            (fun _a =>
                              (Nat.rawCast 1 +
                                        (Real.exp (b * E) ^ Nat.rawCast 1 * (Int.negOfNat 2).rawCast +
                                          (Real.exp (b * E) ^ Nat.rawCast 2 * Nat.rawCast 1 + 0)))⁻¹ ^
                                    Nat.rawCast 1 *
                                  Nat.rawCast 1 =
                                (Nat.rawCast 1 +
                                        (Real.exp (b * E) ^ Nat.rawCast 1 * (Int.negOfNat 2).rawCast +
                                          (Real.exp (b * E) ^ Nat.rawCast 2 * Nat.rawCast 1 + 0)))⁻¹ ^
                                    Nat.rawCast 1 *
                                  _a)
                            (Eq.symm rfl)))
                        (Eq.refl
                          ((Nat.rawCast 1 +
                                  (Real.exp (b * E) ^ Nat.rawCast 1 * (Int.negOfNat 2).rawCast +
                                    (Real.exp (b * E) ^ Nat.rawCast 2 * Nat.rawCast 1 + 0)))⁻¹ ^
                              Nat.rawCast 1 *
                            Nat.rawCast 1))))
                    (Mathlib.Tactic.Ring.Common.add_mul
                      (Mathlib.Tactic.Ring.Common.mul_add
                        (Mathlib.Tactic.Ring.Common.mul_pf_left (Real.exp (b * E)) (Nat.rawCast 1)
                          (Mathlib.Tactic.Ring.Common.mul_pf_right
                            (Nat.rawCast 1 +
                                (Real.exp (b * E) ^ Nat.rawCast 1 * (Int.negOfNat 2).rawCast +
                                  (Real.exp (b * E) ^ Nat.rawCast 2 * Nat.rawCast 1 + 0)))⁻¹
                            (Nat.rawCast 1)
                            (Mathlib.Meta.NormNum.IsNat.to_raw_eq
                              (Mathlib.Meta.NormNum.isNat_mul (Eq.refl HMul.hMul)
                                (Mathlib.Meta.NormNum.IsNat.of_raw ℝ 1) (Mathlib.Meta.NormNum.IsNat.of_raw ℝ 1)
                                (Eq.refl 1)))))
                        (Mathlib.Tactic.Ring.Common.mul_zero (Real.exp (b * E) ^ Nat.rawCast 1 * Nat.rawCast 1))
                        (Mathlib.Tactic.Ring.Common.add_pf_add_zero
                          (Real.exp (b * E) ^ Nat.rawCast 1 *
                              ((Nat.rawCast 1 +
                                      (Real.exp (b * E) ^ Nat.rawCast 1 * (Int.negOfNat 2).rawCast +
                                        (Real.exp (b * E) ^ Nat.rawCast 2 * Nat.rawCast 1 + 0)))⁻¹ ^
                                  Nat.rawCast 1 *
                                Nat.rawCast 1) +
                            0)))
                      (Mathlib.Tactic.Ring.Common.zero_mul
                        ((Nat.rawCast 1 +
                                  (Real.exp (b * E) ^ Nat.rawCast 1 * (Int.negOfNat 2).rawCast +
                                    (Real.exp (b * E) ^ Nat.rawCast 2 * Nat.rawCast 1 + 0)))⁻¹ ^
                              Nat.rawCast 1 *
                            Nat.rawCast 1 +
                          0))
                      (Mathlib.Tactic.Ring.Common.add_pf_add_zero
                        (Real.exp (b * E) ^ Nat.rawCast 1 *
                            ((Nat.rawCast 1 +
                                    (Real.exp (b * E) ^ Nat.rawCast 1 * (Int.negOfNat 2).rawCast +
                                      (Real.exp (b * E) ^ Nat.rawCast 2 * Nat.rawCast 1 + 0)))⁻¹ ^
                                Nat.rawCast 1 *
                              Nat.rawCast 1) +
                          0)))))
                (Mathlib.Tactic.Ring.Common.add_mul
                  (Mathlib.Tactic.Ring.Common.mul_add
                    (Mathlib.Tactic.Ring.Common.mul_pf_left E (Nat.rawCast 2)
                      (Mathlib.Tactic.Ring.Common.mul_pf_right (Real.exp (b * E)) (Nat.rawCast 1)
                        (Mathlib.Tactic.Ring.Common.mul_pf_right
                          (Nat.rawCast 1 +
                              (Real.exp (b * E) ^ Nat.rawCast 1 * (Int.negOfNat 2).rawCast +
                                (Real.exp (b * E) ^ Nat.rawCast 2 * Nat.rawCast 1 + 0)))⁻¹
                          (Nat.rawCast 1)
                          (Mathlib.Meta.NormNum.IsNat.to_raw_eq
                            (Mathlib.Meta.NormNum.isNat_mul (Eq.refl HMul.hMul) (Mathlib.Meta.NormNum.IsNat.of_raw ℝ 1)
                              (Mathlib.Meta.NormNum.IsNat.of_raw ℝ 1) (Eq.refl 1))))))
                    (Mathlib.Tactic.Ring.Common.mul_zero (E ^ Nat.rawCast 2 * Nat.rawCast 1))
                    (Mathlib.Tactic.Ring.Common.add_pf_add_zero
                      (E ^ Nat.rawCast 2 *
                          (Real.exp (b * E) ^ Nat.rawCast 1 *
                            ((Nat.rawCast 1 +
                                    (Real.exp (b * E) ^ Nat.rawCast 1 * (Int.negOfNat 2).rawCast +
                                      (Real.exp (b * E) ^ Nat.rawCast 2 * Nat.rawCast 1 + 0)))⁻¹ ^
                                Nat.rawCast 1 *
                              Nat.rawCast 1)) +
                        0)))
                  (Mathlib.Tactic.Ring.Common.zero_mul
                    (Real.exp (b * E) ^ Nat.rawCast 1 *
                        ((Nat.rawCast 1 +
                                (Real.exp (b * E) ^ Nat.rawCast 1 * (Int.negOfNat 2).rawCast +
                                  (Real.exp (b * E) ^ Nat.rawCast 2 * Nat.rawCast 1 + 0)))⁻¹ ^
                            Nat.rawCast 1 *
                          Nat.rawCast 1) +
                      0))
                  (Mathlib.Tactic.Ring.Common.add_pf_add_zero
                    (E ^ Nat.rawCast 2 *
                        (Real.exp (b * E) ^ Nat.rawCast 1 *
                          ((Nat.rawCast 1 +
                                  (Real.exp (b * E) ^ Nat.rawCast 1 * (Int.negOfNat 2).rawCast +
                                    (Real.exp (b * E) ^ Nat.rawCast 2 * Nat.rawCast 1 + 0)))⁻¹ ^
                              Nat.rawCast 1 *
                            Nat.rawCast 1)) +
                      0))))
              (Mathlib.Tactic.Ring.Common.mul_congr
                (Mathlib.Tactic.Ring.Common.atom_pf (Real.exp (b * E)) rfl
                  (Eq.mpr
                    (id
                      (congrArg
                        (fun _a =>
                          Real.exp (b * E) ^ Nat.rawCast 1 * Nat.rawCast 1 = Real.exp (b * E) ^ Nat.rawCast 1 * _a)
                        (Eq.symm rfl)))
                    (Eq.refl (Real.exp (b * E) ^ Nat.rawCast 1 * Nat.rawCast 1))))
                (Mathlib.Tactic.Ring.Common.div_congr
                  (Mathlib.Tactic.Ring.Common.pow_congr
                    (Mathlib.Tactic.Ring.Common.atom_pf E rfl
                      (Eq.mpr
                        (id
                          (congrArg (fun _a => E ^ Nat.rawCast 1 * Nat.rawCast 1 = E ^ Nat.rawCast 1 * _a)
                            (Eq.symm rfl)))
                        (Eq.refl (E ^ Nat.rawCast 1 * Nat.rawCast 1))))
                    (Mathlib.Tactic.Ring.cast_pos (Mathlib.Meta.NormNum.isNat_ofNat ℕ (Eq.refl 2)))
                    (Mathlib.Tactic.Ring.Common.pow_add
                      (Mathlib.Tactic.Ring.Common.single_pow
                        (Mathlib.Tactic.Ring.Common.mul_pow_mul
                          (Mathlib.Meta.NormNum.IsNat.to_raw_eq
                            (Mathlib.Meta.NormNum.isNat_mul (Eq.refl HMul.hMul) (Mathlib.Meta.NormNum.IsNat.of_raw ℕ 1)
                              (Mathlib.Meta.NormNum.IsNat.of_raw ℕ 2) (Eq.refl 2)))
                          (Mathlib.Tactic.Ring.Common.one_pow (Nat.rawCast 2) { out := rfl })
                          (Eq.mpr
                            (id
                              (congrArg (fun _a => E ^ Nat.rawCast 2 * Nat.rawCast 1 = E ^ Nat.rawCast 2 * _a)
                                (Eq.symm rfl)))
                            (Eq.refl (E ^ Nat.rawCast 2 * Nat.rawCast 1)))
                          (Mathlib.Tactic.Ring.Common.mul_pf_left E (Nat.rawCast 2)
                            (Mathlib.Meta.NormNum.IsNat.to_raw_eq
                              (Mathlib.Meta.NormNum.isNat_mul (Eq.refl HMul.hMul)
                                (Mathlib.Meta.NormNum.IsNat.of_raw ℝ 1) (Mathlib.Meta.NormNum.IsNat.of_raw ℝ 1)
                                (Eq.refl 1))))))
                      (Mathlib.Tactic.Ring.Common.pow_zero (E ^ Nat.rawCast 1 * Nat.rawCast 1 + 0) rfl)
                      (Mathlib.Tactic.Ring.Common.add_mul
                        (Mathlib.Tactic.Ring.Common.mul_add
                          (Mathlib.Tactic.Ring.Common.mul_pf_left E (Nat.rawCast 2)
                            (Mathlib.Meta.NormNum.IsNat.to_raw_eq
                              (Mathlib.Meta.NormNum.isNat_mul (Eq.refl HMul.hMul)
                                (Mathlib.Meta.NormNum.IsNat.of_raw ℝ 1) (Mathlib.Meta.NormNum.IsNat.of_raw ℝ 1)
                                (Eq.refl 1))))
                          (Mathlib.Tactic.Ring.Common.mul_zero (E ^ Nat.rawCast 2 * Nat.rawCast 1))
                          (Mathlib.Tactic.Ring.Common.add_pf_add_zero (E ^ Nat.rawCast 2 * Nat.rawCast 1 + 0)))
                        (Mathlib.Tactic.Ring.Common.zero_mul (Nat.rawCast 1 + 0))
                        (Mathlib.Tactic.Ring.Common.add_pf_add_zero (E ^ Nat.rawCast 2 * Nat.rawCast 1 + 0)))))
                  (Mathlib.Tactic.Ring.Common.pow_congr
                    (Mathlib.Tactic.Ring.Common.sub_congr
                      (Mathlib.Tactic.Ring.Common.atom_pf (Real.exp (b * E)) rfl
                        (Eq.mpr
                          (id
                            (congrArg
                              (fun _a =>
                                Real.exp (b * E) ^ Nat.rawCast 1 * Nat.rawCast 1 =
                                  Real.exp (b * E) ^ Nat.rawCast 1 * _a)
                              (Eq.symm rfl)))
                          (Eq.refl (Real.exp (b * E) ^ Nat.rawCast 1 * Nat.rawCast 1))))
                      (Mathlib.Tactic.Ring.cast_pos (Mathlib.Meta.NormNum.isNat_ofNat ℝ Nat.cast_one))
                      (Mathlib.Tactic.Ring.Common.sub_pf
                        (Mathlib.Tactic.Ring.Common.neg_add
                          (Mathlib.Meta.NormNum.IsInt.to_raw_eq
                            (Mathlib.Meta.NormNum.isInt_neg (Eq.refl Neg.neg)
                              (Mathlib.Meta.NormNum.IsNat.to_isInt (Mathlib.Meta.NormNum.IsNat.of_raw ℝ 1))
                              (Eq.refl (Int.negOfNat 1))))
                          Mathlib.Tactic.Ring.Common.neg_zero)
                        (Mathlib.Tactic.Ring.Common.add_pf_add_gt (Int.negOfNat 1).rawCast
                          (Mathlib.Tactic.Ring.Common.add_pf_add_zero
                            (Real.exp (b * E) ^ Nat.rawCast 1 * Nat.rawCast 1 + 0)))))
                    (Mathlib.Tactic.Ring.cast_pos (Mathlib.Meta.NormNum.isNat_ofNat ℕ (Eq.refl 2)))
                    (Mathlib.Tactic.Ring.Common.pow_add
                      (Mathlib.Tactic.Ring.Common.pow_nat (Mathlib.Tactic.Ring.Common.coeff_one 2 rfl)
                        (Mathlib.Tactic.Ring.Common.pow_one_cast_of_isNat
                          ((Int.negOfNat 1).rawCast + (Real.exp (b * E) ^ Nat.rawCast 1 * Nat.rawCast 1 + 0))
                          (Nat.rawCast 1) { out := rfl })
                        (Mathlib.Tactic.Ring.Common.pow_bit0
                          (Mathlib.Tactic.Ring.Common.pow_one
                            ((Int.negOfNat 1).rawCast + (Real.exp (b * E) ^ Nat.rawCast 1 * Nat.rawCast 1 + 0)))
                          (Mathlib.Tactic.Ring.Common.add_mul
                            (Mathlib.Tactic.Ring.Common.mul_add
                              (Mathlib.Meta.NormNum.IsNat.to_raw_eq
                                (Mathlib.Meta.NormNum.IsInt.to_isNat
                                  (Mathlib.Meta.NormNum.isInt_mul (Eq.refl HMul.hMul)
                                    (Mathlib.Meta.NormNum.IsInt.of_raw ℝ (Int.negOfNat 1))
                                    (Mathlib.Meta.NormNum.IsInt.of_raw ℝ (Int.negOfNat 1)) (Eq.refl (Int.ofNat 1)))))
                              (Mathlib.Tactic.Ring.Common.mul_add
                                (Mathlib.Tactic.Ring.Common.mul_pf_right (Real.exp (b * E)) (Nat.rawCast 1)
                                  (Mathlib.Meta.NormNum.IsInt.to_raw_eq
                                    (Mathlib.Meta.NormNum.isInt_mul (Eq.refl HMul.hMul)
                                      (Mathlib.Meta.NormNum.IsInt.of_raw ℝ (Int.negOfNat 1))
                                      (Mathlib.Meta.NormNum.IsNat.to_isInt (Mathlib.Meta.NormNum.IsNat.of_raw ℝ 1))
                                      (Eq.refl (Int.negOfNat 1)))))
                                (Mathlib.Tactic.Ring.Common.mul_zero (Int.negOfNat 1).rawCast)
                                (Mathlib.Tactic.Ring.Common.add_pf_add_zero
                                  (Real.exp (b * E) ^ Nat.rawCast 1 * (Int.negOfNat 1).rawCast + 0)))
                              (Mathlib.Tactic.Ring.Common.add_pf_add_lt (Nat.rawCast 1)
                                (Mathlib.Tactic.Ring.Common.add_pf_zero_add
                                  (Real.exp (b * E) ^ Nat.rawCast 1 * (Int.negOfNat 1).rawCast + 0))))
                            (Mathlib.Tactic.Ring.Common.add_mul
                              (Mathlib.Tactic.Ring.Common.mul_add
                                (Mathlib.Tactic.Ring.Common.mul_pf_left (Real.exp (b * E)) (Nat.rawCast 1)
                                  (Mathlib.Meta.NormNum.IsInt.to_raw_eq
                                    (Mathlib.Meta.NormNum.isInt_mul (Eq.refl HMul.hMul)
                                      (Mathlib.Meta.NormNum.IsNat.to_isInt (Mathlib.Meta.NormNum.IsNat.of_raw ℝ 1))
                                      (Mathlib.Meta.NormNum.IsInt.of_raw ℝ (Int.negOfNat 1))
                                      (Eq.refl (Int.negOfNat 1)))))
                                (Mathlib.Tactic.Ring.Common.mul_add
                                  (Mathlib.Tactic.Ring.Common.mul_pp_pf_overlap (Real.exp (b * E))
                                    (Mathlib.Meta.NormNum.IsNat.to_raw_eq
                                      (Mathlib.Meta.NormNum.isNat_add (Eq.refl HAdd.hAdd)
                                        (Mathlib.Meta.NormNum.IsNat.of_raw ℕ 1) (Mathlib.Meta.NormNum.IsNat.of_raw ℕ 1)
                                        (Eq.refl 2)))
                                    (Mathlib.Meta.NormNum.IsNat.to_raw_eq
                                      (Mathlib.Meta.NormNum.isNat_mul (Eq.refl HMul.hMul)
                                        (Mathlib.Meta.NormNum.IsNat.of_raw ℝ 1) (Mathlib.Meta.NormNum.IsNat.of_raw ℝ 1)
                                        (Eq.refl 1))))
                                  (Mathlib.Tactic.Ring.Common.mul_zero
                                    (Real.exp (b * E) ^ Nat.rawCast 1 * Nat.rawCast 1))
                                  (Mathlib.Tactic.Ring.Common.add_pf_add_zero
                                    (Real.exp (b * E) ^ Nat.rawCast 2 * Nat.rawCast 1 + 0)))
                                (Mathlib.Tactic.Ring.Common.add_pf_add_lt
                                  (Real.exp (b * E) ^ Nat.rawCast 1 * (Int.negOfNat 1).rawCast)
                                  (Mathlib.Tactic.Ring.Common.add_pf_zero_add
                                    (Real.exp (b * E) ^ Nat.rawCast 2 * Nat.rawCast 1 + 0))))
                              (Mathlib.Tactic.Ring.Common.zero_mul
                                ((Int.negOfNat 1).rawCast + (Real.exp (b * E) ^ Nat.rawCast 1 * Nat.rawCast 1 + 0)))
                              (Mathlib.Tactic.Ring.Common.add_pf_add_zero
                                (Real.exp (b * E) ^ Nat.rawCast 1 * (Int.negOfNat 1).rawCast +
                                  (Real.exp (b * E) ^ Nat.rawCast 2 * Nat.rawCast 1 + 0))))
                            (Mathlib.Tactic.Ring.Common.add_pf_add_lt (Nat.rawCast 1)
                              (Mathlib.Tactic.Ring.Common.add_pf_add_overlap
                                (Mathlib.Tactic.Ring.Common.add_overlap_pf (Real.exp (b * E)) (Nat.rawCast 1)
                                  (Mathlib.Meta.NormNum.IsInt.to_raw_eq
                                    (Mathlib.Meta.NormNum.isInt_add (Eq.refl HAdd.hAdd)
                                      (Mathlib.Meta.NormNum.IsInt.of_raw ℝ (Int.negOfNat 1))
                                      (Mathlib.Meta.NormNum.IsInt.of_raw ℝ (Int.negOfNat 1))
                                      (Eq.refl (Int.negOfNat 2)))))
                                (Mathlib.Tactic.Ring.Common.add_pf_zero_add
                                  (Real.exp (b * E) ^ Nat.rawCast 2 * Nat.rawCast 1 + 0)))))))
                      (Mathlib.Tactic.Ring.Common.pow_zero
                        ((Int.negOfNat 1).rawCast + (Real.exp (b * E) ^ Nat.rawCast 1 * Nat.rawCast 1 + 0)) rfl)
                      (Mathlib.Tactic.Ring.Common.add_mul
                        (Mathlib.Tactic.Ring.Common.mul_add
                          (Mathlib.Meta.NormNum.IsNat.to_raw_eq
                            (Mathlib.Meta.NormNum.isNat_mul (Eq.refl HMul.hMul) (Mathlib.Meta.NormNum.IsNat.of_raw ℝ 1)
                              (Mathlib.Meta.NormNum.IsNat.of_raw ℝ 1) (Eq.refl 1)))
                          (Mathlib.Tactic.Ring.Common.mul_zero (Nat.rawCast 1))
                          (Mathlib.Tactic.Ring.Common.add_pf_add_zero (Nat.rawCast 1 + 0)))
                        (Mathlib.Tactic.Ring.Common.add_mul
                          (Mathlib.Tactic.Ring.Common.mul_add
                            (Mathlib.Tactic.Ring.Common.mul_pf_left (Real.exp (b * E)) (Nat.rawCast 1)
                              (Mathlib.Meta.NormNum.IsInt.to_raw_eq
                                (Mathlib.Meta.NormNum.isInt_mul (Eq.refl HMul.hMul)
                                  (Mathlib.Meta.NormNum.IsInt.of_raw ℝ (Int.negOfNat 2))
                                  (Mathlib.Meta.NormNum.IsNat.to_isInt (Mathlib.Meta.NormNum.IsNat.of_raw ℝ 1))
                                  (Eq.refl (Int.negOfNat 2)))))
                            (Mathlib.Tactic.Ring.Common.mul_zero
                              (Real.exp (b * E) ^ Nat.rawCast 1 * (Int.negOfNat 2).rawCast))
                            (Mathlib.Tactic.Ring.Common.add_pf_add_zero
                              (Real.exp (b * E) ^ Nat.rawCast 1 * (Int.negOfNat 2).rawCast + 0)))
                          (Mathlib.Tactic.Ring.Common.add_mul
                            (Mathlib.Tactic.Ring.Common.mul_add
                              (Mathlib.Tactic.Ring.Common.mul_pf_left (Real.exp (b * E)) (Nat.rawCast 2)
                                (Mathlib.Meta.NormNum.IsNat.to_raw_eq
                                  (Mathlib.Meta.NormNum.isNat_mul (Eq.refl HMul.hMul)
                                    (Mathlib.Meta.NormNum.IsNat.of_raw ℝ 1) (Mathlib.Meta.NormNum.IsNat.of_raw ℝ 1)
                                    (Eq.refl 1))))
                              (Mathlib.Tactic.Ring.Common.mul_zero (Real.exp (b * E) ^ Nat.rawCast 2 * Nat.rawCast 1))
                              (Mathlib.Tactic.Ring.Common.add_pf_add_zero
                                (Real.exp (b * E) ^ Nat.rawCast 2 * Nat.rawCast 1 + 0)))
                            (Mathlib.Tactic.Ring.Common.zero_mul (Nat.rawCast 1 + 0))
                            (Mathlib.Tactic.Ring.Common.add_pf_add_zero
                              (Real.exp (b * E) ^ Nat.rawCast 2 * Nat.rawCast 1 + 0)))
                          (Mathlib.Tactic.Ring.Common.add_pf_add_lt
                            (Real.exp (b * E) ^ Nat.rawCast 1 * (Int.negOfNat 2).rawCast)
                            (Mathlib.Tactic.Ring.Common.add_pf_zero_add
                              (Real.exp (b * E) ^ Nat.rawCast 2 * Nat.rawCast 1 + 0))))
                        (Mathlib.Tactic.Ring.Common.add_pf_add_lt (Nat.rawCast 1)
                          (Mathlib.Tactic.Ring.Common.add_pf_zero_add
                            (Real.exp (b * E) ^ Nat.rawCast 1 * (Int.negOfNat 2).rawCast +
                              (Real.exp (b * E) ^ Nat.rawCast 2 * Nat.rawCast 1 + 0)))))))
                  (Mathlib.Tactic.Ring.Common.div_pf
                    (Mathlib.Tactic.Ring.Common.atom_pf'
                      (Eq.refl
                        (Nat.rawCast 1 +
                            (Real.exp (b * E) ^ Nat.rawCast 1 * (Int.negOfNat 2).rawCast +
                              (Real.exp (b * E) ^ Nat.rawCast 2 * Nat.rawCast 1 + 0)))⁻¹)
                      rfl
                      (Eq.mpr
                        (id
                          (congrArg
                            (fun _a =>
                              (Nat.rawCast 1 +
                                        (Real.exp (b * E) ^ Nat.rawCast 1 * (Int.negOfNat 2).rawCast +
                                          (Real.exp (b * E) ^ Nat.rawCast 2 * Nat.rawCast 1 + 0)))⁻¹ ^
                                    Nat.rawCast 1 *
                                  Nat.rawCast 1 =
                                (Nat.rawCast 1 +
                                        (Real.exp (b * E) ^ Nat.rawCast 1 * (Int.negOfNat 2).rawCast +
                                          (Real.exp (b * E) ^ Nat.rawCast 2 * Nat.rawCast 1 + 0)))⁻¹ ^
                                    Nat.rawCast 1 *
                                  _a)
                            (Eq.symm rfl)))
                        (Eq.refl
                          ((Nat.rawCast 1 +
                                  (Real.exp (b * E) ^ Nat.rawCast 1 * (Int.negOfNat 2).rawCast +
                                    (Real.exp (b * E) ^ Nat.rawCast 2 * Nat.rawCast 1 + 0)))⁻¹ ^
                              Nat.rawCast 1 *
                            Nat.rawCast 1))))
                    (Mathlib.Tactic.Ring.Common.add_mul
                      (Mathlib.Tactic.Ring.Common.mul_add
                        (Mathlib.Tactic.Ring.Common.mul_pf_left E (Nat.rawCast 2)
                          (Mathlib.Tactic.Ring.Common.mul_pf_right
                            (Nat.rawCast 1 +
                                (Real.exp (b * E) ^ Nat.rawCast 1 * (Int.negOfNat 2).rawCast +
                                  (Real.exp (b * E) ^ Nat.rawCast 2 * Nat.rawCast 1 + 0)))⁻¹
                            (Nat.rawCast 1)
                            (Mathlib.Meta.NormNum.IsNat.to_raw_eq
                              (Mathlib.Meta.NormNum.isNat_mul (Eq.refl HMul.hMul)
                                (Mathlib.Meta.NormNum.IsNat.of_raw ℝ 1) (Mathlib.Meta.NormNum.IsNat.of_raw ℝ 1)
                                (Eq.refl 1)))))
                        (Mathlib.Tactic.Ring.Common.mul_zero (E ^ Nat.rawCast 2 * Nat.rawCast 1))
                        (Mathlib.Tactic.Ring.Common.add_pf_add_zero
                          (E ^ Nat.rawCast 2 *
                              ((Nat.rawCast 1 +
                                      (Real.exp (b * E) ^ Nat.rawCast 1 * (Int.negOfNat 2).rawCast +
                                        (Real.exp (b * E) ^ Nat.rawCast 2 * Nat.rawCast 1 + 0)))⁻¹ ^
                                  Nat.rawCast 1 *
                                Nat.rawCast 1) +
                            0)))
                      (Mathlib.Tactic.Ring.Common.zero_mul
                        ((Nat.rawCast 1 +
                                  (Real.exp (b * E) ^ Nat.rawCast 1 * (Int.negOfNat 2).rawCast +
                                    (Real.exp (b * E) ^ Nat.rawCast 2 * Nat.rawCast 1 + 0)))⁻¹ ^
                              Nat.rawCast 1 *
                            Nat.rawCast 1 +
                          0))
                      (Mathlib.Tactic.Ring.Common.add_pf_add_zero
                        (E ^ Nat.rawCast 2 *
                            ((Nat.rawCast 1 +
                                    (Real.exp (b * E) ^ Nat.rawCast 1 * (Int.negOfNat 2).rawCast +
                                      (Real.exp (b * E) ^ Nat.rawCast 2 * Nat.rawCast 1 + 0)))⁻¹ ^
                                Nat.rawCast 1 *
                              Nat.rawCast 1) +
                          0)))))
                (Mathlib.Tactic.Ring.Common.add_mul
                  (Mathlib.Tactic.Ring.Common.mul_add
                    (Mathlib.Tactic.Ring.Common.mul_pf_right E (Nat.rawCast 2)
                      (Mathlib.Tactic.Ring.Common.mul_pf_left (Real.exp (b * E)) (Nat.rawCast 1)
                        (Mathlib.Tactic.Ring.Common.mul_pf_right
                          (Nat.rawCast 1 +
                              (Real.exp (b * E) ^ Nat.rawCast 1 * (Int.negOfNat 2).rawCast +
                                (Real.exp (b * E) ^ Nat.rawCast 2 * Nat.rawCast 1 + 0)))⁻¹
                          (Nat.rawCast 1)
                          (Mathlib.Meta.NormNum.IsNat.to_raw_eq
                            (Mathlib.Meta.NormNum.isNat_mul (Eq.refl HMul.hMul) (Mathlib.Meta.NormNum.IsNat.of_raw ℝ 1)
                              (Mathlib.Meta.NormNum.IsNat.of_raw ℝ 1) (Eq.refl 1))))))
                    (Mathlib.Tactic.Ring.Common.mul_zero (Real.exp (b * E) ^ Nat.rawCast 1 * Nat.rawCast 1))
                    (Mathlib.Tactic.Ring.Common.add_pf_add_zero
                      (E ^ Nat.rawCast 2 *
                          (Real.exp (b * E) ^ Nat.rawCast 1 *
                            ((Nat.rawCast 1 +
                                    (Real.exp (b * E) ^ Nat.rawCast 1 * (Int.negOfNat 2).rawCast +
                                      (Real.exp (b * E) ^ Nat.rawCast 2 * Nat.rawCast 1 + 0)))⁻¹ ^
                                Nat.rawCast 1 *
                              Nat.rawCast 1)) +
                        0)))
                  (Mathlib.Tactic.Ring.Common.zero_mul
                    (E ^ Nat.rawCast 2 *
                        ((Nat.rawCast 1 +
                                (Real.exp (b * E) ^ Nat.rawCast 1 * (Int.negOfNat 2).rawCast +
                                  (Real.exp (b * E) ^ Nat.rawCast 2 * Nat.rawCast 1 + 0)))⁻¹ ^
                            Nat.rawCast 1 *
                          Nat.rawCast 1) +
                      0))
                  (Mathlib.Tactic.Ring.Common.add_pf_add_zero
                    (E ^ Nat.rawCast 2 *
                        (Real.exp (b * E) ^ Nat.rawCast 1 *
                          ((Nat.rawCast 1 +
                                  (Real.exp (b * E) ^ Nat.rawCast 1 * (Int.negOfNat 2).rawCast +
                                    (Real.exp (b * E) ^ Nat.rawCast 2 * Nat.rawCast 1 + 0)))⁻¹ ^
                              Nat.rawCast 1 *
                            Nat.rawCast 1)) +
                      0))))))
        (𝓝[>] 0) (𝓝 (b ^ (-2))) (𝓝 (1 * b⁻¹ ^ 2))
        (of_eq_true
          (Eq.trans
            (congr (congrArg Eq (congrArg 𝓝 (Eq.trans (zpow_neg b 2) (congrArg Inv.inv (zpow_ofNat b 2)))))
              (congrArg 𝓝 (Eq.trans (congrArg (HMul.hMul 1) (inv_pow b 2)) (one_mul (b ^ 2)⁻¹))))
            (eq_self (𝓝 (b ^ 2)⁻¹))))))
    hprod
'CAS12PlanckIR.scaled_weight_tendsto' depends on axioms: [propext, Classical.choice, Quot.sound]
