tests/contracts/test_theory_survivor_triage.py::test_exact_registered_surface_has_24_plus_8_plus_5_rows
tests/contracts/test_theory_survivor_triage.py::test_registered_survivor_triage_detects_injected_eligible_candidate
tests/contracts/test_theory_survivor_triage.py::test_research_decision_changes_when_source_or_replay_evidence_is_mutated
tests/contracts/test_theory_survivor_triage.py::test_broad_parent_and_narrow_child_have_distinct_statement_identities
tests/contracts/test_theory_survivor_triage.py::test_semantic_duplicate_links_are_retained_without_row_collapse
tests/contracts/test_theory_survivor_triage.py::test_observed_data_use_is_rejected
tests/contracts/test_theory_survivor_triage.py::test_duplicate_candidate_identity_is_rejected
tests/contracts/test_theory_survivor_triage.py::test_missing_statement_identity_is_rejected
tests/contracts/test_theory_survivor_triage.py::test_surface_contains_no_truth_novelty_or_publication_assignment
tests/contracts/test_theory_survivor_triage.py::test_output_is_deterministic_under_input_row_permutation
tests/contracts/test_theory_survivor_triage.py::test_git_object_mode_binds_commit_blob_and_content
tests/contracts/test_theory_survivor_triage.py::test_cli_refuses_existing_output_without_explicit_replace
tests/contracts/test_theory_survivor_triage.py::test_repository_source_id_seed_has_37_unique_rows_and_pr284_deferred
tests/contracts/test_theory_survivor_triage.py::test_nested_coverage_basis_matches_legacy_surface_without_mutation
tests/contracts/test_theory_survivor_triage.py::test_consistent_duplicate_coverage_matches_legacy_without_mutation
tests/contracts/test_theory_survivor_triage.py::test_invalid_flat_duplicate_cannot_override_nested_coverage[missing-supplemental_scoped_candidates_expected]
tests/contracts/test_theory_survivor_triage.py::test_invalid_flat_duplicate_cannot_override_nested_coverage[missing-supplemental_scoped_candidates_classified]
tests/contracts/test_theory_survivor_triage.py::test_invalid_flat_duplicate_cannot_override_nested_coverage[conflict-supplemental_scoped_candidates_expected]
tests/contracts/test_theory_survivor_triage.py::test_invalid_flat_duplicate_cannot_override_nested_coverage[conflict-supplemental_scoped_candidates_classified]
tests/contracts/test_theory_survivor_triage.py::test_invalid_flat_duplicate_cannot_override_nested_coverage[null-supplemental_scoped_candidates_expected]
tests/contracts/test_theory_survivor_triage.py::test_invalid_flat_duplicate_cannot_override_nested_coverage[null-supplemental_scoped_candidates_classified]
tests/contracts/test_theory_survivor_triage.py::test_invalid_flat_duplicate_cannot_override_nested_coverage[bool-supplemental_scoped_candidates_expected]
tests/contracts/test_theory_survivor_triage.py::test_invalid_flat_duplicate_cannot_override_nested_coverage[bool-supplemental_scoped_candidates_classified]
tests/contracts/test_theory_survivor_triage.py::test_invalid_flat_duplicate_cannot_override_nested_coverage[string-supplemental_scoped_candidates_expected]
tests/contracts/test_theory_survivor_triage.py::test_invalid_flat_duplicate_cannot_override_nested_coverage[string-supplemental_scoped_candidates_classified]
tests/contracts/test_theory_survivor_triage.py::test_invalid_flat_duplicate_cannot_override_nested_coverage[fractional-supplemental_scoped_candidates_expected]
tests/contracts/test_theory_survivor_triage.py::test_invalid_flat_duplicate_cannot_override_nested_coverage[fractional-supplemental_scoped_candidates_classified]
tests/contracts/test_theory_survivor_triage.py::test_invalid_flat_duplicate_cannot_override_nested_coverage[negative-supplemental_scoped_candidates_expected]
tests/contracts/test_theory_survivor_triage.py::test_invalid_flat_duplicate_cannot_override_nested_coverage[negative-supplemental_scoped_candidates_classified]
tests/contracts/test_theory_survivor_triage.py::test_present_malformed_nested_coverage_has_no_flat_fallback[None]
tests/contracts/test_theory_survivor_triage.py::test_present_malformed_nested_coverage_has_no_flat_fallback[nested1]
tests/contracts/test_theory_survivor_triage.py::test_present_malformed_nested_coverage_has_no_flat_fallback[invalid]
tests/contracts/test_theory_survivor_triage.py::test_present_malformed_nested_coverage_has_no_flat_fallback[False]
tests/contracts/test_theory_survivor_triage.py::test_present_malformed_nested_coverage_has_no_flat_fallback[5]
tests/contracts/test_theory_survivor_triage.py::test_present_malformed_nested_coverage_has_no_flat_fallback[nested5]
tests/contracts/test_theory_survivor_triage.py::test_invalid_coverage_counts_fail_without_input_mutation[missing-supplemental_scoped_candidates_expected-flat]
tests/contracts/test_theory_survivor_triage.py::test_invalid_coverage_counts_fail_without_input_mutation[missing-supplemental_scoped_candidates_expected-nested]
tests/contracts/test_theory_survivor_triage.py::test_invalid_coverage_counts_fail_without_input_mutation[missing-supplemental_scoped_candidates_expected-duplicate]
tests/contracts/test_theory_survivor_triage.py::test_invalid_coverage_counts_fail_without_input_mutation[missing-supplemental_scoped_candidates_classified-flat]
tests/contracts/test_theory_survivor_triage.py::test_invalid_coverage_counts_fail_without_input_mutation[missing-supplemental_scoped_candidates_classified-nested]
tests/contracts/test_theory_survivor_triage.py::test_invalid_coverage_counts_fail_without_input_mutation[missing-supplemental_scoped_candidates_classified-duplicate]
tests/contracts/test_theory_survivor_triage.py::test_invalid_coverage_counts_fail_without_input_mutation[null-supplemental_scoped_candidates_expected-flat]
tests/contracts/test_theory_survivor_triage.py::test_invalid_coverage_counts_fail_without_input_mutation[null-supplemental_scoped_candidates_expected-nested]
tests/contracts/test_theory_survivor_triage.py::test_invalid_coverage_counts_fail_without_input_mutation[null-supplemental_scoped_candidates_expected-duplicate]
tests/contracts/test_theory_survivor_triage.py::test_invalid_coverage_counts_fail_without_input_mutation[null-supplemental_scoped_candidates_classified-flat]
tests/contracts/test_theory_survivor_triage.py::test_invalid_coverage_counts_fail_without_input_mutation[null-supplemental_scoped_candidates_classified-nested]
tests/contracts/test_theory_survivor_triage.py::test_invalid_coverage_counts_fail_without_input_mutation[null-supplemental_scoped_candidates_classified-duplicate]
tests/contracts/test_theory_survivor_triage.py::test_invalid_coverage_counts_fail_without_input_mutation[bool-supplemental_scoped_candidates_expected-flat]
tests/contracts/test_theory_survivor_triage.py::test_invalid_coverage_counts_fail_without_input_mutation[bool-supplemental_scoped_candidates_expected-nested]
tests/contracts/test_theory_survivor_triage.py::test_invalid_coverage_counts_fail_without_input_mutation[bool-supplemental_scoped_candidates_expected-duplicate]
tests/contracts/test_theory_survivor_triage.py::test_invalid_coverage_counts_fail_without_input_mutation[bool-supplemental_scoped_candidates_classified-flat]
tests/contracts/test_theory_survivor_triage.py::test_invalid_coverage_counts_fail_without_input_mutation[bool-supplemental_scoped_candidates_classified-nested]
tests/contracts/test_theory_survivor_triage.py::test_invalid_coverage_counts_fail_without_input_mutation[bool-supplemental_scoped_candidates_classified-duplicate]
tests/contracts/test_theory_survivor_triage.py::test_invalid_coverage_counts_fail_without_input_mutation[string-supplemental_scoped_candidates_expected-flat]
tests/contracts/test_theory_survivor_triage.py::test_invalid_coverage_counts_fail_without_input_mutation[string-supplemental_scoped_candidates_expected-nested]
tests/contracts/test_theory_survivor_triage.py::test_invalid_coverage_counts_fail_without_input_mutation[string-supplemental_scoped_candidates_expected-duplicate]
tests/contracts/test_theory_survivor_triage.py::test_invalid_coverage_counts_fail_without_input_mutation[string-supplemental_scoped_candidates_classified-flat]
tests/contracts/test_theory_survivor_triage.py::test_invalid_coverage_counts_fail_without_input_mutation[string-supplemental_scoped_candidates_classified-nested]
tests/contracts/test_theory_survivor_triage.py::test_invalid_coverage_counts_fail_without_input_mutation[string-supplemental_scoped_candidates_classified-duplicate]
tests/contracts/test_theory_survivor_triage.py::test_invalid_coverage_counts_fail_without_input_mutation[fractional-supplemental_scoped_candidates_expected-flat]
tests/contracts/test_theory_survivor_triage.py::test_invalid_coverage_counts_fail_without_input_mutation[fractional-supplemental_scoped_candidates_expected-nested]
tests/contracts/test_theory_survivor_triage.py::test_invalid_coverage_counts_fail_without_input_mutation[fractional-supplemental_scoped_candidates_expected-duplicate]
tests/contracts/test_theory_survivor_triage.py::test_invalid_coverage_counts_fail_without_input_mutation[fractional-supplemental_scoped_candidates_classified-flat]
tests/contracts/test_theory_survivor_triage.py::test_invalid_coverage_counts_fail_without_input_mutation[fractional-supplemental_scoped_candidates_classified-nested]
tests/contracts/test_theory_survivor_triage.py::test_invalid_coverage_counts_fail_without_input_mutation[fractional-supplemental_scoped_candidates_classified-duplicate]
tests/contracts/test_theory_survivor_triage.py::test_invalid_coverage_counts_fail_without_input_mutation[negative-supplemental_scoped_candidates_expected-flat]
tests/contracts/test_theory_survivor_triage.py::test_invalid_coverage_counts_fail_without_input_mutation[negative-supplemental_scoped_candidates_expected-nested]
tests/contracts/test_theory_survivor_triage.py::test_invalid_coverage_counts_fail_without_input_mutation[negative-supplemental_scoped_candidates_expected-duplicate]
tests/contracts/test_theory_survivor_triage.py::test_invalid_coverage_counts_fail_without_input_mutation[negative-supplemental_scoped_candidates_classified-flat]
tests/contracts/test_theory_survivor_triage.py::test_invalid_coverage_counts_fail_without_input_mutation[negative-supplemental_scoped_candidates_classified-nested]
tests/contracts/test_theory_survivor_triage.py::test_invalid_coverage_counts_fail_without_input_mutation[negative-supplemental_scoped_candidates_classified-duplicate]
tests/contracts/test_theory_survivor_triage.py::test_coverage_counts_must_match_each_other_and_actual_rows[counts0-flat]
tests/contracts/test_theory_survivor_triage.py::test_coverage_counts_must_match_each_other_and_actual_rows[counts0-nested]
tests/contracts/test_theory_survivor_triage.py::test_coverage_counts_must_match_each_other_and_actual_rows[counts1-flat]
tests/contracts/test_theory_survivor_triage.py::test_coverage_counts_must_match_each_other_and_actual_rows[counts1-nested]
tests/contracts/test_theory_survivor_triage.py::test_coverage_counts_must_match_each_other_and_actual_rows[counts2-flat]
tests/contracts/test_theory_survivor_triage.py::test_coverage_counts_must_match_each_other_and_actual_rows[counts2-nested]
tests/contracts/test_theory_survivor_triage.py::test_coverage_counts_must_match_each_other_and_actual_rows[counts3-flat]
tests/contracts/test_theory_survivor_triage.py::test_coverage_counts_must_match_each_other_and_actual_rows[counts3-nested]
tests/contracts/test_theory_survivor_triage.py::test_coverage_complete_remains_required_at_enclosing_level[flat]
tests/contracts/test_theory_survivor_triage.py::test_coverage_complete_remains_required_at_enclosing_level[nested]
tests/contracts/test_theory_survivor_triage.py::test_coverage_complete_remains_required_at_enclosing_level[duplicate]
tests/contracts/test_theory_survivor_triage.py::test_declared_scoped_count_is_not_fixed_to_five[0-flat]
tests/contracts/test_theory_survivor_triage.py::test_declared_scoped_count_is_not_fixed_to_five[0-nested]
tests/contracts/test_theory_survivor_triage.py::test_declared_scoped_count_is_not_fixed_to_five[1-flat]
tests/contracts/test_theory_survivor_triage.py::test_declared_scoped_count_is_not_fixed_to_five[1-nested]
tests/contracts/test_theory_survivor_triage.py::test_declared_scoped_count_is_not_fixed_to_five[6-flat]
tests/contracts/test_theory_survivor_triage.py::test_declared_scoped_count_is_not_fixed_to_five[6-nested]
tests/contracts/test_theory_survivor_triage.py::test_missing_legacy_coverage_pair_fails
tests/contracts/test_theory_survivor_seed_schema.py::test_registered_survivor_seed_rows_have_exact_schema_and_kind_counts

90 tests collected in 0.10s
