------------------------------------------------------------
Package xAct`xPerm`  version 1.2.4, {2025, 12, 29}
CopyRight (C) 2003-2026, Jose M. Martin-Garcia, under the General Public License.
Connecting to external linux executable...
Connection established.
------------------------------------------------------------
Package xAct`xTensor` version 1.3.0, {2025, 12, 29}
CopyRight (C) 2002-2026, Jose M. Martin-Garcia, under the General Public License.
------------------------------------------------------------
These packages come with ABSOLUTELY NO WARRANTY; for details type Disclaimer[]. This is free software, and you are welcome to redistribute it under certain conditions. See the General Public License for details.
------------------------------------------------------------
** DefManifold: Defining manifold M. 
** DefVBundle: Defining vbundle TangentM. 
** DefTensor: Defining symmetric metric tensor g[-a, -b]. 
** DefTensor: Defining antisymmetric tensor epsilong[-a, -b, -b1, -b2]. 
** DefTensor: Defining tetrametric Tetrag[-a, -b, -b1, -b2]. 
** DefTensor: Defining tetrametric Tetrag†[-a, -b, -b1, -b2]. 
** DefCovD: Defining covariant derivative CD[-a]. 
** DefTensor: Defining vanishing torsion tensor TorsionCD[a, -b, -b1]. 
** DefTensor: Defining symmetric Christoffel tensor ChristoffelCD[a, -b, -b1]. 
** DefTensor: Defining Riemann tensor RiemannCD[-a, -b, -b1, -b2]. 
** DefTensor: Defining symmetric Ricci tensor RicciCD[-a, -b]. 
** DefCovD: Contractions of Riemann automatically replaced by Ricci.
** DefTensor: Defining Ricci scalar RicciScalarCD[]. 
** DefCovD: Contractions of Ricci automatically replaced by RicciScalar.
** DefTensor: Defining symmetric Einstein tensor EinsteinCD[-a, -b]. 
** DefTensor: Defining Weyl tensor WeylCD[-a, -b, -b1, -b2]. 
** DefTensor: Defining symmetric TFRicci tensor TFRicciCD[-a, -b]. 
** DefTensor: Defining Kretschmann scalar KretschmannCD[]. 
** DefCovD: Computing RiemannToWeylRules for dim 4
** DefCovD: Computing RicciToTFRicci for dim 4
** DefCovD: Computing RicciToEinsteinRules for dim 4
** DefTensor: Defining weight +2 density Detg[].      Determinant.
** DefTensor: Defining tensor S[-a, -b]. 
** DefTensor: Defining tensor u[a]. 

                                                              2     2     2
ReplaceAll::reps: {{u1 -> 0, u2 -> 0, u3 -> 0, gam -> 1} == x1  + x2  + x3 } is neither a list of replacement rules nor a valid dispatch table and so cannot be used for replacing.

Part::partw: Part 3 of {/home/cosmosapjw/Dropbox/bianchi/htt_base/docs/research_program/gr_statistics_loops_20260930/local_cas/GRSTAT-CAS-20260930-1308KST/CAS-10/c02_mass_shell_invariant_v1_20261008/wolfram_xact/verify.wl, /home/cosmosapjw/Dropbox/bianchi/htt_base/docs/research_program/gr_statistics_loops_20260930/local_cas/GRSTAT-CAS-20260930-1308KST/CAS-10/c02_mass_shell_invariant_v1_20261008/wolfram_xact/certificate.engine.json} does not exist.

Export::chtype: The first argument {/home/cosmosapjw/Dropbox/bianchi/htt_base/docs/research_program/gr_statistics_loops_20260930/local_cas/GRSTAT-CAS-20260930-1308KST/CAS-10/c02_mass_shell_invariant_v1_20261008/wolfram_xact/verify.wl, /home/cosmosapjw/Dropbox/bianchi/htt_base/docs/research_program/gr_statistics_loops_20260930/local_cas/GRSTAT-CAS-20260930-1308KST/CAS-10/c02_mass_shell_invariant_v1_20261008/wolfram_xact/certificate.engine.json}[[3]] is not a valid file specification.
