{
  "status": "PASS_RETURN_INTEGRITY_AND_EXECUTION_EVIDENCE_REVIEW",
  "candidate_source_tree_computed_not_committed": "cb7b7bf4aecdc63438b4819e16939d922bf92085",
  "manifest_rows_compared": 5869,
  "protected_unchanged_manifest_rows": 5867,
  "three_token_sites": [
    {
      "old_offset_zero_based": 4643,
      "new_offset_zero_based": 4643,
      "LF_line": 234
    },
    {
      "old_offset_zero_based": 4703,
      "new_offset_zero_based": 4704,
      "LF_line": 241
    },
    {
      "old_offset_zero_based": 4754,
      "new_offset_zero_based": 4756,
      "LF_line": 245
    }
  ],
  "original_nodes": {
    "executed": 40,
    "PASS": 40,
    "FAIL": 0
  },
  "added_nodes": {
    "executed": 40,
    "positive": 7,
    "negative": 33
  },
  "full_suite": {
    "executed": 80,
    "PASS": 80,
    "FAIL": 0,
    "errors": 0,
    "skips": 0,
    "xfail": 0,
    "xpass": 0,
    "deselected": 0,
    "timeouts": 0
  },
  "focused": {
    "executed": 43,
    "PASS": 43,
    "subset_of_full": true
  },
  "canonical_30_ID_digest": "e103c581ce353b5102af81834831ac292105f18699671e8eb75b171acd97f01e"
}
