{
  "schema_version": 2,
  "contract_id": "GRSTAT-20260930-CAS-07-C02-INPUT-ALIGNED-V1",
  "contract_sha256": "367ea2b4221c2ef10c93d1c49ef75d40d0f030bf79ec429a0fe1dbfeb44c219a",
  "aggregate_status": "CAS_4AXIS_PASS",
  "risk_tier": "R3",
  "required_axes": [
    "wolfram_xact",
    "sympy",
    "sage_singular",
    "lean"
  ],
  "axis_statuses": {
    "wolfram_xact": "PASS",
    "sympy": "PASS",
    "sage_singular": "PASS",
    "lean": "PASS"
  },
  "missing_axes": [],
  "exceptions_applied": [],
  "errors": [],
  "adjudicated_at": "2026-10-04T23:44:12+00:00",
  "note": "CAS_4AXIS_PASS requires all 4 contract-required axes to satisfy the risk-scaled contract under one contract hash; majority vote is structurally forbidden. Runner observation establishes only the CAS evidence component; it does not establish scientific validity, novelty, or overall claim readiness. Local observation is not a security attestation.",
  "verification_state": "RUNNER_OBSERVED_EXECUTION",
  "evidence_origin": "runner_observed_local_subprocess",
  "execution_evidence": {
    "wolfram_xact": {
      "evidence_origin": "runner_observed_local_subprocess",
      "axis": "wolfram_xact",
      "argv": [
        "/usr/bin/python3.12",
        "-B",
        "docs/research_program/gr_statistics_loops_20260930/local_cas/GRSTAT-CAS-20260930-1308KST/CAS-07/c02_input_aligned_v1_20261005/wolfram_xact/run.py"
      ],
      "cwd": ".",
      "timeout_seconds": 1800,
      "solver_executed": true,
      "preflight_probe": {
        "status": "PASS",
        "commands": [
          {
            "cmd": "wolframscript -code <version+xAct probe>",
            "exit": 0
          }
        ],
        "transcript_tail": "---------------------------------------------------------\nPackage xAct`xPerm`  version 1.2.4, {2025, 12, 29}\nCopyRight (C) 2003-2026, Jose M. Martin-Garcia, under the General Public License.\nConnecting to external linux executable...\nConnection established.\n------------------------------------------------------------\nPackage xAct`xTensor` version 1.3.0, {2025, 12, 29}\nCopyRight (C) 2002-2026, Jose M. Martin-Garcia, under the General Public License.\n------------------------------------------------------------\nThese packages come with ABSOLUTELY NO WARRANTY; for details type Disclaimer[]. This is free software, and you are welcome to redistribute it under certain conditions. See the General Public License for details.\n------------------------------------------------------------\nXACT_LOAD_OK\n"
      },
      "started_at": "2026-10-04T23:43:40+00:00",
      "completed_at": "2026-10-04T23:43:50+00:00",
      "exit_code": 0,
      "timed_out": false,
      "stdout_tail": "^2<=||Dv||2^2<=(s+q)^2||v||2^2 for every vector norm u and error norm w satisfying the premise. The exact Gram expansion and determinant identity are separately checked; xAct performs a nonzero Euclidean Gram index contraction.\", \"The real symmetric positive-semidefinite Gram matrix D^T D has an orthonormal eigenbasis. Evaluating the universal Rayleigh bounds on each eigenvector puts both nonnegative singular values in [s-q,s+q]. This uses the standard finite-dimensional Euclidean spectral theorem, not a different matrix norm.\", \"For t in [0,1], D_t=sI+tE. If D_t v=0, s||v||2<=tq||v||2, impossible for v!=0 because tq<s; the strict scalar gap is machine checked. The exact determinant polynomial is continuous, never zero, and begins at s^2>0, so det D>0 by the intermediate-value theorem. This derives the positive branch.\", \"det(D^T D)=det(D)^2 and detD>0 yield detD=sigma1 sigma2. A final universal real quantifier-elimination certificate bounds sqrt(sigma1 sigma2) between s-q and s+q. Substitute q=s eta. The eta=0 boundary is included; eta=1 is excluded.\"], \"raw_evidence_directory\": \"docs/research_program/gr_statistics_loops_20260930/local_cas/GRSTAT-CAS-20260930-1308KST/CAS-07/c02_input_aligned_v1_20261005/wolfram_xact/attempts/20261004T234340Z_f0becb4988e5\", \"run_error\": null, \"source_sha256\": \"988d9be3d79763aef0c9f5ba61d46bf3109c01fff89255319e5b612d43409ddc\", \"statement_alignment\": \"Conditional on s>0, 0<=eta<1, real arbitrary 2x2 D, and Euclidean induced ||D-sI||op<=s eta. No symmetry or determinant sign premise.\", \"subchecks\": {\"cauchy_lagrange_identity\": true, \"gram_determinant\": true, \"gram_quadratic_form\": true, \"homotopy_determinant_polynomial\": true, \"homotopy_endpoints\": true, \"homotopy_strict_scalar_gap\": true, \"norm_expansion\": true, \"positive_sqrt_product_bound\": true, \"universal_rayleigh_bounds\": true, \"xact_nonzero_gram\": true}}, \"domain_assumption_diff\": [], \"evidence_class\": \"exact\", \"started_at\": \"2026-10-04T23:43:40.615558+00:00\", \"status\": \"PASS\"}\n",
      "stderr_tail": "",
      "derived_status": "PASS",
      "errors": [],
      "payload": {
        "checks": {
          "CAS-07-C02": true
        },
        "domain_assumption_diff": [],
        "counterexample": null
      }
    },
    "sympy": {
      "evidence_origin": "runner_observed_local_subprocess",
      "axis": "sympy",
      "argv": [
        "/usr/bin/python3.12",
        "-B",
        "docs/research_program/gr_statistics_loops_20260930/local_cas/GRSTAT-CAS-20260930-1308KST/CAS-07/c02_input_aligned_v1_20261005/sympy/run.py"
      ],
      "cwd": ".",
      "timeout_seconds": 1800,
      "solver_executed": true,
      "preflight_probe": {
        "status": "PASS",
        "commands": [
          {
            "cmd": "/home/cosmosapjw/Dropbox/bianchi/htt_base/venv/bin/python -c <sympy exact factor probe>",
            "exit": 0
          }
        ],
        "transcript_tail": "1.14.0\n"
      },
      "started_at": "2026-10-04T23:43:50+00:00",
      "completed_at": "2026-10-04T23:43:50+00:00",
      "exit_code": 0,
      "timed_out": false,
      "stdout_tail": "{\"checks\": {\"CAS-07-C02\": true}, \"counterexample\": null, \"domain_assumption_diff\": [], \"status\": \"PASS\", \"subchecks\": {\"det_homotopy_polynomial\": true, \"eigenvalue_roots\": true, \"euclidean_cauchy_schwarz_sos\": true, \"euclidean_quadratic_identity\": true, \"generic_eigenvector_first_component\": true, \"generic_eigenvector_second_component\": true, \"generic_symmetric_discriminant_sos\": true, \"gram_characteristic\": true, \"gram_det_square\": true, \"gram_symmetric\": true, \"homotopy_quadratic_identity\": true, \"lower_margin_decomposition\": true, \"norm_expansion\": true, \"singular_product_lower_cone\": true, \"singular_product_upper_cone\": true}}\n",
      "stderr_tail": "",
      "derived_status": "PASS",
      "errors": [],
      "payload": {
        "checks": {
          "CAS-07-C02": true
        },
        "domain_assumption_diff": [],
        "counterexample": null
      }
    },
    "sage_singular": {
      "evidence_origin": "runner_observed_local_subprocess",
      "axis": "sage_singular",
      "argv": [
        "/usr/bin/python3.12",
        "-B",
        "docs/research_program/gr_statistics_loops_20260930/local_cas/GRSTAT-CAS-20260930-1308KST/CAS-07/c02_input_aligned_v1_20261005/sage_singular/run.py"
      ],
      "cwd": ".",
      "timeout_seconds": 1800,
      "solver_executed": true,
      "preflight_probe": {
        "status": "PASS",
        "commands": [
          {
            "cmd": "sage -c <exact factor + singular version probe>",
            "exit": 0
          }
        ],
        "transcript_tail": "SageMath version 10.9, Release Date: 2026-05-04\n44100\n<cmdline>:1: DeprecationWarning: Use sage.version.version instead.\nSee https://github.com/sagemath/sage/issues/39015 for details.\n"
      },
      "started_at": "2026-10-04T23:43:58+00:00",
      "completed_at": "2026-10-04T23:44:02+00:00",
      "exit_code": 0,
      "timed_out": false,
      "stdout_tail": "{\"attempt_path\": \"/home/cosmosapjw/Dropbox/bianchi/htt_base/docs/research_program/gr_statistics_loops_20260930/local_cas/GRSTAT-CAS-20260930-1308KST/CAS-07/c02_input_aligned_v1_20261005/sage_singular/attempts/20261004T234358Z_6a77f04de7\", \"axis\": \"sage_singular\", \"checks\": {\"CAS-07-C02\": true}, \"contract_sha256\": \"367ea2b4221c2ef10c93d1c49ef75d40d0f030bf79ec429a0fe1dbfeb44c219a\", \"counterexample\": null, \"domain_assumption_diff\": [], \"first_failures\": [], \"status\": \"PASS\"}\n",
      "stderr_tail": "",
      "derived_status": "PASS",
      "errors": [],
      "payload": {
        "checks": {
          "CAS-07-C02": true
        },
        "domain_assumption_diff": [],
        "counterexample": null
      }
    },
    "lean": {
      "evidence_origin": "runner_observed_local_subprocess",
      "axis": "lean",
      "argv": [
        "/usr/bin/python3.12",
        "-B",
        "docs/research_program/gr_statistics_loops_20260930/local_cas/GRSTAT-CAS-20260930-1308KST/CAS-07/c02_input_aligned_v1_20261005/lean/run.py"
      ],
      "cwd": ".",
      "timeout_seconds": 3600,
      "solver_executed": true,
      "preflight_probe": {
        "status": "PASS",
        "commands": [
          {
            "cmd": "ELAN_TOOLCHAIN=leanprover/lean4:v4.31.0 lean --version",
            "exit": 0
          }
        ],
        "transcript_tail": "Lean (version 4.31.0, x86_64-unknown-linux-gnu, commit 68218e876d2a38b1985b8590fff244a83c321783, Release)\n",
        "pinned_toolchain": "leanprover/lean4:v4.31.0"
      },
      "started_at": "2026-10-04T23:44:02+00:00",
      "completed_at": "2026-10-04T23:44:12+00:00",
      "exit_code": 0,
      "timed_out": false,
      "stdout_tail": "{\"checks\": {\"CAS-07-C02\": true}, \"counterexample\": null, \"domain_assumption_diff\": [], \"subchecks\": {\"both_singular_values_bounded\": true, \"determinant_positivity_derived\": true, \"euclidean_opnorm_vector_equivalence\": true, \"positive_sqrt_determinant_bounded\": true}}\n",
      "stderr_tail": "",
      "derived_status": "PASS",
      "errors": [],
      "payload": {
        "checks": {
          "CAS-07-C02": true
        },
        "domain_assumption_diff": [],
        "counterexample": null
      }
    }
  },
  "claim_promotion_cas_eligible": true,
  "claim_promotion_cas_requirement": "SATISFIED"
}
