docs/research_program/gr_statistics_loops_20260930/local_cas/GRSTAT-CAS-20260930-1308KST/CAS-07/c02_input_aligned_v1_20261005/sage_singular/attempts/20261004T230350Z_3284a2db47/singular_version.stdout.log:26: trailing whitespace.
+ExDir     :	
docs/research_program/gr_statistics_loops_20260930/local_cas/GRSTAT-CAS-20260930-1308KST/CAS-07/c02_input_aligned_v1_20261005/sage_singular/attempts/20261004T230350Z_3284a2db47/singular_version.stdout.log:28: trailing whitespace.
+emacs     :	
docs/research_program/gr_statistics_loops_20260930/local_cas/GRSTAT-CAS-20260930-1308KST/CAS-07/c02_input_aligned_v1_20261005/sage_singular/attempts/20261004T230350Z_3284a2db47/singular_version.stdout.log:29: trailing whitespace.
+xemacs    :	
docs/research_program/gr_statistics_loops_20260930/local_cas/GRSTAT-CAS-20260930-1308KST/CAS-07/c02_input_aligned_v1_20261005/sage_singular/attempts/20261004T230350Z_3284a2db47/singular_version.stdout.log:36: trailing whitespace.
+Available HelpBrowsers: firefox, xinfo, info, firefox-www-idx, firefox-www, builtin, dummy, emacs, 
docs/research_program/gr_statistics_loops_20260930/local_cas/GRSTAT-CAS-20260930-1308KST/CAS-07/c02_input_aligned_v1_20261005/sage_singular/attempts/20261004T230350Z_3284a2db47/singular_version.stdout.log:37: trailing whitespace.
+Current HelpBrowser: firefox 
docs/research_program/gr_statistics_loops_20260930/local_cas/GRSTAT-CAS-20260930-1308KST/CAS-07/c02_input_aligned_v1_20261005/sage_singular/attempts/20261004T230839Z_6f20999c69/singular_version.stdout.log:26: trailing whitespace.
+ExDir     :	
docs/research_program/gr_statistics_loops_20260930/local_cas/GRSTAT-CAS-20260930-1308KST/CAS-07/c02_input_aligned_v1_20261005/sage_singular/attempts/20261004T230839Z_6f20999c69/singular_version.stdout.log:28: trailing whitespace.
+emacs     :	
docs/research_program/gr_statistics_loops_20260930/local_cas/GRSTAT-CAS-20260930-1308KST/CAS-07/c02_input_aligned_v1_20261005/sage_singular/attempts/20261004T230839Z_6f20999c69/singular_version.stdout.log:29: trailing whitespace.
+xemacs    :	
docs/research_program/gr_statistics_loops_20260930/local_cas/GRSTAT-CAS-20260930-1308KST/CAS-07/c02_input_aligned_v1_20261005/sage_singular/attempts/20261004T230839Z_6f20999c69/singular_version.stdout.log:36: trailing whitespace.
+Available HelpBrowsers: firefox, xinfo, info, firefox-www-idx, firefox-www, builtin, dummy, emacs, 
docs/research_program/gr_statistics_loops_20260930/local_cas/GRSTAT-CAS-20260930-1308KST/CAS-07/c02_input_aligned_v1_20261005/sage_singular/attempts/20261004T230839Z_6f20999c69/singular_version.stdout.log:37: trailing whitespace.
+Current HelpBrowser: firefox 
docs/research_program/gr_statistics_loops_20260930/local_cas/GRSTAT-CAS-20260930-1308KST/CAS-07/c02_input_aligned_v1_20261005/sage_singular/attempts/20261004T230924Z_8c356dce8a/singular_version.stdout.log:26: trailing whitespace.
+ExDir     :	
docs/research_program/gr_statistics_loops_20260930/local_cas/GRSTAT-CAS-20260930-1308KST/CAS-07/c02_input_aligned_v1_20261005/sage_singular/attempts/20261004T230924Z_8c356dce8a/singular_version.stdout.log:28: trailing whitespace.
+emacs     :	
docs/research_program/gr_statistics_loops_20260930/local_cas/GRSTAT-CAS-20260930-1308KST/CAS-07/c02_input_aligned_v1_20261005/sage_singular/attempts/20261004T230924Z_8c356dce8a/singular_version.stdout.log:29: trailing whitespace.
+xemacs    :	
docs/research_program/gr_statistics_loops_20260930/local_cas/GRSTAT-CAS-20260930-1308KST/CAS-07/c02_input_aligned_v1_20261005/sage_singular/attempts/20261004T230924Z_8c356dce8a/singular_version.stdout.log:36: trailing whitespace.
+Available HelpBrowsers: firefox, xinfo, info, firefox-www-idx, firefox-www, builtin, dummy, emacs, 
docs/research_program/gr_statistics_loops_20260930/local_cas/GRSTAT-CAS-20260930-1308KST/CAS-07/c02_input_aligned_v1_20261005/sage_singular/attempts/20261004T230924Z_8c356dce8a/singular_version.stdout.log:37: trailing whitespace.
+Current HelpBrowser: firefox 
docs/research_program/gr_statistics_loops_20260930/local_cas/GRSTAT-CAS-20260930-1308KST/CAS-07/c02_input_aligned_v1_20261005/sage_singular/attempts/20261004T234358Z_6a77f04de7/singular_version.stdout.log:26: trailing whitespace.
+ExDir     :	
docs/research_program/gr_statistics_loops_20260930/local_cas/GRSTAT-CAS-20260930-1308KST/CAS-07/c02_input_aligned_v1_20261005/sage_singular/attempts/20261004T234358Z_6a77f04de7/singular_version.stdout.log:28: trailing whitespace.
+emacs     :	
docs/research_program/gr_statistics_loops_20260930/local_cas/GRSTAT-CAS-20260930-1308KST/CAS-07/c02_input_aligned_v1_20261005/sage_singular/attempts/20261004T234358Z_6a77f04de7/singular_version.stdout.log:29: trailing whitespace.
+xemacs    :	
docs/research_program/gr_statistics_loops_20260930/local_cas/GRSTAT-CAS-20260930-1308KST/CAS-07/c02_input_aligned_v1_20261005/sage_singular/attempts/20261004T234358Z_6a77f04de7/singular_version.stdout.log:36: trailing whitespace.
+Available HelpBrowsers: firefox, xinfo, info, firefox-www-idx, firefox-www, builtin, dummy, emacs, 
docs/research_program/gr_statistics_loops_20260930/local_cas/GRSTAT-CAS-20260930-1308KST/CAS-07/c02_input_aligned_v1_20261005/sage_singular/attempts/20261004T234358Z_6a77f04de7/singular_version.stdout.log:37: trailing whitespace.
+Current HelpBrowser: firefox 
docs/research_program/gr_statistics_loops_20260930/local_cas/GRSTAT-CAS-20260930-1308KST/CAS-07/c02_input_aligned_v1_20261005/wolfram_xact/attempts/20261004T224620Z_216023ab8625/stdout.raw:14: trailing whitespace.
+** DefManifold: Defining manifold CAS07Screen. 
docs/research_program/gr_statistics_loops_20260930/local_cas/GRSTAT-CAS-20260930-1308KST/CAS-07/c02_input_aligned_v1_20261005/wolfram_xact/attempts/20261004T224620Z_216023ab8625/stdout.raw:15: trailing whitespace.
+** DefVBundle: Defining vbundle TangentCAS07Screen. 
docs/research_program/gr_statistics_loops_20260930/local_cas/GRSTAT-CAS-20260930-1308KST/CAS-07/c02_input_aligned_v1_20261005/wolfram_xact/attempts/20261004T224620Z_216023ab8625/stdout.raw:16: trailing whitespace.
+** DefTensor: Defining symmetric metric tensor euclid[-a, -b]. 
docs/research_program/gr_statistics_loops_20260930/local_cas/GRSTAT-CAS-20260930-1308KST/CAS-07/c02_input_aligned_v1_20261005/wolfram_xact/attempts/20261004T224620Z_216023ab8625/stdout.raw:17: trailing whitespace.
+** DefTensor: Defining antisymmetric tensor epsiloneuclid[-a, -b]. 
docs/research_program/gr_statistics_loops_20260930/local_cas/GRSTAT-CAS-20260930-1308KST/CAS-07/c02_input_aligned_v1_20261005/wolfram_xact/attempts/20261004T224620Z_216023ab8625/stdout.raw:18: trailing whitespace.
+** DefCovD: Defining covariant derivative CAS07CD[-a]. 
docs/research_program/gr_statistics_loops_20260930/local_cas/GRSTAT-CAS-20260930-1308KST/CAS-07/c02_input_aligned_v1_20261005/wolfram_xact/attempts/20261004T224620Z_216023ab8625/stdout.raw:19: trailing whitespace.
+** DefTensor: Defining vanishing torsion tensor TorsionCAS07CD[a, -b, -i]. 
docs/research_program/gr_statistics_loops_20260930/local_cas/GRSTAT-CAS-20260930-1308KST/CAS-07/c02_input_aligned_v1_20261005/wolfram_xact/attempts/20261004T224620Z_216023ab8625/stdout.raw:20: trailing whitespace.
+** DefTensor: Defining symmetric Christoffel tensor ChristoffelCAS07CD[a, -b, -i]. 
docs/research_program/gr_statistics_loops_20260930/local_cas/GRSTAT-CAS-20260930-1308KST/CAS-07/c02_input_aligned_v1_20261005/wolfram_xact/attempts/20261004T224620Z_216023ab8625/stdout.raw:21: trailing whitespace.
+** DefTensor: Defining Riemann tensor RiemannCAS07CD[-a, -b, -i, -j]. 
docs/research_program/gr_statistics_loops_20260930/local_cas/GRSTAT-CAS-20260930-1308KST/CAS-07/c02_input_aligned_v1_20261005/wolfram_xact/attempts/20261004T224620Z_216023ab8625/stdout.raw:22: trailing whitespace.
+** DefTensor: Defining symmetric Ricci tensor RicciCAS07CD[-a, -b]. 
docs/research_program/gr_statistics_loops_20260930/local_cas/GRSTAT-CAS-20260930-1308KST/CAS-07/c02_input_aligned_v1_20261005/wolfram_xact/attempts/20261004T224620Z_216023ab8625/stdout.raw:24: trailing whitespace.
+** DefTensor: Defining Ricci scalar RicciScalarCAS07CD[]. 
docs/research_program/gr_statistics_loops_20260930/local_cas/GRSTAT-CAS-20260930-1308KST/CAS-07/c02_input_aligned_v1_20261005/wolfram_xact/attempts/20261004T224620Z_216023ab8625/stdout.raw:26: trailing whitespace.
+** DefTensor: Defining vanishing Einstein tensor EinsteinCAS07CD[-a, -b]. 
docs/research_program/gr_statistics_loops_20260930/local_cas/GRSTAT-CAS-20260930-1308KST/CAS-07/c02_input_aligned_v1_20261005/wolfram_xact/attempts/20261004T224620Z_216023ab8625/stdout.raw:27: trailing whitespace.
+** DefTensor: Defining vanishing Weyl tensor WeylCAS07CD[-a, -b, -i, -j]. 
docs/research_program/gr_statistics_loops_20260930/local_cas/GRSTAT-CAS-20260930-1308KST/CAS-07/c02_input_aligned_v1_20261005/wolfram_xact/attempts/20261004T224620Z_216023ab8625/stdout.raw:28: trailing whitespace.
+** DefTensor: Defining vanishing TFRicci tensor TFRicciCAS07CD[-a, -b]. 
docs/research_program/gr_statistics_loops_20260930/local_cas/GRSTAT-CAS-20260930-1308KST/CAS-07/c02_input_aligned_v1_20261005/wolfram_xact/attempts/20261004T224620Z_216023ab8625/stdout.raw:29: trailing whitespace.
+** DefTensor: Defining Kretschmann scalar KretschmannCAS07CD[]. 
docs/research_program/gr_statistics_loops_20260930/local_cas/GRSTAT-CAS-20260930-1308KST/CAS-07/c02_input_aligned_v1_20261005/wolfram_xact/attempts/20261004T224620Z_216023ab8625/stdout.raw:34: trailing whitespace.
+** DefTensor: Defining tensor mapD[-a, -b]. 
docs/research_program/gr_statistics_loops_20260930/local_cas/GRSTAT-CAS-20260930-1308KST/CAS-07/c02_input_aligned_v1_20261005/wolfram_xact/attempts/20261004T224715Z_a46adf1bf8d8/stdout.raw:14: trailing whitespace.
+** DefManifold: Defining manifold CAS07Screen. 
docs/research_program/gr_statistics_loops_20260930/local_cas/GRSTAT-CAS-20260930-1308KST/CAS-07/c02_input_aligned_v1_20261005/wolfram_xact/attempts/20261004T224715Z_a46adf1bf8d8/stdout.raw:15: trailing whitespace.
+** DefVBundle: Defining vbundle TangentCAS07Screen. 
docs/research_program/gr_statistics_loops_20260930/local_cas/GRSTAT-CAS-20260930-1308KST/CAS-07/c02_input_aligned_v1_20261005/wolfram_xact/attempts/20261004T224715Z_a46adf1bf8d8/stdout.raw:16: trailing whitespace.
+** DefTensor: Defining symmetric metric tensor euclid[-a, -b]. 
docs/research_program/gr_statistics_loops_20260930/local_cas/GRSTAT-CAS-20260930-1308KST/CAS-07/c02_input_aligned_v1_20261005/wolfram_xact/attempts/20261004T224715Z_a46adf1bf8d8/stdout.raw:17: trailing whitespace.
+** DefTensor: Defining antisymmetric tensor epsiloneuclid[-a, -b]. 
docs/research_program/gr_statistics_loops_20260930/local_cas/GRSTAT-CAS-20260930-1308KST/CAS-07/c02_input_aligned_v1_20261005/wolfram_xact/attempts/20261004T224715Z_a46adf1bf8d8/stdout.raw:18: trailing whitespace.
+** DefCovD: Defining covariant derivative CAS07CD[-a]. 
docs/research_program/gr_statistics_loops_20260930/local_cas/GRSTAT-CAS-20260930-1308KST/CAS-07/c02_input_aligned_v1_20261005/wolfram_xact/attempts/20261004T224715Z_a46adf1bf8d8/stdout.raw:19: trailing whitespace.
+** DefTensor: Defining vanishing torsion tensor TorsionCAS07CD[a, -b, -i]. 
docs/research_program/gr_statistics_loops_20260930/local_cas/GRSTAT-CAS-20260930-1308KST/CAS-07/c02_input_aligned_v1_20261005/wolfram_xact/attempts/20261004T224715Z_a46adf1bf8d8/stdout.raw:20: trailing whitespace.
+** DefTensor: Defining symmetric Christoffel tensor ChristoffelCAS07CD[a, -b, -i]. 
docs/research_program/gr_statistics_loops_20260930/local_cas/GRSTAT-CAS-20260930-1308KST/CAS-07/c02_input_aligned_v1_20261005/wolfram_xact/attempts/20261004T224715Z_a46adf1bf8d8/stdout.raw:21: trailing whitespace.
+** DefTensor: Defining Riemann tensor RiemannCAS07CD[-a, -b, -i, -j]. 
docs/research_program/gr_statistics_loops_20260930/local_cas/GRSTAT-CAS-20260930-1308KST/CAS-07/c02_input_aligned_v1_20261005/wolfram_xact/attempts/20261004T224715Z_a46adf1bf8d8/stdout.raw:22: trailing whitespace.
+** DefTensor: Defining symmetric Ricci tensor RicciCAS07CD[-a, -b]. 
docs/research_program/gr_statistics_loops_20260930/local_cas/GRSTAT-CAS-20260930-1308KST/CAS-07/c02_input_aligned_v1_20261005/wolfram_xact/attempts/20261004T224715Z_a46adf1bf8d8/stdout.raw:24: trailing whitespace.
+** DefTensor: Defining Ricci scalar RicciScalarCAS07CD[]. 
docs/research_program/gr_statistics_loops_20260930/local_cas/GRSTAT-CAS-20260930-1308KST/CAS-07/c02_input_aligned_v1_20261005/wolfram_xact/attempts/20261004T224715Z_a46adf1bf8d8/stdout.raw:26: trailing whitespace.
+** DefTensor: Defining vanishing Einstein tensor EinsteinCAS07CD[-a, -b]. 
docs/research_program/gr_statistics_loops_20260930/local_cas/GRSTAT-CAS-20260930-1308KST/CAS-07/c02_input_aligned_v1_20261005/wolfram_xact/attempts/20261004T224715Z_a46adf1bf8d8/stdout.raw:27: trailing whitespace.
+** DefTensor: Defining vanishing Weyl tensor WeylCAS07CD[-a, -b, -i, -j]. 
docs/research_program/gr_statistics_loops_20260930/local_cas/GRSTAT-CAS-20260930-1308KST/CAS-07/c02_input_aligned_v1_20261005/wolfram_xact/attempts/20261004T224715Z_a46adf1bf8d8/stdout.raw:28: trailing whitespace.
+** DefTensor: Defining vanishing TFRicci tensor TFRicciCAS07CD[-a, -b]. 
docs/research_program/gr_statistics_loops_20260930/local_cas/GRSTAT-CAS-20260930-1308KST/CAS-07/c02_input_aligned_v1_20261005/wolfram_xact/attempts/20261004T224715Z_a46adf1bf8d8/stdout.raw:29: trailing whitespace.
+** DefTensor: Defining Kretschmann scalar KretschmannCAS07CD[]. 
docs/research_program/gr_statistics_loops_20260930/local_cas/GRSTAT-CAS-20260930-1308KST/CAS-07/c02_input_aligned_v1_20261005/wolfram_xact/attempts/20261004T224715Z_a46adf1bf8d8/stdout.raw:34: trailing whitespace.
+** DefTensor: Defining tensor mapD[-a, -b]. 
docs/research_program/gr_statistics_loops_20260930/local_cas/GRSTAT-CAS-20260930-1308KST/CAS-07/c02_input_aligned_v1_20261005/wolfram_xact/attempts/20261004T224803Z_b82df5af6e0e/stdout.raw:14: trailing whitespace.
+** DefManifold: Defining manifold CAS07Screen. 
docs/research_program/gr_statistics_loops_20260930/local_cas/GRSTAT-CAS-20260930-1308KST/CAS-07/c02_input_aligned_v1_20261005/wolfram_xact/attempts/20261004T224803Z_b82df5af6e0e/stdout.raw:15: trailing whitespace.
+** DefVBundle: Defining vbundle TangentCAS07Screen. 
docs/research_program/gr_statistics_loops_20260930/local_cas/GRSTAT-CAS-20260930-1308KST/CAS-07/c02_input_aligned_v1_20261005/wolfram_xact/attempts/20261004T224803Z_b82df5af6e0e/stdout.raw:16: trailing whitespace.
+** DefTensor: Defining symmetric metric tensor euclid[-a, -b]. 
docs/research_program/gr_statistics_loops_20260930/local_cas/GRSTAT-CAS-20260930-1308KST/CAS-07/c02_input_aligned_v1_20261005/wolfram_xact/attempts/20261004T224803Z_b82df5af6e0e/stdout.raw:17: trailing whitespace.
+** DefTensor: Defining antisymmetric tensor epsiloneuclid[-a, -b]. 
docs/research_program/gr_statistics_loops_20260930/local_cas/GRSTAT-CAS-20260930-1308KST/CAS-07/c02_input_aligned_v1_20261005/wolfram_xact/attempts/20261004T224803Z_b82df5af6e0e/stdout.raw:18: trailing whitespace.
+** DefCovD: Defining covariant derivative CAS07CD[-a]. 
docs/research_program/gr_statistics_loops_20260930/local_cas/GRSTAT-CAS-20260930-1308KST/CAS-07/c02_input_aligned_v1_20261005/wolfram_xact/attempts/20261004T224803Z_b82df5af6e0e/stdout.raw:19: trailing whitespace.
+** DefTensor: Defining vanishing torsion tensor TorsionCAS07CD[a, -b, -i]. 
docs/research_program/gr_statistics_loops_20260930/local_cas/GRSTAT-CAS-20260930-1308KST/CAS-07/c02_input_aligned_v1_20261005/wolfram_xact/attempts/20261004T224803Z_b82df5af6e0e/stdout.raw:20: trailing whitespace.
+** DefTensor: Defining symmetric Christoffel tensor ChristoffelCAS07CD[a, -b, -i]. 
docs/research_program/gr_statistics_loops_20260930/local_cas/GRSTAT-CAS-20260930-1308KST/CAS-07/c02_input_aligned_v1_20261005/wolfram_xact/attempts/20261004T224803Z_b82df5af6e0e/stdout.raw:21: trailing whitespace.
+** DefTensor: Defining Riemann tensor RiemannCAS07CD[-a, -b, -i, -j]. 
docs/research_program/gr_statistics_loops_20260930/local_cas/GRSTAT-CAS-20260930-1308KST/CAS-07/c02_input_aligned_v1_20261005/wolfram_xact/attempts/20261004T224803Z_b82df5af6e0e/stdout.raw:22: trailing whitespace.
+** DefTensor: Defining symmetric Ricci tensor RicciCAS07CD[-a, -b]. 
docs/research_program/gr_statistics_loops_20260930/local_cas/GRSTAT-CAS-20260930-1308KST/CAS-07/c02_input_aligned_v1_20261005/wolfram_xact/attempts/20261004T224803Z_b82df5af6e0e/stdout.raw:24: trailing whitespace.
+** DefTensor: Defining Ricci scalar RicciScalarCAS07CD[]. 
docs/research_program/gr_statistics_loops_20260930/local_cas/GRSTAT-CAS-20260930-1308KST/CAS-07/c02_input_aligned_v1_20261005/wolfram_xact/attempts/20261004T224803Z_b82df5af6e0e/stdout.raw:26: trailing whitespace.
+** DefTensor: Defining vanishing Einstein tensor EinsteinCAS07CD[-a, -b]. 
docs/research_program/gr_statistics_loops_20260930/local_cas/GRSTAT-CAS-20260930-1308KST/CAS-07/c02_input_aligned_v1_20261005/wolfram_xact/attempts/20261004T224803Z_b82df5af6e0e/stdout.raw:27: trailing whitespace.
+** DefTensor: Defining vanishing Weyl tensor WeylCAS07CD[-a, -b, -i, -j]. 
docs/research_program/gr_statistics_loops_20260930/local_cas/GRSTAT-CAS-20260930-1308KST/CAS-07/c02_input_aligned_v1_20261005/wolfram_xact/attempts/20261004T224803Z_b82df5af6e0e/stdout.raw:28: trailing whitespace.
+** DefTensor: Defining vanishing TFRicci tensor TFRicciCAS07CD[-a, -b]. 
docs/research_program/gr_statistics_loops_20260930/local_cas/GRSTAT-CAS-20260930-1308KST/CAS-07/c02_input_aligned_v1_20261005/wolfram_xact/attempts/20261004T224803Z_b82df5af6e0e/stdout.raw:29: trailing whitespace.
+** DefTensor: Defining Kretschmann scalar KretschmannCAS07CD[]. 
docs/research_program/gr_statistics_loops_20260930/local_cas/GRSTAT-CAS-20260930-1308KST/CAS-07/c02_input_aligned_v1_20261005/wolfram_xact/attempts/20261004T224803Z_b82df5af6e0e/stdout.raw:34: trailing whitespace.
+** DefTensor: Defining tensor mapD[-a, -b]. 
docs/research_program/gr_statistics_loops_20260930/local_cas/GRSTAT-CAS-20260930-1308KST/CAS-07/c02_input_aligned_v1_20261005/wolfram_xact/attempts/20261004T234340Z_f0becb4988e5/stdout.raw:14: trailing whitespace.
+** DefManifold: Defining manifold CAS07Screen. 
docs/research_program/gr_statistics_loops_20260930/local_cas/GRSTAT-CAS-20260930-1308KST/CAS-07/c02_input_aligned_v1_20261005/wolfram_xact/attempts/20261004T234340Z_f0becb4988e5/stdout.raw:15: trailing whitespace.
+** DefVBundle: Defining vbundle TangentCAS07Screen. 
docs/research_program/gr_statistics_loops_20260930/local_cas/GRSTAT-CAS-20260930-1308KST/CAS-07/c02_input_aligned_v1_20261005/wolfram_xact/attempts/20261004T234340Z_f0becb4988e5/stdout.raw:16: trailing whitespace.
+** DefTensor: Defining symmetric metric tensor euclid[-a, -b]. 
docs/research_program/gr_statistics_loops_20260930/local_cas/GRSTAT-CAS-20260930-1308KST/CAS-07/c02_input_aligned_v1_20261005/wolfram_xact/attempts/20261004T234340Z_f0becb4988e5/stdout.raw:17: trailing whitespace.
+** DefTensor: Defining antisymmetric tensor epsiloneuclid[-a, -b]. 
docs/research_program/gr_statistics_loops_20260930/local_cas/GRSTAT-CAS-20260930-1308KST/CAS-07/c02_input_aligned_v1_20261005/wolfram_xact/attempts/20261004T234340Z_f0becb4988e5/stdout.raw:18: trailing whitespace.
+** DefCovD: Defining covariant derivative CAS07CD[-a]. 
docs/research_program/gr_statistics_loops_20260930/local_cas/GRSTAT-CAS-20260930-1308KST/CAS-07/c02_input_aligned_v1_20261005/wolfram_xact/attempts/20261004T234340Z_f0becb4988e5/stdout.raw:19: trailing whitespace.
+** DefTensor: Defining vanishing torsion tensor TorsionCAS07CD[a, -b, -i]. 
docs/research_program/gr_statistics_loops_20260930/local_cas/GRSTAT-CAS-20260930-1308KST/CAS-07/c02_input_aligned_v1_20261005/wolfram_xact/attempts/20261004T234340Z_f0becb4988e5/stdout.raw:20: trailing whitespace.
+** DefTensor: Defining symmetric Christoffel tensor ChristoffelCAS07CD[a, -b, -i]. 
docs/research_program/gr_statistics_loops_20260930/local_cas/GRSTAT-CAS-20260930-1308KST/CAS-07/c02_input_aligned_v1_20261005/wolfram_xact/attempts/20261004T234340Z_f0becb4988e5/stdout.raw:21: trailing whitespace.
+** DefTensor: Defining Riemann tensor RiemannCAS07CD[-a, -b, -i, -j]. 
docs/research_program/gr_statistics_loops_20260930/local_cas/GRSTAT-CAS-20260930-1308KST/CAS-07/c02_input_aligned_v1_20261005/wolfram_xact/attempts/20261004T234340Z_f0becb4988e5/stdout.raw:22: trailing whitespace.
+** DefTensor: Defining symmetric Ricci tensor RicciCAS07CD[-a, -b]. 
docs/research_program/gr_statistics_loops_20260930/local_cas/GRSTAT-CAS-20260930-1308KST/CAS-07/c02_input_aligned_v1_20261005/wolfram_xact/attempts/20261004T234340Z_f0becb4988e5/stdout.raw:24: trailing whitespace.
+** DefTensor: Defining Ricci scalar RicciScalarCAS07CD[]. 
docs/research_program/gr_statistics_loops_20260930/local_cas/GRSTAT-CAS-20260930-1308KST/CAS-07/c02_input_aligned_v1_20261005/wolfram_xact/attempts/20261004T234340Z_f0becb4988e5/stdout.raw:26: trailing whitespace.
+** DefTensor: Defining vanishing Einstein tensor EinsteinCAS07CD[-a, -b]. 
docs/research_program/gr_statistics_loops_20260930/local_cas/GRSTAT-CAS-20260930-1308KST/CAS-07/c02_input_aligned_v1_20261005/wolfram_xact/attempts/20261004T234340Z_f0becb4988e5/stdout.raw:27: trailing whitespace.
+** DefTensor: Defining vanishing Weyl tensor WeylCAS07CD[-a, -b, -i, -j]. 
docs/research_program/gr_statistics_loops_20260930/local_cas/GRSTAT-CAS-20260930-1308KST/CAS-07/c02_input_aligned_v1_20261005/wolfram_xact/attempts/20261004T234340Z_f0becb4988e5/stdout.raw:28: trailing whitespace.
+** DefTensor: Defining vanishing TFRicci tensor TFRicciCAS07CD[-a, -b]. 
docs/research_program/gr_statistics_loops_20260930/local_cas/GRSTAT-CAS-20260930-1308KST/CAS-07/c02_input_aligned_v1_20261005/wolfram_xact/attempts/20261004T234340Z_f0becb4988e5/stdout.raw:29: trailing whitespace.
+** DefTensor: Defining Kretschmann scalar KretschmannCAS07CD[]. 
docs/research_program/gr_statistics_loops_20260930/local_cas/GRSTAT-CAS-20260930-1308KST/CAS-07/c02_input_aligned_v1_20261005/wolfram_xact/attempts/20261004T234340Z_f0becb4988e5/stdout.raw:34: trailing whitespace.
+** DefTensor: Defining tensor mapD[-a, -b]. 
