PASS frozen SHA-256 EXECUTION_CONTRACT.json
PASS frozen SHA-256 ADMITTED_INPUTS.json
PASS frozen SHA-256 TEFF_INTERVAL_SPEC.md
PASS frozen SHA-256 COMMON_SPEC.md
PASS exact lower derivative identity
PASS exact upper derivative identity
PASS positive-real symbols for derivative sign certificate
PASS exact endpoint bracket F_target_minus_F_r
PASS exact endpoint bracket F_b_minus_F_target
PASS exact endpoint bracket G_target_minus_G_a
PASS exact endpoint bracket G_r_minus_G_target
PASS exact lower third moment
PASS exact upper third moment
PASS lower fourth moment reduces to node equation
PASS upper fourth moment reduces to node equation
PASS exact weight normalization
PASS boundary limiting measure lower_dirac_weight
PASS boundary limiting measure upper_dirac_weight
PASS boundary limiting measure lower_chord_weight
PASS boundary limiting measure upper_chord_weight
PASS boundary limiting measure chord_m3
PASS boundary limiting measure chord_m4
PASS endpoint data squeeze to Dirac moments
PASS reference: exact S121 strict interior
PASS reference: node branch
PASS reference: strict weights
PASS reference: 80-digit moment residual < 1e-50
PASS near_dirac: exact S121 strict interior
PASS near_dirac: node branch
PASS near_dirac: strict weights
PASS near_dirac: 80-digit moment residual < 1e-50
PASS near_chord: exact S121 strict interior
PASS near_chord: node branch
PASS near_chord: strict weights
PASS near_chord: 80-digit moment residual < 1e-50
