Try this:
  [apply] ring_nf
  
  The `ring` tactic failed to close the goal. Use `ring_nf` to obtain a normal form.
    
  Note that `ring` works primarily in *commutative* rings. If you have a noncommutative ring, abelian group or module, consider using `noncomm_ring`, `abel` or `module` instead.
Try this:
  [apply] ring_nf
  
  The `ring` tactic failed to close the goal. Use `ring_nf` to obtain a normal form.
    
  Note that `ring` works primarily in *commutative* rings. If you have a noncommutative ring, abelian group or module, consider using `noncomm_ring`, `abel` or `module` instead.
Try this:
  [apply] ring_nf
  
  The `ring` tactic failed to close the goal. Use `ring_nf` to obtain a normal form.
    
  Note that `ring` works primarily in *commutative* rings. If you have a noncommutative ring, abelian group or module, consider using `noncomm_ring`, `abel` or `module` instead.
Try this:
  [apply] ring_nf
  
  The `ring` tactic failed to close the goal. Use `ring_nf` to obtain a normal form.
    
  Note that `ring` works primarily in *commutative* rings. If you have a noncommutative ring, abelian group or module, consider using `noncomm_ring`, `abel` or `module` instead.
Try this:
  [apply] ring_nf
  
  The `ring` tactic failed to close the goal. Use `ring_nf` to obtain a normal form.
    
  Note that `ring` works primarily in *commutative* rings. If you have a noncommutative ring, abelian group or module, consider using `noncomm_ring`, `abel` or `module` instead.
Try this:
  [apply] ring_nf
  
  The `ring` tactic failed to close the goal. Use `ring_nf` to obtain a normal form.
    
  Note that `ring` works primarily in *commutative* rings. If you have a noncommutative ring, abelian group or module, consider using `noncomm_ring`, `abel` or `module` instead.
Try this:
  [apply] ring_nf
  
  The `ring` tactic failed to close the goal. Use `ring_nf` to obtain a normal form.
    
  Note that `ring` works primarily in *commutative* rings. If you have a noncommutative ring, abelian group or module, consider using `noncomm_ring`, `abel` or `module` instead.
Try this:
  [apply] ring_nf
  
  The `ring` tactic failed to close the goal. Use `ring_nf` to obtain a normal form.
    
  Note that `ring` works primarily in *commutative* rings. If you have a noncommutative ring, abelian group or module, consider using `noncomm_ring`, `abel` or `module` instead.
Try this:
  [apply] ring_nf
  
  The `ring` tactic failed to close the goal. Use `ring_nf` to obtain a normal form.
    
  Note that `ring` works primarily in *commutative* rings. If you have a noncommutative ring, abelian group or module, consider using `noncomm_ring`, `abel` or `module` instead.
Try this:
  [apply] ring_nf
  
  The `ring` tactic failed to close the goal. Use `ring_nf` to obtain a normal form.
    
  Note that `ring` works primarily in *commutative* rings. If you have a noncommutative ring, abelian group or module, consider using `noncomm_ring`, `abel` or `module` instead.
Try this:
  [apply] ring_nf
  
  The `ring` tactic failed to close the goal. Use `ring_nf` to obtain a normal form.
    
  Note that `ring` works primarily in *commutative* rings. If you have a noncommutative ring, abelian group or module, consider using `noncomm_ring`, `abel` or `module` instead.
Try this:
  [apply] ring_nf
  
  The `ring` tactic failed to close the goal. Use `ring_nf` to obtain a normal form.
    
  Note that `ring` works primarily in *commutative* rings. If you have a noncommutative ring, abelian group or module, consider using `noncomm_ring`, `abel` or `module` instead.
Try this:
  [apply] ring_nf
  
  The `ring` tactic failed to close the goal. Use `ring_nf` to obtain a normal form.
    
  Note that `ring` works primarily in *commutative* rings. If you have a noncommutative ring, abelian group or module, consider using `noncomm_ring`, `abel` or `module` instead.
Try this:
  [apply] ring_nf
  
  The `ring` tactic failed to close the goal. Use `ring_nf` to obtain a normal form.
    
  Note that `ring` works primarily in *commutative* rings. If you have a noncommutative ring, abelian group or module, consider using `noncomm_ring`, `abel` or `module` instead.
Try this:
  [apply] ring_nf
  
  The `ring` tactic failed to close the goal. Use `ring_nf` to obtain a normal form.
    
  Note that `ring` works primarily in *commutative* rings. If you have a noncommutative ring, abelian group or module, consider using `noncomm_ring`, `abel` or `module` instead.
Try this:
  [apply] ring_nf
  
  The `ring` tactic failed to close the goal. Use `ring_nf` to obtain a normal form.
    
  Note that `ring` works primarily in *commutative* rings. If you have a noncommutative ring, abelian group or module, consider using `noncomm_ring`, `abel` or `module` instead.
/home/cosmosapjw/Dropbox/bianchi/htt_base/docs/research_program/theory_inference_port_20260930/local_execution/PORT-CAS-01/lorentz_mass_shell_v1_20261008/lean/PortCas01.lean:71:51: error: unsolved goals
case «0».«0»
x y z : ℝ
hs : s x y z < 1
hg : 0 < gamma x y z
hgsq : gamma x y z ^ 2 * (1 - s x y z) = 1
hhs : h x y z * s x y z = gamma x y z - 1
hhc : 2 * h x y z + h x y z ^ 2 * s x y z = gamma x y z ^ 2
⊢ -gamma x y z ^ 2 + gamma x y z ^ 2 * x ^ 2 + gamma x y z ^ 2 * y ^ 2 + gamma x y z ^ 2 * z ^ 2 = -1

case «0».«1»
x y z : ℝ
hs : s x y z < 1
hg : 0 < gamma x y z
hgsq : gamma x y z ^ 2 * (1 - s x y z) = 1
hhs : h x y z * s x y z = gamma x y z - 1
hhc : 2 * h x y z + h x y z ^ 2 * s x y z = gamma x y z ^ 2
⊢ gamma x y z * x + gamma x y z * x * h x y z * y ^ 2 + gamma x y z * x * h x y z * z ^ 2 +
        gamma x y z * x ^ 3 * h x y z -
      gamma x y z ^ 2 * x =
    0

case «0».«2»
x y z : ℝ
hs : s x y z < 1
hg : 0 < gamma x y z
hgsq : gamma x y z ^ 2 * (1 - s x y z) = 1
hhs : h x y z * s x y z = gamma x y z - 1
hhc : 2 * h x y z + h x y z ^ 2 * s x y z = gamma x y z ^ 2
⊢ gamma x y z * y + gamma x y z * y * x ^ 2 * h x y z + gamma x y z * y * h x y z * z ^ 2 +
        gamma x y z * y ^ 3 * h x y z -
      gamma x y z ^ 2 * y =
    0

case «0».«3»
x y z : ℝ
hs : s x y z < 1
hg : 0 < gamma x y z
hgsq : gamma x y z ^ 2 * (1 - s x y z) = 1
hhs : h x y z * s x y z = gamma x y z - 1
hhc : 2 * h x y z + h x y z ^ 2 * s x y z = gamma x y z ^ 2
⊢ gamma x y z * z + gamma x y z * z * x ^ 2 * h x y z + gamma x y z * z * h x y z * y ^ 2 +
        gamma x y z * z ^ 3 * h x y z -
      gamma x y z ^ 2 * z =
    0

case «1».«0»
x y z : ℝ
hs : s x y z < 1
hg : 0 < gamma x y z
hgsq : gamma x y z ^ 2 * (1 - s x y z) = 1
hhs : h x y z * s x y z = gamma x y z - 1
hhc : 2 * h x y z + h x y z ^ 2 * s x y z = gamma x y z ^ 2
⊢ gamma x y z * x + gamma x y z * x * h x y z * y ^ 2 + gamma x y z * x * h x y z * z ^ 2 +
        gamma x y z * x ^ 3 * h x y z -
      gamma x y z ^ 2 * x =
    0

case «1».«1»
x y z : ℝ
hs : s x y z < 1
hg : 0 < gamma x y z
hgsq : gamma x y z ^ 2 * (1 - s x y z) = 1
hhs : h x y z * s x y z = gamma x y z - 1
hhc : 2 * h x y z + h x y z ^ 2 * s x y z = gamma x y z ^ 2
⊢ 1 - gamma x y z ^ 2 * x ^ 2 + x ^ 2 * h x y z * 2 + x ^ 2 * h x y z ^ 2 * y ^ 2 + x ^ 2 * h x y z ^ 2 * z ^ 2 +
      x ^ 4 * h x y z ^ 2 =
    1

case «1».«2»
x y z : ℝ
hs : s x y z < 1
hg : 0 < gamma x y z
hgsq : gamma x y z ^ 2 * (1 - s x y z) = 1
hhs : h x y z * s x y z = gamma x y z - 1
hhc : 2 * h x y z + h x y z ^ 2 * s x y z = gamma x y z ^ 2
⊢ -(gamma x y z ^ 2 * x * y) + x * y * h x y z * 2 + x * y * h x y z ^ 2 * z ^ 2 + x * y ^ 3 * h x y z ^ 2 +
      x ^ 3 * y * h x y z ^ 2 =
    0

case «1».«3»
x y z : ℝ
hs : s x y z < 1
hg : 0 < gamma x y z
hgsq : gamma x y z ^ 2 * (1 - s x y z) = 1
hhs : h x y z * s x y z = gamma x y z - 1
hhc : 2 * h x y z + h x y z ^ 2 * s x y z = gamma x y z ^ 2
⊢ -(gamma x y z ^ 2 * x * z) + x * z * h x y z * 2 + x * z * h x y z ^ 2 * y ^ 2 + x * z ^ 3 * h x y z ^ 2 +
      x ^ 3 * z * h x y z ^ 2 =
    0

case «2».«0»
x y z : ℝ
hs : s x y z < 1
hg : 0 < gamma x y z
hgsq : gamma x y z ^ 2 * (1 - s x y z) = 1
hhs : h x y z * s x y z = gamma x y z - 1
hhc : 2 * h x y z + h x y z ^ 2 * s x y z = gamma x y z ^ 2
⊢ gamma x y z * y + gamma x y z * y * h x y z * x ^ 2 + gamma x y z * y * h x y z * z ^ 2 +
        gamma x y z * y ^ 3 * h x y z -
      gamma x y z ^ 2 * y =
    0

case «2».«1»
x y z : ℝ
hs : s x y z < 1
hg : 0 < gamma x y z
hgsq : gamma x y z ^ 2 * (1 - s x y z) = 1
hhs : h x y z * s x y z = gamma x y z - 1
hhc : 2 * h x y z + h x y z ^ 2 * s x y z = gamma x y z ^ 2
⊢ -(gamma x y z ^ 2 * y * x) + y * x * h x y z * 2 + y * x * h x y z ^ 2 * z ^ 2 + y * x ^ 3 * h x y z ^ 2 +
      y ^ 3 * x * h x y z ^ 2 =
    0

case «2».«2»
x y z : ℝ
hs : s x y z < 1
hg : 0 < gamma x y z
hgsq : gamma x y z ^ 2 * (1 - s x y z) = 1
hhs : h x y z * s x y z = gamma x y z - 1
hhc : 2 * h x y z + h x y z ^ 2 * s x y z = gamma x y z ^ 2
⊢ 1 - gamma x y z ^ 2 * y ^ 2 + y ^ 2 * h x y z * 2 + y ^ 2 * h x y z ^ 2 * x ^ 2 + y ^ 2 * h x y z ^ 2 * z ^ 2 +
      y ^ 4 * h x y z ^ 2 =
    1

case «2».«3»
x y z : ℝ
hs : s x y z < 1
hg : 0 < gamma x y z
hgsq : gamma x y z ^ 2 * (1 - s x y z) = 1
hhs : h x y z * s x y z = gamma x y z - 1
hhc : 2 * h x y z + h x y z ^ 2 * s x y z = gamma x y z ^ 2
⊢ -(gamma x y z ^ 2 * y * z) + y * z * h x y z * 2 + y * z * h x y z ^ 2 * x ^ 2 + y * z ^ 3 * h x y z ^ 2 +
      y ^ 3 * z * h x y z ^ 2 =
    0

case «3».«0»
x y z : ℝ
hs : s x y z < 1
hg : 0 < gamma x y z
hgsq : gamma x y z ^ 2 * (1 - s x y z) = 1
hhs : h x y z * s x y z = gamma x y z - 1
hhc : 2 * h x y z + h x y z ^ 2 * s x y z = gamma x y z ^ 2
⊢ gamma x y z * z + gamma x y z * z * h x y z * x ^ 2 + gamma x y z * z * h x y z * y ^ 2 +
        gamma x y z * z ^ 3 * h x y z -
      gamma x y z ^ 2 * z =
    0

case «3».«1»
x y z : ℝ
hs : s x y z < 1
hg : 0 < gamma x y z
hgsq : gamma x y z ^ 2 * (1 - s x y z) = 1
hhs : h x y z * s x y z = gamma x y z - 1
hhc : 2 * h x y z + h x y z ^ 2 * s x y z = gamma x y z ^ 2
⊢ -(gamma x y z ^ 2 * z * x) + z * x * h x y z * 2 + z * x * h x y z ^ 2 * y ^ 2 + z * x ^ 3 * h x y z ^ 2 +
      z ^ 3 * x * h x y z ^ 2 =
    0

case «3».«2»
x y z : ℝ
hs : s x y z < 1
hg : 0 < gamma x y z
hgsq : gamma x y z ^ 2 * (1 - s x y z) = 1
hhs : h x y z * s x y z = gamma x y z - 1
hhc : 2 * h x y z + h x y z ^ 2 * s x y z = gamma x y z ^ 2
⊢ -(gamma x y z ^ 2 * z * y) + z * y * h x y z * 2 + z * y * h x y z ^ 2 * x ^ 2 + z * y ^ 3 * h x y z ^ 2 +
      z ^ 3 * y * h x y z ^ 2 =
    0

case «3».«3»
x y z : ℝ
hs : s x y z < 1
hg : 0 < gamma x y z
hgsq : gamma x y z ^ 2 * (1 - s x y z) = 1
hhs : h x y z * s x y z = gamma x y z - 1
hhc : 2 * h x y z + h x y z ^ 2 * s x y z = gamma x y z ^ 2
⊢ 1 - gamma x y z ^ 2 * z ^ 2 + z ^ 2 * h x y z * 2 + z ^ 2 * h x y z ^ 2 * x ^ 2 + z ^ 2 * h x y z ^ 2 * y ^ 2 +
      z ^ 4 * h x y z ^ 2 =
    1
/home/cosmosapjw/Dropbox/bianchi/htt_base/docs/research_program/theory_inference_port_20260930/local_execution/PORT-CAS-01/lorentz_mass_shell_v1_20261008/lean/PortCas01.lean:75:83: warning: This simp argument is unused:
  s

Hint: Omit it from the simp argument list.
  simp [Matrix.mul_apply, Fin.sum_univ_four, boost, eta, Matrix.transpose_apply,̵ ̵s̵]

Note: This linter can be disabled with `set_option linter.unusedSimpArgs false`
