/home/cosmosapjw/Dropbox/bianchi/htt_base/docs/research_program/gr_statistics_loops_20260930/local_cas/GRSTAT-CAS-20260930-1308KST/CAS-03/g03b_positive_rank_certificate_v1_20261011/PositiveRankCertificate.lean:16:83: error: unsolved goals
epsilon b2 b3 : ℝ
he : 0 < epsilon
h2 : 0 < b2
h3 : 0 < b3
he0 : epsilon ≠ 0
h20 : b2 ≠ 0
h30 : b3 ≠ 0
⊢ Fintype.card { i // ![epsilon, b2, b3] i = 0 } = 0
/home/cosmosapjw/Dropbox/bianchi/htt_base/docs/research_program/gr_statistics_loops_20260930/local_cas/GRSTAT-CAS-20260930-1308KST/CAS-03/g03b_positive_rank_certificate_v1_20261011/PositiveRankCertificate.lean:21:55: warning: This simp argument is unused:
  he0

Hint: Omit it from the simp argument list.
  simp [Cas03C02.zeroCount, Cas03C02.restCoefficients, he̵0̵,̵ ̵h̵20, h30]

Note: This linter can be disabled with `set_option linter.unusedSimpArgs false`
/home/cosmosapjw/Dropbox/bianchi/htt_base/docs/research_program/gr_statistics_loops_20260930/local_cas/GRSTAT-CAS-20260930-1308KST/CAS-03/g03b_positive_rank_certificate_v1_20261011/PositiveRankCertificate.lean:21:60: warning: This simp argument is unused:
  h20

Hint: Omit it from the simp argument list.
  simp [Cas03C02.zeroCount, Cas03C02.restCoefficients, he0, h2̵0̵,̵ ̵h̵30]

Note: This linter can be disabled with `set_option linter.unusedSimpArgs false`
/home/cosmosapjw/Dropbox/bianchi/htt_base/docs/research_program/gr_statistics_loops_20260930/local_cas/GRSTAT-CAS-20260930-1308KST/CAS-03/g03b_positive_rank_certificate_v1_20261011/PositiveRankCertificate.lean:21:65: warning: This simp argument is unused:
  h30

Hint: Omit it from the simp argument list.
  simp [Cas03C02.zeroCount, Cas03C02.restCoefficients, he0, h20,̵ ̵h̵3̵0̵]

Note: This linter can be disabled with `set_option linter.unusedSimpArgs false`
'Cas03PositiveRankCertificate.positive_diagonal_kernel_zero' depends on axioms: [propext,
 sorryAx,
 Classical.choice,
 Quot.sound]
